android	Set up job	﻿2026-08-06T10:30:21.0740768Z Current runner version: '2.336.0'
android	Set up job	2026-08-06T10:30:21.0771217Z ##[group]Runner Image Provisioner
android	Set up job	2026-08-06T10:30:21.0772461Z Hosted Compute Agent
android	Set up job	2026-08-06T10:30:21.0773068Z Version: 20260707.563
android	Set up job	2026-08-06T10:30:21.0773766Z Commit: 02667638d2b423fbc733a8e32a88b44996a3ba6e
android	Set up job	2026-08-06T10:30:21.0774504Z Build Date: 2026-07-07T19:33:50Z
android	Set up job	2026-08-06T10:30:21.0775163Z Worker ID: {cec2b40f-e818-49f4-bf20-f3c290ff3709}
android	Set up job	2026-08-06T10:30:21.0776020Z Azure Region: eastus2
android	Set up job	2026-08-06T10:30:21.0776601Z ##[endgroup]
android	Set up job	2026-08-06T10:30:21.0778507Z ##[group]Operating System
android	Set up job	2026-08-06T10:30:21.0779189Z Ubuntu
android	Set up job	2026-08-06T10:30:21.0779724Z 24.04.4
android	Set up job	2026-08-06T10:30:21.0780324Z LTS
android	Set up job	2026-08-06T10:30:21.0780850Z ##[endgroup]
android	Set up job	2026-08-06T10:30:21.0781395Z ##[group]Runner Image
android	Set up job	2026-08-06T10:30:21.0782065Z Image: ubuntu-24.04
android	Set up job	2026-08-06T10:30:21.0782641Z Version: 20260720.247.2
android	Set up job	2026-08-06T10:30:21.0783793Z Included Software: https://github.com/actions/runner-images/blob/ubuntu24/20260720.247/images/ubuntu/Ubuntu2404-Readme.md
android	Set up job	2026-08-06T10:30:21.0785559Z Image Release: https://github.com/actions/runner-images/releases/tag/ubuntu24%2F20260720.247
android	Set up job	2026-08-06T10:30:21.0786608Z ##[endgroup]
android	Set up job	2026-08-06T10:30:21.0787872Z ##[group]GITHUB_TOKEN Permissions
android	Set up job	2026-08-06T10:30:21.0790227Z Contents: read
android	Set up job	2026-08-06T10:30:21.0790860Z Metadata: read
android	Set up job	2026-08-06T10:30:21.0791856Z ##[endgroup]
android	Set up job	2026-08-06T10:30:21.0793991Z Secret source: Actions
android	Set up job	2026-08-06T10:30:21.0795385Z Prepare workflow directory
android	Set up job	2026-08-06T10:30:21.1130329Z Prepare all required actions
android	Set up job	2026-08-06T10:30:21.1180600Z Getting action download info
android	Set up job	2026-08-06T10:30:21.3682378Z Download action repository 'actions/checkout@v7' (SHA:3d3c42e5aac5ba805825da76410c181273ba90b1)
android	Set up job	2026-08-06T10:30:21.6145951Z Download action repository 'actions/setup-java@v4' (SHA:cf277c60eb25467037889841efdb72551f06f6c3)
android	Set up job	2026-08-06T10:30:21.8948069Z Download action repository 'android-actions/setup-android@v3' (SHA:9fc6c4e9069bf8d3d10b2204b1fb8f6ef7065407)
android	Set up job	2026-08-06T10:30:22.0455588Z Download action repository 'gradle/actions@v4' (SHA:ed408507eac070d1f99cc633dbcf757c94c7933a)
android	Set up job	2026-08-06T10:30:22.8021876Z Download action repository 'actions/upload-artifact@v7' (SHA:043fb46d1a93c77aae656e7c1c64a875d1fc6a0a)
android	Set up job	2026-08-06T10:30:23.1026115Z Complete job name: android
android	Run actions/checkout@v7	﻿2026-08-06T10:30:23.2118757Z ##[group]Run actions/checkout@v7
android	Run actions/checkout@v7	2026-08-06T10:30:23.2120205Z with:
android	Run actions/checkout@v7	2026-08-06T10:30:23.2121088Z   repository: shurshick/wrtmonitor
android	Run actions/checkout@v7	2026-08-06T10:30:23.2130596Z   token: ***
android	Run actions/checkout@v7	2026-08-06T10:30:23.2131457Z   ssh-strict: true
android	Run actions/checkout@v7	2026-08-06T10:30:23.2132354Z   ssh-user: git
android	Run actions/checkout@v7	2026-08-06T10:30:23.2133244Z   persist-credentials: true
android	Run actions/checkout@v7	2026-08-06T10:30:23.2134197Z   clean: true
android	Run actions/checkout@v7	2026-08-06T10:30:23.2135063Z   sparse-checkout-cone-mode: true
android	Run actions/checkout@v7	2026-08-06T10:30:23.2136115Z   fetch-depth: 1
android	Run actions/checkout@v7	2026-08-06T10:30:23.2136973Z   fetch-tags: false
android	Run actions/checkout@v7	2026-08-06T10:30:23.2137984Z   show-progress: true
android	Run actions/checkout@v7	2026-08-06T10:30:23.2138883Z   lfs: false
android	Run actions/checkout@v7	2026-08-06T10:30:23.2139704Z   submodules: false
android	Run actions/checkout@v7	2026-08-06T10:30:23.2140589Z   set-safe-directory: true
android	Run actions/checkout@v7	2026-08-06T10:30:23.2141617Z   allow-unsafe-pr-checkout: false
android	Run actions/checkout@v7	2026-08-06T10:30:23.2142932Z ##[endgroup]
android	Run actions/checkout@v7	2026-08-06T10:30:23.3203804Z Syncing repository: shurshick/wrtmonitor
android	Run actions/checkout@v7	2026-08-06T10:30:23.3207601Z ##[group]Getting Git version info
android	Run actions/checkout@v7	2026-08-06T10:30:23.3209347Z Working directory is '/home/runner/work/wrtmonitor/wrtmonitor'
android	Run actions/checkout@v7	2026-08-06T10:30:23.3212315Z [command]/usr/bin/git version
android	Run actions/checkout@v7	2026-08-06T10:30:23.3260325Z git version 2.54.0
android	Run actions/checkout@v7	2026-08-06T10:30:23.3283906Z ##[endgroup]
android	Run actions/checkout@v7	2026-08-06T10:30:23.3295116Z Temporarily overriding HOME='/home/runner/work/_temp/b8eab48f-b538-47f8-a6d9-63a1ae3ee112' before making global git config changes
android	Run actions/checkout@v7	2026-08-06T10:30:23.3298701Z Adding repository directory to the temporary git global config as a safe directory
android	Run actions/checkout@v7	2026-08-06T10:30:23.3302899Z [command]/usr/bin/git config --global --add safe.directory /home/runner/work/wrtmonitor/wrtmonitor
android	Run actions/checkout@v7	2026-08-06T10:30:23.3364065Z Deleting the contents of '/home/runner/work/wrtmonitor/wrtmonitor'
android	Run actions/checkout@v7	2026-08-06T10:30:23.3368511Z ##[group]Determining repository object format
android	Run actions/checkout@v7	2026-08-06T10:30:23.3371321Z ##[endgroup]
android	Run actions/checkout@v7	2026-08-06T10:30:23.3373351Z ##[group]Initializing the repository
android	Run actions/checkout@v7	2026-08-06T10:30:23.3376741Z [command]/usr/bin/git init /home/runner/work/wrtmonitor/wrtmonitor
android	Run actions/checkout@v7	2026-08-06T10:30:23.3470622Z hint: Using 'master' as the name for the initial branch. This default branch name
android	Run actions/checkout@v7	2026-08-06T10:30:23.3473521Z hint: will change to "main" in Git 3.0. To configure the initial branch name
android	Run actions/checkout@v7	2026-08-06T10:30:23.3475582Z hint: to use in all of your new repositories, which will suppress this warning,
android	Run actions/checkout@v7	2026-08-06T10:30:23.3478067Z hint: call:
android	Run actions/checkout@v7	2026-08-06T10:30:23.3479347Z hint:
android	Run actions/checkout@v7	2026-08-06T10:30:23.3480880Z hint: 	git config --global init.defaultBranch <name>
android	Run actions/checkout@v7	2026-08-06T10:30:23.3482715Z hint:
android	Run actions/checkout@v7	2026-08-06T10:30:23.3484472Z hint: Names commonly chosen instead of 'master' are 'main', 'trunk' and
android	Run actions/checkout@v7	2026-08-06T10:30:23.3487447Z hint: 'development'. The just-created branch can be renamed via this command:
android	Run actions/checkout@v7	2026-08-06T10:30:23.3489747Z hint:
android	Run actions/checkout@v7	2026-08-06T10:30:23.3491036Z hint: 	git branch -m <name>
android	Run actions/checkout@v7	2026-08-06T10:30:23.3492447Z hint:
android	Run actions/checkout@v7	2026-08-06T10:30:23.3494255Z hint: Disable this message with "git config set advice.defaultBranchName false"
android	Run actions/checkout@v7	2026-08-06T10:30:23.3504994Z Initialized empty Git repository in /home/runner/work/wrtmonitor/wrtmonitor/.git/
android	Run actions/checkout@v7	2026-08-06T10:30:23.3509554Z [command]/usr/bin/git remote add origin https://github.com/shurshick/wrtmonitor
android	Run actions/checkout@v7	2026-08-06T10:30:23.3547589Z ##[endgroup]
android	Run actions/checkout@v7	2026-08-06T10:30:23.3550026Z ##[group]Disabling automatic garbage collection
android	Run actions/checkout@v7	2026-08-06T10:30:23.3552153Z [command]/usr/bin/git config --local gc.auto 0
android	Run actions/checkout@v7	2026-08-06T10:30:23.3584981Z ##[endgroup]
android	Run actions/checkout@v7	2026-08-06T10:30:23.3587928Z ##[group]Setting up auth
android	Run actions/checkout@v7	2026-08-06T10:30:23.3589491Z Removing SSH command configuration
android	Run actions/checkout@v7	2026-08-06T10:30:23.3592102Z [command]/usr/bin/git config --local --name-only --get-regexp core\.sshCommand
android	Run actions/checkout@v7	2026-08-06T10:30:23.3634815Z [command]/usr/bin/git submodule foreach --recursive sh -c "git config --local --name-only --get-regexp 'core\.sshCommand' && git config --local --unset-all 'core.sshCommand' || :"
android	Run actions/checkout@v7	2026-08-06T10:30:23.4024144Z Removing HTTP extra header
android	Run actions/checkout@v7	2026-08-06T10:30:23.4029411Z [command]/usr/bin/git config --local --name-only --get-regexp http\.https\:\/\/github\.com\/\.extraheader
android	Run actions/checkout@v7	2026-08-06T10:30:23.4078481Z [command]/usr/bin/git submodule foreach --recursive sh -c "git config --local --name-only --get-regexp 'http\.https\:\/\/github\.com\/\.extraheader' && git config --local --unset-all 'http.https://github.com/.extraheader' || :"
android	Run actions/checkout@v7	2026-08-06T10:30:23.4339650Z Removing includeIf entries pointing to credentials config files
android	Run actions/checkout@v7	2026-08-06T10:30:23.4344477Z [command]/usr/bin/git config --local --name-only --get-regexp ^includeIf\.gitdir:
android	Run actions/checkout@v7	2026-08-06T10:30:23.4386252Z [command]/usr/bin/git submodule foreach --recursive git config --local --show-origin --name-only --get-regexp remote.origin.url
android	Run actions/checkout@v7	2026-08-06T10:30:23.4682142Z [command]/usr/bin/git config --file /home/runner/work/_temp/git-credentials-39805c22-a948-4b91-907e-c41a574680b1.config http.https://github.com/.extraheader AUTHORIZATION: basic ***
android	Run actions/checkout@v7	2026-08-06T10:30:23.4728850Z [command]/usr/bin/git config --local includeIf.gitdir:/home/runner/work/wrtmonitor/wrtmonitor/.git.path /home/runner/work/_temp/git-credentials-39805c22-a948-4b91-907e-c41a574680b1.config
android	Run actions/checkout@v7	2026-08-06T10:30:23.4766739Z [command]/usr/bin/git config --local includeIf.gitdir:/home/runner/work/wrtmonitor/wrtmonitor/.git/worktrees/*.path /home/runner/work/_temp/git-credentials-39805c22-a948-4b91-907e-c41a574680b1.config
android	Run actions/checkout@v7	2026-08-06T10:30:23.4806205Z [command]/usr/bin/git config --local includeIf.gitdir:/github/workspace/.git.path /github/runner_temp/git-credentials-39805c22-a948-4b91-907e-c41a574680b1.config
android	Run actions/checkout@v7	2026-08-06T10:30:23.4843647Z [command]/usr/bin/git config --local includeIf.gitdir:/github/workspace/.git/worktrees/*.path /github/runner_temp/git-credentials-39805c22-a948-4b91-907e-c41a574680b1.config
android	Run actions/checkout@v7	2026-08-06T10:30:23.4876875Z ##[endgroup]
android	Run actions/checkout@v7	2026-08-06T10:30:23.4878654Z ##[group]Fetching the repository
android	Run actions/checkout@v7	2026-08-06T10:30:23.4883566Z [command]/usr/bin/git -c protocol.version=2 fetch --no-tags --prune --no-recurse-submodules --depth=1 origin +refs/tags/v0.35.0:refs/tags/v0.35.0
android	Run actions/checkout@v7	2026-08-06T10:30:24.1816476Z From https://github.com/shurshick/wrtmonitor
android	Run actions/checkout@v7	2026-08-06T10:30:24.1817244Z  * [new tag]         v0.35.0    -> v0.35.0
android	Run actions/checkout@v7	2026-08-06T10:30:24.1859366Z [command]/usr/bin/git tag --list v0.35.0
android	Run actions/checkout@v7	2026-08-06T10:30:24.1895875Z v0.35.0
android	Run actions/checkout@v7	2026-08-06T10:30:24.1904584Z [command]/usr/bin/git rev-parse refs/tags/v0.35.0^{commit}
android	Run actions/checkout@v7	2026-08-06T10:30:24.1934989Z 9d81f5fe71a883b7b63845878056e99fc2919cb1
android	Run actions/checkout@v7	2026-08-06T10:30:24.1939193Z ##[endgroup]
android	Run actions/checkout@v7	2026-08-06T10:30:24.1939751Z ##[group]Determining the checkout info
android	Run actions/checkout@v7	2026-08-06T10:30:24.1940408Z ##[endgroup]
android	Run actions/checkout@v7	2026-08-06T10:30:24.1944663Z [command]/usr/bin/git sparse-checkout disable
android	Run actions/checkout@v7	2026-08-06T10:30:24.1999711Z [command]/usr/bin/git config --local --unset-all extensions.worktreeConfig
android	Run actions/checkout@v7	2026-08-06T10:30:24.2035991Z ##[group]Checking out the ref
android	Run actions/checkout@v7	2026-08-06T10:30:24.2042418Z [command]/usr/bin/git checkout --progress --force refs/tags/v0.35.0
android	Run actions/checkout@v7	2026-08-06T10:30:24.2451891Z Note: switching to 'refs/tags/v0.35.0'.
android	Run actions/checkout@v7	2026-08-06T10:30:24.2452316Z 
android	Run actions/checkout@v7	2026-08-06T10:30:24.2452673Z You are in 'detached HEAD' state. You can look around, make experimental
android	Run actions/checkout@v7	2026-08-06T10:30:24.2453435Z changes and commit them, and you can discard any commits you make in this
android	Run actions/checkout@v7	2026-08-06T10:30:24.2454223Z state without impacting any branches by switching back to a branch.
android	Run actions/checkout@v7	2026-08-06T10:30:24.2454651Z 
android	Run actions/checkout@v7	2026-08-06T10:30:24.2454967Z If you want to create a new branch to retain commits you create, you may
android	Run actions/checkout@v7	2026-08-06T10:30:24.2455693Z do so (now or later) by using -c with the switch command. Example:
android	Run actions/checkout@v7	2026-08-06T10:30:24.2456078Z 
android	Run actions/checkout@v7	2026-08-06T10:30:24.2456224Z   git switch -c <new-branch-name>
android	Run actions/checkout@v7	2026-08-06T10:30:24.2456521Z 
android	Run actions/checkout@v7	2026-08-06T10:30:24.2456652Z Or undo this operation with:
android	Run actions/checkout@v7	2026-08-06T10:30:24.2456817Z 
android	Run actions/checkout@v7	2026-08-06T10:30:24.2456908Z   git switch -
android	Run actions/checkout@v7	2026-08-06T10:30:24.2457228Z 
android	Run actions/checkout@v7	2026-08-06T10:30:24.2457551Z Turn off this advice by setting config variable advice.detachedHead to false
android	Run actions/checkout@v7	2026-08-06T10:30:24.2461203Z 
android	Run actions/checkout@v7	2026-08-06T10:30:24.2461655Z HEAD is now at 9d81f5f fix(agent): register agent.bash_script in capabilities and update contract
android	Run actions/checkout@v7	2026-08-06T10:30:24.2463420Z ##[endgroup]
android	Run actions/checkout@v7	2026-08-06T10:30:24.2520174Z [command]/usr/bin/git log -1 --format=%H
android	Run actions/checkout@v7	2026-08-06T10:30:24.2552964Z 9d81f5fe71a883b7b63845878056e99fc2919cb1
android	Run actions/setup-java@v4	﻿2026-08-06T10:30:24.2846509Z Node 20 is being deprecated. This workflow is running with Node 24 by default. If you need to temporarily use Node 20, you can set the ACTIONS_ALLOW_USE_UNSECURE_NODE_VERSION=true environment variable. For more information see: https://github.blog/changelog/2025-09-19-deprecation-of-node-20-on-github-actions-runners/
android	Run actions/setup-java@v4	2026-08-06T10:30:24.2848657Z ##[group]Run actions/setup-java@v4
android	Run actions/setup-java@v4	2026-08-06T10:30:24.2848941Z with:
android	Run actions/setup-java@v4	2026-08-06T10:30:24.2849146Z   distribution: temurin
android	Run actions/setup-java@v4	2026-08-06T10:30:24.2849377Z   java-version: 17
android	Run actions/setup-java@v4	2026-08-06T10:30:24.2849599Z   java-package: jdk
android	Run actions/setup-java@v4	2026-08-06T10:30:24.2849821Z   check-latest: false
android	Run actions/setup-java@v4	2026-08-06T10:30:24.2850045Z   server-id: github
android	Run actions/setup-java@v4	2026-08-06T10:30:24.2850299Z   server-username: GITHUB_ACTOR
android	Run actions/setup-java@v4	2026-08-06T10:30:24.2850572Z   server-password: GITHUB_TOKEN
android	Run actions/setup-java@v4	2026-08-06T10:30:24.2850836Z   overwrite-settings: true
android	Run actions/setup-java@v4	2026-08-06T10:30:24.2851077Z   job-status: success
android	Run actions/setup-java@v4	2026-08-06T10:30:24.2853736Z   token: ***
android	Run actions/setup-java@v4	2026-08-06T10:30:24.2853951Z ##[endgroup]
android	Run actions/setup-java@v4	2026-08-06T10:30:24.4618936Z ##[warning]setup-java v4 is deprecated and will no longer receive updates. Please migrate to actions/setup-java@v5.
android	Run actions/setup-java@v4	2026-08-06T10:30:24.4630799Z ##[group]Installed distributions
android	Run actions/setup-java@v4	2026-08-06T10:30:24.4664169Z Resolved Java 17.0.19+10 from tool-cache
android	Run actions/setup-java@v4	2026-08-06T10:30:24.4664725Z Setting Java 17.0.19+10 as the default
android	Run actions/setup-java@v4	2026-08-06T10:30:24.4675211Z (node:2246) [DEP0040] DeprecationWarning: The `punycode` module is deprecated. Please use a userland alternative instead.
android	Run actions/setup-java@v4	2026-08-06T10:30:24.4675929Z (Use `node --trace-deprecation ...` to show where the warning was created)
android	Run actions/setup-java@v4	2026-08-06T10:30:24.4679193Z Creating toolchains.xml for JDK version 17 from temurin
android	Run actions/setup-java@v4	2026-08-06T10:30:24.4753477Z Writing to /home/runner/.m2/toolchains.xml
android	Run actions/setup-java@v4	2026-08-06T10:30:24.4754237Z 
android	Run actions/setup-java@v4	2026-08-06T10:30:24.4754395Z Java configuration:
android	Run actions/setup-java@v4	2026-08-06T10:30:24.4754742Z   Distribution: temurin
android	Run actions/setup-java@v4	2026-08-06T10:30:24.4755086Z   Version: 17.0.19+10
android	Run actions/setup-java@v4	2026-08-06T10:30:24.4755590Z   Path: /opt/hostedtoolcache/Java_Temurin-Hotspot_jdk/17.0.19-10/x64
android	Run actions/setup-java@v4	2026-08-06T10:30:24.4756039Z 
android	Run actions/setup-java@v4	2026-08-06T10:30:24.4756533Z ##[endgroup]
android	Run actions/setup-java@v4	2026-08-06T10:30:24.4776043Z Creating settings.xml with server-id: github
android	Run actions/setup-java@v4	2026-08-06T10:30:24.4825004Z Writing to /home/runner/.m2/settings.xml
android	Run android-actions/setup-android@v3	﻿2026-08-06T10:30:24.5004658Z Node 20 is being deprecated. This workflow is running with Node 24 by default. If you need to temporarily use Node 20, you can set the ACTIONS_ALLOW_USE_UNSECURE_NODE_VERSION=true environment variable. For more information see: https://github.blog/changelog/2025-09-19-deprecation-of-node-20-on-github-actions-runners/
android	Run android-actions/setup-android@v3	2026-08-06T10:30:24.5006781Z ##[group]Run android-actions/setup-android@v3
android	Run android-actions/setup-android@v3	2026-08-06T10:30:24.5007554Z with:
android	Run android-actions/setup-android@v3	2026-08-06T10:30:24.5007893Z   cmdline-tools-version: 12266719
android	Run android-actions/setup-android@v3	2026-08-06T10:30:24.5008384Z   accept-android-sdk-licenses: true
android	Run android-actions/setup-android@v3	2026-08-06T10:30:24.5008870Z   log-accepted-android-sdk-licenses: true
android	Run android-actions/setup-android@v3	2026-08-06T10:30:24.5009342Z   packages: tools platform-tools
android	Run android-actions/setup-android@v3	2026-08-06T10:30:24.5009736Z env:
android	Run android-actions/setup-android@v3	2026-08-06T10:30:24.5010212Z   JAVA_HOME: /opt/hostedtoolcache/Java_Temurin-Hotspot_jdk/17.0.19-10/x64
android	Run android-actions/setup-android@v3	2026-08-06T10:30:24.5011050Z   JAVA_HOME_17_X64: /opt/hostedtoolcache/Java_Temurin-Hotspot_jdk/17.0.19-10/x64
android	Run android-actions/setup-android@v3	2026-08-06T10:30:24.5011688Z ##[endgroup]
android	Run android-actions/setup-android@v3	2026-08-06T10:30:24.5786159Z Found preinstalled sdkmanager in /usr/local/lib/android/sdk/cmdline-tools/latest with following source.properties:
android	Run android-actions/setup-android@v3	2026-08-06T10:30:24.5787638Z Pkg.Revision=12.0
android	Run android-actions/setup-android@v3	2026-08-06T10:30:24.5788081Z Pkg.Path=cmdline-tools;12.0
android	Run android-actions/setup-android@v3	2026-08-06T10:30:24.5788561Z Pkg.Desc=Android SDK Command-line Tools
android	Run android-actions/setup-android@v3	2026-08-06T10:30:24.5788893Z 
android	Run android-actions/setup-android@v3	2026-08-06T10:30:24.5789101Z Wrong version in preinstalled sdkmanager
android	Run android-actions/setup-android@v3	2026-08-06T10:30:24.5790129Z Downloading commandline tools from https://dl.google.com/android/repository/commandlinetools-linux-12266719_latest.zip
android	Run android-actions/setup-android@v3	2026-08-06T10:30:25.3385180Z [command]/usr/bin/unzip -o -q /home/runner/work/_temp/17f6a58a-f9b8-4bea-9936-c0cee81191a5
android	Run android-actions/setup-android@v3	2026-08-06T10:30:26.1964579Z Accepting Android SDK licenses
android	Run android-actions/setup-android@v3	2026-08-06T10:30:26.1970135Z [command]/usr/local/lib/android/sdk/cmdline-tools/16.0/bin/sdkmanager --licenses
android	Run android-actions/setup-android@v3	2026-08-06T10:30:29.2112903Z Loading local repository...                                                     
android	Run android-actions/setup-android@v3	2026-08-06T10:30:29.2118579Z [=========                              ] 25% Loading local repository...       
android	Run android-actions/setup-android@v3	2026-08-06T10:30:31.1908813Z [=========                              ] 25% Fetch remote repository...        
android	Run android-actions/setup-android@v3	2026-08-06T10:30:31.6290990Z [==========                             ] 26% Fetch remote repository...        
android	Run android-actions/setup-android@v3	2026-08-06T10:30:31.6291663Z [============                           ] 31% Fetch remote repository...        
android	Run android-actions/setup-android@v3	2026-08-06T10:30:31.6549072Z [============                           ] 32% Fetch remote repository...        
android	Run android-actions/setup-android@v3	2026-08-06T10:30:31.6578112Z [=============                          ] 33% Fetch remote repository...        
android	Run android-actions/setup-android@v3	2026-08-06T10:30:31.6879081Z [=============                          ] 35% Fetch remote repository...        
android	Run android-actions/setup-android@v3	2026-08-06T10:30:31.6886172Z [==============                         ] 36% Fetch remote repository...        
android	Run android-actions/setup-android@v3	2026-08-06T10:30:31.7053443Z [==============                         ] 37% Fetch remote repository...        
android	Run android-actions/setup-android@v3	2026-08-06T10:30:31.7088131Z [===============                        ] 38% Fetch remote repository...        
android	Run android-actions/setup-android@v3	2026-08-06T10:30:31.7251960Z [===============                        ] 39% Fetch remote repository...        
android	Run android-actions/setup-android@v3	2026-08-06T10:30:31.7253342Z [================                       ] 40% Fetch remote repository...        
android	Run android-actions/setup-android@v3	2026-08-06T10:30:31.7388818Z [================                       ] 41% Fetch remote repository...        
android	Run android-actions/setup-android@v3	2026-08-06T10:30:31.7398091Z [================                       ] 42% Fetch remote repository...        
android	Run android-actions/setup-android@v3	2026-08-06T10:30:31.7521946Z [=================                      ] 44% Fetch remote repository...        
android	Run android-actions/setup-android@v3	2026-08-06T10:30:31.7523860Z [=================                      ] 45% Fetch remote repository...        
android	Run android-actions/setup-android@v3	2026-08-06T10:30:31.7668485Z [==================                     ] 46% Fetch remote repository...        
android	Run android-actions/setup-android@v3	2026-08-06T10:30:31.7697950Z [==================                     ] 47% Fetch remote repository...        
android	Run android-actions/setup-android@v3	2026-08-06T10:30:31.7803992Z [===================                    ] 48% Fetch remote repository...        
android	Run android-actions/setup-android@v3	2026-08-06T10:30:31.7805157Z [===================                    ] 49% Fetch remote repository...        
android	Run android-actions/setup-android@v3	2026-08-06T10:30:31.7922310Z [====================                   ] 50% Fetch remote repository...        
android	Run android-actions/setup-android@v3	2026-08-06T10:30:31.7925504Z [====================                   ] 51% Fetch remote repository...        
android	Run android-actions/setup-android@v3	2026-08-06T10:30:31.8140985Z [====================                   ] 53% Fetch remote repository...        
android	Run android-actions/setup-android@v3	2026-08-06T10:30:31.8180164Z [=====================                  ] 54% Fetch remote repository...        
android	Run android-actions/setup-android@v3	2026-08-06T10:30:31.8288369Z [=====================                  ] 55% Fetch remote repository...        
android	Run android-actions/setup-android@v3	2026-08-06T10:30:31.8291969Z [======================                 ] 56% Fetch remote repository...        
android	Run android-actions/setup-android@v3	2026-08-06T10:30:31.8468829Z [======================                 ] 57% Fetch remote repository...        
android	Run android-actions/setup-android@v3	2026-08-06T10:30:31.8470049Z [=======================                ] 58% Fetch remote repository...        
android	Run android-actions/setup-android@v3	2026-08-06T10:30:31.8658113Z [=======================                ] 59% Fetch remote repository...        
android	Run android-actions/setup-android@v3	2026-08-06T10:30:31.8659045Z [========================               ] 60% Fetch remote repository...        
android	Run android-actions/setup-android@v3	2026-08-06T10:30:31.8807016Z [========================               ] 61% Fetch remote repository...        
android	Run android-actions/setup-android@v3	2026-08-06T10:30:31.8808827Z [=========================              ] 63% Fetch remote repository...        
android	Run android-actions/setup-android@v3	2026-08-06T10:30:31.8932346Z [=========================              ] 64% Fetch remote repository...        
android	Run android-actions/setup-android@v3	2026-08-06T10:30:31.8933467Z [=========================              ] 65% Fetch remote repository...        
android	Run android-actions/setup-android@v3	2026-08-06T10:30:31.9174783Z [==========================             ] 66% Fetch remote repository...        
android	Run android-actions/setup-android@v3	2026-08-06T10:30:31.9178162Z [==========================             ] 67% Fetch remote repository...        
android	Run android-actions/setup-android@v3	2026-08-06T10:30:31.9418329Z [===========================            ] 68% Fetch remote repository...        
android	Run android-actions/setup-android@v3	2026-08-06T10:30:31.9427557Z [===========================            ] 69% Fetch remote repository...        
android	Run android-actions/setup-android@v3	2026-08-06T10:30:32.0051249Z [============================           ] 70% Fetch remote repository...        
android	Run android-actions/setup-android@v3	2026-08-06T10:30:32.0058373Z [============================           ] 72% Fetch remote repository...        
android	Run android-actions/setup-android@v3	2026-08-06T10:30:32.0708554Z [=============================          ] 73% Fetch remote repository...        
android	Run android-actions/setup-android@v3	2026-08-06T10:30:32.0720918Z [=============================          ] 74% Fetch remote repository...        
android	Run android-actions/setup-android@v3	2026-08-06T10:30:32.0827752Z [=============================          ] 75% Fetch remote repository...        
android	Run android-actions/setup-android@v3	2026-08-06T10:30:32.0948034Z [=============================          ] 75% Computing updates...              
android	Run android-actions/setup-android@v3	2026-08-06T10:30:32.0957955Z [=======================================] 100% Computing updates...             
android	Run android-actions/setup-android@v3	2026-08-06T10:30:32.1398337Z 6 of 7 SDK package licenses not accepted.
android	Run android-actions/setup-android@v3	2026-08-06T10:30:32.1417832Z Review licenses that have not been accepted (y/N)? 
android	Run android-actions/setup-android@v3	2026-08-06T10:30:32.1467770Z 1/6: License android-googletv-license:
android	Run android-actions/setup-android@v3	2026-08-06T10:30:32.1491481Z ---------------------------------------
android	Run android-actions/setup-android@v3	2026-08-06T10:30:32.1501914Z Terms and Conditions
android	Run android-actions/setup-android@v3	2026-08-06T10:30:32.1517810Z 
android	Run android-actions/setup-android@v3	2026-08-06T10:30:32.1540055Z This is the Google TV Add-on for the Android Software Development Kit License Agreement.
android	Run android-actions/setup-android@v3	2026-08-06T10:30:32.1558073Z 
android	Run android-actions/setup-android@v3	2026-08-06T10:30:32.1558481Z 1. Introduction
android	Run android-actions/setup-android@v3	2026-08-06T10:30:32.1558980Z 
android	Run android-actions/setup-android@v3	2026-08-06T10:30:32.1561243Z 1.1 The Google TV Add-on for the Android Software Development Kit (referred to in this License Agreement as the "Google TV Add-on" and specifically including the Android system files, packaged APIs, and Google APIs add-ons) is licensed to you subject to the terms of this License Agreement. This License Agreement forms a legally binding contract between you and Google in relation to your use of the Google TV Add-on.
android	Run android-actions/setup-android@v3	2026-08-06T10:30:32.1564070Z 
android	Run android-actions/setup-android@v3	2026-08-06T10:30:32.1564817Z 1.2 "Google" means Google Inc., a Delaware corporation with principal place of business at 1600 Amphitheatre Parkway, Mountain View, CA 94043, United States.
android	Run android-actions/setup-android@v3	2026-08-06T10:30:32.1565765Z 
android	Run android-actions/setup-android@v3	2026-08-06T10:30:32.1566192Z 2. Accepting this License Agreement
android	Run android-actions/setup-android@v3	2026-08-06T10:30:32.1566485Z 
android	Run android-actions/setup-android@v3	2026-08-06T10:30:32.1567462Z 2.1 In order to use the Google TV Add-on, you must first agree to this License Agreement. You may not use the Google TV Add-on if you do not accept this License Agreement.
android	Run android-actions/setup-android@v3	2026-08-06T10:30:32.1568407Z 
android	Run android-actions/setup-android@v3	2026-08-06T10:30:32.1568590Z 2.2 You can accept this License Agreement by:
android	Run android-actions/setup-android@v3	2026-08-06T10:30:32.1568916Z 
android	Run android-actions/setup-android@v3	2026-08-06T10:30:32.1569405Z (A) clicking to accept or agree to this License Agreement, where this option is made available to you; or
android	Run android-actions/setup-android@v3	2026-08-06T10:30:32.1570049Z 
android	Run android-actions/setup-android@v3	2026-08-06T10:30:32.1570875Z (B) by actually using the Google TV Add-on. In this case, you agree that use of the Google TV Add-on constitutes acceptance of the License Agreement from that point onwards.
android	Run android-actions/setup-android@v3	2026-08-06T10:30:32.1571833Z 
android	Run android-actions/setup-android@v3	2026-08-06T10:30:32.1573275Z 2.3 You may not use the Google TV Add-on and may not accept the Licensing Agreement if you are a person barred from receiving the Google TV Add-on under the laws of the United States or other countries including the country in which you are resident or from which you use the Google TV Add-on.
android	Run android-actions/setup-android@v3	2026-08-06T10:30:32.1574864Z 
android	Run android-actions/setup-android@v3	2026-08-06T10:30:32.1576637Z 2.4 If you are agreeing to be bound by this License Agreement on behalf of your employer or other entity, you represent and warrant that you have full legal authority to bind your employer or such entity to this License Agreement. If you do not have the requisite authority, you may not accept the Licensing Agreement or use the Google TV Add-on on behalf of your employer or other entity.
android	Run android-actions/setup-android@v3	2026-08-06T10:30:32.1578717Z 
android	Run android-actions/setup-android@v3	2026-08-06T10:30:32.1578897Z 3. Google TV Add-on License from Google
android	Run android-actions/setup-android@v3	2026-08-06T10:30:32.1579188Z 
android	Run android-actions/setup-android@v3	2026-08-06T10:30:32.1580241Z 3.1 Subject to the terms of this License Agreement, Google grants you a limited, worldwide, royalty-free, non- assignable and non-exclusive license to use the Google TV Add-on solely to develop applications to run on the Google TV platform.
android	Run android-actions/setup-android@v3	2026-08-06T10:30:32.1581485Z 
android	Run android-actions/setup-android@v3	2026-08-06T10:30:32.1583501Z 3.2 You agree that Google or third parties own all legal right, title and interest in and to the Google TV Add-on, including any Intellectual Property Rights that subsist in the Google TV Add-on. "Intellectual Property Rights" means any and all rights under patent law, copyright law, trade secret law, trademark law, and any and all other proprietary rights. Google reserves all rights not expressly granted to you.
android	Run android-actions/setup-android@v3	2026-08-06T10:30:32.1585203Z 
android	Run android-actions/setup-android@v3	2026-08-06T10:30:32.1587995Z 3.3 Except to the extent required by applicable third party licenses, you may not copy (except for backup purposes), modify, adapt, redistribute, decompile, reverse engineer, disassemble, or create derivative works of the Google TV Add-on or any part of the Google TV Add-on. Except to the extent required by applicable third party licenses, you may not load any part of the Google TV Add-on onto a mobile handset, television, or any other hardware device except a personal computer, combine any part of the Google TV Add-on with other software, or distribute any software or device incorporating a part of the Google TV Add-on.
android	Run android-actions/setup-android@v3	2026-08-06T10:30:32.1592461Z 
android	Run android-actions/setup-android@v3	2026-08-06T10:30:32.1593176Z 3.4 Use, reproduction and distribution of components of the Google TV Add-on licensed under an open source software license are governed solely by the terms of that open source software license and not this License Agreement.
android	Run android-actions/setup-android@v3	2026-08-06T10:30:32.1593926Z 
android	Run android-actions/setup-android@v3	2026-08-06T10:30:32.1595349Z 3.5 You agree that the form and nature of the Google TV Add-on that Google provides may change without prior notice to you and that future versions of the Google TV Add-on may be incompatible with applications developed on previous versions of the Google TV Add-on. You agree that Google may stop (permanently or temporarily) providing the Google TV Add-on (or any features within the Google TV Add-on) to you or to users generally at Google's sole discretion, without prior notice to you.
android	Run android-actions/setup-android@v3	2026-08-06T10:30:32.1597302Z 
android	Run android-actions/setup-android@v3	2026-08-06T10:30:32.1598324Z 3.6 Nothing in this License Agreement gives you a right to use any of Google's or it’s licensors’ trade names, trademarks, service marks, logos, domain names, or other distinctive brand features.
android	Run android-actions/setup-android@v3	2026-08-06T10:30:32.1599160Z 
android	Run android-actions/setup-android@v3	2026-08-06T10:30:32.1599743Z 3.7 You agree that you will not remove, obscure, or alter any proprietary rights notices (including copyright and trademark notices) that may be affixed to or contained within the Google TV Add-on.
android	Run android-actions/setup-android@v3	2026-08-06T10:30:32.1600399Z 
android	Run android-actions/setup-android@v3	2026-08-06T10:30:32.1600515Z 4. Use of the Google TV Add-on by You
android	Run android-actions/setup-android@v3	2026-08-06T10:30:32.1600709Z 
android	Run android-actions/setup-android@v3	2026-08-06T10:30:32.1601541Z 4.1 Google agrees that it obtains no right, title or interest from you (or your licensors) under this License Agreement in or to any software applications that you develop using the Google TV Add-on, including any intellectual property rights that subsist in those applications.
android	Run android-actions/setup-android@v3	2026-08-06T10:30:32.1602414Z 
android	Run android-actions/setup-android@v3	2026-08-06T10:30:32.1603515Z 4.2 You agree to use the Google TV Add-on and write applications only for purposes that are permitted by (a) this License Agreement and (b) any applicable law, regulation or generally accepted practices or guidelines in the relevant jurisdictions (including any laws regarding the export of data or software to and from the United States or other relevant countries).
android	Run android-actions/setup-android@v3	2026-08-06T10:30:32.1604661Z 
android	Run android-actions/setup-android@v3	2026-08-06T10:30:32.1607248Z 4.3 You agree that if you use the Google TV Add-on to develop applications for general public users, you will protect the privacy and legal rights of those users. If the users provide you with user names, passwords, or other login information or personal information, your must make the users aware that the information will be available to your application, and you must provide legally adequate privacy notice and protection for those users. If your application stores personal or sensitive information provided by users, it must do so securely. If the user provides your application with Google Account information, your application may only use that information to access the user's Google Account when, and for the limited purposes for which, the user has given you explicit permission to do so.
android	Run android-actions/setup-android@v3	2026-08-06T10:30:32.1609721Z 
android	Run android-actions/setup-android@v3	2026-08-06T10:30:32.1610961Z 4.4 You agree that you will not engage in any activity with the Google TV Add-on, including the development or distribution of an application, that interferes with, disrupts, damages, or accesses in an unauthorized manner the servers, networks, or other properties or services of any third party including, but not limited to, Google, Multichannel Video Program Distributors or any mobile communications carrier.
android	Run android-actions/setup-android@v3	2026-08-06T10:30:32.1612254Z 
android	Run android-actions/setup-android@v3	2026-08-06T10:30:32.1613357Z 4.5 You agree that you are solely responsible for (and that Google has no responsibility to you or to any third party for) any data, content, or resources that you create, transmit or display through the Google TV platform and/or applications for the Google TV platform, and for the consequences of your actions (including any loss or damage which Google may suffer) by doing so.
android	Run android-actions/setup-android@v3	2026-08-06T10:30:32.1614521Z 
android	Run android-actions/setup-android@v3	2026-08-06T10:30:32.1615662Z 4.6 You agree that you are solely responsible for (and that Google has no responsibility to you or to any third party for) any breach of your obligations under this License Agreement, any applicable third party contract or Terms of Service, or any applicable law or regulation, and for the consequences (including any loss or damage which Google or any third party may suffer) of any such breach.
android	Run android-actions/setup-android@v3	2026-08-06T10:30:32.1616863Z 
android	Run android-actions/setup-android@v3	2026-08-06T10:30:32.1617281Z 5. Your Developer Credentials
android	Run android-actions/setup-android@v3	2026-08-06T10:30:32.1617450Z 
android	Run android-actions/setup-android@v3	2026-08-06T10:30:32.1618297Z 5.1 You agree that you are responsible for maintaining the confidentiality of any developer credentials that may be issued to you by Google or which you may choose yourself and that you will be solely responsible for all applications that are developed under your developer credentials.
android	Run android-actions/setup-android@v3	2026-08-06T10:30:32.1619201Z 
android	Run android-actions/setup-android@v3	2026-08-06T10:30:32.1619309Z 6. Privacy and Information
android	Run android-actions/setup-android@v3	2026-08-06T10:30:32.1619464Z 
android	Run android-actions/setup-android@v3	2026-08-06T10:30:32.1621001Z 6.1 In order to continually innovate and improve the Google TV Add-on, Google may collect certain usage statistics from the software including but not limited to a unique identifier, associated IP address, version number of the software, and information on which tools and/or services in the Google TV Add-on are being used and how they are being used. Before any of this information is collected, the Google TV Add-on will notify you and seek your consent. If you withhold consent, the information will not be collected.
android	Run android-actions/setup-android@v3	2026-08-06T10:30:32.1622743Z 
android	Run android-actions/setup-android@v3	2026-08-06T10:30:32.1623154Z 6.2 The data collected is examined in the aggregate to improve the Google TV Add-on and is maintained in accordance with Google's Privacy Policy.
android	Run android-actions/setup-android@v3	2026-08-06T10:30:32.1623657Z 
android	Run android-actions/setup-android@v3	2026-08-06T10:30:32.1623811Z 7. Third Party Applications for the Google TV Platform
android	Run android-actions/setup-android@v3	2026-08-06T10:30:32.1624040Z 
android	Run android-actions/setup-android@v3	2026-08-06T10:30:32.1625823Z 7.1 If you use the Google TV Add-on to run applications developed by a third party or that access data, content or resources provided by a third party, you agree that Google is not responsible for those applications, data, content, or resources. You understand that all data, content or resources which you may access through such third party applications are the sole responsibility of the person from which they originated and that Google is not liable for any loss or damage that you may experience as a result of the use or access of any of those third party applications, data, content, or resources.
android	Run android-actions/setup-android@v3	2026-08-06T10:30:32.1627815Z 
android	Run android-actions/setup-android@v3	2026-08-06T10:30:32.1629231Z 7.2 You should be aware the data, content, and resources presented to you through such a third party application may be protected by intellectual property rights which are owned by the providers (or by other persons or companies on their behalf). You may not modify, rent, lease, loan, sell, distribute or create derivative works based on these data, content, or resources (either in whole or in part) unless you have been specifically given permission to do so by the relevant owners.
android	Run android-actions/setup-android@v3	2026-08-06T10:30:32.1630723Z 
android	Run android-actions/setup-android@v3	2026-08-06T10:30:32.1631514Z 7.3 You acknowledge that your use of such third party applications, data, content, or resources may be subject to separate terms between you and the relevant third party. In that case, this License Agreement does not affect your legal relationship with these third parties.
android	Run android-actions/setup-android@v3	2026-08-06T10:30:32.1632375Z 
android	Run android-actions/setup-android@v3	2026-08-06T10:30:32.1632475Z 8. Using Google TV APIs
android	Run android-actions/setup-android@v3	2026-08-06T10:30:32.1632621Z 
android	Run android-actions/setup-android@v3	2026-08-06T10:30:32.1635068Z 8.1 If you use any Google TV API to retrieve data from Google, you acknowledge that the data (“Google TV API Content”) may be protected by intellectual property rights which are owned by Google or those parties that provide the data (or by other persons or companies on their behalf). Your use of any such API may be subject to additional Terms of Service. You may not modify, rent, lease, loan, sell, distribute or create derivative works based on this data (either in whole or in part) unless allowed by the relevant Terms of Service. Some portions of the Google TV API Content are licensed to Google by third parties, including but not limited to Tribune Media Services
android	Run android-actions/setup-android@v3	2026-08-06T10:30:32.1637283Z 
android	Run android-actions/setup-android@v3	2026-08-06T10:30:32.1638009Z 8.2 If you use any API to retrieve a user's data from Google, you acknowledge and agree that you shall retrieve data only with the user's explicit consent and only when, and for the limited purposes for which, the user has given you permission to do so.
android	Run android-actions/setup-android@v3	2026-08-06T10:30:32.1638813Z 
android	Run android-actions/setup-android@v3	2026-08-06T10:30:32.1639238Z 8.3 Except as explicitly permitted in Section 3 (Google TV Add-on License from Google), you must:
android	Run android-actions/setup-android@v3	2026-08-06T10:30:32.1639606Z 
android	Run android-actions/setup-android@v3	2026-08-06T10:30:32.1640144Z (a) not modify nor format the Google TV API Content except to the extent reasonably and technically necessary to optimize the display such Google TV API Content in your application;
android	Run android-actions/setup-android@v3	2026-08-06T10:30:32.1640748Z 
android	Run android-actions/setup-android@v3	2026-08-06T10:30:32.1641332Z (b) not edit the Google TV API Content in a manner that renders the Google TV API Content inaccurate of alters its inherent meaning (provided that displaying excerpts will not violate the foregoing); or
android	Run android-actions/setup-android@v3	2026-08-06T10:30:32.1642159Z 
android	Run android-actions/setup-android@v3	2026-08-06T10:30:32.1642443Z (c) not create any commercial audience measurement tool or service using the Google TV API Content
android	Run android-actions/setup-android@v3	2026-08-06T10:30:32.1642799Z 
android	Run android-actions/setup-android@v3	2026-08-06T10:30:32.1642930Z 9. Terminating this License Agreement
android	Run android-actions/setup-android@v3	2026-08-06T10:30:32.1643119Z 
android	Run android-actions/setup-android@v3	2026-08-06T10:30:32.1643429Z 9.1 This License Agreement will continue to apply until terminated by either you or Google as set out below.
android	Run android-actions/setup-android@v3	2026-08-06T10:30:32.1643833Z 
android	Run android-actions/setup-android@v3	2026-08-06T10:30:32.1644245Z 9.2 If you want to terminate this License Agreement, you may do so by ceasing your use of the Google TV Add-on and any relevant developer credentials.
android	Run android-actions/setup-android@v3	2026-08-06T10:30:32.1644736Z 
android	Run android-actions/setup-android@v3	2026-08-06T10:30:32.1644922Z 9.3 Google may at any time, terminate this License Agreement with you if:
android	Run android-actions/setup-android@v3	2026-08-06T10:30:32.1645204Z 
android	Run android-actions/setup-android@v3	2026-08-06T10:30:32.1645373Z (A) you have breached any provision of this License Agreement; or
android	Run android-actions/setup-android@v3	2026-08-06T10:30:32.1645631Z 
android	Run android-actions/setup-android@v3	2026-08-06T10:30:32.1645747Z (B) Google is required to do so by law; or
android	Run android-actions/setup-android@v3	2026-08-06T10:30:32.1645950Z 
android	Run android-actions/setup-android@v3	2026-08-06T10:30:32.1646542Z (C) the partner with whom Google offered certain parts of Google TV Add-on (such as APIs) to you has terminated its relationship with Google or ceased to offer certain parts of the Google TV Add-on to you; or
android	Run android-actions/setup-android@v3	2026-08-06T10:30:32.1647383Z 
android	Run android-actions/setup-android@v3	2026-08-06T10:30:32.1648351Z (D) Google decides to no longer providing the Google TV Add-on or certain parts of the Google TV Add-on to users in the country in which you are resident or from which you use the service, or the provision of the Google TV Add-on or certain Google TV Add-on services to you by Google is, in Google's sole discretion, no longer commercially viable.
android	Run android-actions/setup-android@v3	2026-08-06T10:30:32.1649403Z 
android	Run android-actions/setup-android@v3	2026-08-06T10:30:32.1650733Z 9.4 When this License Agreement comes to an end, all of the legal rights, obligations and liabilities that you and Google have benefited from, been subject to (or which have accrued over time whilst this License Agreement has been in force) or which are expressed to continue indefinitely, shall be unaffected by this cessation, and the provisions of paragraph 14.7 shall continue to apply to such rights, obligations and liabilities indefinitely.
android	Run android-actions/setup-android@v3	2026-08-06T10:30:32.1652097Z 
android	Run android-actions/setup-android@v3	2026-08-06T10:30:32.1652200Z 10. DISCLAIMER OF WARRANTIES
android	Run android-actions/setup-android@v3	2026-08-06T10:30:32.1652368Z 
android	Run android-actions/setup-android@v3	2026-08-06T10:30:32.1652929Z 10.1 YOU EXPRESSLY UNDERSTAND AND AGREE THAT YOUR USE OF THE GOOGLE TV ADD-ON IS AT YOUR SOLE RISK AND THAT THE GOOGLE TV ADD-ON IS PROVIDED "AS IS" AND "AS AVAILABLE" WITHOUT WARRANTY OF ANY KIND FROM GOOGLE.
android	Run android-actions/setup-android@v3	2026-08-06T10:30:32.1653572Z 
android	Run android-actions/setup-android@v3	2026-08-06T10:30:32.1654396Z 10.2 YOUR USE OF THE GOOGLE TV ADD-ON AND ANY MATERIAL DOWNLOADED OR OTHERWISE OBTAINED THROUGH THE USE OF THE GOOGLE TV ADD-ON IS AT YOUR OWN DISCRETION AND RISK AND YOU ARE SOLELY RESPONSIBLE FOR ANY DAMAGE TO YOUR COMPUTER SYSTEM OR OTHER DEVICE OR LOSS OF DATA THAT RESULTS FROM SUCH USE.
android	Run android-actions/setup-android@v3	2026-08-06T10:30:32.1655280Z 
android	Run android-actions/setup-android@v3	2026-08-06T10:30:32.1656077Z 10.3 GOOGLE FURTHER EXPRESSLY DISCLAIMS ALL WARRANTIES AND CONDITIONS OF ANY KIND, WHETHER EXPRESS OR IMPLIED, INCLUDING, BUT NOT LIMITED TO THE IMPLIED WARRANTIES AND CONDITIONS OF MERCHANTABILITY, FITNESS FOR A PARTICULAR PURPOSE AND NON-INFRINGEMENT.
android	Run android-actions/setup-android@v3	2026-08-06T10:30:32.1656913Z 
android	Run android-actions/setup-android@v3	2026-08-06T10:30:32.1685986Z 11. LIMITATION OF LIABILITY
android	Run android-actions/setup-android@v3	2026-08-06T10:30:32.1686220Z 
android	Run android-actions/setup-android@v3	2026-08-06T10:30:32.1687830Z 11.1 YOU EXPRESSLY UNDERSTAND AND AGREE THAT GOOGLE, ITS SUBSIDIARIES AND AFFILIATES, AND ITS LICENSORS SHALL NOT BE LIABLE TO YOU UNDER ANY THEORY OF LIABILITY FOR ANY DIRECT, INDIRECT, INCIDENTAL, SPECIAL CONSEQUENTIAL OR EXEMPLARY DAMAGES THAT MAY BE INCURRED BY YOU, INCLUDING ANY LOSS OF DATA, WHETHER OR NOT GOOGLE OR ITS REPRESENTATIVES HAVE BEEN ADVISED OF OR SHOULD HAVE BEEN AWARE OF THE POSSIBILITY OF ANY SUCH LOSSES ARISING.
android	Run android-actions/setup-android@v3	2026-08-06T10:30:32.1689625Z 
android	Run android-actions/setup-android@v3	2026-08-06T10:30:32.1689728Z 12. Indemnification
android	Run android-actions/setup-android@v3	2026-08-06T10:30:32.1689918Z 
android	Run android-actions/setup-android@v3	2026-08-06T10:30:32.1692386Z 12.1 To the maximum extent permitted by law, you agree to defend, indemnify and hold harmless Google, its affiliates and their respective directors, officers, employees and agents from and against any and all claims, actions, suits or proceedings, as well as any and all losses, liabilities, damages, costs and expenses (including reasonable attorneys fees) arising out of or accruing from (a) your use of the Google TV Add-on, (b) any application you develop on the Google TV Add-on that infringes any copyright, trademark, trade secret, trade dress, patent or other intellectual property right of any person or defames any person or violates their rights of publicity or privacy, and (c) any non-compliance by you with this License Agreement.
android	Run android-actions/setup-android@v3	2026-08-06T10:30:32.1694792Z 
android	Run android-actions/setup-android@v3	2026-08-06T10:30:32.1694905Z 13. Changes to the License Agreement
android	Run android-actions/setup-android@v3	2026-08-06T10:30:32.1695093Z 
android	Run android-actions/setup-android@v3	2026-08-06T10:30:32.1695400Z 13.1 Google may make changes to the License Agreement as it distributes new versions of the Google TV Add-on.
android	Run android-actions/setup-android@v3	2026-08-06T10:30:32.1695797Z 
android	Run android-actions/setup-android@v3	2026-08-06T10:30:32.1695887Z 14. General Legal Terms
android	Run android-actions/setup-android@v3	2026-08-06T10:30:32.1696042Z 
android	Run android-actions/setup-android@v3	2026-08-06T10:30:32.1697012Z 14.1 This License Agreement constitute the whole legal agreement between you and Google and govern your use of the Google TV Add-on (excluding any services which Google may provide to you under a separate written agreement), and completely replace any prior agreements between you and Google in relation to the Google TV Add-on.
android	Run android-actions/setup-android@v3	2026-08-06T10:30:32.1698457Z 
android	Run android-actions/setup-android@v3	2026-08-06T10:30:32.1699449Z 14.2 You agree that if Google does not exercise or enforce any legal right or remedy which is contained in this License Agreement (or which Google has the benefit of under any applicable law), this will not be taken to be a formal waiver of Google's rights and that those rights or remedies will still be available to Google.
android	Run android-actions/setup-android@v3	2026-08-06T10:30:32.1700472Z 
android	Run android-actions/setup-android@v3	2026-08-06T10:30:32.1701503Z 14.3 If any court of law, having the jurisdiction to decide on this matter, rules that any provision of this License Agreement is invalid, then that provision will be removed from this License Agreement without affecting the rest of this License Agreement. The remaining provisions of this License Agreement will continue to be valid and enforceable.
android	Run android-actions/setup-android@v3	2026-08-06T10:30:32.1704468Z 
android	Run android-actions/setup-android@v3	2026-08-06T10:30:32.1706858Z 14.4 You acknowledge and agree that Google’s API data licensors and each member of the group of companies of which Google is the parent shall be third party beneficiaries to this License Agreement and that such other companies shall be entitled to directly enforce, and rely upon, any provision of this License Agreement that confers a benefit on (or rights in favor of) them. Other than this, no other person or company shall be third party beneficiaries to this License Agreement.
android	Run android-actions/setup-android@v3	2026-08-06T10:30:32.1708716Z 
android	Run android-actions/setup-android@v3	2026-08-06T10:30:32.1709596Z 14.5 EXPORT RESTRICTIONS. THE GOOGLE TV ADD-ON IS SUBJECT TO UNITED STATES EXPORT LAWS AND REGULATIONS. YOU MUST COMPLY WITH ALL DOMESTIC AND INTERNATIONAL EXPORT LAWS AND REGULATIONS THAT APPLY TO THE GOOGLE TV ADD-ON. THESE LAWS INCLUDE RESTRICTIONS ON DESTINATIONS, END USERS AND END USE.
android	Run android-actions/setup-android@v3	2026-08-06T10:30:32.1710533Z 
android	Run android-actions/setup-android@v3	2026-08-06T10:30:32.1711567Z 14.6 The rights granted in this License Agreement may not be assigned or transferred by either you or Google without the prior written approval of the other party. Neither you nor Google shall be permitted to delegate their responsibilities or obligations under this License Agreement without the prior written approval of the other party.
android	Run android-actions/setup-android@v3	2026-08-06T10:30:32.1712659Z 
android	Run android-actions/setup-android@v3	2026-08-06T10:30:32.1714338Z 14.7 This License Agreement, and your relationship with Google under this License Agreement, shall be governed by the laws of the State of California without regard to its conflict of laws provisions. You and Google agree to submit to the exclusive jurisdiction of the courts located within the county of Santa Clara, California to resolve any legal matter arising from this License Agreement. Notwithstanding this, you agree that Google shall still be allowed to apply for injunctive remedies (or an equivalent type of urgent legal relief) in any jurisdiction.
android	Run android-actions/setup-android@v3	2026-08-06T10:30:32.1716324Z 
android	Run android-actions/setup-android@v3	2026-08-06T10:30:32.1716457Z 
android	Run android-actions/setup-android@v3	2026-08-06T10:30:32.1716555Z August 15, 2011
android	Run android-actions/setup-android@v3	2026-08-06T10:30:32.1716791Z ---------------------------------------
android	Run android-actions/setup-android@v3	2026-08-06T10:30:32.1727539Z Accept? (y/N): 
android	Run android-actions/setup-android@v3	2026-08-06T10:30:32.1728003Z 2/6: License android-googlexr-license:
android	Run android-actions/setup-android@v3	2026-08-06T10:30:32.1728432Z ---------------------------------------
android	Run android-actions/setup-android@v3	2026-08-06T10:30:32.1729906Z To get started with the Android XR Emulator System Image SDK, you must agree to the following terms and conditions. As described below, please note that this is a preview, emulated version of the Android XR OS, subject to change, that you use at your own risk.
android	Run android-actions/setup-android@v3	2026-08-06T10:30:32.1731281Z 
android	Run android-actions/setup-android@v3	2026-08-06T10:30:32.1731555Z This is the Android XR Emulator System Image SDK License Agreement
android	Run android-actions/setup-android@v3	2026-08-06T10:30:32.1731981Z 
android	Run android-actions/setup-android@v3	2026-08-06T10:30:32.1732163Z 1. Introduction
android	Run android-actions/setup-android@v3	2026-08-06T10:30:32.1732356Z 
android	Run android-actions/setup-android@v3	2026-08-06T10:30:32.1734670Z 1.1 The Android Android XR Emulator System Image SDK (referred to in the License Agreement as the "SDK" and specifically including the Android system files,, packaged APIs, library files (if and when they are made available), and Google applications and APIs add-ons) is licensed to you subject to the terms of the License Agreement. The License Agreement forms a legally binding contract between you and Google in relation to your use of the SDK.
android	Run android-actions/setup-android@v3	2026-08-06T10:30:32.1737354Z 
android	Run android-actions/setup-android@v3	2026-08-06T10:30:32.1738460Z 1.2 "Android" means the Android software stack for devices, as made available under the Android Open Source Project, which is located at the following URL: https://source.android.com/, as updated from time to time.
android	Run android-actions/setup-android@v3	2026-08-06T10:30:32.1739694Z 
android	Run android-actions/setup-android@v3	2026-08-06T10:30:32.1740743Z 1.3 "Google" means Google LLC, organized under the laws of the State of Delaware, USA, and operating under the laws of the USA with principal place of business at 1600 Amphitheatre Parkway, Mountain View, CA 94043, USA.
android	Run android-actions/setup-android@v3	2026-08-06T10:30:32.1741947Z 
android	Run android-actions/setup-android@v3	2026-08-06T10:30:32.1742114Z 2. Accepting this License Agreement
android	Run android-actions/setup-android@v3	2026-08-06T10:30:32.1742381Z 
android	Run android-actions/setup-android@v3	2026-08-06T10:30:32.1743021Z 2.1 In order to use the SDK, you must first agree to the License Agreement. You may not use the SDK if you do not accept the License Agreement.
android	Run android-actions/setup-android@v3	2026-08-06T10:30:32.1743810Z 
android	Run android-actions/setup-android@v3	2026-08-06T10:30:32.1744268Z 2.2 By clicking to accept and/or using this SDK, you hereby agree to the terms of the License Agreement.
android	Run android-actions/setup-android@v3	2026-08-06T10:30:32.1744867Z 
android	Run android-actions/setup-android@v3	2026-08-06T10:30:32.1746095Z 2.3 You may not use the SDK and may not accept the License Agreement if you are a person barred from receiving the SDK under the laws of the United States or other countries, including the country in which you are resident or from which you use the SDK.
android	Run android-actions/setup-android@v3	2026-08-06T10:30:32.1747635Z 
android	Run android-actions/setup-android@v3	2026-08-06T10:30:32.1749496Z 2.4 If you are agreeing to be bound by the License Agreement on behalf of your employer or other entity, you represent and warrant that you have full legal authority to bind your employer or such entity to the License Agreement. If you do not have the requisite authority, you may not accept the License Agreement or use the SDK on behalf of your employer or other entity.
android	Run android-actions/setup-android@v3	2026-08-06T10:30:32.1751460Z 
android	Run android-actions/setup-android@v3	2026-08-06T10:30:32.1751610Z 3. SDK License from Google
android	Run android-actions/setup-android@v3	2026-08-06T10:30:32.1751857Z 
android	Run android-actions/setup-android@v3	2026-08-06T10:30:32.1753019Z 3.1 Subject to the terms of the License Agreement, Google grants you a limited, worldwide, royalty-free, non-assignable, non-exclusive, and non-sublicensable license to use the SDK solely to develop applications for Android XR.
android	Run android-actions/setup-android@v3	2026-08-06T10:30:32.1754255Z 
android	Run android-actions/setup-android@v3	2026-08-06T10:30:32.1755349Z 3.2 You may not use this SDK to develop applications for other platforms or to develop another SDK. You are of course free to develop applications for other platforms provided that this SDK is not used for that purpose.
android	Run android-actions/setup-android@v3	2026-08-06T10:30:32.1756857Z 
android	Run android-actions/setup-android@v3	2026-08-06T10:30:32.1759328Z 3.3 You agree that Google or third parties own all legal right, title and interest in and to the SDK, including any Intellectual Property Rights that subsist in the SDK. "Intellectual Property Rights" means any and all rights under patent law, copyright law, trade secret law, trademark law, and any and all other proprietary rights. Google reserves all rights not expressly granted to you.
android	Run android-actions/setup-android@v3	2026-08-06T10:30:32.1761722Z 
android	Run android-actions/setup-android@v3	2026-08-06T10:30:32.1764631Z 3.4 You may not use the SDK for any purpose not expressly permitted by the License Agreement. Except to the extent required by applicable third party licenses, you may not (a) copy (except for backup purposes), modify, adapt, redistribute, decompile, reverse engineer, disassemble, or create derivative works of the SDK or any part of the SDK; or (b) load any part of the SDK onto a mobile handset or any other hardware device except a personal computer, combine any part of the SDK with other software, or distribute any software or device incorporating a part of the SDK.
android	Run android-actions/setup-android@v3	2026-08-06T10:30:32.1767898Z 
android	Run android-actions/setup-android@v3	2026-08-06T10:30:32.1769991Z 3.5 Use, reproduction and distribution of components of the SDK licensed under an open source software license are governed solely by the terms of that open source software license and not the License Agreement. You agree to remain a licensee in good standing in regard to such open source software licenses under all the rights granted and to refrain from any actions that may terminate, suspend, or breach such rights.
android	Run android-actions/setup-android@v3	2026-08-06T10:30:32.1772132Z 
android	Run android-actions/setup-android@v3	2026-08-06T10:30:32.1774257Z 3.6 You agree that the form and nature of the SDK that Google provides may change without prior notice to you and that future versions of the SDK may be incompatible with applications developed on previous versions of the SDK. You agree that Google may stop (permanently or temporarily) providing the SDK (or any features within the SDK) to you or to users generally at Google's sole discretion, without prior notice to you.
android	Run android-actions/setup-android@v3	2026-08-06T10:30:32.1776487Z 
android	Run android-actions/setup-android@v3	2026-08-06T10:30:32.1777433Z 3.7 Nothing in the License Agreement gives you a right to use any of Google's trade names, trademarks, service marks, logos, domain names, or other distinctive brand features.
android	Run android-actions/setup-android@v3	2026-08-06T10:30:32.1778409Z 
android	Run android-actions/setup-android@v3	2026-08-06T10:30:32.1779300Z 3.8 You agree that you will not remove, obscure, or alter any proprietary rights notices (including copyright and trademark notices) that may be affixed to or contained within the SDK.
android	Run android-actions/setup-android@v3	2026-08-06T10:30:32.1780340Z 
android	Run android-actions/setup-android@v3	2026-08-06T10:30:32.1780487Z 4. Use of the SDK by You
android	Run android-actions/setup-android@v3	2026-08-06T10:30:32.1780714Z 
android	Run android-actions/setup-android@v3	2026-08-06T10:30:32.1782039Z 4.1 Google agrees that it obtains no right, title or interest from you (or your licensors) under the License Agreement in or to any software applications that you develop using the SDK, including any intellectual property rights that subsist in those applications.
android	Run android-actions/setup-android@v3	2026-08-06T10:30:32.1783438Z 
android	Run android-actions/setup-android@v3	2026-08-06T10:30:32.1785269Z 4.2 You agree to use the SDK and write applications only for purposes that are permitted by (a) the License Agreement and (b) any applicable law, regulation or generally accepted practices or guidelines in the relevant jurisdictions (including any laws regarding the export of data or software to and from the United States or other relevant countries).
android	Run android-actions/setup-android@v3	2026-08-06T10:30:32.1787372Z 
android	Run android-actions/setup-android@v3	2026-08-06T10:30:32.1791487Z 4.3 You agree that if you use the SDK to develop applications for general public users, you will protect the privacy and legal rights of those users. If the users provide you with user names, passwords, or other login information or personal information, you must make the users aware that the information will be available to your application, and you must provide legally adequate privacy notice and protection for those users. If your application stores personal or sensitive information provided by users, it must do so securely. If the user provides your application with Google Account information, your application may only use that information to access the user's Google Account when, and for the limited purposes for which, the user has given you permission to do so.
android	Run android-actions/setup-android@v3	2026-08-06T10:30:32.1796843Z 
android	Run android-actions/setup-android@v3	2026-08-06T10:30:32.1798866Z 4.4 You agree that you will not engage in any activity with the SDK, including the development or distribution of an application, that interferes with, disrupts, damages, or accesses in an unauthorized manner the servers, networks, or other properties or services of any third party including, but not limited to, Google or any mobile communications carrier.
android	Run android-actions/setup-android@v3	2026-08-06T10:30:32.1801202Z 
android	Run android-actions/setup-android@v3	2026-08-06T10:30:32.1802968Z 4.5 You agree that you are solely responsible for (and that Google has no responsibility to you or to any third party for) any data, content, or resources that you create, transmit or display through Android and/or applications for Android, and for the consequences of your actions (including any loss or damage which Google may suffer) by doing so.
android	Run android-actions/setup-android@v3	2026-08-06T10:30:32.1804860Z 
android	Run android-actions/setup-android@v3	2026-08-06T10:30:32.1806859Z 4.6 You agree that you are solely responsible for (and that Google has no responsibility to you or to any third party for) any breach of your obligations under the License Agreement, any applicable third party contract or Terms of Service, or any applicable law or regulation, and for the consequences (including any loss or damage which Google or any third party may suffer) of any such breach.
android	Run android-actions/setup-android@v3	2026-08-06T10:30:32.1809147Z 
android	Run android-actions/setup-android@v3	2026-08-06T10:30:32.1810665Z 4.7 The SDK is in development, and your testing and feedback are an important part of the development process. By using the SDK, you acknowledge that implementation of some features are still under development and that you should not rely on the SDK having the full functionality of a stable release.
android	Run android-actions/setup-android@v3	2026-08-06T10:30:32.1812289Z 
android	Run android-actions/setup-android@v3	2026-08-06T10:30:32.1812452Z 5. Your Developer Credentials
android	Run android-actions/setup-android@v3	2026-08-06T10:30:32.1812703Z 
android	Run android-actions/setup-android@v3	2026-08-06T10:30:32.1814157Z 5.1 You agree that you are responsible for maintaining the confidentiality of any developer credentials that may be issued to you by Google or which you may choose yourself and that you will be solely responsible for all applications that are developed under your developer credentials.
android	Run android-actions/setup-android@v3	2026-08-06T10:30:32.1815699Z 
android	Run android-actions/setup-android@v3	2026-08-06T10:30:32.1815883Z 6. Privacy and Information
android	Run android-actions/setup-android@v3	2026-08-06T10:30:32.1816151Z 
android	Run android-actions/setup-android@v3	2026-08-06T10:30:32.1818758Z 6.1 In order to continually innovate and improve the SDK, Google may collect certain usage statistics from the software including but not limited to a unique identifier, associated IP address, version number of the software, and information on which tools and/or services in the SDK are being used and how they are being used. Before any of this information is collected, the SDK will notify you and seek your consent. If you withhold consent, the information will not be collected.
android	Run android-actions/setup-android@v3	2026-08-06T10:30:32.1821330Z 
android	Run android-actions/setup-android@v3	2026-08-06T10:30:32.1822274Z 6.2 The data collected is examined in the aggregate to improve the SDK and is maintained in accordance with Google's Privacy Policy, which is located at the following URL: https://policies.google.com/privacy
android	Run android-actions/setup-android@v3	2026-08-06T10:30:32.1823482Z 
android	Run android-actions/setup-android@v3	2026-08-06T10:30:32.1823937Z 6.3 Anonymized and aggregated sets of the data may be shared with Google partners to improve the SDK.
android	Run android-actions/setup-android@v3	2026-08-06T10:30:32.1824480Z 
android	Run android-actions/setup-android@v3	2026-08-06T10:30:32.1824630Z 7. Third Party Applications
android	Run android-actions/setup-android@v3	2026-08-06T10:30:32.1824840Z 
android	Run android-actions/setup-android@v3	2026-08-06T10:30:32.1827672Z 7.1 If you use the SDK to run applications developed by a third party or that access data, content or resources provided by a third party, you agree that Google is not responsible for those applications, data, content, or resources. You understand that all data, content or resources which you may access through such third party applications are the sole responsibility of the person from which they originated and that Google is not liable for any loss or damage that you may experience as a result of the use or access of any of those third party applications, data, content, or resources.
android	Run android-actions/setup-android@v3	2026-08-06T10:30:32.1829856Z 
android	Run android-actions/setup-android@v3	2026-08-06T10:30:32.1831861Z 7.2 You should be aware that the data, content, and resources presented to you through such a third party application may be protected by intellectual property rights which are owned by the providers (or by other persons or companies on their behalf). You may not modify, rent, lease, loan, sell, distribute or create derivative works based on these data, content, or resources (either in whole or in part) unless you have been specifically given permission to do so by the relevant owners.
android	Run android-actions/setup-android@v3	2026-08-06T10:30:32.1833526Z 
android	Run android-actions/setup-android@v3	2026-08-06T10:30:32.1834354Z 7.3 You acknowledge that your use of such third party applications, data, content, or resources may be subject to separate terms between you and the relevant third party. In that case, the License Agreement does not affect your legal relationship with these third parties.
android	Run android-actions/setup-android@v3	2026-08-06T10:30:32.1835212Z 
android	Run android-actions/setup-android@v3	2026-08-06T10:30:32.1835315Z 8. Using Android APIs
android	Run android-actions/setup-android@v3	2026-08-06T10:30:32.1835469Z 
android	Run android-actions/setup-android@v3	2026-08-06T10:30:32.1835566Z 8.1 Google Data APIs
android	Run android-actions/setup-android@v3	2026-08-06T10:30:32.1835698Z 
android	Run android-actions/setup-android@v3	2026-08-06T10:30:32.1837607Z 8.1.1 If you use any API to retrieve data from Google, you acknowledge that the data may be protected by intellectual property rights which are owned by Google or those parties that provide the data (or by other persons or companies on their behalf). Your use of any such API may be subject to additional Terms of Service. You may not modify, rent, lease, loan, sell, distribute or create derivative works based on this data (either in whole or in part) unless allowed by the relevant Terms of Service.
android	Run android-actions/setup-android@v3	2026-08-06T10:30:32.1839129Z 
android	Run android-actions/setup-android@v3	2026-08-06T10:30:32.1842212Z 8.1.2 If you use any API to retrieve a user's data from Google, you acknowledge and agree that you shall retrieve data only with the user's explicit consent and only when, and for the limited purposes for which, the user has given you permission to do so. If you use the Android Recognition Service API, documented at the following URL: https://developer.android.com/reference/android/speech/RecognitionService, as updated from time to time, you acknowledge that the use of the API is subject to the Data Processing Addendum for Products where Google is a Data Processor, which is located at the following URL: https://privacy.google.com/businesses/gdprprocessorterms/, as updated from time to time. By clicking to accept, you hereby agree to the terms of the Data Processing Addendum for Products where Google is a Data Processor.
android	Run android-actions/setup-android@v3	2026-08-06T10:30:32.1844776Z 
android	Run android-actions/setup-android@v3	2026-08-06T10:30:32.1844906Z 9. Terminating this License Agreement
android	Run android-actions/setup-android@v3	2026-08-06T10:30:32.1845098Z 
android	Run android-actions/setup-android@v3	2026-08-06T10:30:32.1845411Z 9.1 The License Agreement will continue to apply until terminated by either you or Google as set out below.
android	Run android-actions/setup-android@v3	2026-08-06T10:30:32.1845807Z 
android	Run android-actions/setup-android@v3	2026-08-06T10:30:32.1846177Z 9.2 If you want to terminate the License Agreement, you may do so by ceasing your use of the SDK and any relevant developer credentials.
android	Run android-actions/setup-android@v3	2026-08-06T10:30:32.1846634Z 
android	Run android-actions/setup-android@v3	2026-08-06T10:30:32.1848785Z 9.3 Google may at any time, terminate the License Agreement with you if: (A) you have breached any provision of the License Agreement; or (B) Google is required to do so by law; or (C) the partner with whom Google offered certain parts of SDK (such as APIs) to you has terminated its relationship with Google or ceased to offer certain parts of the SDK to you; or (D) Google decides to no longer provide the SDK or certain parts of the SDK to users in the country in which you are resident or from which you use the service, or the provision of the SDK or certain SDK services to you by Google is, in Google's sole discretion, no longer commercially viable.
android	Run android-actions/setup-android@v3	2026-08-06T10:30:32.1850665Z 
android	Run android-actions/setup-android@v3	2026-08-06T10:30:32.1851976Z 9.4 When the License Agreement comes to an end, all of the legal rights, obligations and liabilities that you and Google have benefited from, been subject to (or which have accrued over time whilst the License Agreement has been in force) or which are expressed to continue indefinitely, shall be unaffected by this cessation, and the provisions of paragraph 14.7 shall continue to apply to such rights, obligations and liabilities indefinitely.
android	Run android-actions/setup-android@v3	2026-08-06T10:30:32.1853567Z 
android	Run android-actions/setup-android@v3	2026-08-06T10:30:32.1853675Z 10. DISCLAIMER OF WARRANTIES
android	Run android-actions/setup-android@v3	2026-08-06T10:30:32.1853869Z 
android	Run android-actions/setup-android@v3	2026-08-06T10:30:32.1854529Z 10.1 YOU EXPRESSLY UNDERSTAND AND AGREE THAT YOUR USE OF THE SDK IS AT YOUR SOLE RISK AND THAT THE SDK IS PROVIDED "AS IS" AND "AS AVAILABLE" WITHOUT WARRANTY OF ANY KIND FROM GOOGLE.
android	Run android-actions/setup-android@v3	2026-08-06T10:30:32.1855119Z 
android	Run android-actions/setup-android@v3	2026-08-06T10:30:32.1855878Z 10.2 YOUR USE OF THE SDK AND ANY MATERIAL DOWNLOADED OR OTHERWISE OBTAINED THROUGH THE USE OF THE SDK IS AT YOUR OWN DISCRETION AND RISK AND YOU ARE SOLELY RESPONSIBLE FOR ANY DAMAGE TO YOUR COMPUTER SYSTEM OR OTHER DEVICE OR LOSS OF DATA THAT RESULTS FROM SUCH USE.
android	Run android-actions/setup-android@v3	2026-08-06T10:30:32.1856855Z 
android	Run android-actions/setup-android@v3	2026-08-06T10:30:32.1857877Z 10.3 GOOGLE FURTHER EXPRESSLY DISCLAIMS ALL WARRANTIES AND CONDITIONS OF ANY KIND, WHETHER EXPRESS OR IMPLIED, INCLUDING, BUT NOT LIMITED TO THE IMPLIED WARRANTIES AND CONDITIONS OF MERCHANTABILITY, FITNESS FOR A PARTICULAR PURPOSE AND NON-INFRINGEMENT.
android	Run android-actions/setup-android@v3	2026-08-06T10:30:32.1858720Z 
android	Run android-actions/setup-android@v3	2026-08-06T10:30:32.1858827Z 11. LIMITATION OF LIABILITY
android	Run android-actions/setup-android@v3	2026-08-06T10:30:32.1858982Z 
android	Run android-actions/setup-android@v3	2026-08-06T10:30:32.1860286Z 11.1 YOU EXPRESSLY UNDERSTAND AND AGREE THAT GOOGLE, ITS SUBSIDIARIES AND AFFILIATES, AND ITS LICENSORS SHALL NOT BE LIABLE TO YOU UNDER ANY THEORY OF LIABILITY FOR ANY DIRECT, INDIRECT, INCIDENTAL, SPECIAL, CONSEQUENTIAL OR EXEMPLARY DAMAGES THAT MAY BE INCURRED BY YOU, INCLUDING ANY LOSS OF DATA, WHETHER OR NOT GOOGLE OR ITS REPRESENTATIVES HAVE BEEN ADVISED OF OR SHOULD HAVE BEEN AWARE OF THE POSSIBILITY OF ANY SUCH LOSSES ARISING.
android	Run android-actions/setup-android@v3	2026-08-06T10:30:32.1861662Z 
android	Run android-actions/setup-android@v3	2026-08-06T10:30:32.1861751Z 12. Indemnification
android	Run android-actions/setup-android@v3	2026-08-06T10:30:32.1861900Z 
android	Run android-actions/setup-android@v3	2026-08-06T10:30:32.1864013Z 12.1 To the maximum extent permitted by law, you agree to defend, indemnify and hold harmless Google, its affiliates and their respective directors, officers, employees and agents from and against any and all claims, actions, suits or proceedings, as well as any and all losses, liabilities, damages, costs and expenses (including reasonable attorneys fees) arising out of or accruing from (a) your use of the SDK, (b) any application you develop on the SDK that infringes any copyright, trademark, trade secret, trade dress, patent or other intellectual property right of any person or defames any person or violates their rights of publicity or privacy, and (c) any non-compliance by you with the License Agreement.
android	Run android-actions/setup-android@v3	2026-08-06T10:30:32.1866157Z 
android	Run android-actions/setup-android@v3	2026-08-06T10:30:32.1866273Z 13. Changes to the License Agreement
android	Run android-actions/setup-android@v3	2026-08-06T10:30:32.1866451Z 
android	Run android-actions/setup-android@v3	2026-08-06T10:30:32.1867328Z 13.1 Google may make changes to the License Agreement as it distributes new versions of the SDK. When these changes are made, Google will make a new version of the License Agreement available on the website where the SDK is made available.
android	Run android-actions/setup-android@v3	2026-08-06T10:30:32.1868318Z 
android	Run android-actions/setup-android@v3	2026-08-06T10:30:32.1868418Z 14. General Legal Terms
android	Run android-actions/setup-android@v3	2026-08-06T10:30:32.1868570Z 
android	Run android-actions/setup-android@v3	2026-08-06T10:30:32.1869468Z 14.1 The License Agreement constitutes the whole legal agreement between you and Google and governs your use of the SDK (excluding any services which Google may provide to you under a separate written agreement), and completely replaces any prior agreements between you and Google in relation to the SDK.
android	Run android-actions/setup-android@v3	2026-08-06T10:30:32.1870435Z 
android	Run android-actions/setup-android@v3	2026-08-06T10:30:32.1871346Z 14.2 You agree that if Google does not exercise or enforce any legal right or remedy which is contained in the License Agreement (or which Google has the benefit of under any applicable law), this will not be taken to be a formal waiver of Google's rights and that those rights or remedies will still be available to Google.
android	Run android-actions/setup-android@v3	2026-08-06T10:30:32.1872332Z 
android	Run android-actions/setup-android@v3	2026-08-06T10:30:32.1873346Z 14.3 If any court of law, having the jurisdiction to decide on this matter, rules that any provision of the License Agreement is invalid, then that provision will be removed from the License Agreement without affecting the rest of the License Agreement. The remaining provisions of the License Agreement will continue to be valid and enforceable.
android	Run android-actions/setup-android@v3	2026-08-06T10:30:32.1874564Z 
android	Run android-actions/setup-android@v3	2026-08-06T10:30:32.1875866Z 14.4 You acknowledge and agree that each member of the group of companies of which Google is the parent shall be third party beneficiaries to the License Agreement and that such other companies shall be entitled to directly enforce, and rely upon, any provision of the License Agreement that confers a benefit on (or rights in favor of) them. Other than this, no other person or company shall be third party beneficiaries to the License Agreement.
android	Run android-actions/setup-android@v3	2026-08-06T10:30:32.1877498Z 
android	Run android-actions/setup-android@v3	2026-08-06T10:30:32.1878277Z 14.5 EXPORT RESTRICTIONS. THE SDK IS SUBJECT TO UNITED STATES EXPORT LAWS AND REGULATIONS. YOU MUST COMPLY WITH ALL DOMESTIC AND INTERNATIONAL EXPORT LAWS AND REGULATIONS THAT APPLY TO THE SDK. THESE LAWS INCLUDE RESTRICTIONS ON DESTINATIONS, END USERS AND END USE.
android	Run android-actions/setup-android@v3	2026-08-06T10:30:32.1879135Z 
android	Run android-actions/setup-android@v3	2026-08-06T10:30:32.1880147Z 14.6 The rights granted in the License Agreement may not be assigned or transferred by either you or Google without the prior written approval of the other party. Neither you nor Google shall be permitted to delegate their responsibilities or obligations under the License Agreement without the prior written approval of the other party.
android	Run android-actions/setup-android@v3	2026-08-06T10:30:32.1881570Z 
android	Run android-actions/setup-android@v3	2026-08-06T10:30:32.1884400Z 14.7 The License Agreement, and your relationship with Google under the License Agreement, shall be governed by the laws of the State of California without regard to its conflict of laws provisions. You and Google agree to submit to the exclusive jurisdiction of the courts located within the county of Santa Clara, California to resolve any legal matter arising from the License Agreement. Notwithstanding this, you agree that Google shall still be allowed to apply for injunctive remedies (or an equivalent type of urgent legal relief) in any jurisdiction.
android	Run android-actions/setup-android@v3	2026-08-06T10:30:32.1886392Z ---------------------------------------
android	Run android-actions/setup-android@v3	2026-08-06T10:30:32.1886669Z Accept? (y/N): 
android	Run android-actions/setup-android@v3	2026-08-06T10:30:32.1886927Z 3/6: License android-sdk-arm-dbt-license:
android	Run android-actions/setup-android@v3	2026-08-06T10:30:32.1887409Z ---------------------------------------
android	Run android-actions/setup-android@v3	2026-08-06T10:30:32.1887669Z Terms and Conditions
android	Run android-actions/setup-android@v3	2026-08-06T10:30:32.1887813Z 
android	Run android-actions/setup-android@v3	2026-08-06T10:30:32.1887977Z This is the Android Software Development Kit License Agreement
android	Run android-actions/setup-android@v3	2026-08-06T10:30:32.1888236Z 
android	Run android-actions/setup-android@v3	2026-08-06T10:30:32.1888320Z 1. Introduction
android	Run android-actions/setup-android@v3	2026-08-06T10:30:32.1888448Z 
android	Run android-actions/setup-android@v3	2026-08-06T10:30:32.1889512Z 1.1 The Android Software Development Kit (referred to in the License Agreement as the "SDK" and specifically including the Android system files, packaged APIs, and Google APIs add-ons) is licensed to you subject to the terms of the License Agreement. The License Agreement forms a legally binding contract between you and Google in relation to your use of the SDK.
android	Run android-actions/setup-android@v3	2026-08-06T10:30:32.1890654Z 
android	Run android-actions/setup-android@v3	2026-08-06T10:30:32.1891282Z 1.2 "Android" means the Android software stack for devices, as made available under the Android Open Source Project, which is located at the following URL: http://source.android.com/, as updated from time to time.
android	Run android-actions/setup-android@v3	2026-08-06T10:30:32.1891975Z 
android	Run android-actions/setup-android@v3	2026-08-06T10:30:32.1893016Z 1.3 A "compatible implementation" means any Android device that (i) complies with the Android Compatibility Definition document, which can be found at the Android compatibility website (http://source.android.com/compatibility) and which may be updated from time to time; and (ii) successfully passes the Android Compatibility Test Suite (CTS).
android	Run android-actions/setup-android@v3	2026-08-06T10:30:32.1894097Z 
android	Run android-actions/setup-android@v3	2026-08-06T10:30:32.1894557Z 1.4 "Google" means Google Inc., a Delaware corporation with principal place of business at 1600 Amphitheatre Parkway, Mountain View, CA 94043, United States.
android	Run android-actions/setup-android@v3	2026-08-06T10:30:32.1895092Z 
android	Run android-actions/setup-android@v3	2026-08-06T10:30:32.1895096Z 
android	Run android-actions/setup-android@v3	2026-08-06T10:30:32.1895202Z 2. Accepting the License Agreement
android	Run android-actions/setup-android@v3	2026-08-06T10:30:32.1895387Z 
android	Run android-actions/setup-android@v3	2026-08-06T10:30:32.1895771Z 2.1 In order to use the SDK, you must first agree to the License Agreement. You may not use the SDK if you do not accept the License Agreement.
android	Run android-actions/setup-android@v3	2026-08-06T10:30:32.1896435Z 
android	Run android-actions/setup-android@v3	2026-08-06T10:30:32.1896650Z 2.2 By clicking to accept, you hereby agree to the terms of the License Agreement.
android	Run android-actions/setup-android@v3	2026-08-06T10:30:32.1896959Z 
android	Run android-actions/setup-android@v3	2026-08-06T10:30:32.1897901Z 2.3 You may not use the SDK and may not accept the License Agreement if you are a person barred from receiving the SDK under the laws of the United States or other countries, including the country in which you are resident or from which you use the SDK.
android	Run android-actions/setup-android@v3	2026-08-06T10:30:32.1898797Z 
android	Run android-actions/setup-android@v3	2026-08-06T10:30:32.1899863Z 2.4 If you are agreeing to be bound by the License Agreement on behalf of your employer or other entity, you represent and warrant that you have full legal authority to bind your employer or such entity to the License Agreement. If you do not have the requisite authority, you may not accept the License Agreement or use the SDK on behalf of your employer or other entity.
android	Run android-actions/setup-android@v3	2026-08-06T10:30:32.1901117Z 
android	Run android-actions/setup-android@v3	2026-08-06T10:30:32.1901123Z 
android	Run android-actions/setup-android@v3	2026-08-06T10:30:32.1901233Z 3. SDK License from Google
android	Run android-actions/setup-android@v3	2026-08-06T10:30:32.1901397Z 
android	Run android-actions/setup-android@v3	2026-08-06T10:30:32.1902165Z 3.1 Subject to the terms of the License Agreement, Google grants you a limited, worldwide, royalty-free, non-assignable, non-exclusive, and non-sublicensable license to use the SDK solely to develop applications for compatible implementations of Android.
android	Run android-actions/setup-android@v3	2026-08-06T10:30:32.1902991Z 
android	Run android-actions/setup-android@v3	2026-08-06T10:30:32.1903970Z 3.2 You may not use this SDK to develop applications for other platforms (including non-compatible implementations of Android) or to develop another SDK. You are of course free to develop applications for other platforms, including non-compatible implementations of Android, provided that this SDK is not used for that purpose.
android	Run android-actions/setup-android@v3	2026-08-06T10:30:32.1905026Z 
android	Run android-actions/setup-android@v3	2026-08-06T10:30:32.1906170Z 3.3 You agree that Google or third parties own all legal right, title and interest in and to the SDK, including any Intellectual Property Rights that subsist in the SDK. "Intellectual Property Rights" means any and all rights under patent law, copyright law, trade secret law, trademark law, and any and all other proprietary rights. Google reserves all rights not expressly granted to you.
android	Run android-actions/setup-android@v3	2026-08-06T10:30:32.1907622Z 
android	Run android-actions/setup-android@v3	2026-08-06T10:30:32.1908649Z 3.4 You may not use the SDK for any purpose not expressly permitted by the License Agreement. Except to the extent required by applicable third party licenses, you may not copy (except for backup purposes), modify, adapt, redistribute, decompile, reverse engineer, disassemble, or create derivative works of the SDK or any part of the SDK.
android	Run android-actions/setup-android@v3	2026-08-06T10:30:32.1909722Z 
android	Run android-actions/setup-android@v3	2026-08-06T10:30:32.1910337Z 3.5 Use, reproduction and distribution of components of the SDK licensed under an open source software license are governed solely by the terms of that open source software license and not the License Agreement.
android	Run android-actions/setup-android@v3	2026-08-06T10:30:32.1911033Z 
android	Run android-actions/setup-android@v3	2026-08-06T10:30:32.1912255Z 3.6 You agree that the form and nature of the SDK that Google provides may change without prior notice to you and that future versions of the SDK may be incompatible with applications developed on previous versions of the SDK. You agree that Google may stop (permanently or temporarily) providing the SDK (or any features within the SDK) to you or to users generally at Google's sole discretion, without prior notice to you.
android	Run android-actions/setup-android@v3	2026-08-06T10:30:32.1913537Z 
android	Run android-actions/setup-android@v3	2026-08-06T10:30:32.1914043Z 3.7 Nothing in the License Agreement gives you a right to use any of Google's trade names, trademarks, service marks, logos, domain names, or other distinctive brand features.
android	Run android-actions/setup-android@v3	2026-08-06T10:30:32.1914611Z 
android	Run android-actions/setup-android@v3	2026-08-06T10:30:32.1915147Z 3.8 You agree that you will not remove, obscure, or alter any proprietary rights notices (including copyright and trademark notices) that may be affixed to or contained within the SDK.
android	Run android-actions/setup-android@v3	2026-08-06T10:30:32.1915750Z 
android	Run android-actions/setup-android@v3	2026-08-06T10:30:32.1915755Z 
android	Run android-actions/setup-android@v3	2026-08-06T10:30:32.1915855Z 4. Use of the SDK by You
android	Run android-actions/setup-android@v3	2026-08-06T10:30:32.1916002Z 
android	Run android-actions/setup-android@v3	2026-08-06T10:30:32.1916787Z 4.1 Google agrees that it obtains no right, title or interest from you (or your licensors) under the License Agreement in or to any software applications that you develop using the SDK, including any intellectual property rights that subsist in those applications.
android	Run android-actions/setup-android@v3	2026-08-06T10:30:32.1918089Z 
android	Run android-actions/setup-android@v3	2026-08-06T10:30:32.1919135Z 4.2 You agree to use the SDK and write applications only for purposes that are permitted by (a) the License Agreement and (b) any applicable law, regulation or generally accepted practices or guidelines in the relevant jurisdictions (including any laws regarding the export of data or software to and from the United States or other relevant countries).
android	Run android-actions/setup-android@v3	2026-08-06T10:30:32.1920249Z 
android	Run android-actions/setup-android@v3	2026-08-06T10:30:32.1922724Z 4.3 You agree that if you use the SDK to develop applications for general public users, you will protect the privacy and legal rights of those users. If the users provide you with user names, passwords, or other login information or personal information, you must make the users aware that the information will be available to your application, and you must provide legally adequate privacy notice and protection for those users. If your application stores personal or sensitive information provided by users, it must do so securely. If the user provides your application with Google Account information, your application may only use that information to access the user's Google Account when, and for the limited purposes for which, the user has given you permission to do so.
android	Run android-actions/setup-android@v3	2026-08-06T10:30:32.1925091Z 
android	Run android-actions/setup-android@v3	2026-08-06T10:30:32.1926143Z 4.4 You agree that you will not engage in any activity with the SDK, including the development or distribution of an application, that interferes with, disrupts, damages, or accesses in an unauthorized manner the servers, networks, or other properties or services of any third party including, but not limited to, Google or any mobile communications carrier.
android	Run android-actions/setup-android@v3	2026-08-06T10:30:32.1927488Z 
android	Run android-actions/setup-android@v3	2026-08-06T10:30:32.1928502Z 4.5 You agree that you are solely responsible for (and that Google has no responsibility to you or to any third party for) any data, content, or resources that you create, transmit or display through Android and/or applications for Android, and for the consequences of your actions (including any loss or damage which Google may suffer) by doing so.
android	Run android-actions/setup-android@v3	2026-08-06T10:30:32.1929600Z 
android	Run android-actions/setup-android@v3	2026-08-06T10:30:32.1930747Z 4.6 You agree that you are solely responsible for (and that Google has no responsibility to you or to any third party for) any breach of your obligations under the License Agreement, any applicable third party contract or Terms of Service, or any applicable law or regulation, and for the consequences (including any loss or damage which Google or any third party may suffer) of any such breach.
android	Run android-actions/setup-android@v3	2026-08-06T10:30:32.1931954Z 
android	Run android-actions/setup-android@v3	2026-08-06T10:30:32.1933564Z 4.7 This software enables the execution of intellectual property owned by Arm Limited. You agree that your use of the software, that allows execution of ARM Instruction Set Architecture (“ISA”) compliant executables for application development and debug only on x86 desktop, laptop, customer on-premise servers, and customer-procured cloud-based environments.
android	Run android-actions/setup-android@v3	2026-08-06T10:30:32.1934769Z 
android	Run android-actions/setup-android@v3	2026-08-06T10:30:32.1934872Z 5. Your Developer Credentials
android	Run android-actions/setup-android@v3	2026-08-06T10:30:32.1935047Z 
android	Run android-actions/setup-android@v3	2026-08-06T10:30:32.1935879Z 5.1 You agree that you are responsible for maintaining the confidentiality of any developer credentials that may be issued to you by Google or which you may choose yourself and that you will be solely responsible for all applications that are developed under your developer credentials.
android	Run android-actions/setup-android@v3	2026-08-06T10:30:32.1936797Z 
android	Run android-actions/setup-android@v3	2026-08-06T10:30:32.1936907Z 6. Privacy and Information
android	Run android-actions/setup-android@v3	2026-08-06T10:30:32.1937161Z 
android	Run android-actions/setup-android@v3	2026-08-06T10:30:32.1938736Z 6.1 In order to continually innovate and improve the SDK, Google may collect certain usage statistics from the software including but not limited to a unique identifier, associated IP address, version number of the software, and information on which tools and/or services in the SDK are being used and how they are being used. Before any of this information is collected, the SDK will notify you and seek your consent. If you withhold consent, the information will not be collected.
android	Run android-actions/setup-android@v3	2026-08-06T10:30:32.1941171Z 
android	Run android-actions/setup-android@v3	2026-08-06T10:30:32.1941567Z 6.2 The data collected is examined in the aggregate to improve the SDK and is maintained in accordance with Google's Privacy Policy.
android	Run android-actions/setup-android@v3	2026-08-06T10:30:32.1942030Z 
android	Run android-actions/setup-android@v3	2026-08-06T10:30:32.1942035Z 
android	Run android-actions/setup-android@v3	2026-08-06T10:30:32.1942139Z 7. Third Party Applications
android	Run android-actions/setup-android@v3	2026-08-06T10:30:32.1942309Z 
android	Run android-actions/setup-android@v3	2026-08-06T10:30:32.1944044Z 7.1 If you use the SDK to run applications developed by a third party or that access data, content or resources provided by a third party, you agree that Google is not responsible for those applications, data, content, or resources. You understand that all data, content or resources which you may access through such third party applications are the sole responsibility of the person from which they originated and that Google is not liable for any loss or damage that you may experience as a result of the use or access of any of those third party applications, data, content, or resources.
android	Run android-actions/setup-android@v3	2026-08-06T10:30:32.1946007Z 
android	Run android-actions/setup-android@v3	2026-08-06T10:30:32.1947629Z 7.2 You should be aware the data, content, and resources presented to you through such a third party application may be protected by intellectual property rights which are owned by the providers (or by other persons or companies on their behalf). You may not modify, rent, lease, loan, sell, distribute or create derivative works based on these data, content, or resources (either in whole or in part) unless you have been specifically given permission to do so by the relevant owners.
android	Run android-actions/setup-android@v3	2026-08-06T10:30:32.1949097Z 
android	Run android-actions/setup-android@v3	2026-08-06T10:30:32.1949888Z 7.3 You acknowledge that your use of such third party applications, data, content, or resources may be subject to separate terms between you and the relevant third party. In that case, the License Agreement does not affect your legal relationship with these third parties.
android	Run android-actions/setup-android@v3	2026-08-06T10:30:32.1950776Z 
android	Run android-actions/setup-android@v3	2026-08-06T10:30:32.1950781Z 
android	Run android-actions/setup-android@v3	2026-08-06T10:30:32.1950872Z 8. Using Android APIs
android	Run android-actions/setup-android@v3	2026-08-06T10:30:32.1951021Z 
android	Run android-actions/setup-android@v3	2026-08-06T10:30:32.1951106Z 8.1 Google Data APIs
android	Run android-actions/setup-android@v3	2026-08-06T10:30:32.1951252Z 
android	Run android-actions/setup-android@v3	2026-08-06T10:30:32.1952732Z 8.1.1 If you use any API to retrieve data from Google, you acknowledge that the data may be protected by intellectual property rights which are owned by Google or those parties that provide the data (or by other persons or companies on their behalf). Your use of any such API may be subject to additional Terms of Service. You may not modify, rent, lease, loan, sell, distribute or create derivative works based on this data (either in whole or in part) unless allowed by the relevant Terms of Service.
android	Run android-actions/setup-android@v3	2026-08-06T10:30:32.1954220Z 
android	Run android-actions/setup-android@v3	2026-08-06T10:30:32.1956759Z 8.1.2 If you use any API to retrieve a user's data from Google, you acknowledge and agree that you shall retrieve data only with the user's explicit consent and only when, and for the limited purposes for which, the user has given you permission to do so. If you use the Android Recognition Service API, documented at the following URL: https://developer.android.com/reference/android/speech/RecognitionService, as updated from time to time, you acknowledge that the use of the API is subject to the Data Processing Addendum for Products where Google is a Data Processor, which is located at the following URL: https://privacy.google.com/businesses/gdprprocessorterms/, as updated from time to time. By clicking to accept, you hereby agree to the terms of the Data Processing Addendum for Products where Google is a Data Processor.
android	Run android-actions/setup-android@v3	2026-08-06T10:30:32.1959674Z 
android	Run android-actions/setup-android@v3	2026-08-06T10:30:32.1959684Z 
android	Run android-actions/setup-android@v3	2026-08-06T10:30:32.1959798Z 9. Terminating the License Agreement
android	Run android-actions/setup-android@v3	2026-08-06T10:30:32.1959999Z 
android	Run android-actions/setup-android@v3	2026-08-06T10:30:32.1960306Z 9.1 The License Agreement will continue to apply until terminated by either you or Google as set out below.
android	Run android-actions/setup-android@v3	2026-08-06T10:30:32.1960705Z 
android	Run android-actions/setup-android@v3	2026-08-06T10:30:32.1961073Z 9.2 If you want to terminate the License Agreement, you may do so by ceasing your use of the SDK and any relevant developer credentials.
android	Run android-actions/setup-android@v3	2026-08-06T10:30:32.1961559Z 
android	Run android-actions/setup-android@v3	2026-08-06T10:30:32.1963407Z 9.3 Google may at any time, terminate the License Agreement with you if: (A) you have breached any provision of the License Agreement; or (B) Google is required to do so by law; or (C) the partner with whom Google offered certain parts of SDK (such as APIs) to you has terminated its relationship with Google or ceased to offer certain parts of the SDK to you; or (D) Google decides to no longer provide the SDK or certain parts of the SDK to users in the country in which you are resident or from which you use the service, or the provision of the SDK or certain SDK services to you by Google is, in Google's sole discretion, no longer commercially viable.
android	Run android-actions/setup-android@v3	2026-08-06T10:30:32.1965598Z 
android	Run android-actions/setup-android@v3	2026-08-06T10:30:32.1966914Z 9.4 When the License Agreement comes to an end, all of the legal rights, obligations and liabilities that you and Google have benefited from, been subject to (or which have accrued over time whilst the License Agreement has been in force) or which are expressed to continue indefinitely, shall be unaffected by this cessation, and the provisions of paragraph 14.7 shall continue to apply to such rights, obligations and liabilities indefinitely.
android	Run android-actions/setup-android@v3	2026-08-06T10:30:32.1968530Z 
android	Run android-actions/setup-android@v3	2026-08-06T10:30:32.1968538Z 
android	Run android-actions/setup-android@v3	2026-08-06T10:30:32.1968685Z 10. DISCLAIMER OF WARRANTIES
android	Run android-actions/setup-android@v3	2026-08-06T10:30:32.1968938Z 
android	Run android-actions/setup-android@v3	2026-08-06T10:30:32.1969740Z 10.1 YOU EXPRESSLY UNDERSTAND AND AGREE THAT YOUR USE OF THE SDK IS AT YOUR SOLE RISK AND THAT THE SDK IS PROVIDED "AS IS" AND "AS AVAILABLE" WITHOUT WARRANTY OF ANY KIND FROM GOOGLE.
android	Run android-actions/setup-android@v3	2026-08-06T10:30:32.1970694Z 
android	Run android-actions/setup-android@v3	2026-08-06T10:30:32.1971952Z 10.2 YOUR USE OF THE SDK AND ANY MATERIAL DOWNLOADED OR OTHERWISE OBTAINED THROUGH THE USE OF THE SDK IS AT YOUR OWN DISCRETION AND RISK AND YOU ARE SOLELY RESPONSIBLE FOR ANY DAMAGE TO YOUR COMPUTER SYSTEM OR OTHER DEVICE OR LOSS OF DATA THAT RESULTS FROM SUCH USE.
android	Run android-actions/setup-android@v3	2026-08-06T10:30:32.1973498Z 
android	Run android-actions/setup-android@v3	2026-08-06T10:30:32.1974753Z 10.3 GOOGLE FURTHER EXPRESSLY DISCLAIMS ALL WARRANTIES AND CONDITIONS OF ANY KIND, WHETHER EXPRESS OR IMPLIED, INCLUDING, BUT NOT LIMITED TO THE IMPLIED WARRANTIES AND CONDITIONS OF MERCHANTABILITY, FITNESS FOR A PARTICULAR PURPOSE AND NON-INFRINGEMENT.
android	Run android-actions/setup-android@v3	2026-08-06T10:30:32.1976131Z 
android	Run android-actions/setup-android@v3	2026-08-06T10:30:32.1976139Z 
android	Run android-actions/setup-android@v3	2026-08-06T10:30:32.1976296Z 11. LIMITATION OF LIABILITY
android	Run android-actions/setup-android@v3	2026-08-06T10:30:32.1976533Z 
android	Run android-actions/setup-android@v3	2026-08-06T10:30:32.1978920Z 11.1 YOU EXPRESSLY UNDERSTAND AND AGREE THAT GOOGLE, ITS SUBSIDIARIES AND AFFILIATES, AND ITS LICENSORS SHALL NOT BE LIABLE TO YOU UNDER ANY THEORY OF LIABILITY FOR ANY DIRECT, INDIRECT, INCIDENTAL, SPECIAL, CONSEQUENTIAL OR EXEMPLARY DAMAGES THAT MAY BE INCURRED BY YOU, INCLUDING ANY LOSS OF DATA, WHETHER OR NOT GOOGLE OR ITS REPRESENTATIVES HAVE BEEN ADVISED OF OR SHOULD HAVE BEEN AWARE OF THE POSSIBILITY OF ANY SUCH LOSSES ARISING.
android	Run android-actions/setup-android@v3	2026-08-06T10:30:32.1981360Z 
android	Run android-actions/setup-android@v3	2026-08-06T10:30:32.1981368Z 
android	Run android-actions/setup-android@v3	2026-08-06T10:30:32.1981504Z 12. Indemnification
android	Run android-actions/setup-android@v3	2026-08-06T10:30:32.1981712Z 
android	Run android-actions/setup-android@v3	2026-08-06T10:30:32.1985311Z 12.1 To the maximum extent permitted by law, you agree to defend, indemnify and hold harmless Google, its affiliates and their respective directors, officers, employees and agents from and against any and all claims, actions, suits or proceedings, as well as any and all losses, liabilities, damages, costs and expenses (including reasonable attorneys fees) arising out of or accruing from (a) your use of the SDK, (b) any application you develop on the SDK that infringes any copyright, trademark, trade secret, trade dress, patent or other intellectual property right of any person or defames any person or violates their rights of publicity or privacy, and (c) any non-compliance by you with the License Agreement.
android	Run android-actions/setup-android@v3	2026-08-06T10:30:32.1989281Z 
android	Run android-actions/setup-android@v3	2026-08-06T10:30:32.1989294Z 
android	Run android-actions/setup-android@v3	2026-08-06T10:30:32.1989490Z 13. Changes to the License Agreement
android	Run android-actions/setup-android@v3	2026-08-06T10:30:32.1989787Z 
android	Run android-actions/setup-android@v3	2026-08-06T10:30:32.1990650Z 13.1 Google may make changes to the License Agreement as it distributes new versions of the SDK. When these changes are made, Google will make a new version of the License Agreement available on the website where the SDK is made available.
android	Run android-actions/setup-android@v3	2026-08-06T10:30:32.1991431Z 
android	Run android-actions/setup-android@v3	2026-08-06T10:30:32.1991697Z 
android	Run android-actions/setup-android@v3	2026-08-06T10:30:32.1991795Z 14. General Legal Terms
android	Run android-actions/setup-android@v3	2026-08-06T10:30:32.1991951Z 
android	Run android-actions/setup-android@v3	2026-08-06T10:30:32.1992854Z 14.1 The License Agreement constitutes the whole legal agreement between you and Google and governs your use of the SDK (excluding any services which Google may provide to you under a separate written agreement), and completely replaces any prior agreements between you and Google in relation to the SDK.
android	Run android-actions/setup-android@v3	2026-08-06T10:30:32.1993834Z 
android	Run android-actions/setup-android@v3	2026-08-06T10:30:32.1994754Z 14.2 You agree that if Google does not exercise or enforce any legal right or remedy which is contained in the License Agreement (or which Google has the benefit of under any applicable law), this will not be taken to be a formal waiver of Google's rights and that those rights or remedies will still be available to Google.
android	Run android-actions/setup-android@v3	2026-08-06T10:30:32.1995944Z 
android	Run android-actions/setup-android@v3	2026-08-06T10:30:32.1996959Z 14.3 If any court of law, having the jurisdiction to decide on this matter, rules that any provision of the License Agreement is invalid, then that provision will be removed from the License Agreement without affecting the rest of the License Agreement. The remaining provisions of the License Agreement will continue to be valid and enforceable.
android	Run android-actions/setup-android@v3	2026-08-06T10:30:32.1998289Z 
android	Run android-actions/setup-android@v3	2026-08-06T10:30:32.1999619Z 14.4 You acknowledge and agree that each member of the group of companies of which Google is the parent shall be third party beneficiaries to the License Agreement and that such other companies shall be entitled to directly enforce, and rely upon, any provision of the License Agreement that confers a benefit on (or rights in favor of) them. Other than this, no other person or company shall be third party beneficiaries to the License Agreement.
android	Run android-actions/setup-android@v3	2026-08-06T10:30:32.2000985Z 
android	Run android-actions/setup-android@v3	2026-08-06T10:30:32.2001766Z 14.5 EXPORT RESTRICTIONS. THE SDK IS SUBJECT TO UNITED STATES EXPORT LAWS AND REGULATIONS. YOU MUST COMPLY WITH ALL DOMESTIC AND INTERNATIONAL EXPORT LAWS AND REGULATIONS THAT APPLY TO THE SDK. THESE LAWS INCLUDE RESTRICTIONS ON DESTINATIONS, END USERS AND END USE.
android	Run android-actions/setup-android@v3	2026-08-06T10:30:32.2002625Z 
android	Run android-actions/setup-android@v3	2026-08-06T10:30:32.2003640Z 14.6 The rights granted in the License Agreement may not be assigned or transferred by either you or Google without the prior written approval of the other party. Neither you nor Google shall be permitted to delegate their responsibilities or obligations under the License Agreement without the prior written approval of the other party.
android	Run android-actions/setup-android@v3	2026-08-06T10:30:32.2004707Z 
android	Run android-actions/setup-android@v3	2026-08-06T10:30:32.2006401Z 14.7 The License Agreement, and your relationship with Google under the License Agreement, shall be governed by the laws of the State of California without regard to its conflict of laws provisions. You and Google agree to submit to the exclusive jurisdiction of the courts located within the county of Santa Clara, California to resolve any legal matter arising from the License Agreement. Notwithstanding this, you agree that Google shall still be allowed to apply for injunctive remedies (or an equivalent type of urgent legal relief) in any jurisdiction.
android	Run android-actions/setup-android@v3	2026-08-06T10:30:32.2008322Z 
android	Run android-actions/setup-android@v3	2026-08-06T10:30:32.2008328Z 
android	Run android-actions/setup-android@v3	2026-08-06T10:30:32.2008421Z January 16, 2019
android	Run android-actions/setup-android@v3	2026-08-06T10:30:32.2008666Z ---------------------------------------
android	Run android-actions/setup-android@v3	2026-08-06T10:30:32.2008944Z Accept? (y/N): 
android	Run android-actions/setup-android@v3	2026-08-06T10:30:32.2009191Z 4/6: License android-sdk-preview-license:
android	Run android-actions/setup-android@v3	2026-08-06T10:30:32.2009487Z ---------------------------------------
android	Run android-actions/setup-android@v3	2026-08-06T10:30:32.2010791Z To get started with the Android SDK Preview, you must agree to the following terms and conditions. As described below, please note that this is a preview version of the Android SDK, subject to change, that you use at your own risk. The Android SDK Preview is not a stable release, and may contain errors and defects that can result in serious damage to your computer systems, devices and data.
android	Run android-actions/setup-android@v3	2026-08-06T10:30:32.2011987Z 
android	Run android-actions/setup-android@v3	2026-08-06T10:30:32.2012200Z This is the Android SDK Preview License Agreement (the "License Agreement").
android	Run android-actions/setup-android@v3	2026-08-06T10:30:32.2012494Z 
android	Run android-actions/setup-android@v3	2026-08-06T10:30:32.2012587Z 1. Introduction
android	Run android-actions/setup-android@v3	2026-08-06T10:30:32.2012850Z 
android	Run android-actions/setup-android@v3	2026-08-06T10:30:32.2014494Z 1.1 The Android SDK Preview (referred to in the License Agreement as the “Preview” and specifically including the Android system files, packaged APIs, and Preview library files, if and when they are made available) is licensed to you subject to the terms of the License Agreement. The License Agreement forms a legally binding contract between you and Google in relation to your use of the Preview.
android	Run android-actions/setup-android@v3	2026-08-06T10:30:32.2015760Z 
android	Run android-actions/setup-android@v3	2026-08-06T10:30:32.2016398Z 1.2 "Android" means the Android software stack for devices, as made available under the Android Open Source Project, which is located at the following URL: http://source.android.com/, as updated from time to time.
android	Run android-actions/setup-android@v3	2026-08-06T10:30:32.2017432Z 
android	Run android-actions/setup-android@v3	2026-08-06T10:30:32.2017892Z 1.3 "Google" means Google Inc., a Delaware corporation with principal place of business at 1600 Amphitheatre Parkway, Mountain View, CA 94043, United States.
android	Run android-actions/setup-android@v3	2026-08-06T10:30:32.2018505Z 
android	Run android-actions/setup-android@v3	2026-08-06T10:30:32.2018678Z 2. Accepting the License Agreement
android	Run android-actions/setup-android@v3	2026-08-06T10:30:32.2018961Z 
android	Run android-actions/setup-android@v3	2026-08-06T10:30:32.2019591Z 2.1 In order to use the Preview, you must first agree to the License Agreement. You may not use the Preview if you do not accept the License Agreement.
android	Run android-actions/setup-android@v3	2026-08-06T10:30:32.2020158Z 
android	Run android-actions/setup-android@v3	2026-08-06T10:30:32.2020956Z 2.2 By clicking to accept and/or using the Preview, you hereby agree to the terms of the License Agreement.
android	Run android-actions/setup-android@v3	2026-08-06T10:30:32.2021592Z 
android	Run android-actions/setup-android@v3	2026-08-06T10:30:32.2027586Z 2.3 You may not use the Preview and may not accept the License Agreement if you are a person barred from receiving the Preview under the laws of the United States or other countries including the country in which you are resident or from which you use the Preview.
android	Run android-actions/setup-android@v3	2026-08-06T10:30:32.2028514Z 
android	Run android-actions/setup-android@v3	2026-08-06T10:30:32.2029836Z 2.4 If you will use the Preview internally within your company or organization you agree to be bound by the License Agreement on behalf of your employer or other entity, and you represent and warrant that you have full legal authority to bind your employer or such entity to the License Agreement. If you do not have the requisite authority, you may not accept the License Agreement or use the Preview on behalf of your employer or other entity.
android	Run android-actions/setup-android@v3	2026-08-06T10:30:32.2031197Z 
android	Run android-actions/setup-android@v3	2026-08-06T10:30:32.2031302Z 3. Preview License from Google
android	Run android-actions/setup-android@v3	2026-08-06T10:30:32.2031482Z 
android	Run android-actions/setup-android@v3	2026-08-06T10:30:32.2032420Z 3.1 Subject to the terms of the License Agreement, Google grants you a royalty-free, non-assignable, non-exclusive, non-sublicensable, limited, revocable license to use the Preview, personally or internally within your company or organization, solely to develop applications to run on the Android platform.
android	Run android-actions/setup-android@v3	2026-08-06T10:30:32.2033418Z 
android	Run android-actions/setup-android@v3	2026-08-06T10:30:32.2034598Z 3.2 You agree that Google or third parties owns all legal right, title and interest in and to the Preview, including any Intellectual Property Rights that subsist in the Preview. "Intellectual Property Rights" means any and all rights under patent law, copyright law, trade secret law, trademark law, and any and all other proprietary rights. Google reserves all rights not expressly granted to you.
android	Run android-actions/setup-android@v3	2026-08-06T10:30:32.2035842Z 
android	Run android-actions/setup-android@v3	2026-08-06T10:30:32.2038210Z 3.3 You may not use the Preview for any purpose not expressly permitted by the License Agreement. Except to the extent required by applicable third party licenses, you may not: (a) copy (except for backup purposes), modify, adapt, redistribute, decompile, reverse engineer, disassemble, or create derivative works of the Preview or any part of the Preview; or (b) load any part of the Preview onto a mobile handset or any other hardware device except a personal computer, combine any part of the Preview with other software, or distribute any software or device incorporating a part of the Preview.
android	Run android-actions/setup-android@v3	2026-08-06T10:30:32.2041356Z 
android	Run android-actions/setup-android@v3	2026-08-06T10:30:32.2042635Z 3.4 You agree that you will not take any actions that may cause or result in the fragmentation of Android, including but not limited to distributing, participating in the creation of, or promoting in any way a software development kit derived from the Preview.
android	Run android-actions/setup-android@v3	2026-08-06T10:30:32.2044479Z 
android	Run android-actions/setup-android@v3	2026-08-06T10:30:32.2046730Z 3.5 Use, reproduction and distribution of components of the Preview licensed under an open source software license are governed solely by the terms of that open source software license and not the License Agreement. You agree to remain a licensee in good standing in regard to such open source software licenses under all the rights granted and to refrain from any actions that may terminate, suspend, or breach such rights.
android	Run android-actions/setup-android@v3	2026-08-06T10:30:32.2049215Z 
android	Run android-actions/setup-android@v3	2026-08-06T10:30:32.2051760Z 3.6 You agree that the form and nature of the Preview that Google provides may change without prior notice to you and that future versions of the Preview may be incompatible with applications developed on previous versions of the Preview. You agree that Google may stop (permanently or temporarily) providing the Preview (or any features within the Preview) to you or to users generally at Google's sole discretion, without prior notice to you.
android	Run android-actions/setup-android@v3	2026-08-06T10:30:32.2054236Z 
android	Run android-actions/setup-android@v3	2026-08-06T10:30:32.2055071Z 3.7 Nothing in the License Agreement gives you a right to use any of Google's trade names, trademarks, service marks, logos, domain names, or other distinctive brand features.
android	Run android-actions/setup-android@v3	2026-08-06T10:30:32.2056053Z 
android	Run android-actions/setup-android@v3	2026-08-06T10:30:32.2056986Z 3.8 You agree that you will not remove, obscure, or alter any proprietary rights notices (including copyright and trademark notices) that may be affixed to or contained within the Preview.
android	Run android-actions/setup-android@v3	2026-08-06T10:30:32.2058249Z 
android	Run android-actions/setup-android@v3	2026-08-06T10:30:32.2058433Z 4. Use of the Preview by You
android	Run android-actions/setup-android@v3	2026-08-06T10:30:32.2058723Z 
android	Run android-actions/setup-android@v3	2026-08-06T10:30:32.2060386Z 4.1 Google agrees that nothing in the License Agreement gives Google any right, title or interest from you (or your licensors) under the License Agreement in or to any software applications that you develop using the Preview, including any intellectual property rights that subsist in those applications.
android	Run android-actions/setup-android@v3	2026-08-06T10:30:32.2062306Z 
android	Run android-actions/setup-android@v3	2026-08-06T10:30:32.2064200Z 4.2 You agree to use the Preview and write applications only for purposes that are permitted by (a) the License Agreement, and (b) any applicable law, regulation or generally accepted practices or guidelines in the relevant jurisdictions (including any laws regarding the export of data or software to and from the United States or other relevant countries).
android	Run android-actions/setup-android@v3	2026-08-06T10:30:32.2066211Z 
android	Run android-actions/setup-android@v3	2026-08-06T10:30:32.2070285Z 4.3 You agree that if you use the Preview to develop applications, you will protect the privacy and legal rights of users. If users provide you with user names, passwords, or other login information or personal information, you must make the users aware that the information will be available to your application, and you must provide legally adequate privacy notice and protection for those users. If your application stores personal or sensitive information provided by users, it must do so securely. If users provide you with Google Account information, your application may only use that information to access the user's Google Account when, and for the limited purposes for which, each user has given you permission to do so.
android	Run android-actions/setup-android@v3	2026-08-06T10:30:32.2074325Z 
android	Run android-actions/setup-android@v3	2026-08-06T10:30:32.2075876Z 4.4 You agree that you will not engage in any activity with the Preview, including the development or distribution of an application, that interferes with, disrupts, damages, or accesses in an unauthorized manner the servers, networks, or other properties or services of Google or any third party.
android	Run android-actions/setup-android@v3	2026-08-06T10:30:32.2077710Z 
android	Run android-actions/setup-android@v3	2026-08-06T10:30:32.2079499Z 4.5 You agree that you are solely responsible for (and that Google has no responsibility to you or to any third party for) any data, content, or resources that you create, transmit or display through Android and/or applications for Android, and for the consequences of your actions (including any loss or damage which Google may suffer) by doing so.
android	Run android-actions/setup-android@v3	2026-08-06T10:30:32.2081430Z 
android	Run android-actions/setup-android@v3	2026-08-06T10:30:32.2083468Z 4.6 You agree that you are solely responsible for (and that Google has no responsibility to you or to any third party for) any breach of your obligations under the License Agreement, any applicable third party contract or Terms of Service, or any applicable law or regulation, and for the consequences (including any loss or damage which Google or any third party may suffer) of any such breach.
android	Run android-actions/setup-android@v3	2026-08-06T10:30:32.2085854Z 
android	Run android-actions/setup-android@v3	2026-08-06T10:30:32.2088564Z 4.7 The Preview is in development, and your testing and feedback are an important part of the development process. By using the Preview, you acknowledge that implementation of some features are still under development and that you should not rely on the Preview having the full functionality of a stable release. You agree not to publicly distribute or ship any application using this Preview as this Preview will no longer be supported after the official Android SDK is released.
android	Run android-actions/setup-android@v3	2026-08-06T10:30:32.2091408Z 
android	Run android-actions/setup-android@v3	2026-08-06T10:30:32.2091567Z 5. Your Developer Credentials
android	Run android-actions/setup-android@v3	2026-08-06T10:30:32.2091832Z 
android	Run android-actions/setup-android@v3	2026-08-06T10:30:32.2093462Z 5.1 You agree that you are responsible for maintaining the confidentiality of any developer credentials that may be issued to you by Google or which you may choose yourself and that you will be solely responsible for all applications that are developed under your developer credentials.
android	Run android-actions/setup-android@v3	2026-08-06T10:30:32.2095138Z 
android	Run android-actions/setup-android@v3	2026-08-06T10:30:32.2095298Z 6. Privacy and Information
android	Run android-actions/setup-android@v3	2026-08-06T10:30:32.2095569Z 
android	Run android-actions/setup-android@v3	2026-08-06T10:30:32.2098166Z 6.1 In order to continually innovate and improve the Preview, Google may collect certain usage statistics from the software including but not limited to a unique identifier, associated IP address, version number of the software, and information on which tools and/or services in the Preview are being used and how they are being used. Before any of this information is collected, the Preview will notify you and seek your consent. If you withhold consent, the information will not be collected.
android	Run android-actions/setup-android@v3	2026-08-06T10:30:32.2100873Z 
android	Run android-actions/setup-android@v3	2026-08-06T10:30:32.2101869Z 6.2 The data collected is examined in the aggregate to improve the Preview and is maintained in accordance with Google's Privacy Policy located at http://www.google.com/policies/privacy/.
android	Run android-actions/setup-android@v3	2026-08-06T10:30:32.2102958Z 
android	Run android-actions/setup-android@v3	2026-08-06T10:30:32.2103124Z 7. Third Party Applications
android	Run android-actions/setup-android@v3	2026-08-06T10:30:32.2103369Z 
android	Run android-actions/setup-android@v3	2026-08-06T10:30:32.2106437Z 7.1 If you use the Preview to run applications developed by a third party or that access data, content or resources provided by a third party, you agree that Google is not responsible for those applications, data, content, or resources. You understand that all data, content or resources which you may access through such third party applications are the sole responsibility of the person from which they originated and that Google is not liable for any loss or damage that you may experience as a result of the use or access of any of those third party applications, data, content, or resources.
android	Run android-actions/setup-android@v3	2026-08-06T10:30:32.2109997Z 
android	Run android-actions/setup-android@v3	2026-08-06T10:30:32.2112540Z 7.2 You should be aware the data, content, and resources presented to you through such a third party application may be protected by intellectual property rights which are owned by the providers (or by other persons or companies on their behalf). You may not modify, rent, lease, loan, sell, distribute or create derivative works based on these data, content, or resources (either in whole or in part) unless you have been specifically given permission to do so by the relevant owners.
android	Run android-actions/setup-android@v3	2026-08-06T10:30:32.2115188Z 
android	Run android-actions/setup-android@v3	2026-08-06T10:30:32.2116025Z 7.3 You acknowledge that your use of such third party applications, data, content, or resources may be subject to separate terms between you and the relevant third party.
android	Run android-actions/setup-android@v3	2026-08-06T10:30:32.2117009Z 
android	Run android-actions/setup-android@v3	2026-08-06T10:30:32.2117282Z 8. Using Google APIs
android	Run android-actions/setup-android@v3	2026-08-06T10:30:32.2117504Z 
android	Run android-actions/setup-android@v3	2026-08-06T10:30:32.2117632Z 8.1 Google APIs
android	Run android-actions/setup-android@v3	2026-08-06T10:30:32.2117824Z 
android	Run android-actions/setup-android@v3	2026-08-06T10:30:32.2120364Z 8.1.1 If you use any API to retrieve data from Google, you acknowledge that the data may be protected by intellectual property rights which are owned by Google or those parties that provide the data (or by other persons or companies on their behalf). Your use of any such API may be subject to additional Terms of Service. You may not modify, rent, lease, loan, sell, distribute or create derivative works based on this data (either in whole or in part) unless allowed by the relevant Terms of Service.
android	Run android-actions/setup-android@v3	2026-08-06T10:30:32.2123238Z 
android	Run android-actions/setup-android@v3	2026-08-06T10:30:32.2124501Z 8.1.2 If you use any API to retrieve a user's data from Google, you acknowledge and agree that you shall retrieve data only with the user's explicit consent and only when, and for the limited purposes for which, the user has given you permission to do so.
android	Run android-actions/setup-android@v3	2026-08-06T10:30:32.2126094Z 
android	Run android-actions/setup-android@v3	2026-08-06T10:30:32.2126270Z 9. Terminating the License Agreement
android	Run android-actions/setup-android@v3	2026-08-06T10:30:32.2126563Z 
android	Run android-actions/setup-android@v3	2026-08-06T10:30:32.2127217Z 9.1 the License Agreement will continue to apply until terminated by either you or Google as set out below.
android	Run android-actions/setup-android@v3	2026-08-06T10:30:32.2127915Z 
android	Run android-actions/setup-android@v3	2026-08-06T10:30:32.2128593Z 9.2 If you want to terminate the License Agreement, you may do so by ceasing your use of the Preview and any relevant developer credentials.
android	Run android-actions/setup-android@v3	2026-08-06T10:30:32.2129445Z 
android	Run android-actions/setup-android@v3	2026-08-06T10:30:32.2129938Z 9.3 Google may at any time, terminate the License Agreement, with or without cause, upon notice to you.
android	Run android-actions/setup-android@v3	2026-08-06T10:30:32.2130591Z 
android	Run android-actions/setup-android@v3	2026-08-06T10:30:32.2132363Z 9.4 The License Agreement will automatically terminate without notice or other action upon the earlier of: (A) when Google ceases to provide the Preview or certain parts of the Preview to users in the country in which you are resident or from which you use the service; and (B) Google issues a final release version of the Android SDK.
android	Run android-actions/setup-android@v3	2026-08-06T10:30:32.2134270Z 
android	Run android-actions/setup-android@v3	2026-08-06T10:30:32.2135553Z 9.5 When the License Agreement is terminated, the license granted to you in the License Agreement will terminate, you will immediately cease all use of the Preview, and the provisions of paragraphs 10, 11, 12 and 14 shall survive indefinitely.
android	Run android-actions/setup-android@v3	2026-08-06T10:30:32.2136986Z 
android	Run android-actions/setup-android@v3	2026-08-06T10:30:32.2137243Z 10. DISCLAIMERS
android	Run android-actions/setup-android@v3	2026-08-06T10:30:32.2137437Z 
android	Run android-actions/setup-android@v3	2026-08-06T10:30:32.2138406Z 10.1 YOU EXPRESSLY UNDERSTAND AND AGREE THAT YOUR USE OF THE PREVIEW IS AT YOUR SOLE RISK AND THAT THE PREVIEW IS PROVIDED "AS IS" AND "AS AVAILABLE" WITHOUT WARRANTY OF ANY KIND FROM GOOGLE.
android	Run android-actions/setup-android@v3	2026-08-06T10:30:32.2139504Z 
android	Run android-actions/setup-android@v3	2026-08-06T10:30:32.2142475Z 10.2 YOUR USE OF THE PREVIEW AND ANY MATERIAL DOWNLOADED OR OTHERWISE OBTAINED THROUGH THE USE OF THE PREVIEW IS AT YOUR OWN DISCRETION AND RISK AND YOU ARE SOLELY RESPONSIBLE FOR ANY DAMAGE TO YOUR COMPUTER SYSTEM OR OTHER DEVICE OR LOSS OF DATA THAT RESULTS FROM SUCH USE. WITHOUT LIMITING THE FOREGOING, YOU UNDERSTAND THAT THE PREVIEW IS NOT A STABLE RELEASE AND MAY CONTAIN ERRORS, DEFECTS AND SECURITY VULNERABILITIES THAT CAN RESULT IN SIGNIFICANT DAMAGE, INCLUDING THE COMPLETE, IRRECOVERABLE LOSS OF USE OF YOUR COMPUTER SYSTEM OR OTHER DEVICE.
android	Run android-actions/setup-android@v3	2026-08-06T10:30:32.2145540Z 
android	Run android-actions/setup-android@v3	2026-08-06T10:30:32.2146869Z 10.3 GOOGLE FURTHER EXPRESSLY DISCLAIMS ALL WARRANTIES AND CONDITIONS OF ANY KIND, WHETHER EXPRESS OR IMPLIED, INCLUDING, BUT NOT LIMITED TO THE IMPLIED WARRANTIES AND CONDITIONS OF MERCHANTABILITY, FITNESS FOR A PARTICULAR PURPOSE AND NON-INFRINGEMENT.
android	Run android-actions/setup-android@v3	2026-08-06T10:30:32.2148582Z 
android	Run android-actions/setup-android@v3	2026-08-06T10:30:32.2148816Z 11. LIMITATION OF LIABILITY
android	Run android-actions/setup-android@v3	2026-08-06T10:30:32.2149120Z 
android	Run android-actions/setup-android@v3	2026-08-06T10:30:32.2151371Z 11.1 YOU EXPRESSLY UNDERSTAND AND AGREE THAT GOOGLE, ITS SUBSIDIARIES AND AFFILIATES, AND ITS LICENSORS SHALL NOT BE LIABLE TO YOU UNDER ANY THEORY OF LIABILITY FOR ANY DIRECT, INDIRECT, INCIDENTAL, SPECIAL, CONSEQUENTIAL OR EXEMPLARY DAMAGES THAT MAY BE INCURRED BY YOU, INCLUDING ANY LOSS OF DATA, WHETHER OR NOT GOOGLE OR ITS REPRESENTATIVES HAVE BEEN ADVISED OF OR SHOULD HAVE BEEN AWARE OF THE POSSIBILITY OF ANY SUCH LOSSES ARISING.
android	Run android-actions/setup-android@v3	2026-08-06T10:30:32.2153754Z 
android	Run android-actions/setup-android@v3	2026-08-06T10:30:32.2153909Z 12. Indemnification
android	Run android-actions/setup-android@v3	2026-08-06T10:30:32.2154126Z 
android	Run android-actions/setup-android@v3	2026-08-06T10:30:32.2158762Z 12.1 To the maximum extent permitted by law, you agree to defend, indemnify and hold harmless Google, its affiliates and their respective directors, officers, employees and agents from and against any and all claims, actions, suits or proceedings, as well as any and all losses, liabilities, damages, costs and expenses (including reasonable attorneys’ fees) arising out of or accruing from (a) your use of the Preview, (b) any application you develop on the Preview that infringes any Intellectual Property Rights of any person or defames any person or violates their rights of publicity or privacy, and (c) any non-compliance by you of the License Agreement.
android	Run android-actions/setup-android@v3	2026-08-06T10:30:32.2162873Z 
android	Run android-actions/setup-android@v3	2026-08-06T10:30:32.2163052Z 13. Changes to the License Agreement
android	Run android-actions/setup-android@v3	2026-08-06T10:30:32.2163544Z 
android	Run android-actions/setup-android@v3	2026-08-06T10:30:32.2164798Z 13.1 Google may make changes to the License Agreement as it distributes new versions of the Preview. When these changes are made, Google will make a new version of the License Agreement available on the website where the Preview is made available.
android	Run android-actions/setup-android@v3	2026-08-06T10:30:32.2166208Z 
android	Run android-actions/setup-android@v3	2026-08-06T10:30:32.2166354Z 14. General Legal Terms
android	Run android-actions/setup-android@v3	2026-08-06T10:30:32.2166572Z 
android	Run android-actions/setup-android@v3	2026-08-06T10:30:32.2168374Z 14.1 the License Agreement constitutes the whole legal agreement between you and Google and governs your use of the Preview (excluding any services which Google may provide to you under a separate written agreement), and completely replaces any prior agreements between you and Google in relation to the Preview.
android	Run android-actions/setup-android@v3	2026-08-06T10:30:32.2170103Z 
android	Run android-actions/setup-android@v3	2026-08-06T10:30:32.2171728Z 14.2 You agree that if Google does not exercise or enforce any legal right or remedy which is contained in the License Agreement (or which Google has the benefit of under any applicable law), this will not be taken to be a formal waiver of Google's rights and that those rights or remedies will still be available to Google.
android	Run android-actions/setup-android@v3	2026-08-06T10:30:32.2173498Z 
android	Run android-actions/setup-android@v3	2026-08-06T10:30:32.2175295Z 14.3 If any court of law, having the jurisdiction to decide on this matter, rules that any provision of the License Agreement is invalid, then that provision will be removed from the License Agreement without affecting the rest of the License Agreement. The remaining provisions of the License Agreement will continue to be valid and enforceable.
android	Run android-actions/setup-android@v3	2026-08-06T10:30:32.2177379Z 
android	Run android-actions/setup-android@v3	2026-08-06T10:30:32.2179707Z 14.4 You acknowledge and agree that each member of the group of companies of which Google is the parent shall be third party beneficiaries to the License Agreement and that such other companies shall be entitled to directly enforce, and rely upon, any provision of the License Agreement that confers a benefit on (or rights in favor of) them. Other than this, no other person or company shall be third party beneficiaries to the License Agreement.
android	Run android-actions/setup-android@v3	2026-08-06T10:30:32.2182156Z 
android	Run android-actions/setup-android@v3	2026-08-06T10:30:32.2183594Z 14.5 EXPORT RESTRICTIONS. THE PREVIEW IS SUBJECT TO UNITED STATES EXPORT LAWS AND REGULATIONS. YOU MUST COMPLY WITH ALL DOMESTIC AND INTERNATIONAL EXPORT LAWS AND REGULATIONS THAT APPLY TO THE PREVIEW. THESE LAWS INCLUDE RESTRICTIONS ON DESTINATIONS, END USERS AND END USE.
android	Run android-actions/setup-android@v3	2026-08-06T10:30:32.2185154Z 
android	Run android-actions/setup-android@v3	2026-08-06T10:30:32.2186805Z 14.6 The License Agreement may not be assigned or transferred by you without the prior written approval of Google, and any attempted assignment without such approval will be void. You shall not delegate your responsibilities or obligations under the License Agreement without the prior written approval of Google.
android	Run android-actions/setup-android@v3	2026-08-06T10:30:32.2188745Z 
android	Run android-actions/setup-android@v3	2026-08-06T10:30:32.2191712Z 14.7 The License Agreement, and your relationship with Google under the License Agreement, shall be governed by the laws of the State of California without regard to its conflict of laws provisions. You and Google agree to submit to the exclusive jurisdiction of the courts located within the county of Santa Clara, California to resolve any legal matter arising from the License Agreement. Notwithstanding this, you agree that Google shall still be allowed to apply for injunctive remedies (or an equivalent type of urgent legal relief) in any jurisdiction.
android	Run android-actions/setup-android@v3	2026-08-06T10:30:32.2194787Z 
android	Run android-actions/setup-android@v3	2026-08-06T10:30:32.2194924Z June 2014.
android	Run android-actions/setup-android@v3	2026-08-06T10:30:32.2195254Z ---------------------------------------
android	Run android-actions/setup-android@v3	2026-08-06T10:30:32.2195875Z Accept? (y/N): 
android	Run android-actions/setup-android@v3	2026-08-06T10:30:32.2196225Z 5/6: License google-gdk-license:
android	Run android-actions/setup-android@v3	2026-08-06T10:30:32.2196632Z ---------------------------------------
android	Run android-actions/setup-android@v3	2026-08-06T10:30:32.2197508Z This is a Developer Preview of the GDK that is subject to change.
android	Run android-actions/setup-android@v3	2026-08-06T10:30:32.2197976Z 
android	Run android-actions/setup-android@v3	2026-08-06T10:30:32.2198130Z Terms and Conditions
android	Run android-actions/setup-android@v3	2026-08-06T10:30:32.2198346Z 
android	Run android-actions/setup-android@v3	2026-08-06T10:30:32.2198559Z This is the Glass Development Kit License Agreement.
android	Run android-actions/setup-android@v3	2026-08-06T10:30:32.2198915Z 
android	Run android-actions/setup-android@v3	2026-08-06T10:30:32.2199057Z 1. Introduction
android	Run android-actions/setup-android@v3	2026-08-06T10:30:32.2199241Z 
android	Run android-actions/setup-android@v3	2026-08-06T10:30:32.2201476Z 1.1 The Glass Development Kit (referred to in this License Agreement as the "GDK" and specifically including the Android system files, packaged APIs, and GDK library files, if and when they are made available) is licensed to you subject to the terms of this License Agreement. This License Agreement forms a legally binding contract between you and Google in relation to your use of the GDK.
android	Run android-actions/setup-android@v3	2026-08-06T10:30:32.2203637Z 
android	Run android-actions/setup-android@v3	2026-08-06T10:30:32.2204005Z 1.2 "Glass" means Glass devices and the Glass software stack for use on Glass devices.
android	Run android-actions/setup-android@v3	2026-08-06T10:30:32.2204540Z 
android	Run android-actions/setup-android@v3	2026-08-06T10:30:32.2204548Z 
android	Run android-actions/setup-android@v3	2026-08-06T10:30:32.2205651Z 1.3 "Android" means the Android software stack for devices, as made available under the Android Open Source Project, which is located at the following URL: http://source.android.com/, as updated from time to time.
android	Run android-actions/setup-android@v3	2026-08-06T10:30:32.2206876Z 
android	Run android-actions/setup-android@v3	2026-08-06T10:30:32.2207803Z 1.4 "Google" means Google Inc., a Delaware corporation with principal place of business at 1600 Amphitheatre Parkway, Mountain View, CA 94043, United States.
android	Run android-actions/setup-android@v3	2026-08-06T10:30:32.2209054Z 
android	Run android-actions/setup-android@v3	2026-08-06T10:30:32.2209255Z 2. Accepting this License Agreement
android	Run android-actions/setup-android@v3	2026-08-06T10:30:32.2209541Z 
android	Run android-actions/setup-android@v3	2026-08-06T10:30:32.2210203Z 2.1 In order to use the GDK, you must first agree to this License Agreement. You may not use the GDK if you do not accept this License Agreement.
android	Run android-actions/setup-android@v3	2026-08-06T10:30:32.2211004Z 
android	Run android-actions/setup-android@v3	2026-08-06T10:30:32.2211363Z 2.2 By clicking to accept, you hereby agree to the terms of this License Agreement.
android	Run android-actions/setup-android@v3	2026-08-06T10:30:32.2212093Z 
android	Run android-actions/setup-android@v3	2026-08-06T10:30:32.2213320Z 2.3 You may not use the GDK and may not accept the License Agreement if you are a person barred from receiving the GDK under the laws of the United States or other countries including the country in which you are resident or from which you use the GDK.
android	Run android-actions/setup-android@v3	2026-08-06T10:30:32.2214767Z 
android	Run android-actions/setup-android@v3	2026-08-06T10:30:32.2216706Z 2.4 If you are agreeing to be bound by this License Agreement on behalf of your employer or other entity, you represent and warrant that you have full legal authority to bind your employer or such entity to this License Agreement. If you do not have the requisite authority, you may not accept the License Agreement or use the GDK on behalf of your employer or other entity.
android	Run android-actions/setup-android@v3	2026-08-06T10:30:32.2218943Z 
android	Run android-actions/setup-android@v3	2026-08-06T10:30:32.2219099Z 3. GDK License from Google
android	Run android-actions/setup-android@v3	2026-08-06T10:30:32.2219343Z 
android	Run android-actions/setup-android@v3	2026-08-06T10:30:32.2220589Z 3.1 Subject to the terms of this License Agreement, Google grants you a limited, worldwide, royalty-free, non-assignable and non-exclusive license to use the GDK solely to develop applications to run on the Glass platform for Glass devices.
android	Run android-actions/setup-android@v3	2026-08-06T10:30:32.2221978Z 
android	Run android-actions/setup-android@v3	2026-08-06T10:30:32.2224026Z 3.2 You agree that Google or third parties own all legal right, title and interest in and to the GDK, including any Intellectual Property Rights that subsist in the GDK. "Intellectual Property Rights" means any and all rights under patent law, copyright law, trade secret law, trademark law, and any and all other proprietary rights. Google reserves all rights not expressly granted to you.
android	Run android-actions/setup-android@v3	2026-08-06T10:30:32.2226210Z 
android	Run android-actions/setup-android@v3	2026-08-06T10:30:32.2233999Z 3.3 You may not use the GDK for any purpose not expressly permitted by this License Agreement. Except to the extent required by applicable third party licenses, you may not: (a) copy (except for backup purposes), modify, adapt, redistribute, decompile, reverse engineer, disassemble, or create derivative works of the GDK or any part of the GDK; or (b) load any part of the GDK onto a mobile handset or wearable computing device or any other hardware device except a Glass device personal computer, combine any part of the GDK with other software, or distribute any software or device incorporating a part of the GDK.
android	Run android-actions/setup-android@v3	2026-08-06T10:30:32.2237807Z 
android	Run android-actions/setup-android@v3	2026-08-06T10:30:32.2239138Z 3.4 You agree that you will not take any actions that may cause or result in the fragmentation of Glass, including but not limited to distributing, participating in the creation of, or promoting in any way a software development kit derived from the GDK.
android	Run android-actions/setup-android@v3	2026-08-06T10:30:32.2240781Z 
android	Run android-actions/setup-android@v3	2026-08-06T10:30:32.2241857Z 3.5 Use, reproduction and distribution of components of the GDK licensed under an open source software license are governed solely by the terms of that open source software license and not this License Agreement.
android	Run android-actions/setup-android@v3	2026-08-06T10:30:32.2243099Z 
android	Run android-actions/setup-android@v3	2026-08-06T10:30:32.2245061Z 3.6 You agree that the form and nature of the GDK that Google provides may change without prior notice to you and that future versions of the GDK may be incompatible with applications developed on previous versions of the GDK. You agree that Google may stop (permanently or temporarily) providing the GDK (or any features within the GDK) to you or to users generally at Google's sole discretion, without prior notice to you.
android	Run android-actions/setup-android@v3	2026-08-06T10:30:32.2247409Z 
android	Run android-actions/setup-android@v3	2026-08-06T10:30:32.2248237Z 3.7 Nothing in this License Agreement gives you a right to use any of Google's trade names, trademarks, service marks, logos, domain names, or other distinctive brand features.
android	Run android-actions/setup-android@v3	2026-08-06T10:30:32.2249216Z 
android	Run android-actions/setup-android@v3	2026-08-06T10:30:32.2250151Z 3.8 You agree that you will not remove, obscure, or alter any proprietary rights notices (including copyright and trademark notices) that may be affixed to or contained within the GDK.
android	Run android-actions/setup-android@v3	2026-08-06T10:30:32.2251232Z 
android	Run android-actions/setup-android@v3	2026-08-06T10:30:32.2251240Z 
android	Run android-actions/setup-android@v3	2026-08-06T10:30:32.2253174Z 3.9 Your use of any Android system files, packaged APIs, or other components of the GDK which are part of the Android Software Development Kit is subject to the terms of the Android Software Development Kit License Agreement located at http://developer.android.com/sdk/terms.html. These terms are hereby incorporated by reference into this License Agreement.
android	Run android-actions/setup-android@v3	2026-08-06T10:30:32.2255222Z 
android	Run android-actions/setup-android@v3	2026-08-06T10:30:32.2255382Z 4. Use of the GDK by You
android	Run android-actions/setup-android@v3	2026-08-06T10:30:32.2255616Z 
android	Run android-actions/setup-android@v3	2026-08-06T10:30:32.2256990Z 4.1 Google agrees that it obtains no right, title or interest from you (or your licensors) under this License Agreement in or to any software applications that you develop using the GDK, including any intellectual property rights that subsist in those applications.
android	Run android-actions/setup-android@v3	2026-08-06T10:30:32.2260155Z 
android	Run android-actions/setup-android@v3	2026-08-06T10:30:32.2263013Z 4.2 You agree to use the GDK and write applications only for purposes that are permitted by (a) this License Agreement, (b) the Glass Platform Developer Policies (located at https://developers.google.com/glass/policies, and hereby incorporated into this License Agreement by reference), and (c) any applicable law, regulation or generally accepted practices or guidelines in the relevant jurisdictions (including any laws regarding the export of data or software to and from the United States or other relevant countries).
android	Run android-actions/setup-android@v3	2026-08-06T10:30:32.2265892Z 
android	Run android-actions/setup-android@v3	2026-08-06T10:30:32.2270011Z 4.3 You agree that if you use the GDK to develop applications for general public users, you will protect the privacy and legal rights of those users. If the users provide you with user names, passwords, or other login information or personal information, you must make the users aware that the information will be available to your application, and you must provide legally adequate privacy notice and protection for those users. If your application stores personal or sensitive information provided by users, it must do so securely. If the user provides your application with Google Account information, your application may only use that information to access the user's Google Account when, and for the limited purposes for which, the user has given you permission to do so.
android	Run android-actions/setup-android@v3	2026-08-06T10:30:32.2274383Z 
android	Run android-actions/setup-android@v3	2026-08-06T10:30:32.2276454Z 4.4 You agree that you will not engage in any activity with the GDK, including the development or distribution of an application, that interferes with, disrupts, damages, or accesses in an unauthorized manner the servers, networks, or other properties or services of any third party including, but not limited to, Google.
android	Run android-actions/setup-android@v3	2026-08-06T10:30:32.2278408Z 
android	Run android-actions/setup-android@v3	2026-08-06T10:30:32.2280179Z 4.5 You agree that you are solely responsible for (and that Google has no responsibility to you or to any third party for) any data, content, or resources that you create, transmit or display through Glass and/or applications for Glass, and for the consequences of your actions (including any loss or damage which Google may suffer) by doing so.
android	Run android-actions/setup-android@v3	2026-08-06T10:30:32.2282251Z 
android	Run android-actions/setup-android@v3	2026-08-06T10:30:32.2284300Z 4.6 You agree that you are solely responsible for (and that Google has no responsibility to you or to any third party for) any breach of your obligations under this License Agreement, any applicable third party contract or Terms of Service, or any applicable law or regulation, and for the consequences (including any loss or damage which Google or any third party may suffer) of any such breach.
android	Run android-actions/setup-android@v3	2026-08-06T10:30:32.2286468Z 
android	Run android-actions/setup-android@v3	2026-08-06T10:30:32.2286474Z 
android	Run android-actions/setup-android@v3	2026-08-06T10:30:32.2298769Z 4.7 The GDK is in development, and your testing and feedback are an important part of the development process. By using the GDK, you acknowledge that implementation of some features are still under development and that you should not rely on the GDK, Glass devices, Glass system software, Google Mirror API, or Glass services having the full functionality of a stable release.
android	Run android-actions/setup-android@v3	2026-08-06T10:30:32.2300129Z 
android	Run android-actions/setup-android@v3	2026-08-06T10:30:32.2300255Z 5. Your Developer Credentials
android	Run android-actions/setup-android@v3	2026-08-06T10:30:32.2300446Z 
android	Run android-actions/setup-android@v3	2026-08-06T10:30:32.2301314Z 5.1 You agree that you are responsible for maintaining the confidentiality of any developer credentials that may be issued to you by Google or which you may choose yourself and that you will be solely responsible for all applications that are developed under your developer credentials.
android	Run android-actions/setup-android@v3	2026-08-06T10:30:32.2302260Z 
android	Run android-actions/setup-android@v3	2026-08-06T10:30:32.2302375Z 6. Privacy and Information
android	Run android-actions/setup-android@v3	2026-08-06T10:30:32.2302540Z 
android	Run android-actions/setup-android@v3	2026-08-06T10:30:32.2302545Z 
android	Run android-actions/setup-android@v3	2026-08-06T10:30:32.2303977Z 6.1 In order to continually innovate and improve the GDK, Google may collect certain usage statistics from the software including but not limited to a unique identifier, associated IP address, version number of the software, and information on which tools and/or services in the GDK are being used and how they are being used. Before any of this information is collected, the GDK will notify you and seek your consent. If you withhold consent, the information will not be collected.
android	Run android-actions/setup-android@v3	2026-08-06T10:30:32.2305456Z 
android	Run android-actions/setup-android@v3	2026-08-06T10:30:32.2305829Z 6.2 The data collected is examined in the aggregate to improve the GDK and is maintained in accordance with Google's Privacy Policy.
android	Run android-actions/setup-android@v3	2026-08-06T10:30:32.2306285Z 
android	Run android-actions/setup-android@v3	2026-08-06T10:30:32.2306385Z 7. Third Party Applications
android	Run android-actions/setup-android@v3	2026-08-06T10:30:32.2306557Z 
android	Run android-actions/setup-android@v3	2026-08-06T10:30:32.2308556Z 7.1 If you use the GDK to run applications developed by a third party or that access data, content or resources provided by a third party, you agree that Google is not responsible for those applications, data, content, or resources. You understand that all data, content or resources which you may access through such third party applications are the sole responsibility of the person from which they originated and that Google is not liable for any loss or damage that you may experience as a result of the use or access of any of those third party applications, data, content, or resources.
android	Run android-actions/setup-android@v3	2026-08-06T10:30:32.2310354Z 
android	Run android-actions/setup-android@v3	2026-08-06T10:30:32.2311806Z 7.2 You should be aware the data, content, and resources presented to you through such a third party application may be protected by intellectual property rights which are owned by the providers (or by other persons or companies on their behalf). You may not modify, rent, lease, loan, sell, distribute or create derivative works based on these data, content, or resources (either in whole or in part) unless you have been specifically given permission to do so by the relevant owners.
android	Run android-actions/setup-android@v3	2026-08-06T10:30:32.2313638Z 
android	Run android-actions/setup-android@v3	2026-08-06T10:30:32.2314445Z 7.3 You acknowledge that your use of such third party applications, data, content, or resources may be subject to separate terms between you and the relevant third party. In that case, this License Agreement does not affect your legal relationship with these third parties.
android	Run android-actions/setup-android@v3	2026-08-06T10:30:32.2315312Z 
android	Run android-actions/setup-android@v3	2026-08-06T10:30:32.2315400Z 8. Using Google APIs
android	Run android-actions/setup-android@v3	2026-08-06T10:30:32.2315678Z 
android	Run android-actions/setup-android@v3	2026-08-06T10:30:32.2315762Z 8.1 Google APIs
android	Run android-actions/setup-android@v3	2026-08-06T10:30:32.2315894Z 
android	Run android-actions/setup-android@v3	2026-08-06T10:30:32.2317663Z 8.1.1 If you use any API to retrieve data from Google, you acknowledge that the data may be protected by intellectual property rights which are owned by Google or those parties that provide the data (or by other persons or companies on their behalf). Your use of any such API may be subject to additional Terms of Service. You may not modify, rent, lease, loan, sell, distribute or create derivative works based on this data (either in whole or in part) unless allowed by the relevant Terms of Service.
android	Run android-actions/setup-android@v3	2026-08-06T10:30:32.2319389Z 
android	Run android-actions/setup-android@v3	2026-08-06T10:30:32.2320152Z 8.1.2 If you use any API to retrieve a user's data from Google, you acknowledge and agree that you shall retrieve data only with the user's explicit consent and only when, and for the limited purposes for which, the user has given you permission to do so.
android	Run android-actions/setup-android@v3	2026-08-06T10:30:32.2320941Z 
android	Run android-actions/setup-android@v3	2026-08-06T10:30:32.2321061Z 9. Terminating this License Agreement
android	Run android-actions/setup-android@v3	2026-08-06T10:30:32.2321251Z 
android	Run android-actions/setup-android@v3	2026-08-06T10:30:32.2321569Z 9.1 This License Agreement will continue to apply until terminated by either you or Google as set out below.
android	Run android-actions/setup-android@v3	2026-08-06T10:30:32.2321972Z 
android	Run android-actions/setup-android@v3	2026-08-06T10:30:32.2322341Z 9.2 If you want to terminate this License Agreement, you may do so by ceasing your use of the GDK and any relevant developer credentials.
android	Run android-actions/setup-android@v3	2026-08-06T10:30:32.2322801Z 
android	Run android-actions/setup-android@v3	2026-08-06T10:30:32.2324652Z 9.3 Google may at any time, terminate this License Agreement with you if: (A) you have breached any provision of this License Agreement; or (B) Google is required to do so by law; or (C) the partner with whom Google offered certain parts of GDK (such as APIs) to you has terminated its relationship with Google or ceased to offer certain parts of the GDK to you; or (D) Google decides to no longer provide the GDK or certain parts of the GDK to users in the country in which you are resident or from which you use the service, or the provision of the GDK or certain GDK services to you by Google is, in Google's sole discretion, no longer commercially viable.
android	Run android-actions/setup-android@v3	2026-08-06T10:30:32.2326527Z 
android	Run android-actions/setup-android@v3	2026-08-06T10:30:32.2328095Z 9.4 When this License Agreement comes to an end, all of the legal rights, obligations and liabilities that you and Google have benefited from, been subject to (or which have accrued over time whilst this License Agreement has been in force) or which are expressed to continue indefinitely, shall be unaffected by this cessation, and the provisions of paragraph 14.7 shall continue to apply to such rights, obligations and liabilities indefinitely.
android	Run android-actions/setup-android@v3	2026-08-06T10:30:32.2329954Z 
android	Run android-actions/setup-android@v3	2026-08-06T10:30:32.2330062Z 10. DISCLAIMER OF WARRANTIES
android	Run android-actions/setup-android@v3	2026-08-06T10:30:32.2330237Z 
android	Run android-actions/setup-android@v3	2026-08-06T10:30:32.2330731Z 10.1 YOU EXPRESSLY UNDERSTAND AND AGREE THAT YOUR USE OF THE GDK IS AT YOUR SOLE RISK AND THAT THE GDK IS PROVIDED "AS IS" AND "AS AVAILABLE" WITHOUT WARRANTY OF ANY KIND FROM GOOGLE.
android	Run android-actions/setup-android@v3	2026-08-06T10:30:32.2331305Z 
android	Run android-actions/setup-android@v3	2026-08-06T10:30:32.2332053Z 10.2 YOUR USE OF THE GDK AND ANY MATERIAL DOWNLOADED OR OTHERWISE OBTAINED THROUGH THE USE OF THE GDK IS AT YOUR OWN DISCRETION AND RISK AND YOU ARE SOLELY RESPONSIBLE FOR ANY DAMAGE TO YOUR COMPUTER SYSTEM OR OTHER DEVICE OR LOSS OF DATA THAT RESULTS FROM SUCH USE.
android	Run android-actions/setup-android@v3	2026-08-06T10:30:32.2332885Z 
android	Run android-actions/setup-android@v3	2026-08-06T10:30:32.2333717Z 10.3 GOOGLE FURTHER EXPRESSLY DISCLAIMS ALL WARRANTIES AND CONDITIONS OF ANY KIND, WHETHER EXPRESS OR IMPLIED, INCLUDING, BUT NOT LIMITED TO THE IMPLIED WARRANTIES AND CONDITIONS OF MERCHANTABILITY, FITNESS FOR A PARTICULAR PURPOSE AND NON-INFRINGEMENT.
android	Run android-actions/setup-android@v3	2026-08-06T10:30:32.2334972Z 
android	Run android-actions/setup-android@v3	2026-08-06T10:30:32.2335082Z 11. LIMITATION OF LIABILITY
android	Run android-actions/setup-android@v3	2026-08-06T10:30:32.2335236Z 
android	Run android-actions/setup-android@v3	2026-08-06T10:30:32.2336908Z 11.1 YOU EXPRESSLY UNDERSTAND AND AGREE THAT GOOGLE, ITS SUBSIDIARIES AND AFFILIATES, AND ITS LICENSORS SHALL NOT BE LIABLE TO YOU UNDER ANY THEORY OF LIABILITY FOR ANY DIRECT, INDIRECT, INCIDENTAL, SPECIAL, CONSEQUENTIAL OR EXEMPLARY DAMAGES THAT MAY BE INCURRED BY YOU, INCLUDING ANY LOSS OF DATA, WHETHER OR NOT GOOGLE OR ITS REPRESENTATIVES HAVE BEEN ADVISED OF OR SHOULD HAVE BEEN AWARE OF THE POSSIBILITY OF ANY SUCH LOSSES ARISING.
android	Run android-actions/setup-android@v3	2026-08-06T10:30:32.2338693Z 
android	Run android-actions/setup-android@v3	2026-08-06T10:30:32.2338787Z 12. Indemnification
android	Run android-actions/setup-android@v3	2026-08-06T10:30:32.2338927Z 
android	Run android-actions/setup-android@v3	2026-08-06T10:30:32.2341073Z 12.1 To the maximum extent permitted by law, you agree to defend, indemnify and hold harmless Google, its affiliates and their respective directors, officers, employees and agents from and against any and all claims, actions, suits or proceedings, as well as any and all losses, liabilities, damages, costs and expenses (including reasonable attorneys fees) arising out of or accruing from (a) your use of the GDK, (b) any application you develop on the GDK that infringes any copyright, trademark, trade secret, trade dress, patent or other intellectual property right of any person or defames any person or violates their rights of publicity or privacy, and (c) any non-compliance by you with this License Agreement.
android	Run android-actions/setup-android@v3	2026-08-06T10:30:32.2343226Z 
android	Run android-actions/setup-android@v3	2026-08-06T10:30:32.2343339Z 13. Changes to the License Agreement
android	Run android-actions/setup-android@v3	2026-08-06T10:30:32.2343521Z 
android	Run android-actions/setup-android@v3	2026-08-06T10:30:32.2344202Z 13.1 Google may make changes to the License Agreement as it distributes new versions of the GDK. When these changes are made, Google will make a new version of the License Agreement available on the website where the GDK is made available.
android	Run android-actions/setup-android@v3	2026-08-06T10:30:32.2344962Z 
android	Run android-actions/setup-android@v3	2026-08-06T10:30:32.2345048Z 14. General Legal Terms
android	Run android-actions/setup-android@v3	2026-08-06T10:30:32.2345195Z 
android	Run android-actions/setup-android@v3	2026-08-06T10:30:32.2346095Z 14.1 This License Agreement constitutes the whole legal agreement between you and Google and governs your use of the GDK (excluding any services which Google may provide to you under a separate written agreement), and completely replaces any prior agreements between you and Google in relation to the GDK.
android	Run android-actions/setup-android@v3	2026-08-06T10:30:32.2347306Z 
android	Run android-actions/setup-android@v3	2026-08-06T10:30:32.2348274Z 14.2 You agree that if Google does not exercise or enforce any legal right or remedy which is contained in this License Agreement (or which Google has the benefit of under any applicable law), this will not be taken to be a formal waiver of Google's rights and that those rights or remedies will still be available to Google.
android	Run android-actions/setup-android@v3	2026-08-06T10:30:32.2349252Z 
android	Run android-actions/setup-android@v3	2026-08-06T10:30:32.2350551Z 14.3 If any court of law, having the jurisdiction to decide on this matter, rules that any provision of this License Agreement is invalid, then that provision will be removed from this License Agreement without affecting the rest of this License Agreement. The remaining provisions of this License Agreement will continue to be valid and enforceable.
android	Run android-actions/setup-android@v3	2026-08-06T10:30:32.2352476Z 
android	Run android-actions/setup-android@v3	2026-08-06T10:30:32.2353801Z 14.4 You acknowledge and agree that each member of the group of companies of which Google is the parent shall be third party beneficiaries to this License Agreement and that such other companies shall be entitled to directly enforce, and rely upon, any provision of this License Agreement that confers a benefit on (or rights in favor of) them. Other than this, no other person or company shall be third party beneficiaries to this License Agreement.
android	Run android-actions/setup-android@v3	2026-08-06T10:30:32.2355165Z 
android	Run android-actions/setup-android@v3	2026-08-06T10:30:32.2355960Z 14.5 EXPORT RESTRICTIONS. THE GDK IS SUBJECT TO UNITED STATES EXPORT LAWS AND REGULATIONS. YOU MUST COMPLY WITH ALL DOMESTIC AND INTERNATIONAL EXPORT LAWS AND REGULATIONS THAT APPLY TO THE GDK. THESE LAWS INCLUDE RESTRICTIONS ON DESTINATIONS, END USERS AND END USE.
android	Run android-actions/setup-android@v3	2026-08-06T10:30:32.2356814Z 
android	Run android-actions/setup-android@v3	2026-08-06T10:30:32.2358415Z 14.6 The rights granted in this License Agreement may not be assigned or transferred by either you or Google without the prior written approval of the other party. Neither you nor Google shall be permitted to delegate their responsibilities or obligations under this License Agreement without the prior written approval of the other party.
android	Run android-actions/setup-android@v3	2026-08-06T10:30:32.2360403Z 
android	Run android-actions/setup-android@v3	2026-08-06T10:30:32.2363291Z 14.7 This License Agreement, and your relationship with Google under this License Agreement, shall be governed by the laws of the State of California without regard to its conflict of laws provisions. You and Google agree to submit to the exclusive jurisdiction of the courts located within the county of Santa Clara, California to resolve any legal matter arising from this License Agreement. Notwithstanding this, you agree that Google shall still be allowed to apply for injunctive remedies (or an equivalent type of urgent legal relief) in any jurisdiction.
android	Run android-actions/setup-android@v3	2026-08-06T10:30:32.2366289Z 
android	Run android-actions/setup-android@v3	2026-08-06T10:30:32.2366421Z November 19, 2013
android	Run android-actions/setup-android@v3	2026-08-06T10:30:32.2366754Z ---------------------------------------
android	Run android-actions/setup-android@v3	2026-08-06T10:30:32.2367375Z Accept? (y/N): 
android	Run android-actions/setup-android@v3	2026-08-06T10:30:32.2367753Z 6/6: License mips-android-sysimage-license:
android	Run android-actions/setup-android@v3	2026-08-06T10:30:32.2368215Z ---------------------------------------
android	Run android-actions/setup-android@v3	2026-08-06T10:30:32.2371826Z MIPS Technologies, Inc. (“MIPS”) Internal Evaluation License Agreement for MIPS Android™ System Images for Android Software Development Kit (SDK): This Internal Evaluation License Agreement (this "Agreement") is entered into by and between MIPS and you (as an individual developer or a legal entity -- identified below as “Recipient”). MIPS shall make the Evaluation Software available to Recipient as described in accordance with the terms and conditions set forth below.
android	Run android-actions/setup-android@v3	2026-08-06T10:30:32.2374411Z 
android	Run android-actions/setup-android@v3	2026-08-06T10:30:32.2378209Z By clicking on the “Accept” button, downloading, installing, or otherwise using the Evaluation Materials (defined below), you agree to be bound by the terms of this Agreement effective as of the date you click “Accept” (the “Effective Date”), and if doing so on behalf of an entity, you represent that you are authorized to bind the entity to the terms and conditions of this Agreement. If you do not agree to be bound by the terms and conditions of this Agreement, do not download, install, or use the Evaluation Materials.
android	Run android-actions/setup-android@v3	2026-08-06T10:30:32.2382245Z 
android	Run android-actions/setup-android@v3	2026-08-06T10:30:32.2382513Z 1. DEFINITIONS. These terms shall have the following meanings:
android	Run android-actions/setup-android@v3	2026-08-06T10:30:32.2382961Z 
android	Run android-actions/setup-android@v3	2026-08-06T10:30:32.2383940Z 1.1 “MIPS” shall mean MIPS Technologies, Inc., a Delaware corporation having a principal place of business at: 955 East Arques Ave., Sunnyvale, CA 94085
android	Run android-actions/setup-android@v3	2026-08-06T10:30:32.2384848Z 
android	Run android-actions/setup-android@v3	2026-08-06T10:30:32.2385774Z 1.2 “Evaluation Software” shall mean MIPS Android™ emulator system images for Android Software Development Kit (SDK), as made available to Recipient.
android	Run android-actions/setup-android@v3	2026-08-06T10:30:32.2386646Z 
android	Run android-actions/setup-android@v3	2026-08-06T10:30:32.2388694Z 1.3 “Evaluation Materials" means, collectively, the Evaluation Software (in source and/or object code form) and documentation (including, without limitation, any design documents, specifications, reference manuals, and other related materials) related to the Evaluation Software as made available to Recipient.
android	Run android-actions/setup-android@v3	2026-08-06T10:30:32.2390246Z 
android	Run android-actions/setup-android@v3	2026-08-06T10:30:32.2394904Z 1.4 “Open Source Software” means any software that requires (as a condition of use, modification and/or distribution of such software) that such software or other software incorporated into, derived from or distributed with such software (a) be disclosed or distributed in source code form; or (b) be licensed by the user to third parties for the purpose of making and/or distributing derivative works; or (c) be redistributable at no charge. Open Source Software includes, without limitation, software licensed or distributed under any of the following licenses or distribution models, or licenses or distribution models substantially similar to any of the following: (a) GNU’s General Public License (GPL) or Lesser/Library GPL (LGPL), (b) the Artistic License (e.g., PERL), (c) the Mozilla Public License, (d) the Netscape Public License, (e) the Sun Community Source License (SCSL), (f) the Sun Industry Source License (SISL), (g) the Apache Software license and (h) the Common Public License (CPL).
android	Run android-actions/setup-android@v3	2026-08-06T10:30:32.2399107Z 
android	Run android-actions/setup-android@v3	2026-08-06T10:30:32.2400414Z 1.5 “Pre-Release Materials” means “alpha” or “beta” designated pre-release features, which may not be fully functional, which MIPS may substantially modify in producing any production version of the Evaluation Materials, and/or which is still under development by MIPS and/or MIPS’ suppliers.
android	Run android-actions/setup-android@v3	2026-08-06T10:30:32.2401629Z 
android	Run android-actions/setup-android@v3	2026-08-06T10:30:32.2403563Z 2. PURPOSE. MIPS desires to make the Evaluation Materials available to Recipient solely for Recipient's internal evaluation of the Evaluation Software to evaluate the desirability of cooperating with MIPS in developing products that are compatible with the Evaluation Software and/or to advise MIPS as to possible modifications to the Evaluation Software. Recipient may not disclose, distribute, modify (except to facilitate the above-mentioned internal evaluation), or make commercial use of the Evaluation Materials or any modifications of the Evaluation Materials.
android	Run android-actions/setup-android@v3	2026-08-06T10:30:32.2405448Z 
android	Run android-actions/setup-android@v3	2026-08-06T10:30:32.2406800Z THE EVALUATION MATERIALS ARE PROVIDED FOR EVALUATION PURPOSES ONLY AND MAY NOT BE MODIFIED (EXCEPT TO FACILITATE THE INTERNAL EVALUATION) OR DISTRIBUTED BY RECIPIENT OR INCORPORATED INTO RECIPIENT’S PRODUCTS OR SOFTWARE. PLEASE CONTACT A MIPS SALES REPRESENTATIVE TO LEARN ABOUT THE AVAILABILITY AND COST OF A COMMERCIAL VERSION OF THE EVALUATION SOFTWARE.
android	Run android-actions/setup-android@v3	2026-08-06T10:30:32.2408334Z 
android	Run android-actions/setup-android@v3	2026-08-06T10:30:32.2409207Z 3. TITLE. Title to the Evaluation Materials remains with MIPS or its suppliers. Recipient shall not mortgage, pledge or encumber the Evaluation Materials in any way. Recipient shall return all Evaluation Materials, keeping no copies, upon termination or expiration of this Agreement.
android	Run android-actions/setup-android@v3	2026-08-06T10:30:32.2410154Z 
android	Run android-actions/setup-android@v3	2026-08-06T10:30:32.2413688Z 4. LICENSE. MIPS grants Recipient a royalty-free, personal, nontransferable, nonexclusive license under its copyrights to use the Evaluation Software only for the purposes described in paragraph 2 above and only for a period beginning on the Effective Date and extending to the first anniversary of the Effective Date (the “Evaluation Period”). Unless otherwise communicated in writing by MIPS to Recipient, to the extent the Evaluation Software is provided in more than one delivery or release (each, a “Release”) the license grant in this Section 4 and the Evaluation Period shall apply to each Release, in which case the Evaluation Period shall begin on the date that the Release is made generally available and continue to the first anniversary of such date. Recipient may not make modifications to the Evaluation Software. Recipient shall not disassemble, reverse-engineer, or decompile any software that is not provided to Recipient in source code form.
android	Run android-actions/setup-android@v3	2026-08-06T10:30:32.2416642Z 
android	Run android-actions/setup-android@v3	2026-08-06T10:30:32.2416648Z 
android	Run android-actions/setup-android@v3	2026-08-06T10:30:32.2417831Z EXCEPT AS PROVIDED HEREIN, NO OTHER LICENSE, EXPRESS OR IMPLIED, BY ESTOPPEL OR OTHERWISE, TO ANY OTHER MIPS INTELLECTUAL PROPERTY RIGHTS IS GRANTED TO THE RECIPIENT. OTHER THAN AS EXPLICITLY SET FORTH IN PARAGRAPH 2 ABOVE, NO RIGHT TO COPY, TO REPRODUCE, TO MODIFY, OR TO CREATE DERIVATIVE WORKS OF, THE EVALUATION MATERIALS IS GRANTED HEREIN.
android	Run android-actions/setup-android@v3	2026-08-06T10:30:32.2418900Z 
android	Run android-actions/setup-android@v3	2026-08-06T10:30:32.2419706Z 5. NO OBLIGATION. Recipient shall have no duty to purchase or license any product from MIPS. MIPS and its suppliers shall have no obligation to provide support for, or develop a non-evaluation version of, the Evaluation Software or to license any version of it.
android	Run android-actions/setup-android@v3	2026-08-06T10:30:32.2420545Z 
android	Run android-actions/setup-android@v3	2026-08-06T10:30:32.2424048Z 6. MODIFICATIONS. This Agreement does not obligate Recipient to provide MIPS with comments or suggestions regarding Evaluation Materials. However, should Recipient provide MIPS with comments or suggestions for the modification, correction, improvement or enhancement of (a) the Evaluation Materials or (b) MIPS products or processes which may embody the Evaluation Materials, then Recipient agrees to grant and hereby grants to MIPS a non-exclusive, irrevocable, worldwide, fully paid-up, royalty-free license, with the right to sublicense MIPS’ licensees and customers, under Recipient’s Intellectual property rights, to use and disclose such comments and suggestions in any manner MIPS chooses and to display, perform, copy, make, have made, use, sell, offer to sell, import, and otherwise dispose of MIPS’ and its sublicensee’s products embodying such comments and suggestions in any manner and via any media MIPS chooses, without reference to the source.
android	Run android-actions/setup-android@v3	2026-08-06T10:30:32.2427671Z 
android	Run android-actions/setup-android@v3	2026-08-06T10:30:32.2429294Z 7. WARRANTY DISCLAIMER. MIPS AND ITS SUPPLIERS MAKE NO WARRANTIES WITH RESPECT TO EVALUATION MATERIALS, EITHER EXPRESS OR IMPLIED, INCLUDING ANY IMPLIED WARRANTIES OF MERCHANTABILITY OR FITNESS FOR A PARTICULAR PURPOSE, OR ANY IMPLIED WARRANTY OF NONINFRINGEMENT WITH RESPECT TO THIRD PARTY INTELLECTUAL PROPERTY. RECIPIENT ACKNOWLEDGES AND AGREES THAT THE EVALUATION MATERIALS ARE PROVIDED “AS IS,” WITHOUT WARRANTY OF ANY KIND.
android	Run android-actions/setup-android@v3	2026-08-06T10:30:32.2430717Z 
android	Run android-actions/setup-android@v3	2026-08-06T10:30:32.2432464Z 8. LIMITATION OF LIABILITY. MIPS AND ITS SUPPLIERS SHALL NOT BE LIABLE FOR ANY PROPERTY DAMAGE, PERSONAL INJURY, LOSS OF PROFITS, INTERRUPTION OF BUSINESS OR FOR ANY DIRECT, INDIRECT, SPECIAL, CONSEQUENTIAL OR INCIDENTAL DAMAGES, HOWEVER CAUSED OR ALLEGED, WHETHER FOR BREACH OF WARRANTY, CONTRACT, STRICT LIABILITY OR OTHERWISE, INCLUDING WITHOUT LIMITATION, UNDER TORT OR OTHER LEGAL THEORY. MIPS AND ITS SUPPLIERS DISCLAIM ANY AND ALL LIABILITY, INCLUDING LIABILITY FOR INFRINGEMENT OF ANY INTELLECTUAL PROPERTY RIGHTS OF ANY KIND RELATING TO THE EVALUATION MATERIALS.
android	Run android-actions/setup-android@v3	2026-08-06T10:30:32.2434239Z 
android	Run android-actions/setup-android@v3	2026-08-06T10:30:32.2434937Z 9. EXPIRATION. MIPS may terminate this Agreement immediately after a breach by Recipient or otherwise at MIPS’ reasonable discretion and upon five (5) business days’ notice to Recipient.
android	Run android-actions/setup-android@v3	2026-08-06T10:30:32.2435571Z 
android	Run android-actions/setup-android@v3	2026-08-06T10:30:32.2435672Z 10. GENERAL.
android	Run android-actions/setup-android@v3	2026-08-06T10:30:32.2435794Z 
android	Run android-actions/setup-android@v3	2026-08-06T10:30:32.2439277Z 10.1 Controlling Law. This Agreement shall be governed by California law excluding its choice of law rules. With the exception of MIPS’ rights to enforce its intellectual property rights and any confidentiality obligations under this Agreement or any licenses distributed with the Evaluation Materials, all disputes and any claims arising under or relating to this Agreement shall be subject to the exclusive jurisdiction and venue of the state and federal courts located in Santa Clara County, California. Each party hereby agrees to jurisdiction and venue in the courts set forth in the preceding sentence. The parties agree that the United Nations Convention on Contracts for the International Sale of Goods is specifically excluded from application to this Agreement. The parties consent to the personal jurisdiction of the above courts.
android	Run android-actions/setup-android@v3	2026-08-06T10:30:32.2441967Z 
android	Run android-actions/setup-android@v3	2026-08-06T10:30:32.2443459Z 10.2 Remedies. Recipient acknowledges and agrees that any breach of confidentiality obligations under this Agreement or any licenses distributed with the Evaluation Materials, as well as any disclosure, commercialization, or public use of the Evaluation Materials, would cause irreparable injury to MIPS, and therefore Recipient agrees to consent to, and hereby consents to, the grant of an injunction by any court of competent jurisdiction in the event of an actual or threatened breach.
android	Run android-actions/setup-android@v3	2026-08-06T10:30:32.2445033Z 
android	Run android-actions/setup-android@v3	2026-08-06T10:30:32.2446945Z 10.3 Assignment. Recipient may not delegate, assign or transfer this Agreement, the license granted or any of Recipient’s rights, obligations, or duties hereunder, expressly, by implication, by operation of law, by way of merger (regardless of whether Recipient is the surviving entity) or acquisition, or otherwise and any attempt to do so, without MIPS’ express prior written consent, shall be ineffective, null and void. MIPS may freely assign this Agreement, and its rights and obligations hereunder, in its sole discretion.
android	Run android-actions/setup-android@v3	2026-08-06T10:30:32.2449539Z 
android	Run android-actions/setup-android@v3	2026-08-06T10:30:32.2451418Z 10.4 Entire Agreement. This Agreement constitutes the entire agreement between Recipient and MIPS and supersedes in their entirety any and all oral or written agreements previously existing between Recipient and MIPS with respect to the subject matter hereof. This Agreement may only be amended or supplemented by a writing that refers explicitly to this Agreement and that is signed or otherwise accepted by duly authorized representatives of Recipient and MIPS.
android	Run android-actions/setup-android@v3	2026-08-06T10:30:32.2453423Z 
android	Run android-actions/setup-android@v3	2026-08-06T10:30:32.2454821Z 10.5 Severability. In the event that any provision of this Agreement is finally adjudicated to be unenforceable or invalid under any applicable law, such unenforceability or invalidity shall not render this Agreement unenforceable or invalid as a whole, and, in such event, such unenforceable or invalid provision shall be interpreted so as to best accomplish the objectives of such provision within the limits of applicable law or applicable court decisions.
android	Run android-actions/setup-android@v3	2026-08-06T10:30:32.2456261Z 
android	Run android-actions/setup-android@v3	2026-08-06T10:30:32.2460883Z 10.6 Export Regulations / Export Control. Recipient shall not export, either directly or indirectly, any product, service or technical data or system incorporating the Evaluation Materials without first obtaining any required license or other necessary approval from the U.S. Department of Commerce or any other governing agency or department of the United States Government. In the event any product is exported from the United States or re-exported from a foreign destination by Recipient, Recipient shall ensure that the distribution and export/re-export or import of the product is in compliance with all applicable laws, regulations, orders, or other restrictions of the U.S. Export Administration Regulations and the appropriate foreign government. Recipient agrees that neither it nor any of its subsidiaries will export/re-export any technical data, process, product, or service, directly or indirectly, to any country for which the United States government or any agency thereof or the foreign government from where it is shipping requires an export license, or other governmental approval, without first obtaining such license or approval. Recipient also agrees to implement measures to ensure that foreign national employees are authorized to receive any information controlled by U.S. export control laws. An export is "deemed" to take place when information is released to a foreign national wherever located.
android	Run android-actions/setup-android@v3	2026-08-06T10:30:32.2465511Z 
android	Run android-actions/setup-android@v3	2026-08-06T10:30:32.2469269Z 10.7 Special Terms for Pre-Release Materials. If so indicated in the description of the Evaluation Software, the Evaluation Software may contain Pre-Release Materials. Recipient hereby understands, acknowledges and agrees that: (i) Pre-Release Materials may not be fully tested and may contain bugs or errors; (ii) Pre-Release materials are not suitable for commercial release in their current state; (iii) regulatory approvals for Pre-Release Materials (such as UL or FCC) have not been obtained, and Pre-Release Materials may therefore not be certified for use in certain countries or environments or may not be suitable for certain applications and (iv) MIPS can provide no assurance that it will ever produce or make generally available a production version of the Pre-Release Materials . MIPS is not under any obligation to develop and/or release or offer for sale or license a final product based upon the Pre-Release Materials and may unilaterally elect to abandon the Pre-Release Materials or any such development platform at any time and without any obligation or liability whatsoever to Recipient or any other person.
android	Run android-actions/setup-android@v3	2026-08-06T10:30:32.2473608Z 
android	Run android-actions/setup-android@v3	2026-08-06T10:30:32.2474453Z ANY PRE-RELEASE MATERIALS ARE NON-QUALIFIED AND, AS SUCH, ARE PROVIDED “AS IS” AND “AS AVAILABLE”, POSSIBLY WITH FAULTS, AND WITHOUT REPRESENTATION OR WARRANTY OF ANY KIND.
android	Run android-actions/setup-android@v3	2026-08-06T10:30:32.2475052Z 
android	Run android-actions/setup-android@v3	2026-08-06T10:30:32.2476998Z 10.8 Open Source Software. In the event Open Source software is included with Evaluation Software, such Open Source software is licensed pursuant to the applicable Open Source software license agreement identified in the Open Source software comments in the applicable source code file(s) and/or file header as indicated in the Evaluation Software. Additional detail may be available (where applicable) in the accompanying on-line documentation. With respect to the Open Source software, nothing in this Agreement limits any rights under, or grants rights that supersede, the terms of any applicable Open Source software license agreement.
android	Run android-actions/setup-android@v3	2026-08-06T10:30:32.2479912Z ---------------------------------------
android	Run android-actions/setup-android@v3	2026-08-06T10:30:32.2480260Z Accept? (y/N): All SDK package licenses accepted
android	Run android-actions/setup-android@v3	2026-08-06T10:30:32.2480490Z 
android	Run android-actions/setup-android@v3	2026-08-06T10:30:32.2480714Z [command]/usr/local/lib/android/sdk/cmdline-tools/16.0/bin/sdkmanager tools
android	Run android-actions/setup-android@v3	2026-08-06T10:30:32.9421431Z Loading package information...                                                  
android	Run android-actions/setup-android@v3	2026-08-06T10:30:33.0404024Z Loading local repository...                                                     
android	Run android-actions/setup-android@v3	2026-08-06T10:30:33.0407032Z [                                       ] 3% Loading local repository...        
android	Run android-actions/setup-android@v3	2026-08-06T10:30:33.0510181Z [                                       ] 3% Fetch remote repository...         
android	Run android-actions/setup-android@v3	2026-08-06T10:30:33.3491637Z [=                                      ] 3% Fetch remote repository...         
android	Run android-actions/setup-android@v3	2026-08-06T10:30:33.4149046Z [=                                      ] 4% Fetch remote repository...         
android	Run android-actions/setup-android@v3	2026-08-06T10:30:33.4490333Z [=                                      ] 5% Fetch remote repository...         
android	Run android-actions/setup-android@v3	2026-08-06T10:30:33.5004581Z [==                                     ] 5% Fetch remote repository...         
android	Run android-actions/setup-android@v3	2026-08-06T10:30:33.5928744Z [==                                     ] 6% Fetch remote repository...         
android	Run android-actions/setup-android@v3	2026-08-06T10:30:33.6646767Z [==                                     ] 7% Fetch remote repository...         
android	Run android-actions/setup-android@v3	2026-08-06T10:30:33.6677894Z [==                                     ] 7% Computing updates...               
android	Run android-actions/setup-android@v3	2026-08-06T10:30:33.6790299Z [===                                    ] 8% Computing updates...               
android	Run android-actions/setup-android@v3	2026-08-06T10:30:33.6981720Z [===                                    ] 10% Computing updates...              
android	Run android-actions/setup-android@v3	2026-08-06T10:30:34.0759202Z [===                                    ] 10% Installing Android Emulator       
android	Run android-actions/setup-android@v3	2026-08-06T10:30:34.3751412Z [===                                    ] 10% Downloading emulator-linux_x64-159
android	Run android-actions/setup-android@v3	2026-08-06T10:30:34.7287598Z [====                                   ] 10% Downloading emulator-linux_x64-159
android	Run android-actions/setup-android@v3	2026-08-06T10:30:34.9134230Z [====                                   ] 11% Downloading emulator-linux_x64-159
android	Run android-actions/setup-android@v3	2026-08-06T10:30:35.1090360Z [====                                   ] 12% Downloading emulator-linux_x64-159
android	Run android-actions/setup-android@v3	2026-08-06T10:30:35.3160920Z [=====                                  ] 13% Downloading emulator-linux_x64-159
android	Run android-actions/setup-android@v3	2026-08-06T10:30:35.4387385Z [=====                                  ] 14% Downloading emulator-linux_x64-159
android	Run android-actions/setup-android@v3	2026-08-06T10:30:35.5242345Z [=====                                  ] 15% Downloading emulator-linux_x64-159
android	Run android-actions/setup-android@v3	2026-08-06T10:30:35.5778816Z [======                                 ] 15% Downloading emulator-linux_x64-159
android	Run android-actions/setup-android@v3	2026-08-06T10:30:35.7195286Z [======                                 ] 16% Downloading emulator-linux_x64-159
android	Run android-actions/setup-android@v3	2026-08-06T10:30:35.8944787Z [======                                 ] 17% Downloading emulator-linux_x64-159
android	Run android-actions/setup-android@v3	2026-08-06T10:30:36.0490465Z [=======                                ] 18% Downloading emulator-linux_x64-159
android	Run android-actions/setup-android@v3	2026-08-06T10:30:36.1839416Z [=======                                ] 19% Downloading emulator-linux_x64-159
android	Run android-actions/setup-android@v3	2026-08-06T10:30:36.2626499Z [=======                                ] 20% Downloading emulator-linux_x64-159
android	Run android-actions/setup-android@v3	2026-08-06T10:30:36.3711387Z [========                               ] 20% Downloading emulator-linux_x64-159
android	Run android-actions/setup-android@v3	2026-08-06T10:30:36.4827357Z [========                               ] 21% Downloading emulator-linux_x64-159
android	Run android-actions/setup-android@v3	2026-08-06T10:30:36.5537606Z [========                               ] 21% Unzipping...                      
android	Run android-actions/setup-android@v3	2026-08-06T10:30:36.5540119Z [========                               ] 21% Unzipping... emulator/            
android	Run android-actions/setup-android@v3	2026-08-06T10:30:36.5540914Z [========                               ] 21% Unzipping... emulator/resources/  
android	Run android-actions/setup-android@v3	2026-08-06T10:30:36.5893350Z [========                               ] 21% Unzipping... emulator/qsn         
android	Run android-actions/setup-android@v3	2026-08-06T10:30:36.6570156Z [========                               ] 21% Unzipping... emulator/emulator    
android	Run android-actions/setup-android@v3	2026-08-06T10:30:36.6860182Z [========                               ] 21% Unzipping... emulator/netsimd     
android	Run android-actions/setup-android@v3	2026-08-06T10:30:36.7713397Z [========                               ] 22% Unzipping... emulator/netsimd     
android	Run android-actions/setup-android@v3	2026-08-06T10:30:36.7714113Z [========                               ] 22% Unzipping... emulator/bin64/      
android	Run android-actions/setup-android@v3	2026-08-06T10:30:36.7715254Z [========                               ] 22% Unzipping... emulator/qemu/       
android	Run android-actions/setup-android@v3	2026-08-06T10:30:36.7733133Z [========                               ] 22% Unzipping... emulator/NOTICE.txt  
android	Run android-actions/setup-android@v3	2026-08-06T10:30:36.7921459Z [========                               ] 22% Unzipping... emulator/crashpad_han
android	Run android-actions/setup-android@v3	2026-08-06T10:30:36.7926800Z [========                               ] 22% Unzipping... emulator/source.prope
android	Run android-actions/setup-android@v3	2026-08-06T10:30:36.8585769Z [========                               ] 22% Unzipping... emulator/nimble_bridg
android	Run android-actions/setup-android@v3	2026-08-06T10:30:36.8588634Z [========                               ] 22% Unzipping... emulator/LICENSE     
android	Run android-actions/setup-android@v3	2026-08-06T10:30:36.8589940Z [========                               ] 22% Unzipping... emulator/lib/        
android	Run android-actions/setup-android@v3	2026-08-06T10:30:36.8681369Z [========                               ] 22% Unzipping... emulator/qemu-img    
android	Run android-actions/setup-android@v3	2026-08-06T10:30:36.8682424Z [========                               ] 22% Unzipping... emulator/include/    
android	Run android-actions/setup-android@v3	2026-08-06T10:30:36.8686184Z [========                               ] 22% Unzipping... emulator/NOTICE.csv  
android	Run android-actions/setup-android@v3	2026-08-06T10:30:36.8688349Z [========                               ] 22% Unzipping... emulator/lib64/      
android	Run android-actions/setup-android@v3	2026-08-06T10:30:36.8865856Z [========                               ] 22% Unzipping... emulator/emulator-che
android	Run android-actions/setup-android@v3	2026-08-06T10:30:36.9079765Z [========                               ] 22% Unzipping... emulator/crashreport 
android	Run android-actions/setup-android@v3	2026-08-06T10:30:36.9085336Z [========                               ] 22% Unzipping... emulator/mksdcard    
android	Run android-actions/setup-android@v3	2026-08-06T10:30:36.9288644Z [========                               ] 22% Unzipping... emulator/resources/To
android	Run android-actions/setup-android@v3	2026-08-06T10:30:36.9306013Z [========                               ] 22% Unzipping... emulator/resources/de
android	Run android-actions/setup-android@v3	2026-08-06T10:30:36.9444325Z [========                               ] 22% Unzipping... emulator/resources/To
android	Run android-actions/setup-android@v3	2026-08-06T10:30:36.9445378Z [========                               ] 22% Unzipping... emulator/resources/ma
android	Run android-actions/setup-android@v3	2026-08-06T10:30:36.9471838Z [========                               ] 22% Unzipping... emulator/resources/de
android	Run android-actions/setup-android@v3	2026-08-06T10:30:36.9472724Z [========                               ] 22% Unzipping... emulator/resources/sk
android	Run android-actions/setup-android@v3	2026-08-06T10:30:36.9508418Z [========                               ] 22% Unzipping... emulator/resources/de
android	Run android-actions/setup-android@v3	2026-08-06T10:30:36.9509124Z [========                               ] 22% Unzipping... emulator/resources/ma
android	Run android-actions/setup-android@v3	2026-08-06T10:30:36.9521696Z [========                               ] 22% Unzipping... emulator/resources/po
android	Run android-actions/setup-android@v3	2026-08-06T10:30:36.9598691Z [========                               ] 22% Unzipping... emulator/resources/ma
android	Run android-actions/setup-android@v3	2026-08-06T10:30:36.9659324Z [========                               ] 22% Unzipping... emulator/resources/sk
android	Run android-actions/setup-android@v3	2026-08-06T10:30:36.9674855Z [========                               ] 22% Unzipping... emulator/resources/ma
android	Run android-actions/setup-android@v3	2026-08-06T10:30:36.9712698Z [========                               ] 22% Unzipping... emulator/bin64/e2fsck
android	Run android-actions/setup-android@v3	2026-08-06T10:30:36.9751056Z [========                               ] 22% Unzipping... emulator/bin64/fsck.e
android	Run android-actions/setup-android@v3	2026-08-06T10:30:36.9774800Z [========                               ] 22% Unzipping... emulator/bin64/tune2f
android	Run android-actions/setup-android@v3	2026-08-06T10:30:36.9789953Z [========                               ] 22% Unzipping... emulator/bin64/resize
android	Run android-actions/setup-android@v3	2026-08-06T10:30:36.9816640Z [========                               ] 22% Unzipping... emulator/bin64/mkfs.e
android	Run android-actions/setup-android@v3	2026-08-06T10:30:36.9924530Z [========                               ] 22% Unzipping... emulator/qemu/linux-x
android	Run android-actions/setup-android@v3	2026-08-06T10:30:37.3876778Z [=========                              ] 23% Unzipping... emulator/qemu/linux-x
android	Run android-actions/setup-android@v3	2026-08-06T10:30:37.7539920Z [=========                              ] 24% Unzipping... emulator/qemu/linux-x
android	Run android-actions/setup-android@v3	2026-08-06T10:30:37.9314902Z [=========                              ] 25% Unzipping... emulator/qemu/linux-x
android	Run android-actions/setup-android@v3	2026-08-06T10:30:38.1179960Z [==========                             ] 25% Unzipping... emulator/qemu/linux-x
android	Run android-actions/setup-android@v3	2026-08-06T10:30:38.1183583Z [==========                             ] 25% Unzipping... emulator/lib/emulator
android	Run android-actions/setup-android@v3	2026-08-06T10:30:38.1186074Z [==========                             ] 25% Unzipping... emulator/lib/rtc_serv
android	Run android-actions/setup-android@v3	2026-08-06T10:30:38.1190867Z [==========                             ] 25% Unzipping... emulator/lib/advanced
android	Run android-actions/setup-android@v3	2026-08-06T10:30:38.1191540Z [==========                             ] 25% Unzipping... emulator/lib/cmake/  
android	Run android-actions/setup-android@v3	2026-08-06T10:30:38.1195202Z [==========                             ] 25% Unzipping... emulator/lib/emulator
android	Run android-actions/setup-android@v3	2026-08-06T10:30:38.1198242Z [==========                             ] 25% Unzipping... emulator/lib/control_
android	Run android-actions/setup-android@v3	2026-08-06T10:30:38.1200802Z [==========                             ] 25% Unzipping... emulator/lib/emulated
android	Run android-actions/setup-android@v3	2026-08-06T10:30:38.1203694Z [==========                             ] 25% Unzipping... emulator/lib/rtc_serv
android	Run android-actions/setup-android@v3	2026-08-06T10:30:38.1213226Z [==========                             ] 25% Unzipping... emulator/lib/emu-orig
android	Run android-actions/setup-android@v3	2026-08-06T10:30:38.1213847Z [==========                             ] 25% Unzipping... emulator/lib/hardware
android	Run android-actions/setup-android@v3	2026-08-06T10:30:38.1214227Z [==========                             ] 25% Unzipping... emulator/lib/pkgconfi
android	Run android-actions/setup-android@v3	2026-08-06T10:30:38.1214808Z [==========                             ] 25% Unzipping... emulator/lib/pc-bios/
android	Run android-actions/setup-android@v3	2026-08-06T10:30:38.1216521Z [==========                             ] 25% Unzipping... emulator/lib/snapshot
android	Run android-actions/setup-android@v3	2026-08-06T10:30:38.1220556Z [==========                             ] 25% Unzipping... emulator/lib/adb_serv
android	Run android-actions/setup-android@v3	2026-08-06T10:30:38.1227033Z [==========                             ] 25% Unzipping... emulator/lib/hostapd.
android	Run android-actions/setup-android@v3	2026-08-06T10:30:38.1230631Z [==========                             ] 25% Unzipping... emulator/lib/grpc_end
android	Run android-actions/setup-android@v3	2026-08-06T10:30:38.1251592Z [==========                             ] 25% Unzipping... emulator/lib/ca-bundl
android	Run android-actions/setup-android@v3	2026-08-06T10:30:38.1255183Z [==========                             ] 25% Unzipping... emulator/lib/ui_contr
android	Run android-actions/setup-android@v3	2026-08-06T10:30:38.1258491Z [==========                             ] 25% Unzipping... emulator/lib/snapshot
android	Run android-actions/setup-android@v3	2026-08-06T10:30:38.1261796Z [==========                             ] 25% Unzipping... emulator/lib/ice_conf
android	Run android-actions/setup-android@v3	2026-08-06T10:30:38.1413620Z [==========                             ] 25% Unzipping... emulator/lib/libflatb
android	Run android-actions/setup-android@v3	2026-08-06T10:30:38.1621402Z [==========                             ] 26% Unzipping... emulator/lib/libflatb
android	Run android-actions/setup-android@v3	2026-08-06T10:30:38.1630225Z [==========                             ] 26% Unzipping... emulator/lib/emulator
android	Run android-actions/setup-android@v3	2026-08-06T10:30:38.1641988Z [==========                             ] 26% Unzipping... emulator/lib/waterfal
android	Run android-actions/setup-android@v3	2026-08-06T10:30:38.1642944Z [==========                             ] 26% Unzipping... emulator/lib/emulated
android	Run android-actions/setup-android@v3	2026-08-06T10:30:38.1668078Z [==========                             ] 26% Unzipping... emulator/lib/cmake/fl
android	Run android-actions/setup-android@v3	2026-08-06T10:30:38.1669021Z [==========                             ] 26% Unzipping... emulator/lib/pkgconfi
android	Run android-actions/setup-android@v3	2026-08-06T10:30:38.1872096Z [==========                             ] 26% Unzipping... emulator/lib/pc-bios/
android	Run android-actions/setup-android@v3	2026-08-06T10:30:38.1952253Z [==========                             ] 26% Unzipping... emulator/include/flat
android	Run android-actions/setup-android@v3	2026-08-06T10:30:38.2030391Z [==========                             ] 26% Unzipping... emulator/lib64/libgli
android	Run android-actions/setup-android@v3	2026-08-06T10:30:38.2163716Z [==========                             ] 26% Unzipping... emulator/lib64/libpro
android	Run android-actions/setup-android@v3	2026-08-06T10:30:38.2164800Z [==========                             ] 26% Unzipping... emulator/lib64/qt/   
android	Run android-actions/setup-android@v3	2026-08-06T10:30:38.2608142Z [==========                             ] 26% Unzipping... emulator/lib64/liband
android	Run android-actions/setup-android@v3	2026-08-06T10:30:38.3360536Z [==========                             ] 26% Unzipping... emulator/lib64/libgfx
android	Run android-actions/setup-android@v3	2026-08-06T10:30:38.3361265Z [==========                             ] 26% Unzipping... emulator/lib64/gles_l
android	Run android-actions/setup-android@v3	2026-08-06T10:30:38.3369666Z [==========                             ] 26% Unzipping... emulator/lib64/liband
android	Run android-actions/setup-android@v3	2026-08-06T10:30:38.3371304Z [==========                             ] 26% Unzipping... emulator/lib64/vulkan
android	Run android-actions/setup-android@v3	2026-08-06T10:30:38.3371695Z [==========                             ] 26% Unzipping... emulator/lib64/gles_s
android	Run android-actions/setup-android@v3	2026-08-06T10:30:38.3376213Z [==========                             ] 26% Unzipping... emulator/lib64/libemu
android	Run android-actions/setup-android@v3	2026-08-06T10:30:38.3514075Z [==========                             ] 26% Unzipping... emulator/lib64/libpro
android	Run android-actions/setup-android@v3	2026-08-06T10:30:38.5187850Z [==========                             ] 26% Unzipping... emulator/lib64/liband
android	Run android-actions/setup-android@v3	2026-08-06T10:30:38.5208400Z [==========                             ] 26% Unzipping... emulator/lib64/libtcm
android	Run android-actions/setup-android@v3	2026-08-06T10:30:38.5211969Z [==========                             ] 26% Unzipping... emulator/lib64/libima
android	Run android-actions/setup-android@v3	2026-08-06T10:30:38.5284984Z [==========                             ] 26% Unzipping... emulator/lib64/libc++
android	Run android-actions/setup-android@v3	2026-08-06T10:30:38.5576608Z [==========                             ] 26% Unzipping... emulator/lib64/liband
android	Run android-actions/setup-android@v3	2026-08-06T10:30:38.5647994Z [==========                             ] 26% Unzipping... emulator/lib64/libabs
android	Run android-actions/setup-android@v3	2026-08-06T10:30:38.5648748Z [==========                             ] 26% Unzipping... emulator/lib64/gles_a
android	Run android-actions/setup-android@v3	2026-08-06T10:30:38.5751267Z [==========                             ] 26% Unzipping... emulator/lib64/libsha
android	Run android-actions/setup-android@v3	2026-08-06T10:30:38.5829318Z [==========                             ] 26% Unzipping... emulator/lib64/libc++
android	Run android-actions/setup-android@v3	2026-08-06T10:30:38.5830098Z [==========                             ] 26% Unzipping... emulator/lib64/qt/res
android	Run android-actions/setup-android@v3	2026-08-06T10:30:38.5830786Z [==========                             ] 26% Unzipping... emulator/lib64/qt/lib
android	Run android-actions/setup-android@v3	2026-08-06T10:30:38.5836931Z [==========                             ] 26% Unzipping... emulator/lib64/qt/tra
android	Run android-actions/setup-android@v3	2026-08-06T10:30:38.5837981Z [==========                             ] 26% Unzipping... emulator/lib64/qt/plu
android	Run android-actions/setup-android@v3	2026-08-06T10:30:38.5852092Z [==========                             ] 26% Unzipping... emulator/lib64/qt/res
android	Run android-actions/setup-android@v3	2026-08-06T10:30:38.6676671Z [==========                             ] 27% Unzipping... emulator/lib64/qt/res
android	Run android-actions/setup-android@v3	2026-08-06T10:30:38.7476958Z [==========                             ] 27% Unzipping... emulator/lib64/qt/lib
android	Run android-actions/setup-android@v3	2026-08-06T10:30:39.1751774Z [===========                            ] 28% Unzipping... emulator/lib64/qt/lib
android	Run android-actions/setup-android@v3	2026-08-06T10:30:39.6118766Z [===========                            ] 29% Unzipping... emulator/lib64/qt/lib
android	Run android-actions/setup-android@v3	2026-08-06T10:30:39.8022967Z [===========                            ] 30% Unzipping... emulator/lib64/qt/lib
android	Run android-actions/setup-android@v3	2026-08-06T10:30:39.9731911Z [============                           ] 30% Unzipping... emulator/lib64/qt/lib
android	Run android-actions/setup-android@v3	2026-08-06T10:30:40.0327792Z [============                           ] 30% Unzipping... emulator/lib64/qt/tra
android	Run android-actions/setup-android@v3	2026-08-06T10:30:40.0925555Z [============                           ] 31% Unzipping... emulator/lib64/qt/tra
android	Run android-actions/setup-android@v3	2026-08-06T10:30:40.1058001Z [============                           ] 31% Unzipping... emulator/lib64/qt/plu
android	Run android-actions/setup-android@v3	2026-08-06T10:30:40.1990074Z [============                           ] 31% Unzipping... emulator/lib64/gles_l
android	Run android-actions/setup-android@v3	2026-08-06T10:30:40.4474032Z [============                           ] 31% Unzipping... emulator/lib64/vulkan
android	Run android-actions/setup-android@v3	2026-08-06T10:30:40.8143148Z [============                           ] 32% Unzipping... emulator/lib64/vulkan
android	Run android-actions/setup-android@v3	2026-08-06T10:30:40.8883482Z [============                           ] 32% Unzipping... emulator/lib64/gles_s
android	Run android-actions/setup-android@v3	2026-08-06T10:30:40.9518907Z [============                           ] 32% Unzipping... emulator/lib64/gles_a
android	Run android-actions/setup-android@v3	2026-08-06T10:30:41.1071519Z [=============                          ] 33% Unzipping... emulator/lib64/gles_a
android	Run android-actions/setup-android@v3	2026-08-06T10:30:41.4480190Z [=====================                  ] 55% Unzipping... emulator/lib64/gles_a
android	Run android-actions/setup-android@v3	2026-08-06T10:30:41.4741461Z [=====================                  ] 55% Installing Android SDK Tools emula
android	Run android-actions/setup-android@v3	2026-08-06T10:30:41.4855834Z [=====================                  ] 55% Downloading sdk-tools-linux-433379
android	Run android-actions/setup-android@v3	2026-08-06T10:30:41.5163583Z [======================                 ] 55% Downloading sdk-tools-linux-433379
android	Run android-actions/setup-android@v3	2026-08-06T10:30:41.5756681Z [======================                 ] 56% Downloading sdk-tools-linux-433379
android	Run android-actions/setup-android@v3	2026-08-06T10:30:41.6254455Z [======================                 ] 57% Downloading sdk-tools-linux-433379
android	Run android-actions/setup-android@v3	2026-08-06T10:30:41.6626509Z [=======================                ] 58% Downloading sdk-tools-linux-433379
android	Run android-actions/setup-android@v3	2026-08-06T10:30:41.7213964Z [=======================                ] 59% Downloading sdk-tools-linux-433379
android	Run android-actions/setup-android@v3	2026-08-06T10:30:41.7472995Z [=======================                ] 60% Downloading sdk-tools-linux-433379
android	Run android-actions/setup-android@v3	2026-08-06T10:30:41.7750611Z [========================               ] 60% Downloading sdk-tools-linux-433379
android	Run android-actions/setup-android@v3	2026-08-06T10:30:41.8366354Z [========================               ] 61% Downloading sdk-tools-linux-433379
android	Run android-actions/setup-android@v3	2026-08-06T10:30:41.9144773Z [========================               ] 62% Downloading sdk-tools-linux-433379
android	Run android-actions/setup-android@v3	2026-08-06T10:30:41.9818833Z [=========================              ] 63% Downloading sdk-tools-linux-433379
android	Run android-actions/setup-android@v3	2026-08-06T10:30:42.0549135Z [=========================              ] 64% Downloading sdk-tools-linux-433379
android	Run android-actions/setup-android@v3	2026-08-06T10:30:42.0865343Z [=========================              ] 65% Downloading sdk-tools-linux-433379
android	Run android-actions/setup-android@v3	2026-08-06T10:30:42.1189343Z [==========================             ] 65% Downloading sdk-tools-linux-433379
android	Run android-actions/setup-android@v3	2026-08-06T10:30:42.1544613Z [==========================             ] 66% Downloading sdk-tools-linux-433379
android	Run android-actions/setup-android@v3	2026-08-06T10:30:42.2050190Z [==========================             ] 66% Unzipping... emulator/lib64/gles_a
android	Run android-actions/setup-android@v3	2026-08-06T10:30:42.2051188Z [==========================             ] 66% Unzipping... tools/               
android	Run android-actions/setup-android@v3	2026-08-06T10:30:42.2051984Z [==========================             ] 66% Unzipping... tools/proguard/      
android	Run android-actions/setup-android@v3	2026-08-06T10:30:42.2053027Z [==========================             ] 66% Unzipping... tools/proguard/licens
android	Run android-actions/setup-android@v3	2026-08-06T10:30:42.2054768Z [==========================             ] 66% Unzipping... tools/proguard/lib/  
android	Run android-actions/setup-android@v3	2026-08-06T10:30:42.2105731Z [==========================             ] 66% Unzipping... tools/proguard/lib/pr
android	Run android-actions/setup-android@v3	2026-08-06T10:30:42.2107973Z [==========================             ] 66% Unzipping... tools/proguard/lib/re
android	Run android-actions/setup-android@v3	2026-08-06T10:30:42.2119364Z [==========================             ] 66% Unzipping... tools/proguard/lib/pr
android	Run android-actions/setup-android@v3	2026-08-06T10:30:42.2128392Z [==========================             ] 66% Unzipping... tools/proguard/ant/  
android	Run android-actions/setup-android@v3	2026-08-06T10:30:42.2128812Z [==========================             ] 66% Unzipping... tools/proguard/ant/ta
android	Run android-actions/setup-android@v3	2026-08-06T10:30:42.2129222Z [==========================             ] 66% Unzipping... tools/proguard/docs/ 
android	Run android-actions/setup-android@v3	2026-08-06T10:30:42.2129579Z [==========================             ] 66% Unzipping... tools/proguard/docs/f
android	Run android-actions/setup-android@v3	2026-08-06T10:30:42.2134757Z [==========================             ] 66% Unzipping... tools/proguard/docs/s
android	Run android-actions/setup-android@v3	2026-08-06T10:30:42.2136429Z [==========================             ] 66% Unzipping... tools/proguard/docs/d
android	Run android-actions/setup-android@v3	2026-08-06T10:30:42.2139853Z [==========================             ] 66% Unzipping... tools/proguard/docs/s
android	Run android-actions/setup-android@v3	2026-08-06T10:30:42.2142792Z [==========================             ] 66% Unzipping... tools/proguard/docs/F
android	Run android-actions/setup-android@v3	2026-08-06T10:30:42.2147549Z [==========================             ] 66% Unzipping... tools/proguard/docs/s
android	Run android-actions/setup-android@v3	2026-08-06T10:30:42.2150014Z [==========================             ] 66% Unzipping... tools/proguard/docs/l
android	Run android-actions/setup-android@v3	2026-08-06T10:30:42.2154057Z [==========================             ] 66% Unzipping... tools/proguard/docs/s
android	Run android-actions/setup-android@v3	2026-08-06T10:30:42.2158136Z [==========================             ] 66% Unzipping... tools/proguard/docs/d
android	Run android-actions/setup-android@v3	2026-08-06T10:30:42.2164678Z [==========================             ] 66% Unzipping... tools/proguard/docs/s
android	Run android-actions/setup-android@v3	2026-08-06T10:30:42.2167028Z [==========================             ] 66% Unzipping... tools/proguard/docs/r
android	Run android-actions/setup-android@v3	2026-08-06T10:30:42.2169284Z [==========================             ] 66% Unzipping... tools/proguard/docs/d
android	Run android-actions/setup-android@v3	2026-08-06T10:30:42.2171573Z [==========================             ] 66% Unzipping... tools/proguard/docs/t
android	Run android-actions/setup-android@v3	2026-08-06T10:30:42.2173881Z [==========================             ] 66% Unzipping... tools/proguard/docs/f
android	Run android-actions/setup-android@v3	2026-08-06T10:30:42.2177860Z [==========================             ] 66% Unzipping... tools/proguard/docs/s
android	Run android-actions/setup-android@v3	2026-08-06T10:30:42.2180121Z [==========================             ] 66% Unzipping... tools/proguard/docs/t
android	Run android-actions/setup-android@v3	2026-08-06T10:30:42.2182129Z [==========================             ] 66% Unzipping... tools/proguard/docs/i
android	Run android-actions/setup-android@v3	2026-08-06T10:30:42.2185862Z [==========================             ] 66% Unzipping... tools/proguard/docs/s
android	Run android-actions/setup-android@v3	2026-08-06T10:30:42.2187732Z [==========================             ] 66% Unzipping... tools/proguard/docs/m
android	Run android-actions/setup-android@v3	2026-08-06T10:30:42.2190084Z [==========================             ] 66% Unzipping... tools/proguard/docs/s
android	Run android-actions/setup-android@v3	2026-08-06T10:30:42.2191763Z [==========================             ] 66% Unzipping... tools/proguard/docs/q
android	Run android-actions/setup-android@v3	2026-08-06T10:30:42.2194736Z [==========================             ] 66% Unzipping... tools/proguard/docs/G
android	Run android-actions/setup-android@v3	2026-08-06T10:30:42.2196299Z [==========================             ] 66% Unzipping... tools/proguard/docs/t
android	Run android-actions/setup-android@v3	2026-08-06T10:30:42.2209658Z [==========================             ] 66% Unzipping... tools/proguard/docs/s
android	Run android-actions/setup-android@v3	2026-08-06T10:30:42.2250798Z [==========================             ] 66% Unzipping... tools/proguard/docs/m
android	Run android-actions/setup-android@v3	2026-08-06T10:30:42.2253505Z [==========================             ] 66% Unzipping... tools/proguard/docs/s
android	Run android-actions/setup-android@v3	2026-08-06T10:30:42.2256618Z [==========================             ] 66% Unzipping... tools/proguard/docs/G
android	Run android-actions/setup-android@v3	2026-08-06T10:30:42.2260141Z [==========================             ] 66% Unzipping... tools/proguard/docs/c
android	Run android-actions/setup-android@v3	2026-08-06T10:30:42.2266669Z [==========================             ] 66% Unzipping... tools/proguard/docs/a
android	Run android-actions/setup-android@v3	2026-08-06T10:30:42.2277608Z [==========================             ] 66% Unzipping... tools/proguard/docs/s
android	Run android-actions/setup-android@v3	2026-08-06T10:30:42.2281427Z [==========================             ] 66% Unzipping... tools/proguard/docs/d
android	Run android-actions/setup-android@v3	2026-08-06T10:30:42.2368526Z [==========================             ] 66% Unzipping... tools/proguard/exampl
android	Run android-actions/setup-android@v3	2026-08-06T10:30:42.2369464Z [==========================             ] 66% Unzipping... tools/proguard/bin/  
android	Run android-actions/setup-android@v3	2026-08-06T10:30:42.2377023Z [==========================             ] 66% Unzipping... tools/proguard/bin/pr
android	Run android-actions/setup-android@v3	2026-08-06T10:30:42.2379225Z [==========================             ] 66% Unzipping... tools/proguard/bin/re
android	Run android-actions/setup-android@v3	2026-08-06T10:30:42.2381804Z [==========================             ] 66% Unzipping... tools/proguard/README
android	Run android-actions/setup-android@v3	2026-08-06T10:30:42.2389500Z [==========================             ] 66% Unzipping... tools/proguard/progua
android	Run android-actions/setup-android@v3	2026-08-06T10:30:42.2390330Z [==========================             ] 66% Unzipping... tools/lib/           
android	Run android-actions/setup-android@v3	2026-08-06T10:30:42.2438313Z [==========================             ] 66% Unzipping... tools/lib/bcpkix-jdk1
android	Run android-actions/setup-android@v3	2026-08-06T10:30:42.2446398Z [==========================             ] 66% Unzipping... tools/lib/org-eclipse
android	Run android-actions/setup-android@v3	2026-08-06T10:30:42.2459795Z [==========================             ] 66% Unzipping... tools/lib/manifest-me
android	Run android-actions/setup-android@v3	2026-08-06T10:30:42.2465609Z [==========================             ] 66% Unzipping... tools/lib/jcommander-
android	Run android-actions/setup-android@v3	2026-08-06T10:30:42.2481193Z [==========================             ] 66% Unzipping... tools/lib/gson-2.3.ja
android	Run android-actions/setup-android@v3	2026-08-06T10:30:42.2488304Z [==========================             ] 66% Unzipping... tools/lib/ddms-26.0.0
android	Run android-actions/setup-android@v3	2026-08-06T10:30:42.2489205Z [==========================             ] 66% Unzipping... tools/lib/asm-tree-5.
android	Run android-actions/setup-android@v3	2026-08-06T10:30:42.2548190Z [==========================             ] 66% Unzipping... tools/lib/uast-26.0.0
android	Run android-actions/setup-android@v3	2026-08-06T10:30:42.2558807Z [==========================             ] 66% Unzipping... tools/lib/dexlib2-2.2
android	Run android-actions/setup-android@v3	2026-08-06T10:30:42.2609914Z [==========================             ] 67% Unzipping... tools/lib/dexlib2-2.2
android	Run android-actions/setup-android@v3	2026-08-06T10:30:42.2613064Z [==========================             ] 67% Unzipping... tools/lib/android.el 
android	Run android-actions/setup-android@v3	2026-08-06T10:30:42.2618584Z [==========================             ] 67% Unzipping... tools/lib/apkanalyzer
android	Run android-actions/setup-android@v3	2026-08-06T10:30:42.2764794Z [==========================             ] 67% Unzipping... tools/lib/guava-22.0.
android	Run android-actions/setup-android@v3	2026-08-06T10:30:42.2795069Z [==========================             ] 67% Unzipping... tools/lib/lint-api-26
android	Run android-actions/setup-android@v3	2026-08-06T10:30:42.2804316Z [==========================             ] 67% Unzipping... tools/lib/baksmali-2.
android	Run android-actions/setup-android@v3	2026-08-06T10:30:42.2807732Z [==========================             ] 67% Unzipping... tools/lib/shared.jar 
android	Run android-actions/setup-android@v3	2026-08-06T10:30:42.2813967Z [==========================             ] 67% Unzipping... tools/lib/jsr305-1.3.
android	Run android-actions/setup-android@v3	2026-08-06T10:30:42.2839653Z [==========================             ] 67% Unzipping... tools/lib/httpclient-
android	Run android-actions/setup-android@v3	2026-08-06T10:30:42.2956423Z [==========================             ] 67% Unzipping... tools/lib/ecj-4.6.1.j
android	Run android-actions/setup-android@v3	2026-08-06T10:30:42.2960392Z [==========================             ] 67% Unzipping... tools/lib/jobb-26.0.0
android	Run android-actions/setup-android@v3	2026-08-06T10:30:42.2980626Z [==========================             ] 67% Unzipping... tools/lib/jcommon-1.0
android	Run android-actions/setup-android@v3	2026-08-06T10:30:42.2985254Z [==========================             ] 67% Unzipping... tools/lib/kxml2-2.3.0
android	Run android-actions/setup-android@v3	2026-08-06T10:30:42.3053775Z [==========================             ] 67% Unzipping... tools/lib/jfreechart-
android	Run android-actions/setup-android@v3	2026-08-06T10:30:42.3066286Z [==========================             ] 67% Unzipping... tools/lib/common-26.0
android	Run android-actions/setup-android@v3	2026-08-06T10:30:42.3125478Z [==========================             ] 67% Unzipping... tools/lib/lint-checks
android	Run android-actions/setup-android@v3	2026-08-06T10:30:42.3246770Z [==========================             ] 67% Unzipping... tools/lib/kotlin-refl
android	Run android-actions/setup-android@v3	2026-08-06T10:30:42.3250517Z [==========================             ] 67% Unzipping... tools/lib/builder-mod
android	Run android-actions/setup-android@v3	2026-08-06T10:30:42.3291151Z [==========================             ] 67% Unzipping... tools/lib/sdklib-26.0
android	Run android-actions/setup-android@v3	2026-08-06T10:30:42.3298157Z [==========================             ] 67% Unzipping... tools/lib/layoutlib-a
android	Run android-actions/setup-android@v3	2026-08-06T10:30:42.3301974Z [==========================             ] 67% Unzipping... tools/lib/annotations
android	Run android-actions/setup-android@v3	2026-08-06T10:30:42.3310638Z [==========================             ] 67% Unzipping... tools/lib/fat32lib.ja
android	Run android-actions/setup-android@v3	2026-08-06T10:30:42.3312430Z [==========================             ] 67% Unzipping... tools/lib/jsr305-3.0.
android	Run android-actions/setup-android@v3	2026-08-06T10:30:42.3376353Z [==========================             ] 67% Unzipping... tools/lib/org-eclipse
android	Run android-actions/setup-android@v3	2026-08-06T10:30:42.3382437Z [==========================             ] 67% Unzipping... tools/lib/error_prone
android	Run android-actions/setup-android@v3	2026-08-06T10:30:42.3383017Z [==========================             ] 67% Unzipping... tools/lib/org-eclipse
android	Run android-actions/setup-android@v3	2026-08-06T10:30:42.3384413Z [==========================             ] 67% Unzipping... tools/lib/animal-snif
android	Run android-actions/setup-android@v3	2026-08-06T10:30:42.3423065Z [==========================             ] 67% Unzipping... tools/lib/asset-studi
android	Run android-actions/setup-android@v3	2026-08-06T10:30:42.3452196Z [===========================            ] 68% Unzipping... tools/lib/asset-studi
android	Run android-actions/setup-android@v3	2026-08-06T10:30:42.3465706Z [===========================            ] 68% Unzipping... tools/lib/repository-
android	Run android-actions/setup-android@v3	2026-08-06T10:30:42.3469360Z [===========================            ] 68% Unzipping... tools/lib/dvlib-26.0.
android	Run android-actions/setup-android@v3	2026-08-06T10:30:42.3499896Z [===========================            ] 68% Unzipping... tools/lib/jsilver-1.0
android	Run android-actions/setup-android@v3	2026-08-06T10:30:42.3504982Z [===========================            ] 68% Unzipping... tools/lib/asm-5.1.jar
android	Run android-actions/setup-android@v3	2026-08-06T10:30:42.3507899Z [===========================            ] 68% Unzipping... tools/lib/devices.xml
android	Run android-actions/setup-android@v3	2026-08-06T10:30:42.3511162Z [===========================            ] 68% Unzipping... tools/lib/asm-analysi
android	Run android-actions/setup-android@v3	2026-08-06T10:30:42.3534486Z [===========================            ] 68% Unzipping... tools/lib/hierarchyvi
android	Run android-actions/setup-android@v3	2026-08-06T10:30:42.3554242Z [===========================            ] 68% Unzipping... tools/lib/monkeyrunne
android	Run android-actions/setup-android@v3	2026-08-06T10:30:42.3555033Z [===========================            ] 68% Unzipping... tools/lib/uiautomator
android	Run android-actions/setup-android@v3	2026-08-06T10:30:42.3555957Z [===========================            ] 68% Unzipping... tools/lib/archquery-2
android	Run android-actions/setup-android@v3	2026-08-06T10:30:42.3556704Z [===========================            ] 68% Unzipping... tools/lib/chimpchat-2
android	Run android-actions/setup-android@v3	2026-08-06T10:30:42.3574825Z [===========================            ] 68% Unzipping... tools/lib/explainer.j
android	Run android-actions/setup-android@v3	2026-08-06T10:30:42.3586669Z [===========================            ] 68% Unzipping... tools/lib/ddmlib-26.0
android	Run android-actions/setup-android@v3	2026-08-06T10:30:42.3588115Z [===========================            ] 68% Unzipping... tools/lib/swtmenubar-
android	Run android-actions/setup-android@v3	2026-08-06T10:30:42.3684259Z [===========================            ] 68% Unzipping... tools/lib/osgi-4.0.0.
android	Run android-actions/setup-android@v3	2026-08-06T10:30:42.3685222Z [===========================            ] 68% Unzipping... tools/lib/x86_64/    
android	Run android-actions/setup-android@v3	2026-08-06T10:30:42.3761556Z [===========================            ] 68% Unzipping... tools/lib/x86_64/swt.
android	Run android-actions/setup-android@v3	2026-08-06T10:30:42.4220286Z [===========================            ] 68% Unzipping... tools/lib/monitor-x86
android	Run android-actions/setup-android@v3	2026-08-06T10:30:42.5036680Z [===========================            ] 69% Unzipping... tools/lib/monitor-x86
android	Run android-actions/setup-android@v3	2026-08-06T10:30:42.5500489Z [===========================            ] 70% Unzipping... tools/lib/monitor-x86
android	Run android-actions/setup-android@v3	2026-08-06T10:30:42.5931817Z [============================           ] 70% Unzipping... tools/lib/monitor-x86
android	Run android-actions/setup-android@v3	2026-08-06T10:30:42.7464410Z [============================           ] 71% Unzipping... tools/lib/monitor-x86
android	Run android-actions/setup-android@v3	2026-08-06T10:30:42.7465913Z [============================           ] 71% Unzipping... tools/lib/httpmime-4.
android	Run android-actions/setup-android@v3	2026-08-06T10:30:42.7468179Z [============================           ] 71% Unzipping... tools/lib/annotations
android	Run android-actions/setup-android@v3	2026-08-06T10:30:42.7482530Z [============================           ] 71% Unzipping... tools/lib/lint-26.0.0
android	Run android-actions/setup-android@v3	2026-08-06T10:30:42.7497843Z [============================           ] 71% Unzipping... tools/lib/apkanalyzer
android	Run android-actions/setup-android@v3	2026-08-06T10:30:42.7498512Z [============================           ] 71% Unzipping... tools/lib/binary-reso
android	Run android-actions/setup-android@v3	2026-08-06T10:30:42.7501654Z [============================           ] 71% Unzipping... tools/lib/jopt-simple
android	Run android-actions/setup-android@v3	2026-08-06T10:30:42.7507400Z [============================           ] 71% Unzipping... tools/lib/util-2.2.1.
android	Run android-actions/setup-android@v3	2026-08-06T10:30:42.7525893Z [============================           ] 71% Unzipping... tools/lib/ddmuilib-26
android	Run android-actions/setup-android@v3	2026-08-06T10:30:42.7541065Z [============================           ] 72% Unzipping... tools/lib/ddmuilib-26
android	Run android-actions/setup-android@v3	2026-08-06T10:30:42.7590569Z [============================           ] 72% Unzipping... tools/lib/sdk-common-
android	Run android-actions/setup-android@v3	2026-08-06T10:30:42.7600060Z [============================           ] 72% Unzipping... tools/lib/traceview-2
android	Run android-actions/setup-android@v3	2026-08-06T10:30:42.7614269Z [============================           ] 72% Unzipping... tools/lib/httpcore-4.
android	Run android-actions/setup-android@v3	2026-08-06T10:30:42.7616588Z [============================           ] 72% Unzipping... tools/lib/screenshot2
android	Run android-actions/setup-android@v3	2026-08-06T10:30:42.7630100Z [============================           ] 72% Unzipping... tools/lib/commons-cod
android	Run android-actions/setup-android@v3	2026-08-06T10:30:42.7632115Z [============================           ] 72% Unzipping... tools/lib/proguard-pr
android	Run android-actions/setup-android@v3	2026-08-06T10:30:42.8225188Z [============================           ] 72% Unzipping... tools/lib/jython-stan
android	Run android-actions/setup-android@v3	2026-08-06T10:30:42.8279661Z [=============================          ] 73% Unzipping... tools/lib/jython-stan
android	Run android-actions/setup-android@v3	2026-08-06T10:30:42.8282934Z [=============================          ] 73% Unzipping... tools/lib/annotations
android	Run android-actions/setup-android@v3	2026-08-06T10:30:42.8288819Z [=============================          ] 73% Unzipping... tools/lib/commons-log
android	Run android-actions/setup-android@v3	2026-08-06T10:30:42.8358375Z [=============================          ] 73% Unzipping... tools/lib/protobuf-ja
android	Run android-actions/setup-android@v3	2026-08-06T10:30:42.8363132Z [=============================          ] 73% Unzipping... tools/lib/fakeadbserv
android	Run android-actions/setup-android@v3	2026-08-06T10:30:42.8522399Z [=============================          ] 73% Unzipping... tools/lib/bcprov-jdk1
android	Run android-actions/setup-android@v3	2026-08-06T10:30:42.8523899Z [=============================          ] 73% Unzipping... tools/lib/x86/       
android	Run android-actions/setup-android@v3	2026-08-06T10:30:42.8597763Z [=============================          ] 73% Unzipping... tools/lib/x86/swt.jar
android	Run android-actions/setup-android@v3	2026-08-06T10:30:42.8645032Z [=============================          ] 73% Unzipping... tools/lib/kotlin-stdl
android	Run android-actions/setup-android@v3	2026-08-06T10:30:42.8669903Z [=============================          ] 73% Unzipping... tools/lib/commons-com
android	Run android-actions/setup-android@v3	2026-08-06T10:30:42.8707774Z [=============================          ] 73% Unzipping... tools/lib/lombok-ast-
android	Run android-actions/setup-android@v3	2026-08-06T10:30:42.8739950Z [=============================          ] 73% Unzipping... tools/lib/trove4j-201
android	Run android-actions/setup-android@v3	2026-08-06T10:30:42.8990248Z [=============================          ] 73% Unzipping... tools/lib/intellij-co
android	Run android-actions/setup-android@v3	2026-08-06T10:30:42.9146831Z [=============================          ] 74% Unzipping... tools/lib/intellij-co
android	Run android-actions/setup-android@v3	2026-08-06T10:30:42.9160508Z [=============================          ] 74% Unzipping... tools/lib/jimfs-1.1.j
android	Run android-actions/setup-android@v3	2026-08-06T10:30:42.9163210Z [=============================          ] 74% Unzipping... tools/lib/j2objc-anno
android	Run android-actions/setup-android@v3	2026-08-06T10:30:42.9169524Z [=============================          ] 74% Unzipping... tools/lib/jfreechart-
android	Run android-actions/setup-android@v3	2026-08-06T10:30:42.9643629Z [=============================          ] 74% Unzipping... tools/lib/monitor-x86
android	Run android-actions/setup-android@v3	2026-08-06T10:30:43.0063189Z [=============================          ] 75% Unzipping... tools/lib/monitor-x86
android	Run android-actions/setup-android@v3	2026-08-06T10:30:43.0449523Z [==============================         ] 75% Unzipping... tools/lib/monitor-x86
android	Run android-actions/setup-android@v3	2026-08-06T10:30:43.1371617Z [==============================         ] 76% Unzipping... tools/lib/monitor-x86
android	Run android-actions/setup-android@v3	2026-08-06T10:30:43.2861431Z [==============================         ] 77% Unzipping... tools/lib/monitor-x86
android	Run android-actions/setup-android@v3	2026-08-06T10:30:43.2865244Z [==============================         ] 77% Unzipping... tools/lib/generator.j
android	Run android-actions/setup-android@v3	2026-08-06T10:30:43.2866902Z [==============================         ] 77% Unzipping... tools/source.properti
android	Run android-actions/setup-android@v3	2026-08-06T10:30:43.2868063Z [==============================         ] 77% Unzipping... tools/bin/           
android	Run android-actions/setup-android@v3	2026-08-06T10:30:43.2870825Z [==============================         ] 77% Unzipping... tools/bin/avdmanager 
android	Run android-actions/setup-android@v3	2026-08-06T10:30:43.2873484Z [==============================         ] 77% Unzipping... tools/bin/jobb       
android	Run android-actions/setup-android@v3	2026-08-06T10:30:43.2875856Z [==============================         ] 77% Unzipping... tools/bin/uiautomator
android	Run android-actions/setup-android@v3	2026-08-06T10:30:43.2878874Z [==============================         ] 77% Unzipping... tools/bin/apkanalyzer
android	Run android-actions/setup-android@v3	2026-08-06T10:30:43.2881328Z [==============================         ] 77% Unzipping... tools/bin/monkeyrunne
android	Run android-actions/setup-android@v3	2026-08-06T10:30:43.2939573Z [==============================         ] 77% Unzipping... tools/bin/archquery  
android	Run android-actions/setup-android@v3	2026-08-06T10:30:43.2941621Z [==============================         ] 77% Unzipping... tools/bin/sdkmanager 
android	Run android-actions/setup-android@v3	2026-08-06T10:30:43.2944127Z [==============================         ] 77% Unzipping... tools/bin/lint       
android	Run android-actions/setup-android@v3	2026-08-06T10:30:43.2946908Z [==============================         ] 77% Unzipping... tools/bin/screenshot2
android	Run android-actions/setup-android@v3	2026-08-06T10:30:43.2971098Z [==============================         ] 77% Unzipping... tools/NOTICE.txt     
android	Run android-actions/setup-android@v3	2026-08-06T10:30:43.3010449Z [==============================         ] 77% Unzipping... tools/emulator       
android	Run android-actions/setup-android@v3	2026-08-06T10:30:43.3036262Z [==============================         ] 77% Unzipping... tools/emulator-check 
android	Run android-actions/setup-android@v3	2026-08-06T10:30:43.3038436Z [==============================         ] 77% Unzipping... tools/monitor        
android	Run android-actions/setup-android@v3	2026-08-06T10:30:43.3041019Z [==============================         ] 77% Unzipping... tools/android        
android	Run android-actions/setup-android@v3	2026-08-06T10:30:43.3044129Z [==============================         ] 77% Unzipping... tools/mksdcard       
android	Run android-actions/setup-android@v3	2026-08-06T10:30:43.3044631Z [==============================         ] 77% Unzipping... tools/support/       
android	Run android-actions/setup-android@v3	2026-08-06T10:30:43.3050616Z [==============================         ] 77% Unzipping... tools/support/typos-d
android	Run android-actions/setup-android@v3	2026-08-06T10:30:43.3054034Z [==============================         ] 77% Unzipping... tools/support/typos-e
android	Run android-actions/setup-android@v3	2026-08-06T10:30:43.3055591Z [==============================         ] 77% Unzipping... tools/support/annotat
android	Run android-actions/setup-android@v3	2026-08-06T10:30:43.3064301Z [==============================         ] 77% Unzipping... tools/support/typos-e
android	Run android-actions/setup-android@v3	2026-08-06T10:30:43.3067552Z [==============================         ] 77% Unzipping... tools/support/typos-t
android	Run android-actions/setup-android@v3	2026-08-06T10:30:43.3072669Z [==============================         ] 77% Unzipping... tools/support/typos-p
android	Run android-actions/setup-android@v3	2026-08-06T10:30:43.3076301Z [==============================         ] 77% Unzipping... tools/support/typos-i
android	Run android-actions/setup-android@v3	2026-08-06T10:30:43.3079343Z [==============================         ] 77% Unzipping... tools/support/typos-n
android	Run android-actions/setup-android@v3	2026-08-06T10:30:43.3083037Z [==============================         ] 77% Unzipping... tools/support/typos-h
android	Run android-actions/setup-android@v3	2026-08-06T10:30:43.3395085Z [==============================         ] 78% Unzipping... tools/support/typos-h
android	Run android-actions/setup-android@v3	2026-08-06T10:30:43.3396069Z [=======================================] 100% Unzipping... tools/support/typos-
android	Run android-actions/setup-android@v3	2026-08-06T10:30:43.3436925Z 
android	Run android-actions/setup-android@v3	2026-08-06T10:30:43.3581609Z [command]/usr/local/lib/android/sdk/cmdline-tools/16.0/bin/sdkmanager platform-tools
android	Run android-actions/setup-android@v3	2026-08-06T10:30:44.1293710Z Loading package information...                                                  
android	Run android-actions/setup-android@v3	2026-08-06T10:30:44.2291236Z Loading local repository...                                                     
android	Run android-actions/setup-android@v3	2026-08-06T10:30:44.2294971Z [                                       ] 3% Loading local repository...        
android	Run android-actions/setup-android@v3	2026-08-06T10:30:44.2396638Z [                                       ] 3% Fetch remote repository...         
android	Run android-actions/setup-android@v3	2026-08-06T10:30:44.5089212Z [=                                      ] 3% Fetch remote repository...         
android	Run android-actions/setup-android@v3	2026-08-06T10:30:44.6230368Z [=                                      ] 4% Fetch remote repository...         
android	Run android-actions/setup-android@v3	2026-08-06T10:30:44.6560098Z [=                                      ] 5% Fetch remote repository...         
android	Run android-actions/setup-android@v3	2026-08-06T10:30:44.7158488Z [==                                     ] 5% Fetch remote repository...         
android	Run android-actions/setup-android@v3	2026-08-06T10:30:44.8099001Z [==                                     ] 6% Fetch remote repository...         
android	Run android-actions/setup-android@v3	2026-08-06T10:30:44.8778183Z [==                                     ] 7% Fetch remote repository...         
android	Run android-actions/setup-android@v3	2026-08-06T10:30:44.8804400Z [==                                     ] 7% Computing updates...               
android	Run android-actions/setup-android@v3	2026-08-06T10:30:44.8878052Z [===                                    ] 8% Computing updates...               
android	Run android-actions/setup-android@v3	2026-08-06T10:30:44.9004595Z [===                                    ] 10% Computing updates...              
android	Run android-actions/setup-android@v3	2026-08-06T10:30:45.2309130Z [===                                    ] 10% Installing Android SDK Platform-To
android	Run android-actions/setup-android@v3	2026-08-06T10:30:45.2509899Z [===                                    ] 10% Downloading platform-tools_r37.0.1
android	Run android-actions/setup-android@v3	2026-08-06T10:30:45.2770920Z [====                                   ] 10% Downloading platform-tools_r37.0.1
android	Run android-actions/setup-android@v3	2026-08-06T10:30:45.3142599Z [====                                   ] 11% Downloading platform-tools_r37.0.1
android	Run android-actions/setup-android@v3	2026-08-06T10:30:45.3571014Z [====                                   ] 12% Downloading platform-tools_r37.0.1
android	Run android-actions/setup-android@v3	2026-08-06T10:30:45.3893577Z [=====                                  ] 13% Downloading platform-tools_r37.0.1
android	Run android-actions/setup-android@v3	2026-08-06T10:30:45.4218513Z [=====                                  ] 14% Downloading platform-tools_r37.0.1
android	Run android-actions/setup-android@v3	2026-08-06T10:30:45.4455365Z [=====                                  ] 15% Downloading platform-tools_r37.0.1
android	Run android-actions/setup-android@v3	2026-08-06T10:30:45.4628904Z [======                                 ] 15% Downloading platform-tools_r37.0.1
android	Run android-actions/setup-android@v3	2026-08-06T10:30:45.4941096Z [======                                 ] 16% Downloading platform-tools_r37.0.1
android	Run android-actions/setup-android@v3	2026-08-06T10:30:45.5328026Z [======                                 ] 17% Downloading platform-tools_r37.0.1
android	Run android-actions/setup-android@v3	2026-08-06T10:30:45.5631504Z [=======                                ] 18% Downloading platform-tools_r37.0.1
android	Run android-actions/setup-android@v3	2026-08-06T10:30:45.5993122Z [=======                                ] 19% Downloading platform-tools_r37.0.1
android	Run android-actions/setup-android@v3	2026-08-06T10:30:45.6132275Z [=======                                ] 20% Downloading platform-tools_r37.0.1
android	Run android-actions/setup-android@v3	2026-08-06T10:30:45.6272113Z [========                               ] 20% Downloading platform-tools_r37.0.1
android	Run android-actions/setup-android@v3	2026-08-06T10:30:45.6627294Z [========                               ] 21% Downloading platform-tools_r37.0.1
android	Run android-actions/setup-android@v3	2026-08-06T10:30:45.6848444Z [========                               ] 22% Downloading platform-tools_r37.0.1
android	Run android-actions/setup-android@v3	2026-08-06T10:30:45.6999922Z [=========                              ] 23% Downloading platform-tools_r37.0.1
android	Run android-actions/setup-android@v3	2026-08-06T10:30:45.7152462Z [=========                              ] 24% Downloading platform-tools_r37.0.1
android	Run android-actions/setup-android@v3	2026-08-06T10:30:45.7199981Z [=========                              ] 25% Downloading platform-tools_r37.0.1
android	Run android-actions/setup-android@v3	2026-08-06T10:30:45.7241812Z [==========                             ] 25% Downloading platform-tools_r37.0.1
android	Run android-actions/setup-android@v3	2026-08-06T10:30:45.7336451Z [==========                             ] 26% Downloading platform-tools_r37.0.1
android	Run android-actions/setup-android@v3	2026-08-06T10:30:45.7412775Z [==========                             ] 27% Downloading platform-tools_r37.0.1
android	Run android-actions/setup-android@v3	2026-08-06T10:30:45.7482811Z [===========                            ] 28% Downloading platform-tools_r37.0.1
android	Run android-actions/setup-android@v3	2026-08-06T10:30:45.7538532Z [===========                            ] 29% Downloading platform-tools_r37.0.1
android	Run android-actions/setup-android@v3	2026-08-06T10:30:45.7565460Z [===========                            ] 30% Downloading platform-tools_r37.0.1
android	Run android-actions/setup-android@v3	2026-08-06T10:30:45.7599571Z [============                           ] 30% Downloading platform-tools_r37.0.1
android	Run android-actions/setup-android@v3	2026-08-06T10:30:45.7644968Z [============                           ] 31% Downloading platform-tools_r37.0.1
android	Run android-actions/setup-android@v3	2026-08-06T10:30:45.7698131Z [============                           ] 32% Downloading platform-tools_r37.0.1
android	Run android-actions/setup-android@v3	2026-08-06T10:30:45.7703267Z [============                           ] 33% Downloading platform-tools_r37.0.1
android	Run android-actions/setup-android@v3	2026-08-06T10:30:45.8060191Z [============                           ] 33% Unzipping...                      
android	Run android-actions/setup-android@v3	2026-08-06T10:30:45.8074106Z [============                           ] 33% Unzipping... platform-tools/NOTICE
android	Run android-actions/setup-android@v3	2026-08-06T10:30:45.8214195Z [=============                          ] 33% Unzipping... platform-tools/NOTICE
android	Run android-actions/setup-android@v3	2026-08-06T10:30:45.8231324Z [=============                          ] 33% Unzipping... platform-tools/adb   
android	Run android-actions/setup-android@v3	2026-08-06T10:30:45.8300193Z [=============                          ] 34% Unzipping... platform-tools/adb   
android	Run android-actions/setup-android@v3	2026-08-06T10:30:45.8338661Z [=============                          ] 35% Unzipping... platform-tools/adb   
android	Run android-actions/setup-android@v3	2026-08-06T10:30:45.8364389Z [==============                         ] 35% Unzipping... platform-tools/adb   
android	Run android-actions/setup-android@v3	2026-08-06T10:30:45.8461511Z [==============                         ] 36% Unzipping... platform-tools/adb   
android	Run android-actions/setup-android@v3	2026-08-06T10:30:45.8536866Z [==============                         ] 37% Unzipping... platform-tools/adb   
android	Run android-actions/setup-android@v3	2026-08-06T10:30:45.8615648Z [===============                        ] 38% Unzipping... platform-tools/adb   
android	Run android-actions/setup-android@v3	2026-08-06T10:30:45.8698461Z [===============                        ] 39% Unzipping... platform-tools/adb   
android	Run android-actions/setup-android@v3	2026-08-06T10:30:45.8744930Z [===============                        ] 40% Unzipping... platform-tools/adb   
android	Run android-actions/setup-android@v3	2026-08-06T10:30:45.8785416Z [================                       ] 40% Unzipping... platform-tools/adb   
android	Run android-actions/setup-android@v3	2026-08-06T10:30:45.8855860Z [================                       ] 41% Unzipping... platform-tools/adb   
android	Run android-actions/setup-android@v3	2026-08-06T10:30:45.8934707Z [================                       ] 42% Unzipping... platform-tools/adb   
android	Run android-actions/setup-android@v3	2026-08-06T10:30:45.8987949Z [=================                      ] 43% Unzipping... platform-tools/adb   
android	Run android-actions/setup-android@v3	2026-08-06T10:30:45.9056492Z [=================                      ] 44% Unzipping... platform-tools/adb   
android	Run android-actions/setup-android@v3	2026-08-06T10:30:45.9071882Z [=================                      ] 44% Unzipping... platform-tools/etc1to
android	Run android-actions/setup-android@v3	2026-08-06T10:30:45.9109575Z [=================                      ] 45% Unzipping... platform-tools/etc1to
android	Run android-actions/setup-android@v3	2026-08-06T10:30:45.9138577Z [=================                      ] 45% Unzipping... platform-tools/fastbo
android	Run android-actions/setup-android@v3	2026-08-06T10:30:45.9157962Z [==================                     ] 45% Unzipping... platform-tools/fastbo
android	Run android-actions/setup-android@v3	2026-08-06T10:30:45.9250964Z [==================                     ] 46% Unzipping... platform-tools/fastbo
android	Run android-actions/setup-android@v3	2026-08-06T10:30:45.9322096Z [==================                     ] 47% Unzipping... platform-tools/fastbo
android	Run android-actions/setup-android@v3	2026-08-06T10:30:45.9348161Z [===================                    ] 48% Unzipping... platform-tools/fastbo
android	Run android-actions/setup-android@v3	2026-08-06T10:30:45.9354790Z [===================                    ] 48% Unzipping... platform-tools/hprof-
android	Run android-actions/setup-android@v3	2026-08-06T10:30:45.9413591Z [===================                    ] 48% Unzipping... platform-tools/lib64/
android	Run android-actions/setup-android@v3	2026-08-06T10:30:45.9471727Z [===================                    ] 49% Unzipping... platform-tools/lib64/
android	Run android-actions/setup-android@v3	2026-08-06T10:30:45.9507718Z [===================                    ] 49% Unzipping... platform-tools/make_f
android	Run android-actions/setup-android@v3	2026-08-06T10:30:45.9533719Z [===================                    ] 50% Unzipping... platform-tools/make_f
android	Run android-actions/setup-android@v3	2026-08-06T10:30:45.9546459Z [===================                    ] 50% Unzipping... platform-tools/mke2fs
android	Run android-actions/setup-android@v3	2026-08-06T10:30:45.9587414Z [====================                   ] 50% Unzipping... platform-tools/mke2fs
android	Run android-actions/setup-android@v3	2026-08-06T10:30:45.9625524Z [====================                   ] 51% Unzipping... platform-tools/mke2fs
android	Run android-actions/setup-android@v3	2026-08-06T10:30:45.9638983Z [====================                   ] 51% Unzipping... platform-tools/source
android	Run android-actions/setup-android@v3	2026-08-06T10:30:45.9666289Z [====================                   ] 51% Unzipping... platform-tools/sqlite
android	Run android-actions/setup-android@v3	2026-08-06T10:30:45.9737475Z [====================                   ] 52% Unzipping... platform-tools/sqlite
android	Run android-actions/setup-android@v3	2026-08-06T10:30:45.9824697Z [=====================                  ] 53% Unzipping... platform-tools/sqlite
android	Run android-actions/setup-android@v3	2026-08-06T10:30:45.9895362Z [=====================                  ] 54% Unzipping... platform-tools/sqlite
android	Run android-actions/setup-android@v3	2026-08-06T10:30:45.9999148Z [=====================                  ] 55% Unzipping... platform-tools/sqlite
android	Run android-actions/setup-android@v3	2026-08-06T10:30:46.0001152Z [=======================================] 100% Unzipping... platform-tools/sqlit
android	Run android-actions/setup-android@v3	2026-08-06T10:30:46.1038681Z 
android	Run sdkmanager "platforms;android-35" "build-tools;35.0.0"	﻿2026-08-06T10:30:46.1913884Z ##[group]Run sdkmanager "platforms;android-35" "build-tools;35.0.0"
android	Run sdkmanager "platforms;android-35" "build-tools;35.0.0"	2026-08-06T10:30:46.1914486Z ^[[36;1msdkmanager "platforms;android-35" "build-tools;35.0.0"^[[0m
android	Run sdkmanager "platforms;android-35" "build-tools;35.0.0"	2026-08-06T10:30:46.1966196Z shell: /usr/bin/bash -e {0}
android	Run sdkmanager "platforms;android-35" "build-tools;35.0.0"	2026-08-06T10:30:46.1966491Z env:
android	Run sdkmanager "platforms;android-35" "build-tools;35.0.0"	2026-08-06T10:30:46.1966814Z   JAVA_HOME: /opt/hostedtoolcache/Java_Temurin-Hotspot_jdk/17.0.19-10/x64
android	Run sdkmanager "platforms;android-35" "build-tools;35.0.0"	2026-08-06T10:30:46.1967596Z   JAVA_HOME_17_X64: /opt/hostedtoolcache/Java_Temurin-Hotspot_jdk/17.0.19-10/x64
android	Run sdkmanager "platforms;android-35" "build-tools;35.0.0"	2026-08-06T10:30:46.1968005Z   ANDROID_HOME: /usr/local/lib/android/sdk
android	Run sdkmanager "platforms;android-35" "build-tools;35.0.0"	2026-08-06T10:30:46.1968303Z   ANDROID_SDK_ROOT: /usr/local/lib/android/sdk
android	Run sdkmanager "platforms;android-35" "build-tools;35.0.0"	2026-08-06T10:30:46.1968585Z ##[endgroup]
android	Run sdkmanager "platforms;android-35" "build-tools;35.0.0"	2026-08-06T10:30:47.0352146Z Loading package information...                                                  
android	Run sdkmanager "platforms;android-35" "build-tools;35.0.0"	2026-08-06T10:30:47.1266493Z Loading local repository...                                                     
android	Run sdkmanager "platforms;android-35" "build-tools;35.0.0"	2026-08-06T10:30:47.1270679Z [                                       ] 3% Loading local repository...        
android	Run sdkmanager "platforms;android-35" "build-tools;35.0.0"	2026-08-06T10:30:47.1371225Z [                                       ] 3% Fetch remote repository...         
android	Run sdkmanager "platforms;android-35" "build-tools;35.0.0"	2026-08-06T10:30:47.4135923Z [=                                      ] 3% Fetch remote repository...         
android	Run sdkmanager "platforms;android-35" "build-tools;35.0.0"	2026-08-06T10:30:47.4611383Z [=                                      ] 4% Fetch remote repository...         
android	Run sdkmanager "platforms;android-35" "build-tools;35.0.0"	2026-08-06T10:30:47.4836880Z [=                                      ] 5% Fetch remote repository...         
android	Run sdkmanager "platforms;android-35" "build-tools;35.0.0"	2026-08-06T10:30:47.5136370Z [==                                     ] 5% Fetch remote repository...         
android	Run sdkmanager "platforms;android-35" "build-tools;35.0.0"	2026-08-06T10:30:47.5725859Z [==                                     ] 6% Fetch remote repository...         
android	Run sdkmanager "platforms;android-35" "build-tools;35.0.0"	2026-08-06T10:30:47.6578642Z [==                                     ] 7% Fetch remote repository...         
android	Run sdkmanager "platforms;android-35" "build-tools;35.0.0"	2026-08-06T10:30:47.6587838Z [==                                     ] 7% Computing updates...               
android	Run sdkmanager "platforms;android-35" "build-tools;35.0.0"	2026-08-06T10:30:47.6706545Z [===                                    ] 8% Computing updates...               
android	Run sdkmanager "platforms;android-35" "build-tools;35.0.0"	2026-08-06T10:30:47.6763976Z [===                                    ] 10% Computing updates...              
android	Run sdkmanager "platforms;android-35" "build-tools;35.0.0"	2026-08-06T10:30:47.6765381Z [=======================================] 100% Computing updates...             
android	Run sdkmanager "platforms;android-35" "build-tools;35.0.0"	2026-08-06T10:30:47.6765783Z 
android	Run gradle/actions/setup-gradle@v4	﻿2026-08-06T10:30:47.7171098Z Node 20 is being deprecated. This workflow is running with Node 24 by default. If you need to temporarily use Node 20, you can set the ACTIONS_ALLOW_USE_UNSECURE_NODE_VERSION=true environment variable. For more information see: https://github.blog/changelog/2025-09-19-deprecation-of-node-20-on-github-actions-runners/
android	Run gradle/actions/setup-gradle@v4	2026-08-06T10:30:47.7172426Z ##[group]Run gradle/actions/setup-gradle@v4
android	Run gradle/actions/setup-gradle@v4	2026-08-06T10:30:47.7172719Z with:
android	Run gradle/actions/setup-gradle@v4	2026-08-06T10:30:47.7172932Z   cache-disabled: false
android	Run gradle/actions/setup-gradle@v4	2026-08-06T10:30:47.7173169Z   cache-read-only: true
android	Run gradle/actions/setup-gradle@v4	2026-08-06T10:30:47.7173391Z   cache-write-only: false
android	Run gradle/actions/setup-gradle@v4	2026-08-06T10:30:47.7173638Z   cache-overwrite-existing: false
android	Run gradle/actions/setup-gradle@v4	2026-08-06T10:30:47.7173902Z   cache-cleanup: on-success
android	Run gradle/actions/setup-gradle@v4	2026-08-06T10:30:47.7174189Z   gradle-home-cache-includes: caches
android	Run gradle/actions/setup-gradle@v4	notifications
android	Run gradle/actions/setup-gradle@v4	
android	Run gradle/actions/setup-gradle@v4	2026-08-06T10:30:47.7174518Z   add-job-summary: always
android	Run gradle/actions/setup-gradle@v4	2026-08-06T10:30:47.7174767Z   add-job-summary-as-pr-comment: never
android	Run gradle/actions/setup-gradle@v4	2026-08-06T10:30:47.7175070Z   dependency-graph: disabled
android	Run gradle/actions/setup-gradle@v4	2026-08-06T10:30:47.7175374Z   dependency-graph-report-dir: dependency-graph-reports
android	Run gradle/actions/setup-gradle@v4	2026-08-06T10:30:47.7175775Z   dependency-graph-continue-on-failure: true
android	Run gradle/actions/setup-gradle@v4	2026-08-06T10:30:47.7176077Z   build-scan-publish: false
android	Run gradle/actions/setup-gradle@v4	2026-08-06T10:30:47.7176326Z   validate-wrappers: true
android	Run gradle/actions/setup-gradle@v4	2026-08-06T10:30:47.7176575Z   allow-snapshot-wrappers: false
android	Run gradle/actions/setup-gradle@v4	2026-08-06T10:30:47.7176852Z   gradle-home-cache-strict-match: false
android	Run gradle/actions/setup-gradle@v4	2026-08-06T10:30:47.7177333Z   workflow-job-context: null
android	Run gradle/actions/setup-gradle@v4	2026-08-06T10:30:47.7180028Z   github-token: ***
android	Run gradle/actions/setup-gradle@v4	2026-08-06T10:30:47.7180240Z env:
android	Run gradle/actions/setup-gradle@v4	2026-08-06T10:30:47.7180539Z   JAVA_HOME: /opt/hostedtoolcache/Java_Temurin-Hotspot_jdk/17.0.19-10/x64
android	Run gradle/actions/setup-gradle@v4	2026-08-06T10:30:47.7181026Z   JAVA_HOME_17_X64: /opt/hostedtoolcache/Java_Temurin-Hotspot_jdk/17.0.19-10/x64
android	Run gradle/actions/setup-gradle@v4	2026-08-06T10:30:47.7181426Z   ANDROID_HOME: /usr/local/lib/android/sdk
android	Run gradle/actions/setup-gradle@v4	2026-08-06T10:30:47.7181725Z   ANDROID_SDK_ROOT: /usr/local/lib/android/sdk
android	Run gradle/actions/setup-gradle@v4	2026-08-06T10:30:47.7182008Z ##[endgroup]
android	Run gradle/actions/setup-gradle@v4	2026-08-06T10:30:48.0873477Z Merged default JDK locations into /home/runner/.m2/toolchains.xml
android	Run gradle/actions/setup-gradle@v4	2026-08-06T10:30:48.0875750Z ##[group]Restore Gradle state from cache
android	Run gradle/actions/setup-gradle@v4	2026-08-06T10:30:48.1741999Z Cache hit for restore-key: gradle-home-v1|Linux-X64|android[b8a35c2f917259958c9abe8f2ff1b5ff]-46a56a3e25e7cc2d0e41dfd92dcf06b1fe6a6440
android	Run gradle/actions/setup-gradle@v4	2026-08-06T10:30:48.3375049Z Received 1011691 of 1011691 (100.0%), 8.4 MBs/sec
android	Run gradle/actions/setup-gradle@v4	2026-08-06T10:30:48.3376352Z Cache Size: ~1 MB (1011691 B)
android	Run gradle/actions/setup-gradle@v4	2026-08-06T10:30:48.3405905Z [command]/usr/bin/tar -xf /home/runner/work/_temp/07f40089-6ce2-44c7-873d-052cf509e795/cache.tzst -P -C /home/runner/work/wrtmonitor/wrtmonitor --use-compress-program unzstd
android	Run gradle/actions/setup-gradle@v4	2026-08-06T10:30:48.4392543Z Cache restored successfully
android	Run gradle/actions/setup-gradle@v4	2026-08-06T10:30:48.4398964Z Restored cache entry with key gradle-home-v1|Linux-X64|android[b8a35c2f917259958c9abe8f2ff1b5ff]-9d81f5fe71a883b7b63845878056e99fc2919cb1 to /home/runner/.gradle/caches,/home/runner/.gradle/notifications,/home/runner/.gradle/.setup-gradle in 351ms
android	Run gradle/actions/setup-gradle@v4	2026-08-06T10:30:48.5178264Z Cache hit for: gradle-generated-gradle-jars-v1-26cfecc158c44513d188405a5d2d0d9c
android	Run gradle/actions/setup-gradle@v4	2026-08-06T10:30:48.5210268Z Cache hit for: gradle-instrumented-jars-v1-d66298c6a0667f7950695fbc040a5ccb
android	Run gradle/actions/setup-gradle@v4	2026-08-06T10:30:48.5243370Z Cache hit for: gradle-dependencies-v1-8d9adb8b06d8a2927071b42d9703ddc7
android	Run gradle/actions/setup-gradle@v4	2026-08-06T10:30:48.5288546Z Cache hit for: gradle-groovy-dsl-v1-b45afcdb1af4e68f95525df52adc13c3
android	Run gradle/actions/setup-gradle@v4	2026-08-06T10:30:48.5310986Z Cache hit for: gradle-kotlin-dsl-v1-cf1cabdf50161185b21fe5471221f4c2
android	Run gradle/actions/setup-gradle@v4	2026-08-06T10:30:48.5330547Z Cache hit for: gradle-wrapper-zips-v1-df6ecc383658ce44d9cbac4d1bfd12bf
android	Run gradle/actions/setup-gradle@v4	2026-08-06T10:30:48.5350339Z Cache hit for: gradle-transforms-v1-147853c8d8e16886f3dc7d69497fabc1
android	Run gradle/actions/setup-gradle@v4	2026-08-06T10:30:48.6837384Z Received 122068 of 122068 (100.0%), 0.9 MBs/sec
android	Run gradle/actions/setup-gradle@v4	2026-08-06T10:30:48.6839144Z Cache Size: ~0 MB (122068 B)
android	Run gradle/actions/setup-gradle@v4	2026-08-06T10:30:48.7738095Z Received 198992 of 198992 (100.0%), 1.1 MBs/sec
android	Run gradle/actions/setup-gradle@v4	2026-08-06T10:30:48.7738765Z Cache Size: ~0 MB (198992 B)
android	Run gradle/actions/setup-gradle@v4	2026-08-06T10:30:48.7961011Z [command]/usr/bin/tar -xf /home/runner/work/_temp/8925329f-cb32-424f-824a-7af93d7154f4/cache.tzst -P -C /home/runner/work/wrtmonitor/wrtmonitor --use-compress-program unzstd
android	Run gradle/actions/setup-gradle@v4	2026-08-06T10:30:48.8231558Z Received 111243 of 111243 (100.0%), 0.6 MBs/sec
android	Run gradle/actions/setup-gradle@v4	2026-08-06T10:30:48.8232402Z Cache Size: ~0 MB (111243 B)
android	Run gradle/actions/setup-gradle@v4	2026-08-06T10:30:48.8248734Z Cache restored successfully
android	Run gradle/actions/setup-gradle@v4	2026-08-06T10:30:48.8324069Z Restored cache entry with key gradle-instrumented-jars-v1-d66298c6a0667f7950695fbc040a5ccb to /home/runner/.gradle/caches/jars-*/*/ in 391ms
android	Run gradle/actions/setup-gradle@v4	2026-08-06T10:30:48.8402786Z [command]/usr/bin/tar -xf /home/runner/work/_temp/19fdb2c7-a6ca-45b9-9500-0014b6bbbe7b/cache.tzst -P -C /home/runner/work/wrtmonitor/wrtmonitor --use-compress-program unzstd
android	Run gradle/actions/setup-gradle@v4	2026-08-06T10:30:48.8937468Z Cache restored successfully
android	Run gradle/actions/setup-gradle@v4	2026-08-06T10:30:48.9017689Z Restored cache entry with key gradle-groovy-dsl-v1-b45afcdb1af4e68f95525df52adc13c3 to /home/runner/.gradle/caches/*/groovy-dsl/*/ in 460ms
android	Run gradle/actions/setup-gradle@v4	2026-08-06T10:30:49.0933456Z [command]/usr/bin/tar -xf /home/runner/work/_temp/d2a8fd02-9b2b-41ec-9c5b-7263d23a2617/cache.tzst -P -C /home/runner/work/wrtmonitor/wrtmonitor --use-compress-program unzstd
android	Run gradle/actions/setup-gradle@v4	2026-08-06T10:30:49.1796462Z Cache restored successfully
android	Run gradle/actions/setup-gradle@v4	2026-08-06T10:30:49.2286489Z Restored cache entry with key gradle-kotlin-dsl-v1-cf1cabdf50161185b21fe5471221f4c2 to /home/runner/.gradle/caches/*/kotlin-dsl/accessors/*/,/home/runner/.gradle/caches/*/kotlin-dsl/scripts/*/ in 787ms
android	Run gradle/actions/setup-gradle@v4	2026-08-06T10:30:49.5486866Z Received 41943040 of 135435224 (31.0%), 39.9 MBs/sec
android	Run gradle/actions/setup-gradle@v4	2026-08-06T10:30:49.5859112Z Received 46137344 of 360448174 (12.8%), 44.0 MBs/sec
android	Run gradle/actions/setup-gradle@v4	2026-08-06T10:30:49.6225572Z Received 31231286 of 39619894 (78.8%), 29.4 MBs/sec
android	Run gradle/actions/setup-gradle@v4	2026-08-06T10:30:49.6454862Z Received 117440512 of 257440479 (45.6%), 110.7 MBs/sec
android	Run gradle/actions/setup-gradle@v4	2026-08-06T10:30:49.7483864Z Received 39619894 of 39619894 (100.0%), 33.1 MBs/sec
android	Run gradle/actions/setup-gradle@v4	2026-08-06T10:30:49.7486063Z Cache Size: ~38 MB (39619894 B)
android	Run gradle/actions/setup-gradle@v4	2026-08-06T10:30:49.8062068Z [command]/usr/bin/tar -xf /home/runner/work/_temp/c89dee74-56ec-4423-85c7-ed74faa77bb0/cache.tzst -P -C /home/runner/work/wrtmonitor/wrtmonitor --use-compress-program unzstd
android	Run gradle/actions/setup-gradle@v4	2026-08-06T10:30:50.2328785Z Cache restored successfully
android	Run gradle/actions/setup-gradle@v4	2026-08-06T10:30:50.2634613Z Restored cache entry with key gradle-generated-gradle-jars-v1-26cfecc158c44513d188405a5d2d0d9c to /home/runner/.gradle/caches/8.9/generated-gradle-jars/gradle-api-8.9.jar in 1822ms
android	Run gradle/actions/setup-gradle@v4	2026-08-06T10:30:50.5120698Z Received 257440479 of 257440479 (100.0%), 130.7 MBs/sec
android	Run gradle/actions/setup-gradle@v4	2026-08-06T10:30:50.5123078Z Cache Size: ~246 MB (257440479 B)
android	Run gradle/actions/setup-gradle@v4	2026-08-06T10:30:50.5239799Z [command]/usr/bin/tar -xf /home/runner/work/_temp/459909e9-74ba-414a-b43c-df7931c7aafe/cache.tzst -P -C /home/runner/work/wrtmonitor/wrtmonitor --use-compress-program unzstd
android	Run gradle/actions/setup-gradle@v4	2026-08-06T10:30:50.5783328Z Received 134217728 of 135435224 (99.1%), 63.0 MBs/sec
android	Run gradle/actions/setup-gradle@v4	2026-08-06T10:30:50.5889072Z Received 138412032 of 360448174 (38.4%), 66.0 MBs/sec
android	Run gradle/actions/setup-gradle@v4	2026-08-06T10:30:50.6246910Z Received 135435224 of 135435224 (100.0%), 62.1 MBs/sec
android	Run gradle/actions/setup-gradle@v4	2026-08-06T10:30:50.6248201Z Cache Size: ~129 MB (135435224 B)
android	Run gradle/actions/setup-gradle@v4	2026-08-06T10:30:50.6592245Z [command]/usr/bin/tar -xf /home/runner/work/_temp/2d861bcd-7ff7-4022-b151-53b4f201ef5e/cache.tzst -P -C /home/runner/work/wrtmonitor/wrtmonitor --use-compress-program unzstd
android	Run gradle/actions/setup-gradle@v4	2026-08-06T10:30:51.0369048Z Cache restored successfully
android	Run gradle/actions/setup-gradle@v4	2026-08-06T10:30:51.0536810Z Restored cache entry with key gradle-wrapper-zips-v1-df6ecc383658ce44d9cbac4d1bfd12bf to /home/runner/.gradle/wrapper/dists/gradle-8.9-bin/90cnw93cvbtalezasaz0blq0a in 2613ms
android	Run gradle/actions/setup-gradle@v4	2026-08-06T10:30:51.4500522Z Received 360448174 of 360448174 (100.0%), 120.0 MBs/sec
android	Run gradle/actions/setup-gradle@v4	2026-08-06T10:30:51.4504212Z Cache Size: ~344 MB (360448174 B)
android	Run gradle/actions/setup-gradle@v4	2026-08-06T10:30:51.4551801Z [command]/usr/bin/tar -xf /home/runner/work/_temp/8692b33e-297e-4478-b6ce-598009526828/cache.tzst -P -C /home/runner/work/wrtmonitor/wrtmonitor --use-compress-program unzstd
android	Run gradle/actions/setup-gradle@v4	2026-08-06T10:30:52.4745728Z Cache restored successfully
android	Run gradle/actions/setup-gradle@v4	2026-08-06T10:30:52.4966556Z Restored cache entry with key gradle-dependencies-v1-8d9adb8b06d8a2927071b42d9703ddc7 to /home/runner/.gradle/caches/modules-*/files-*/*/*/*/* in 4056ms
android	Run gradle/actions/setup-gradle@v4	2026-08-06T10:30:53.4069397Z Cache restored successfully
android	Run gradle/actions/setup-gradle@v4	2026-08-06T10:30:53.8169985Z Restored cache entry with key gradle-transforms-v1-147853c8d8e16886f3dc7d69497fabc1 to /home/runner/.gradle/caches/transforms-4/*/,/home/runner/.gradle/caches/*/transforms/*/ in 5373ms
android	Run gradle/actions/setup-gradle@v4	2026-08-06T10:30:53.8244321Z ##[endgroup]
android	Run gradle/actions/setup-gradle@v4	2026-08-06T10:30:53.8407693Z ##[group]All Gradle Wrapper jars are valid
android	Run gradle/actions/setup-gradle@v4	2026-08-06T10:30:53.8409080Z ✓ Found known Gradle Wrapper JAR files:
android	Run gradle/actions/setup-gradle@v4	2026-08-06T10:30:53.8409928Z   498495120a03b9a6ab5d155f5de3c8f0d986a449153702fb80fc80e134484f17 gradle/wrapper/gradle-wrapper.jar
android	Run gradle/actions/setup-gradle@v4	2026-08-06T10:30:53.8410713Z ##[endgroup]
android	Run chmod +x ./gradlew	﻿2026-08-06T10:30:53.9111488Z ##[group]Run chmod +x ./gradlew
android	Run chmod +x ./gradlew	2026-08-06T10:30:53.9111948Z ^[[36;1mchmod +x ./gradlew^[[0m
android	Run chmod +x ./gradlew	2026-08-06T10:30:53.9160474Z shell: /usr/bin/bash -e {0}
android	Run chmod +x ./gradlew	2026-08-06T10:30:53.9160789Z env:
android	Run chmod +x ./gradlew	2026-08-06T10:30:53.9161159Z   JAVA_HOME: /opt/hostedtoolcache/Java_Temurin-Hotspot_jdk/17.0.19-10/x64
android	Run chmod +x ./gradlew	2026-08-06T10:30:53.9161724Z   JAVA_HOME_17_X64: /opt/hostedtoolcache/Java_Temurin-Hotspot_jdk/17.0.19-10/x64
android	Run chmod +x ./gradlew	2026-08-06T10:30:53.9162204Z   ANDROID_HOME: /usr/local/lib/android/sdk
android	Run chmod +x ./gradlew	2026-08-06T10:30:53.9162558Z   ANDROID_SDK_ROOT: /usr/local/lib/android/sdk
android	Run chmod +x ./gradlew	2026-08-06T10:30:53.9162962Z   GRADLE_ACTION_ID: gradle/actions/setup-gradle
android	Run chmod +x ./gradlew	2026-08-06T10:30:53.9163348Z   GRADLE_USER_HOME: /home/runner/.gradle
android	Run chmod +x ./gradlew	2026-08-06T10:30:53.9163689Z   GRADLE_BUILD_ACTION_SETUP_COMPLETED: true
android	Run chmod +x ./gradlew	2026-08-06T10:30:53.9164038Z   GRADLE_BUILD_ACTION_CACHE_RESTORED: true
android	Run chmod +x ./gradlew	2026-08-06T10:30:53.9164524Z   DEVELOCITY_INJECTION_INIT_SCRIPT_NAME: gradle-actions.inject-develocity.init.gradle
android	Run chmod +x ./gradlew	2026-08-06T10:30:53.9165053Z   DEVELOCITY_INJECTION_CUSTOM_VALUE: gradle-actions
android	Run chmod +x ./gradlew	2026-08-06T10:30:53.9165472Z   GITHUB_DEPENDENCY_GRAPH_ENABLED: false
android	Run chmod +x ./gradlew	2026-08-06T10:30:53.9165800Z ##[endgroup]
android	Run ./gradlew :android:app:assembleDebug	﻿2026-08-06T10:30:54.1137335Z ##[group]Run ./gradlew :android:app:assembleDebug
android	Run ./gradlew :android:app:assembleDebug	2026-08-06T10:30:54.1137848Z ^[[36;1m./gradlew :android:app:assembleDebug^[[0m
android	Run ./gradlew :android:app:assembleDebug	2026-08-06T10:30:54.1186701Z shell: /usr/bin/bash -e {0}
android	Run ./gradlew :android:app:assembleDebug	2026-08-06T10:30:54.1187216Z env:
android	Run ./gradlew :android:app:assembleDebug	2026-08-06T10:30:54.1187691Z   JAVA_HOME: /opt/hostedtoolcache/Java_Temurin-Hotspot_jdk/17.0.19-10/x64
android	Run ./gradlew :android:app:assembleDebug	2026-08-06T10:30:54.1188264Z   JAVA_HOME_17_X64: /opt/hostedtoolcache/Java_Temurin-Hotspot_jdk/17.0.19-10/x64
android	Run ./gradlew :android:app:assembleDebug	2026-08-06T10:30:54.1188724Z   ANDROID_HOME: /usr/local/lib/android/sdk
android	Run ./gradlew :android:app:assembleDebug	2026-08-06T10:30:54.1189090Z   ANDROID_SDK_ROOT: /usr/local/lib/android/sdk
android	Run ./gradlew :android:app:assembleDebug	2026-08-06T10:30:54.1189481Z   GRADLE_ACTION_ID: gradle/actions/setup-gradle
android	Run ./gradlew :android:app:assembleDebug	2026-08-06T10:30:54.1189842Z   GRADLE_USER_HOME: /home/runner/.gradle
android	Run ./gradlew :android:app:assembleDebug	2026-08-06T10:30:54.1190196Z   GRADLE_BUILD_ACTION_SETUP_COMPLETED: true
android	Run ./gradlew :android:app:assembleDebug	2026-08-06T10:30:54.1190549Z   GRADLE_BUILD_ACTION_CACHE_RESTORED: true
android	Run ./gradlew :android:app:assembleDebug	2026-08-06T10:30:54.1191039Z   DEVELOCITY_INJECTION_INIT_SCRIPT_NAME: gradle-actions.inject-develocity.init.gradle
android	Run ./gradlew :android:app:assembleDebug	2026-08-06T10:30:54.1191579Z   DEVELOCITY_INJECTION_CUSTOM_VALUE: gradle-actions
android	Run ./gradlew :android:app:assembleDebug	2026-08-06T10:30:54.1192013Z   GITHUB_DEPENDENCY_GRAPH_ENABLED: false
android	Run ./gradlew :android:app:assembleDebug	2026-08-06T10:30:54.1192345Z ##[endgroup]
android	Run ./gradlew :android:app:assembleDebug	2026-08-06T10:30:54.9578851Z Starting a Gradle Daemon (subsequent builds will be faster)
android	Run ./gradlew :android:app:assembleDebug	2026-08-06T10:31:04.7578687Z > Task :android:app:preBuild UP-TO-DATE
android	Run ./gradlew :android:app:assembleDebug	2026-08-06T10:31:04.7582549Z > Task :android:app:preDebugBuild UP-TO-DATE
android	Run ./gradlew :android:app:assembleDebug	2026-08-06T10:31:04.8555858Z > Task :android:app:mergeDebugNativeDebugMetadata NO-SOURCE
android	Run ./gradlew :android:app:assembleDebug	2026-08-06T10:31:04.8557605Z > Task :android:app:checkKotlinGradlePluginConfigurationErrors
android	Run ./gradlew :android:app:assembleDebug	2026-08-06T10:31:05.3548551Z > Task :android:app:generateDebugResValues
android	Run ./gradlew :android:app:assembleDebug	2026-08-06T10:31:05.4538641Z > Task :android:app:checkDebugAarMetadata
android	Run ./gradlew :android:app:assembleDebug	2026-08-06T10:31:05.4558406Z > Task :android:app:mapDebugSourceSetPaths
android	Run ./gradlew :android:app:assembleDebug	2026-08-06T10:31:05.4559367Z > Task :android:app:generateDebugResources
android	Run ./gradlew :android:app:assembleDebug	2026-08-06T10:31:07.0541985Z > Task :android:app:packageDebugResources
android	Run ./gradlew :android:app:assembleDebug	2026-08-06T10:31:07.7586467Z > Task :android:app:createDebugCompatibleScreenManifests
android	Run ./gradlew :android:app:assembleDebug	2026-08-06T10:31:07.7610577Z > Task :android:app:extractDeepLinksDebug
android	Run ./gradlew :android:app:assembleDebug	2026-08-06T10:31:07.8560946Z > Task :android:app:mergeDebugResources
android	Run ./gradlew :android:app:assembleDebug	2026-08-06T10:31:07.9544691Z > Task :android:app:parseDebugLocalResources
android	Run ./gradlew :android:app:assembleDebug	2026-08-06T10:31:08.1553862Z > Task :android:app:processDebugMainManifest
android	Run ./gradlew :android:app:assembleDebug	2026-08-06T10:31:08.2545186Z > Task :android:app:processDebugManifest
android	Run ./gradlew :android:app:assembleDebug	2026-08-06T10:31:08.2568470Z > Task :android:app:javaPreCompileDebug
android	Run ./gradlew :android:app:assembleDebug	2026-08-06T10:31:08.2600167Z > Task :android:app:mergeDebugShaders
android	Run ./gradlew :android:app:assembleDebug	2026-08-06T10:31:08.3548451Z > Task :android:app:compileDebugShaders NO-SOURCE
android	Run ./gradlew :android:app:assembleDebug	2026-08-06T10:31:08.3562022Z > Task :android:app:generateDebugAssets UP-TO-DATE
android	Run ./gradlew :android:app:assembleDebug	2026-08-06T10:31:08.3589435Z > Task :android:app:mergeDebugAssets
android	Run ./gradlew :android:app:assembleDebug	2026-08-06T10:31:08.3621223Z > Task :android:app:compressDebugAssets
android	Run ./gradlew :android:app:assembleDebug	2026-08-06T10:31:08.3647984Z > Task :android:app:desugarDebugFileDependencies
android	Run ./gradlew :android:app:assembleDebug	2026-08-06T10:31:08.5558600Z > Task :android:app:processDebugManifestForPackage
android	Run ./gradlew :android:app:assembleDebug	2026-08-06T10:31:08.6548621Z > Task :android:app:checkDebugDuplicateClasses
android	Run ./gradlew :android:app:assembleDebug	2026-08-06T10:31:09.0588699Z > Task :android:app:mergeDebugJniLibFolders
android	Run ./gradlew :android:app:assembleDebug	2026-08-06T10:31:09.0651513Z > Task :android:app:mergeLibDexDebug
android	Run ./gradlew :android:app:assembleDebug	2026-08-06T10:31:09.2548663Z > Task :android:app:validateSigningDebug
android	Run ./gradlew :android:app:assembleDebug	2026-08-06T10:31:09.2584450Z > Task :android:app:writeDebugAppMetadata
android	Run ./gradlew :android:app:assembleDebug	2026-08-06T10:31:09.2608119Z > Task :android:app:writeDebugSigningConfigVersions
android	Run ./gradlew :android:app:assembleDebug	2026-08-06T10:31:09.3538372Z > Task :android:app:mergeDebugNativeLibs
android	Run ./gradlew :android:app:assembleDebug	2026-08-06T10:31:09.6558537Z > Task :android:app:processDebugResources
android	Run ./gradlew :android:app:assembleDebug	2026-08-06T10:31:09.6587361Z 
android	Run ./gradlew :android:app:assembleDebug	2026-08-06T10:31:09.6618152Z > Task :android:app:stripDebugDebugSymbols
android	Run ./gradlew :android:app:assembleDebug	2026-08-06T10:31:09.6619918Z Unable to strip the following libraries, packaging them as they are: libandroidx.graphics.path.so, libbarhopper_v3.so, libimage_processing_util_jni.so, libsurface_util_jni.so.
android	Run ./gradlew :android:app:assembleDebug	2026-08-06T10:31:24.9529435Z 
android	Run ./gradlew :android:app:assembleDebug	2026-08-06T10:31:24.9532273Z > Task :android:app:mergeExtDexDebug
android	Run ./gradlew :android:app:assembleDebug	2026-08-06T10:31:39.6530222Z > Task :android:app:compileDebugKotlin
android	Run ./gradlew :android:app:assembleDebug	2026-08-06T10:31:58.4533723Z w: file:///home/runner/work/wrtmonitor/wrtmonitor/android/app/src/main/java/ru/wrtmonitor/app/data/RouterRepository.kt:124:62 The corresponding parameter in the supertype 'EventSourceListener' is named 't'. This may cause problems when calling this function with named arguments.
android	Run ./gradlew :android:app:assembleDebug	2026-08-06T10:31:58.4538008Z w: file:///home/runner/work/wrtmonitor/wrtmonitor/android/app/src/main/java/ru/wrtmonitor/app/ui/screens/DeviceDetailScreen.kt:124:32 Unnecessary non-null assertion (!!) on a non-null receiver of type TelemetryDto
android	Run ./gradlew :android:app:assembleDebug	2026-08-06T10:31:58.6560072Z 
android	Run ./gradlew :android:app:assembleDebug	2026-08-06T10:31:58.6561502Z > Task :android:app:compileDebugJavaWithJavac NO-SOURCE
android	Run ./gradlew :android:app:assembleDebug	2026-08-06T10:32:06.7529789Z > Task :android:app:dexBuilderDebug
android	Run ./gradlew :android:app:assembleDebug	2026-08-06T10:32:06.7532524Z > Task :android:app:mergeDebugGlobalSynthetics
android	Run ./gradlew :android:app:assembleDebug	2026-08-06T10:32:06.8532098Z > Task :android:app:processDebugJavaRes
android	Run ./gradlew :android:app:assembleDebug	2026-08-06T10:32:07.4534326Z > Task :android:app:mergeProjectDexDebug
android	Run ./gradlew :android:app:assembleDebug	2026-08-06T10:32:08.2530364Z > Task :android:app:mergeDebugJavaResource
android	Run ./gradlew :android:app:assembleDebug	2026-08-06T10:32:09.2544486Z > Task :android:app:packageDebug
android	Run ./gradlew :android:app:assembleDebug	2026-08-06T10:32:09.2545965Z > Task :android:app:createDebugApkListingFileRedirect
android	Run ./gradlew :android:app:assembleDebug	2026-08-06T10:32:09.2546956Z > Task :android:app:assembleDebug
android	Run ./gradlew :android:app:assembleDebug	2026-08-06T10:32:09.2548378Z gradle/actions: Writing build results to /home/runner/work/_temp/.gradle-actions/build-results/__run_3-1786012258542.json
android	Run ./gradlew :android:app:assembleDebug	2026-08-06T10:32:09.3457017Z 
android	Run ./gradlew :android:app:assembleDebug	2026-08-06T10:32:09.3498740Z BUILD SUCCESSFUL in 1m 15s
android	Run ./gradlew :android:app:assembleDebug	2026-08-06T10:32:09.3538045Z 36 actionable tasks: 36 executed
android	Run ./gradlew :android:app:testDebugUnitTest	﻿2026-08-06T10:32:09.6780162Z ##[group]Run ./gradlew :android:app:testDebugUnitTest
android	Run ./gradlew :android:app:testDebugUnitTest	2026-08-06T10:32:09.6780658Z ^[[36;1m./gradlew :android:app:testDebugUnitTest^[[0m
android	Run ./gradlew :android:app:testDebugUnitTest	2026-08-06T10:32:09.6829822Z shell: /usr/bin/bash -e {0}
android	Run ./gradlew :android:app:testDebugUnitTest	2026-08-06T10:32:09.6830160Z env:
android	Run ./gradlew :android:app:testDebugUnitTest	2026-08-06T10:32:09.6830541Z   JAVA_HOME: /opt/hostedtoolcache/Java_Temurin-Hotspot_jdk/17.0.19-10/x64
android	Run ./gradlew :android:app:testDebugUnitTest	2026-08-06T10:32:09.6831115Z   JAVA_HOME_17_X64: /opt/hostedtoolcache/Java_Temurin-Hotspot_jdk/17.0.19-10/x64
android	Run ./gradlew :android:app:testDebugUnitTest	2026-08-06T10:32:09.6831565Z   ANDROID_HOME: /usr/local/lib/android/sdk
android	Run ./gradlew :android:app:testDebugUnitTest	2026-08-06T10:32:09.6831920Z   ANDROID_SDK_ROOT: /usr/local/lib/android/sdk
android	Run ./gradlew :android:app:testDebugUnitTest	2026-08-06T10:32:09.6832299Z   GRADLE_ACTION_ID: gradle/actions/setup-gradle
android	Run ./gradlew :android:app:testDebugUnitTest	2026-08-06T10:32:09.6832658Z   GRADLE_USER_HOME: /home/runner/.gradle
android	Run ./gradlew :android:app:testDebugUnitTest	2026-08-06T10:32:09.6833004Z   GRADLE_BUILD_ACTION_SETUP_COMPLETED: true
android	Run ./gradlew :android:app:testDebugUnitTest	2026-08-06T10:32:09.6833559Z   GRADLE_BUILD_ACTION_CACHE_RESTORED: true
android	Run ./gradlew :android:app:testDebugUnitTest	2026-08-06T10:32:09.6834050Z   DEVELOCITY_INJECTION_INIT_SCRIPT_NAME: gradle-actions.inject-develocity.init.gradle
android	Run ./gradlew :android:app:testDebugUnitTest	2026-08-06T10:32:09.6834567Z   DEVELOCITY_INJECTION_CUSTOM_VALUE: gradle-actions
android	Run ./gradlew :android:app:testDebugUnitTest	2026-08-06T10:32:09.6834983Z   GITHUB_DEPENDENCY_GRAPH_ENABLED: false
android	Run ./gradlew :android:app:testDebugUnitTest	2026-08-06T10:32:09.6835295Z ##[endgroup]
android	Run ./gradlew :android:app:testDebugUnitTest	2026-08-06T10:32:11.0596193Z > Task :android:app:checkKotlinGradlePluginConfigurationErrors
android	Run ./gradlew :android:app:testDebugUnitTest	2026-08-06T10:32:11.0605938Z > Task :android:app:preBuild UP-TO-DATE
android	Run ./gradlew :android:app:testDebugUnitTest	2026-08-06T10:32:11.0607325Z > Task :android:app:preDebugBuild UP-TO-DATE
android	Run ./gradlew :android:app:testDebugUnitTest	2026-08-06T10:32:11.1564431Z > Task :android:app:checkDebugAarMetadata UP-TO-DATE
android	Run ./gradlew :android:app:testDebugUnitTest	2026-08-06T10:32:11.1605699Z > Task :android:app:generateDebugResValues UP-TO-DATE
android	Run ./gradlew :android:app:testDebugUnitTest	2026-08-06T10:32:11.1610214Z > Task :android:app:mapDebugSourceSetPaths UP-TO-DATE
android	Run ./gradlew :android:app:testDebugUnitTest	2026-08-06T10:32:11.1611191Z > Task :android:app:generateDebugResources UP-TO-DATE
android	Run ./gradlew :android:app:testDebugUnitTest	2026-08-06T10:32:11.1612113Z > Task :android:app:mergeDebugResources UP-TO-DATE
android	Run ./gradlew :android:app:testDebugUnitTest	2026-08-06T10:32:11.1613065Z > Task :android:app:packageDebugResources UP-TO-DATE
android	Run ./gradlew :android:app:testDebugUnitTest	2026-08-06T10:32:11.1614061Z > Task :android:app:parseDebugLocalResources UP-TO-DATE
android	Run ./gradlew :android:app:testDebugUnitTest	2026-08-06T10:32:11.1615126Z > Task :android:app:createDebugCompatibleScreenManifests UP-TO-DATE
android	Run ./gradlew :android:app:testDebugUnitTest	2026-08-06T10:32:11.1616353Z > Task :android:app:extractDeepLinksDebug UP-TO-DATE
android	Run ./gradlew :android:app:testDebugUnitTest	2026-08-06T10:32:11.2586409Z > Task :android:app:processDebugMainManifest UP-TO-DATE
android	Run ./gradlew :android:app:testDebugUnitTest	2026-08-06T10:32:11.2591747Z > Task :android:app:processDebugManifest UP-TO-DATE
android	Run ./gradlew :android:app:testDebugUnitTest	2026-08-06T10:32:11.2598431Z > Task :android:app:processDebugManifestForPackage UP-TO-DATE
android	Run ./gradlew :android:app:testDebugUnitTest	2026-08-06T10:32:11.2603091Z > Task :android:app:processDebugResources UP-TO-DATE
android	Run ./gradlew :android:app:testDebugUnitTest	2026-08-06T10:32:11.3578631Z > Task :android:app:compileDebugKotlin UP-TO-DATE
android	Run ./gradlew :android:app:testDebugUnitTest	2026-08-06T10:32:11.3580447Z > Task :android:app:javaPreCompileDebug UP-TO-DATE
android	Run ./gradlew :android:app:testDebugUnitTest	2026-08-06T10:32:11.3608215Z > Task :android:app:compileDebugJavaWithJavac NO-SOURCE
android	Run ./gradlew :android:app:testDebugUnitTest	2026-08-06T10:32:11.3633291Z > Task :android:app:preDebugUnitTestBuild UP-TO-DATE
android	Run ./gradlew :android:app:testDebugUnitTest	2026-08-06T10:32:11.3658083Z > Task :android:app:javaPreCompileDebugUnitTest
android	Run ./gradlew :android:app:testDebugUnitTest	2026-08-06T10:32:11.3687878Z > Task :android:app:processDebugJavaRes UP-TO-DATE
android	Run ./gradlew :android:app:testDebugUnitTest	2026-08-06T10:32:11.4578432Z > Task :android:app:bundleDebugClassesToRuntimeJar
android	Run ./gradlew :android:app:testDebugUnitTest	2026-08-06T10:32:11.4579470Z > Task :android:app:bundleDebugClassesToCompileJar
android	Run ./gradlew :android:app:testDebugUnitTest	2026-08-06T10:32:12.9618398Z > Task :android:app:compileDebugUnitTestKotlin
android	Run ./gradlew :android:app:testDebugUnitTest	2026-08-06T10:32:12.9648546Z > Task :android:app:compileDebugUnitTestJavaWithJavac NO-SOURCE
android	Run ./gradlew :android:app:testDebugUnitTest	2026-08-06T10:32:12.9708514Z > Task :android:app:processDebugUnitTestJavaRes
android	Run ./gradlew :android:app:testDebugUnitTest	2026-08-06T10:32:14.4582787Z > Task :android:app:testDebugUnitTest
android	Run ./gradlew :android:app:testDebugUnitTest	2026-08-06T10:32:14.5073984Z gradle/actions: Writing build results to /home/runner/work/_temp/.gradle-actions/build-results/__run_4-1786012330398.json
android	Run ./gradlew :android:app:testDebugUnitTest	2026-08-06T10:32:14.5092255Z 
android	Run ./gradlew :android:app:testDebugUnitTest	2026-08-06T10:32:14.5094224Z BUILD SUCCESSFUL in 4s
android	Run ./gradlew :android:app:testDebugUnitTest	2026-08-06T10:32:14.5095104Z 23 actionable tasks: 7 executed, 16 up-to-date
android	Run ./gradlew :android:app:lintDebug	﻿2026-08-06T10:32:14.5300765Z ##[group]Run ./gradlew :android:app:lintDebug
android	Run ./gradlew :android:app:lintDebug	2026-08-06T10:32:14.5323876Z ^[[36;1m./gradlew :android:app:lintDebug^[[0m
android	Run ./gradlew :android:app:lintDebug	2026-08-06T10:32:14.5390305Z shell: /usr/bin/bash -e {0}
android	Run ./gradlew :android:app:lintDebug	2026-08-06T10:32:14.5390762Z env:
android	Run ./gradlew :android:app:lintDebug	2026-08-06T10:32:14.5391319Z   JAVA_HOME: /opt/hostedtoolcache/Java_Temurin-Hotspot_jdk/17.0.19-10/x64
android	Run ./gradlew :android:app:lintDebug	2026-08-06T10:32:14.5392209Z   JAVA_HOME_17_X64: /opt/hostedtoolcache/Java_Temurin-Hotspot_jdk/17.0.19-10/x64
android	Run ./gradlew :android:app:lintDebug	2026-08-06T10:32:14.5392920Z   ANDROID_HOME: /usr/local/lib/android/sdk
android	Run ./gradlew :android:app:lintDebug	2026-08-06T10:32:14.5393462Z   ANDROID_SDK_ROOT: /usr/local/lib/android/sdk
android	Run ./gradlew :android:app:lintDebug	2026-08-06T10:32:14.5394038Z   GRADLE_ACTION_ID: gradle/actions/setup-gradle
android	Run ./gradlew :android:app:lintDebug	2026-08-06T10:32:14.5394570Z   GRADLE_USER_HOME: /home/runner/.gradle
android	Run ./gradlew :android:app:lintDebug	2026-08-06T10:32:14.5395080Z   GRADLE_BUILD_ACTION_SETUP_COMPLETED: true
android	Run ./gradlew :android:app:lintDebug	2026-08-06T10:32:14.5395605Z   GRADLE_BUILD_ACTION_CACHE_RESTORED: true
android	Run ./gradlew :android:app:lintDebug	2026-08-06T10:32:14.5396372Z   DEVELOCITY_INJECTION_INIT_SCRIPT_NAME: gradle-actions.inject-develocity.init.gradle
android	Run ./gradlew :android:app:lintDebug	2026-08-06T10:32:14.5397344Z   DEVELOCITY_INJECTION_CUSTOM_VALUE: gradle-actions
android	Run ./gradlew :android:app:lintDebug	2026-08-06T10:32:14.5398236Z   GITHUB_DEPENDENCY_GRAPH_ENABLED: false
android	Run ./gradlew :android:app:lintDebug	2026-08-06T10:32:14.5398716Z ##[endgroup]
android	Run ./gradlew :android:app:lintDebug	2026-08-06T10:32:15.8123808Z > Task :android:app:checkKotlinGradlePluginConfigurationErrors
android	Run ./gradlew :android:app:lintDebug	2026-08-06T10:32:15.8133022Z > Task :android:app:preBuild UP-TO-DATE
android	Run ./gradlew :android:app:lintDebug	2026-08-06T10:32:15.8134105Z > Task :android:app:preDebugBuild UP-TO-DATE
android	Run ./gradlew :android:app:lintDebug	2026-08-06T10:32:15.9049753Z > Task :android:app:checkDebugAarMetadata UP-TO-DATE
android	Run ./gradlew :android:app:lintDebug	2026-08-06T10:32:15.9101261Z > Task :android:app:generateDebugResValues UP-TO-DATE
android	Run ./gradlew :android:app:lintDebug	2026-08-06T10:32:15.9105244Z > Task :android:app:mapDebugSourceSetPaths UP-TO-DATE
android	Run ./gradlew :android:app:lintDebug	2026-08-06T10:32:15.9106408Z > Task :android:app:generateDebugResources UP-TO-DATE
android	Run ./gradlew :android:app:lintDebug	2026-08-06T10:32:15.9107611Z > Task :android:app:mergeDebugResources UP-TO-DATE
android	Run ./gradlew :android:app:lintDebug	2026-08-06T10:32:15.9108557Z > Task :android:app:packageDebugResources UP-TO-DATE
android	Run ./gradlew :android:app:lintDebug	2026-08-06T10:32:15.9109539Z > Task :android:app:parseDebugLocalResources UP-TO-DATE
android	Run ./gradlew :android:app:lintDebug	2026-08-06T10:32:15.9110621Z > Task :android:app:createDebugCompatibleScreenManifests UP-TO-DATE
android	Run ./gradlew :android:app:lintDebug	2026-08-06T10:32:15.9111731Z > Task :android:app:extractDeepLinksDebug UP-TO-DATE
android	Run ./gradlew :android:app:lintDebug	2026-08-06T10:32:15.9112716Z > Task :android:app:processDebugMainManifest UP-TO-DATE
android	Run ./gradlew :android:app:lintDebug	2026-08-06T10:32:15.9113708Z > Task :android:app:processDebugManifest UP-TO-DATE
android	Run ./gradlew :android:app:lintDebug	2026-08-06T10:32:15.9114706Z > Task :android:app:processDebugManifestForPackage UP-TO-DATE
android	Run ./gradlew :android:app:lintDebug	2026-08-06T10:32:16.0054507Z > Task :android:app:processDebugResources UP-TO-DATE
android	Run ./gradlew :android:app:lintDebug	2026-08-06T10:32:16.0078523Z > Task :android:app:compileDebugKotlin UP-TO-DATE
android	Run ./gradlew :android:app:lintDebug	2026-08-06T10:32:16.0088345Z > Task :android:app:javaPreCompileDebug UP-TO-DATE
android	Run ./gradlew :android:app:lintDebug	2026-08-06T10:32:16.0089375Z > Task :android:app:compileDebugJavaWithJavac NO-SOURCE
android	Run ./gradlew :android:app:lintDebug	2026-08-06T10:32:16.0090560Z > Task :android:app:bundleDebugClassesToCompileJar UP-TO-DATE
android	Run ./gradlew :android:app:lintDebug	2026-08-06T10:32:16.0091584Z > Task :android:app:preDebugAndroidTestBuild SKIPPED
android	Run ./gradlew :android:app:lintDebug	2026-08-06T10:32:16.0092532Z > Task :android:app:generateDebugAndroidTestResValues
android	Run ./gradlew :android:app:lintDebug	2026-08-06T10:32:16.6057247Z > Task :android:app:generateDebugAndroidTestLintModel
android	Run ./gradlew :android:app:lintDebug	2026-08-06T10:32:16.6087357Z > Task :android:app:extractProguardFiles
android	Run ./gradlew :android:app:lintDebug	2026-08-06T10:32:16.7048707Z > Task :android:app:generateDebugLintReportModel
android	Run ./gradlew :android:app:lintDebug	2026-08-06T10:32:16.7076752Z > Task :android:app:preDebugUnitTestBuild UP-TO-DATE
android	Run ./gradlew :android:app:lintDebug	2026-08-06T10:32:16.7088496Z > Task :android:app:generateDebugUnitTestLintModel
android	Run ./gradlew :android:app:lintDebug	2026-08-06T10:32:29.9048986Z > Task :android:app:lintAnalyzeDebugAndroidTest
android	Run ./gradlew :android:app:lintDebug	2026-08-06T10:32:31.5072479Z > Task :android:app:lintAnalyzeDebugUnitTest
android	Run ./gradlew :android:app:lintDebug	2026-08-06T10:32:46.7048300Z > Task :android:app:lintAnalyzeDebug
android	Run ./gradlew :android:app:lintDebug	2026-08-06T10:33:00.9714068Z 
android	Run ./gradlew :android:app:lintDebug	2026-08-06T10:33:00.9728281Z > Task :android:app:lintReportDebug
android	Run ./gradlew :android:app:lintDebug	2026-08-06T10:33:00.9738732Z Wrote HTML report to file:///home/runner/work/wrtmonitor/wrtmonitor/android/app/build/reports/lint-results-debug.html
android	Run ./gradlew :android:app:lintDebug	2026-08-06T10:33:00.9739785Z 
android	Run ./gradlew :android:app:lintDebug	2026-08-06T10:33:00.9740204Z > Task :android:app:lintDebug
android	Run ./gradlew :android:app:lintDebug	2026-08-06T10:33:00.9741460Z gradle/actions: Writing build results to /home/runner/work/_temp/.gradle-actions/build-results/__run_5-1786012335315.json
android	Run ./gradlew :android:app:lintDebug	2026-08-06T10:33:00.9742917Z 
android	Run ./gradlew :android:app:lintDebug	2026-08-06T10:33:00.9743305Z BUILD SUCCESSFUL in 46s
android	Run ./gradlew :android:app:lintDebug	2026-08-06T10:33:00.9744029Z 27 actionable tasks: 11 executed, 16 up-to-date
android	Run ./gradlew :android:app:assembleDebugAndroidTest	﻿2026-08-06T10:33:00.9890320Z ##[group]Run ./gradlew :android:app:assembleDebugAndroidTest
android	Run ./gradlew :android:app:assembleDebugAndroidTest	2026-08-06T10:33:00.9891106Z ^[[36;1m./gradlew :android:app:assembleDebugAndroidTest^[[0m
android	Run ./gradlew :android:app:assembleDebugAndroidTest	2026-08-06T10:33:00.9955700Z shell: /usr/bin/bash -e {0}
android	Run ./gradlew :android:app:assembleDebugAndroidTest	2026-08-06T10:33:00.9956221Z env:
android	Run ./gradlew :android:app:assembleDebugAndroidTest	2026-08-06T10:33:00.9956822Z   JAVA_HOME: /opt/hostedtoolcache/Java_Temurin-Hotspot_jdk/17.0.19-10/x64
android	Run ./gradlew :android:app:assembleDebugAndroidTest	2026-08-06T10:33:00.9957977Z   JAVA_HOME_17_X64: /opt/hostedtoolcache/Java_Temurin-Hotspot_jdk/17.0.19-10/x64
android	Run ./gradlew :android:app:assembleDebugAndroidTest	2026-08-06T10:33:00.9958757Z   ANDROID_HOME: /usr/local/lib/android/sdk
android	Run ./gradlew :android:app:assembleDebugAndroidTest	2026-08-06T10:33:00.9959359Z   ANDROID_SDK_ROOT: /usr/local/lib/android/sdk
android	Run ./gradlew :android:app:assembleDebugAndroidTest	2026-08-06T10:33:00.9959991Z   GRADLE_ACTION_ID: gradle/actions/setup-gradle
android	Run ./gradlew :android:app:assembleDebugAndroidTest	2026-08-06T10:33:00.9960593Z   GRADLE_USER_HOME: /home/runner/.gradle
android	Run ./gradlew :android:app:assembleDebugAndroidTest	2026-08-06T10:33:00.9961158Z   GRADLE_BUILD_ACTION_SETUP_COMPLETED: true
android	Run ./gradlew :android:app:assembleDebugAndroidTest	2026-08-06T10:33:00.9961736Z   GRADLE_BUILD_ACTION_CACHE_RESTORED: true
android	Run ./gradlew :android:app:assembleDebugAndroidTest	2026-08-06T10:33:00.9962794Z   DEVELOCITY_INJECTION_INIT_SCRIPT_NAME: gradle-actions.inject-develocity.init.gradle
android	Run ./gradlew :android:app:assembleDebugAndroidTest	2026-08-06T10:33:00.9963696Z   DEVELOCITY_INJECTION_CUSTOM_VALUE: gradle-actions
android	Run ./gradlew :android:app:assembleDebugAndroidTest	2026-08-06T10:33:00.9964319Z   GITHUB_DEPENDENCY_GRAPH_ENABLED: false
android	Run ./gradlew :android:app:assembleDebugAndroidTest	2026-08-06T10:33:00.9964798Z ##[endgroup]
android	Run ./gradlew :android:app:assembleDebugAndroidTest	2026-08-06T10:33:02.4384769Z > Task :android:app:checkKotlinGradlePluginConfigurationErrors
android	Run ./gradlew :android:app:assembleDebugAndroidTest	2026-08-06T10:33:02.4386172Z > Task :android:app:preBuild UP-TO-DATE
android	Run ./gradlew :android:app:assembleDebugAndroidTest	2026-08-06T10:33:02.4391077Z > Task :android:app:preDebugBuild UP-TO-DATE
android	Run ./gradlew :android:app:assembleDebugAndroidTest	2026-08-06T10:33:02.5005572Z > Task :android:app:checkDebugAarMetadata UP-TO-DATE
android	Run ./gradlew :android:app:assembleDebugAndroidTest	2026-08-06T10:33:02.5035415Z > Task :android:app:generateDebugResValues UP-TO-DATE
android	Run ./gradlew :android:app:assembleDebugAndroidTest	2026-08-06T10:33:02.5092180Z > Task :android:app:mapDebugSourceSetPaths UP-TO-DATE
android	Run ./gradlew :android:app:assembleDebugAndroidTest	2026-08-06T10:33:02.5138334Z > Task :android:app:generateDebugResources UP-TO-DATE
android	Run ./gradlew :android:app:assembleDebugAndroidTest	2026-08-06T10:33:02.5198379Z > Task :android:app:mergeDebugResources UP-TO-DATE
android	Run ./gradlew :android:app:assembleDebugAndroidTest	2026-08-06T10:33:02.5204040Z > Task :android:app:packageDebugResources UP-TO-DATE
android	Run ./gradlew :android:app:assembleDebugAndroidTest	2026-08-06T10:33:02.5207762Z > Task :android:app:parseDebugLocalResources UP-TO-DATE
android	Run ./gradlew :android:app:assembleDebugAndroidTest	2026-08-06T10:33:02.5228485Z > Task :android:app:createDebugCompatibleScreenManifests UP-TO-DATE
android	Run ./gradlew :android:app:assembleDebugAndroidTest	2026-08-06T10:33:02.5267880Z > Task :android:app:extractDeepLinksDebug UP-TO-DATE
android	Run ./gradlew :android:app:assembleDebugAndroidTest	2026-08-06T10:33:02.5287980Z > Task :android:app:processDebugMainManifest UP-TO-DATE
android	Run ./gradlew :android:app:assembleDebugAndroidTest	2026-08-06T10:33:02.5968625Z > Task :android:app:processDebugManifest UP-TO-DATE
android	Run ./gradlew :android:app:assembleDebugAndroidTest	2026-08-06T10:33:02.5978158Z > Task :android:app:processDebugManifestForPackage UP-TO-DATE
android	Run ./gradlew :android:app:assembleDebugAndroidTest	2026-08-06T10:33:02.5985648Z > Task :android:app:processDebugResources UP-TO-DATE
android	Run ./gradlew :android:app:assembleDebugAndroidTest	2026-08-06T10:33:02.6038081Z > Task :android:app:compileDebugKotlin UP-TO-DATE
android	Run ./gradlew :android:app:assembleDebugAndroidTest	2026-08-06T10:33:02.6039180Z > Task :android:app:javaPreCompileDebug UP-TO-DATE
android	Run ./gradlew :android:app:assembleDebugAndroidTest	2026-08-06T10:33:02.6068074Z > Task :android:app:compileDebugJavaWithJavac NO-SOURCE
android	Run ./gradlew :android:app:assembleDebugAndroidTest	2026-08-06T10:33:02.6088223Z > Task :android:app:bundleDebugClassesToCompileJar UP-TO-DATE
android	Run ./gradlew :android:app:assembleDebugAndroidTest	2026-08-06T10:33:02.6089486Z > Task :android:app:preDebugAndroidTestBuild SKIPPED
android	Run ./gradlew :android:app:assembleDebugAndroidTest	2026-08-06T10:33:02.6978668Z > Task :android:app:generateDebugAndroidTestResValues UP-TO-DATE
android	Run ./gradlew :android:app:assembleDebugAndroidTest	2026-08-06T10:33:02.6998335Z > Task :android:app:checkDebugAndroidTestAarMetadata
android	Run ./gradlew :android:app:assembleDebugAndroidTest	2026-08-06T10:33:02.6999422Z > Task :android:app:mapDebugAndroidTestSourceSetPaths
android	Run ./gradlew :android:app:assembleDebugAndroidTest	2026-08-06T10:33:02.7000366Z > Task :android:app:generateDebugAndroidTestResources
android	Run ./gradlew :android:app:assembleDebugAndroidTest	2026-08-06T10:33:03.0977853Z > Task :android:app:processDebugAndroidTestManifest
android	Run ./gradlew :android:app:assembleDebugAndroidTest	2026-08-06T10:33:03.0979130Z > Task :android:app:javaPreCompileDebugAndroidTest
android	Run ./gradlew :android:app:assembleDebugAndroidTest	2026-08-06T10:33:03.0980107Z > Task :android:app:mergeDebugAndroidTestShaders
android	Run ./gradlew :android:app:assembleDebugAndroidTest	2026-08-06T10:33:03.0981059Z > Task :android:app:compileDebugAndroidTestShaders NO-SOURCE
android	Run ./gradlew :android:app:assembleDebugAndroidTest	2026-08-06T10:33:03.0982075Z > Task :android:app:generateDebugAndroidTestAssets UP-TO-DATE
android	Run ./gradlew :android:app:assembleDebugAndroidTest	2026-08-06T10:33:03.0982983Z > Task :android:app:mergeDebugAndroidTestResources
android	Run ./gradlew :android:app:assembleDebugAndroidTest	2026-08-06T10:33:03.0983832Z > Task :android:app:mergeDebugAndroidTestAssets
android	Run ./gradlew :android:app:assembleDebugAndroidTest	2026-08-06T10:33:03.2008696Z > Task :android:app:compressDebugAndroidTestAssets
android	Run ./gradlew :android:app:assembleDebugAndroidTest	2026-08-06T10:33:03.2049166Z > Task :android:app:desugarDebugAndroidTestFileDependencies
android	Run ./gradlew :android:app:assembleDebugAndroidTest	2026-08-06T10:33:03.2068009Z > Task :android:app:checkDebugAndroidTestDuplicateClasses
android	Run ./gradlew :android:app:assembleDebugAndroidTest	2026-08-06T10:33:03.2098030Z > Task :android:app:mergeDebugAndroidTestJniLibFolders
android	Run ./gradlew :android:app:assembleDebugAndroidTest	2026-08-06T10:33:03.3994121Z > Task :android:app:mergeDebugJniLibFolders UP-TO-DATE
android	Run ./gradlew :android:app:assembleDebugAndroidTest	2026-08-06T10:33:03.4058611Z > Task :android:app:mergeLibDexDebugAndroidTest
android	Run ./gradlew :android:app:assembleDebugAndroidTest	2026-08-06T10:33:03.4065655Z > Task :android:app:mergeDebugNativeLibs UP-TO-DATE
android	Run ./gradlew :android:app:assembleDebugAndroidTest	2026-08-06T10:33:03.4097851Z > Task :android:app:mergeDebugAndroidTestNativeLibs NO-SOURCE
android	Run ./gradlew :android:app:assembleDebugAndroidTest	2026-08-06T10:33:03.4111947Z > Task :android:app:stripDebugAndroidTestDebugSymbols NO-SOURCE
android	Run ./gradlew :android:app:assembleDebugAndroidTest	2026-08-06T10:33:03.4177985Z > Task :android:app:validateSigningDebugAndroidTest
android	Run ./gradlew :android:app:assembleDebugAndroidTest	2026-08-06T10:33:03.4188399Z > Task :android:app:writeDebugAndroidTestSigningConfigVersions
android	Run ./gradlew :android:app:assembleDebugAndroidTest	2026-08-06T10:33:03.4989673Z > Task :android:app:processDebugAndroidTestResources
android	Run ./gradlew :android:app:assembleDebugAndroidTest	2026-08-06T10:33:04.1968399Z > Task :android:app:mergeExtDexDebugAndroidTest
android	Run ./gradlew :android:app:assembleDebugAndroidTest	2026-08-06T10:33:04.6963628Z > Task :android:app:compileDebugAndroidTestKotlin
android	Run ./gradlew :android:app:assembleDebugAndroidTest	2026-08-06T10:33:04.6970790Z > Task :android:app:compileDebugAndroidTestJavaWithJavac NO-SOURCE
android	Run ./gradlew :android:app:assembleDebugAndroidTest	2026-08-06T10:33:04.8062031Z > Task :android:app:dexBuilderDebugAndroidTest
android	Run ./gradlew :android:app:assembleDebugAndroidTest	2026-08-06T10:33:04.8143140Z > Task :android:app:mergeDebugAndroidTestGlobalSynthetics
android	Run ./gradlew :android:app:assembleDebugAndroidTest	2026-08-06T10:33:04.8187601Z > Task :android:app:processDebugAndroidTestJavaRes
android	Run ./gradlew :android:app:assembleDebugAndroidTest	2026-08-06T10:33:04.8964224Z > Task :android:app:mergeProjectDexDebugAndroidTest
android	Run ./gradlew :android:app:assembleDebugAndroidTest	2026-08-06T10:33:04.9979322Z > Task :android:app:mergeDebugAndroidTestJavaResource
android	Run ./gradlew :android:app:assembleDebugAndroidTest	2026-08-06T10:33:05.1820184Z > Task :android:app:packageDebugAndroidTest
android	Run ./gradlew :android:app:assembleDebugAndroidTest	2026-08-06T10:33:05.1858116Z > Task :android:app:createDebugAndroidTestApkListingFileRedirect
android	Run ./gradlew :android:app:assembleDebugAndroidTest	2026-08-06T10:33:05.1863634Z > Task :android:app:assembleDebugAndroidTest
android	Run ./gradlew :android:app:assembleDebugAndroidTest	2026-08-06T10:33:05.1869880Z gradle/actions: Writing build results to /home/runner/work/_temp/.gradle-actions/build-results/__run_6-1786012381932.json
android	Run ./gradlew :android:app:assembleDebugAndroidTest	2026-08-06T10:33:05.1873183Z 
android	Run ./gradlew :android:app:assembleDebugAndroidTest	2026-08-06T10:33:05.1873634Z BUILD SUCCESSFUL in 4s
android	Run ./gradlew :android:app:assembleDebugAndroidTest	2026-08-06T10:33:05.1877304Z 45 actionable tasks: 26 executed, 19 up-to-date
android	Verify Compose architecture boundary	﻿2026-08-06T10:33:05.2113816Z ##[group]Run python scripts/validate_architecture.py
android	Verify Compose architecture boundary	2026-08-06T10:33:05.2117282Z ^[[36;1mpython scripts/validate_architecture.py^[[0m
android	Verify Compose architecture boundary	2026-08-06T10:33:05.2209540Z shell: /usr/bin/bash -e {0}
android	Verify Compose architecture boundary	2026-08-06T10:33:05.2211405Z env:
android	Verify Compose architecture boundary	2026-08-06T10:33:05.2212002Z   JAVA_HOME: /opt/hostedtoolcache/Java_Temurin-Hotspot_jdk/17.0.19-10/x64
android	Verify Compose architecture boundary	2026-08-06T10:33:05.2214917Z   JAVA_HOME_17_X64: /opt/hostedtoolcache/Java_Temurin-Hotspot_jdk/17.0.19-10/x64
android	Verify Compose architecture boundary	2026-08-06T10:33:05.2216930Z   ANDROID_HOME: /usr/local/lib/android/sdk
android	Verify Compose architecture boundary	2026-08-06T10:33:05.2217642Z   ANDROID_SDK_ROOT: /usr/local/lib/android/sdk
android	Verify Compose architecture boundary	2026-08-06T10:33:05.2219813Z   GRADLE_ACTION_ID: gradle/actions/setup-gradle
android	Verify Compose architecture boundary	2026-08-06T10:33:05.2220376Z   GRADLE_USER_HOME: /home/runner/.gradle
android	Verify Compose architecture boundary	2026-08-06T10:33:05.2229241Z   GRADLE_BUILD_ACTION_SETUP_COMPLETED: true
android	Verify Compose architecture boundary	2026-08-06T10:33:05.2229803Z   GRADLE_BUILD_ACTION_CACHE_RESTORED: true
android	Verify Compose architecture boundary	2026-08-06T10:33:05.2232776Z   DEVELOCITY_INJECTION_INIT_SCRIPT_NAME: gradle-actions.inject-develocity.init.gradle
android	Verify Compose architecture boundary	2026-08-06T10:33:05.2236635Z   DEVELOCITY_INJECTION_CUSTOM_VALUE: gradle-actions
android	Verify Compose architecture boundary	2026-08-06T10:33:05.2237476Z   GITHUB_DEPENDENCY_GRAPH_ENABLED: false
android	Verify Compose architecture boundary	2026-08-06T10:33:05.2243343Z ##[endgroup]
android	Verify Compose architecture boundary	2026-08-06T10:33:05.2828714Z architecture OK: subsystem facades are thin and transport JSON stays outside Compose
android	Run actions/upload-artifact@v7	﻿2026-08-06T10:33:05.2968543Z ##[group]Run actions/upload-artifact@v7
android	Run actions/upload-artifact@v7	2026-08-06T10:33:05.2969221Z with:
android	Run actions/upload-artifact@v7	2026-08-06T10:33:05.2969603Z   name: wrtmonitor-android-debug
android	Run actions/upload-artifact@v7	2026-08-06T10:33:05.2970185Z   path: android/app/build/outputs/apk/debug/app-debug.apk
android	Run actions/upload-artifact@v7	2026-08-06T10:33:05.2970786Z   if-no-files-found: warn
android	Run actions/upload-artifact@v7	2026-08-06T10:33:05.2971211Z   compression-level: 6
android	Run actions/upload-artifact@v7	2026-08-06T10:33:05.2971615Z   overwrite: false
android	Run actions/upload-artifact@v7	2026-08-06T10:33:05.2972021Z   include-hidden-files: false
android	Run actions/upload-artifact@v7	2026-08-06T10:33:05.2972477Z   archive: true
android	Run actions/upload-artifact@v7	2026-08-06T10:33:05.2972839Z env:
android	Run actions/upload-artifact@v7	2026-08-06T10:33:05.2973485Z   JAVA_HOME: /opt/hostedtoolcache/Java_Temurin-Hotspot_jdk/17.0.19-10/x64
android	Run actions/upload-artifact@v7	2026-08-06T10:33:05.2974390Z   JAVA_HOME_17_X64: /opt/hostedtoolcache/Java_Temurin-Hotspot_jdk/17.0.19-10/x64
android	Run actions/upload-artifact@v7	2026-08-06T10:33:05.2975100Z   ANDROID_HOME: /usr/local/lib/android/sdk
android	Run actions/upload-artifact@v7	2026-08-06T10:33:05.2975648Z   ANDROID_SDK_ROOT: /usr/local/lib/android/sdk
android	Run actions/upload-artifact@v7	2026-08-06T10:33:05.2976223Z   GRADLE_ACTION_ID: gradle/actions/setup-gradle
android	Run actions/upload-artifact@v7	2026-08-06T10:33:05.2976783Z   GRADLE_USER_HOME: /home/runner/.gradle
android	Run actions/upload-artifact@v7	2026-08-06T10:33:05.2977710Z   GRADLE_BUILD_ACTION_SETUP_COMPLETED: true
android	Run actions/upload-artifact@v7	2026-08-06T10:33:05.2978250Z   GRADLE_BUILD_ACTION_CACHE_RESTORED: true
android	Run actions/upload-artifact@v7	2026-08-06T10:33:05.2979030Z   DEVELOCITY_INJECTION_INIT_SCRIPT_NAME: gradle-actions.inject-develocity.init.gradle
android	Run actions/upload-artifact@v7	2026-08-06T10:33:05.2979880Z   DEVELOCITY_INJECTION_CUSTOM_VALUE: gradle-actions
android	Run actions/upload-artifact@v7	2026-08-06T10:33:05.2980466Z   GITHUB_DEPENDENCY_GRAPH_ENABLED: false
android	Run actions/upload-artifact@v7	2026-08-06T10:33:05.2980957Z ##[endgroup]
android	Run actions/upload-artifact@v7	2026-08-06T10:33:05.5311804Z With the provided path, there will be 1 file uploaded
android	Run actions/upload-artifact@v7	2026-08-06T10:33:05.5357721Z Artifact name is valid!
android	Run actions/upload-artifact@v7	2026-08-06T10:33:05.5380868Z Root directory input is valid!
android	Run actions/upload-artifact@v7	2026-08-06T10:33:05.7008943Z Uploading artifact: wrtmonitor-android-debug.zip
android	Run actions/upload-artifact@v7	2026-08-06T10:33:05.7038115Z Beginning upload of artifact content to blob storage
android	Run actions/upload-artifact@v7	2026-08-06T10:33:06.3679731Z Uploaded bytes 8388608
android	Run actions/upload-artifact@v7	2026-08-06T10:33:06.7610754Z Uploaded bytes 16777216
android	Run actions/upload-artifact@v7	2026-08-06T10:33:07.1635700Z Uploaded bytes 25165824
android	Run actions/upload-artifact@v7	2026-08-06T10:33:07.5333502Z Uploaded bytes 30638830
android	Run actions/upload-artifact@v7	2026-08-06T10:33:07.5439619Z Finished uploading artifact content to blob storage!
android	Run actions/upload-artifact@v7	2026-08-06T10:33:07.5443386Z SHA256 digest of uploaded artifact is 07121f35fa4c4719086e9d145f020a5bad49b100743384a7ffcab52dc91980b4
android	Run actions/upload-artifact@v7	2026-08-06T10:33:07.5445314Z Finalizing artifact upload
android	Run actions/upload-artifact@v7	2026-08-06T10:33:07.7650804Z Artifact wrtmonitor-android-debug successfully finalized. Artifact ID 8964526195
android	Run actions/upload-artifact@v7	2026-08-06T10:33:07.7652355Z Artifact wrtmonitor-android-debug has been successfully uploaded! Final size is 30638830 bytes. Artifact ID is 8964526195
android	Run actions/upload-artifact@v7	2026-08-06T10:33:07.7659052Z Artifact download URL: https://github.com/shurshick/wrtmonitor/actions/runs/31093511230/artifacts/8964526195
android	Post Run gradle/actions/setup-gradle@v4	﻿2026-08-06T10:33:07.7907405Z Node 20 is being deprecated. This workflow is running with Node 24 by default. If you need to temporarily use Node 20, you can set the ACTIONS_ALLOW_USE_UNSECURE_NODE_VERSION=true environment variable. For more information see: https://github.blog/changelog/2025-09-19-deprecation-of-node-20-on-github-actions-runners/
android	Post Run gradle/actions/setup-gradle@v4	2026-08-06T10:33:07.7908725Z Post job cleanup.
android	Post Run gradle/actions/setup-gradle@v4	2026-08-06T10:33:08.0347880Z In post-action step
android	Post Run gradle/actions/setup-gradle@v4	2026-08-06T10:33:08.0359099Z Cache is read-only: will not save state for use in subsequent builds.
android	Post Run gradle/actions/setup-gradle@v4	2026-08-06T10:33:08.0365848Z Generating Job Summary
android	Post Run gradle/actions/setup-gradle@v4	2026-08-06T10:33:08.0385282Z Completed post-action step
android	Post Run actions/setup-java@v4	﻿2026-08-06T10:33:08.0642546Z Node 20 is being deprecated. This workflow is running with Node 24 by default. If you need to temporarily use Node 20, you can set the ACTIONS_ALLOW_USE_UNSECURE_NODE_VERSION=true environment variable. For more information see: https://github.blog/changelog/2025-09-19-deprecation-of-node-20-on-github-actions-runners/
android	Post Run actions/setup-java@v4	2026-08-06T10:33:08.0644594Z Post job cleanup.
android	Post Run actions/setup-java@v4	2026-08-06T10:33:08.2069814Z (node:3977) [DEP0040] DeprecationWarning: The `punycode` module is deprecated. Please use a userland alternative instead.
android	Post Run actions/setup-java@v4	2026-08-06T10:33:08.2071276Z (Use `node --trace-deprecation ...` to show where the warning was created)
android	Post Run actions/checkout@v7	﻿2026-08-06T10:33:08.2318985Z Post job cleanup.
android	Post Run actions/checkout@v7	2026-08-06T10:33:08.3298592Z [command]/usr/bin/git version
android	Post Run actions/checkout@v7	2026-08-06T10:33:08.3345525Z git version 2.54.0
android	Post Run actions/checkout@v7	2026-08-06T10:33:08.3395605Z Temporarily overriding HOME='/home/runner/work/_temp/e63fb9f9-e8d2-4d23-bf03-03653684d6be' before making global git config changes
android	Post Run actions/checkout@v7	2026-08-06T10:33:08.3397317Z Adding repository directory to the temporary git global config as a safe directory
android	Post Run actions/checkout@v7	2026-08-06T10:33:08.3402057Z [command]/usr/bin/git config --global --add safe.directory /home/runner/work/wrtmonitor/wrtmonitor
android	Post Run actions/checkout@v7	2026-08-06T10:33:08.3438976Z Removing SSH command configuration
android	Post Run actions/checkout@v7	2026-08-06T10:33:08.3445147Z [command]/usr/bin/git config --local --name-only --get-regexp core\.sshCommand
android	Post Run actions/checkout@v7	2026-08-06T10:33:08.3483294Z [command]/usr/bin/git submodule foreach --recursive sh -c "git config --local --name-only --get-regexp 'core\.sshCommand' && git config --local --unset-all 'core.sshCommand' || :"
android	Post Run actions/checkout@v7	2026-08-06T10:33:08.3771412Z Removing HTTP extra header
android	Post Run actions/checkout@v7	2026-08-06T10:33:08.3772589Z [command]/usr/bin/git config --local --name-only --get-regexp http\.https\:\/\/github\.com\/\.extraheader
android	Post Run actions/checkout@v7	2026-08-06T10:33:08.3815179Z [command]/usr/bin/git submodule foreach --recursive sh -c "git config --local --name-only --get-regexp 'http\.https\:\/\/github\.com\/\.extraheader' && git config --local --unset-all 'http.https://github.com/.extraheader' || :"
android	Post Run actions/checkout@v7	2026-08-06T10:33:08.4088067Z Removing includeIf entries pointing to credentials config files
android	Post Run actions/checkout@v7	2026-08-06T10:33:08.4095942Z [command]/usr/bin/git config --local --name-only --get-regexp ^includeIf\.gitdir:
android	Post Run actions/checkout@v7	2026-08-06T10:33:08.4146108Z includeif.gitdir:/home/runner/work/wrtmonitor/wrtmonitor/.git.path
android	Post Run actions/checkout@v7	2026-08-06T10:33:08.4147999Z includeif.gitdir:/home/runner/work/wrtmonitor/wrtmonitor/.git/worktrees/*.path
android	Post Run actions/checkout@v7	2026-08-06T10:33:08.4148568Z includeif.gitdir:/github/workspace/.git.path
android	Post Run actions/checkout@v7	2026-08-06T10:33:08.4149059Z includeif.gitdir:/github/workspace/.git/worktrees/*.path
android	Post Run actions/checkout@v7	2026-08-06T10:33:08.4150346Z [command]/usr/bin/git config --local --get-all includeif.gitdir:/home/runner/work/wrtmonitor/wrtmonitor/.git.path
android	Post Run actions/checkout@v7	2026-08-06T10:33:08.4180115Z /home/runner/work/_temp/git-credentials-39805c22-a948-4b91-907e-c41a574680b1.config
android	Post Run actions/checkout@v7	2026-08-06T10:33:08.4193340Z [command]/usr/bin/git config --local --unset includeif.gitdir:/home/runner/work/wrtmonitor/wrtmonitor/.git.path \/home\/runner\/work\/_temp\/git\-credentials\-39805c22\-a948\-4b91\-907e\-c41a574680b1\.config
android	Post Run actions/checkout@v7	2026-08-06T10:33:08.4243176Z [command]/usr/bin/git config --local --get-all includeif.gitdir:/home/runner/work/wrtmonitor/wrtmonitor/.git/worktrees/*.path
android	Post Run actions/checkout@v7	2026-08-06T10:33:08.4284019Z /home/runner/work/_temp/git-credentials-39805c22-a948-4b91-907e-c41a574680b1.config
android	Post Run actions/checkout@v7	2026-08-06T10:33:08.4307622Z [command]/usr/bin/git config --local --unset includeif.gitdir:/home/runner/work/wrtmonitor/wrtmonitor/.git/worktrees/*.path \/home\/runner\/work\/_temp\/git\-credentials\-39805c22\-a948\-4b91\-907e\-c41a574680b1\.config
android	Post Run actions/checkout@v7	2026-08-06T10:33:08.4358871Z [command]/usr/bin/git config --local --get-all includeif.gitdir:/github/workspace/.git.path
android	Post Run actions/checkout@v7	2026-08-06T10:33:08.4392002Z /github/runner_temp/git-credentials-39805c22-a948-4b91-907e-c41a574680b1.config
android	Post Run actions/checkout@v7	2026-08-06T10:33:08.4401464Z [command]/usr/bin/git config --local --unset includeif.gitdir:/github/workspace/.git.path \/github\/runner_temp\/git\-credentials\-39805c22\-a948\-4b91\-907e\-c41a574680b1\.config
android	Post Run actions/checkout@v7	2026-08-06T10:33:08.4443775Z [command]/usr/bin/git config --local --get-all includeif.gitdir:/github/workspace/.git/worktrees/*.path
android	Post Run actions/checkout@v7	2026-08-06T10:33:08.4474812Z /github/runner_temp/git-credentials-39805c22-a948-4b91-907e-c41a574680b1.config
android	Post Run actions/checkout@v7	2026-08-06T10:33:08.4483990Z [command]/usr/bin/git config --local --unset includeif.gitdir:/github/workspace/.git/worktrees/*.path \/github\/runner_temp\/git\-credentials\-39805c22\-a948\-4b91\-907e\-c41a574680b1\.config
android	Post Run actions/checkout@v7	2026-08-06T10:33:08.4525128Z [command]/usr/bin/git submodule foreach --recursive git config --local --show-origin --name-only --get-regexp remote.origin.url
android	Post Run actions/checkout@v7	2026-08-06T10:33:08.4778005Z Removing credentials config '/home/runner/work/_temp/git-credentials-39805c22-a948-4b91-907e-c41a574680b1.config'
android	Complete job	﻿2026-08-06T10:33:08.4928910Z Cleaning up orphan processes
android	Complete job	2026-08-06T10:33:08.5279880Z Terminate orphan process: pid (2709) (java)
android	Complete job	2026-08-06T10:33:08.5322329Z Terminate orphan process: pid (2825) (java)
android	Complete job	2026-08-06T10:33:08.5347918Z ##[warning]Node.js 20 is deprecated. The following actions target Node.js 20 but are being forced to run on Node.js 24: actions/setup-java@v4, android-actions/setup-android@v3, gradle/actions/setup-gradle@v4. For more information see: https://github.blog/changelog/2025-09-19-deprecation-of-node-20-on-github-actions-runners/
backend	Set up job	﻿2026-08-06T10:30:21.5180428Z Current runner version: '2.336.0'
backend	Set up job	2026-08-06T10:30:21.5208170Z ##[group]Runner Image Provisioner
backend	Set up job	2026-08-06T10:30:21.5209028Z Hosted Compute Agent
backend	Set up job	2026-08-06T10:30:21.5209778Z Version: 20260707.563
backend	Set up job	2026-08-06T10:30:21.5210465Z Commit: 02667638d2b423fbc733a8e32a88b44996a3ba6e
backend	Set up job	2026-08-06T10:30:21.5211273Z Build Date: 2026-07-07T19:33:50Z
backend	Set up job	2026-08-06T10:30:21.5211978Z Worker ID: {b56f9cad-3241-4586-a618-4004292085c1}
backend	Set up job	2026-08-06T10:30:21.5212890Z Azure Region: centralus
backend	Set up job	2026-08-06T10:30:21.5213550Z ##[endgroup]
backend	Set up job	2026-08-06T10:30:21.5214997Z ##[group]Operating System
backend	Set up job	2026-08-06T10:30:21.5215613Z Ubuntu
backend	Set up job	2026-08-06T10:30:21.5216466Z 24.04.4
backend	Set up job	2026-08-06T10:30:21.5216997Z LTS
backend	Set up job	2026-08-06T10:30:21.5217567Z ##[endgroup]
backend	Set up job	2026-08-06T10:30:21.5218191Z ##[group]Runner Image
backend	Set up job	2026-08-06T10:30:21.5218811Z Image: ubuntu-24.04
backend	Set up job	2026-08-06T10:30:21.5219487Z Version: 20260720.247.2
backend	Set up job	2026-08-06T10:30:21.5220559Z Included Software: https://github.com/actions/runner-images/blob/ubuntu24/20260720.247/images/ubuntu/Ubuntu2404-Readme.md
backend	Set up job	2026-08-06T10:30:21.5222495Z Image Release: https://github.com/actions/runner-images/releases/tag/ubuntu24%2F20260720.247
backend	Set up job	2026-08-06T10:30:21.5223466Z ##[endgroup]
backend	Set up job	2026-08-06T10:30:21.5224654Z ##[group]GITHUB_TOKEN Permissions
backend	Set up job	2026-08-06T10:30:21.5226816Z Contents: read
backend	Set up job	2026-08-06T10:30:21.5227511Z Metadata: read
backend	Set up job	2026-08-06T10:30:21.5228182Z ##[endgroup]
backend	Set up job	2026-08-06T10:30:21.5230319Z Secret source: Actions
backend	Set up job	2026-08-06T10:30:21.5231819Z Prepare workflow directory
backend	Set up job	2026-08-06T10:30:21.5909665Z Prepare all required actions
backend	Set up job	2026-08-06T10:30:21.5958812Z Getting action download info
backend	Set up job	2026-08-06T10:30:21.8491056Z Download action repository 'actions/checkout@v7' (SHA:3d3c42e5aac5ba805825da76410c181273ba90b1)
backend	Set up job	2026-08-06T10:30:22.6113285Z Download action repository 'actions/setup-python@v6' (SHA:ece7cb06caefa5fff74198d8649806c4678c61a1)
backend	Set up job	2026-08-06T10:30:22.6911411Z Download action repository 'actions/upload-artifact@v7' (SHA:043fb46d1a93c77aae656e7c1c64a875d1fc6a0a)
backend	Set up job	2026-08-06T10:30:22.8849862Z Complete job name: backend
backend	Initialize containers	﻿2026-08-06T10:30:22.9472254Z ##[group]Checking docker version
backend	Initialize containers	2026-08-06T10:30:22.9485698Z ##[command]/usr/bin/docker version --format '{{.Server.APIVersion}}'
backend	Initialize containers	2026-08-06T10:30:23.0240257Z '1.48'
backend	Initialize containers	2026-08-06T10:30:23.0257238Z Docker daemon API version: '1.48'
backend	Initialize containers	2026-08-06T10:30:23.0258027Z ##[command]/usr/bin/docker version --format '{{.Client.APIVersion}}'
backend	Initialize containers	2026-08-06T10:30:23.0433197Z '1.48'
backend	Initialize containers	2026-08-06T10:30:23.0447132Z Docker client API version: '1.48'
backend	Initialize containers	2026-08-06T10:30:23.0453621Z ##[endgroup]
backend	Initialize containers	2026-08-06T10:30:23.0456122Z ##[group]Clean up resources from previous jobs
backend	Initialize containers	2026-08-06T10:30:23.0461533Z ##[command]/usr/bin/docker ps --all --quiet --no-trunc --filter "label=6640c6"
backend	Initialize containers	2026-08-06T10:30:23.0611701Z ##[command]/usr/bin/docker network prune --force --filter "label=6640c6"
backend	Initialize containers	2026-08-06T10:30:23.0755142Z ##[endgroup]
backend	Initialize containers	2026-08-06T10:30:23.0755748Z ##[group]Create local container network
backend	Initialize containers	2026-08-06T10:30:23.0766209Z ##[command]/usr/bin/docker network create --label 6640c6 github_network_3c2b7e3ba07d45f9a75c26443b861190
backend	Initialize containers	2026-08-06T10:30:23.1319142Z 536089462d2048206ef52f39c8edb0f9b297ed36b3a790ce54cd03e6228e56f3
backend	Initialize containers	2026-08-06T10:30:23.1339366Z ##[endgroup]
backend	Initialize containers	2026-08-06T10:30:23.1364825Z ##[group]Starting postgres service container
backend	Initialize containers	2026-08-06T10:30:23.1388251Z ##[command]/usr/bin/docker pull postgres:16-alpine
backend	Initialize containers	2026-08-06T10:30:23.7385998Z 16-alpine: Pulling from library/postgres
backend	Initialize containers	2026-08-06T10:30:23.8839450Z 55afa1ecc21d: Already exists
backend	Initialize containers	2026-08-06T10:30:23.8868921Z 0749aef11dca: Pulling fs layer
backend	Initialize containers	2026-08-06T10:30:23.8870203Z 2d3064b8615b: Pulling fs layer
backend	Initialize containers	2026-08-06T10:30:23.8871300Z ef6ab46d98b2: Pulling fs layer
backend	Initialize containers	2026-08-06T10:30:23.8872736Z 689a434e3a86: Pulling fs layer
backend	Initialize containers	2026-08-06T10:30:23.8874105Z 2f537278bc74: Pulling fs layer
backend	Initialize containers	2026-08-06T10:30:23.8875228Z 4096c457dc0d: Pulling fs layer
backend	Initialize containers	2026-08-06T10:30:23.8876593Z c86ab38aa6db: Pulling fs layer
backend	Initialize containers	2026-08-06T10:30:23.8877785Z 713473b5b92b: Pulling fs layer
backend	Initialize containers	2026-08-06T10:30:23.8878937Z 7af924000309: Pulling fs layer
backend	Initialize containers	2026-08-06T10:30:23.8880432Z cc7fa208b8a7: Pulling fs layer
backend	Initialize containers	2026-08-06T10:30:23.8881961Z 2f537278bc74: Waiting
backend	Initialize containers	2026-08-06T10:30:23.8883079Z 4096c457dc0d: Waiting
backend	Initialize containers	2026-08-06T10:30:23.8884076Z c86ab38aa6db: Waiting
backend	Initialize containers	2026-08-06T10:30:23.8885169Z 713473b5b92b: Waiting
backend	Initialize containers	2026-08-06T10:30:23.8886413Z 7af924000309: Waiting
backend	Initialize containers	2026-08-06T10:30:23.8887649Z cc7fa208b8a7: Waiting
backend	Initialize containers	2026-08-06T10:30:23.8888834Z 689a434e3a86: Waiting
backend	Initialize containers	2026-08-06T10:30:24.0540962Z ef6ab46d98b2: Verifying Checksum
backend	Initialize containers	2026-08-06T10:30:24.0543322Z ef6ab46d98b2: Download complete
backend	Initialize containers	2026-08-06T10:30:24.0607654Z 0749aef11dca: Download complete
backend	Initialize containers	2026-08-06T10:30:24.1314827Z 2d3064b8615b: Verifying Checksum
backend	Initialize containers	2026-08-06T10:30:24.1317181Z 2d3064b8615b: Download complete
backend	Initialize containers	2026-08-06T10:30:24.2961352Z 4096c457dc0d: Download complete
backend	Initialize containers	2026-08-06T10:30:24.2965139Z 689a434e3a86: Verifying Checksum
backend	Initialize containers	2026-08-06T10:30:24.2967864Z 689a434e3a86: Download complete
backend	Initialize containers	2026-08-06T10:30:24.4425637Z c86ab38aa6db: Verifying Checksum
backend	Initialize containers	2026-08-06T10:30:24.4430130Z c86ab38aa6db: Download complete
backend	Initialize containers	2026-08-06T10:30:24.4447616Z 713473b5b92b: Verifying Checksum
backend	Initialize containers	2026-08-06T10:30:24.4452928Z 713473b5b92b: Download complete
backend	Initialize containers	2026-08-06T10:30:24.5887868Z cc7fa208b8a7: Verifying Checksum
backend	Initialize containers	2026-08-06T10:30:24.5888396Z cc7fa208b8a7: Download complete
backend	Initialize containers	2026-08-06T10:30:24.6224067Z 7af924000309: Verifying Checksum
backend	Initialize containers	2026-08-06T10:30:24.6224813Z 7af924000309: Download complete
backend	Initialize containers	2026-08-06T10:30:24.7662788Z 2f537278bc74: Verifying Checksum
backend	Initialize containers	2026-08-06T10:30:24.7663256Z 2f537278bc74: Download complete
backend	Initialize containers	2026-08-06T10:30:25.6532968Z 0749aef11dca: Pull complete
backend	Initialize containers	2026-08-06T10:30:25.9146620Z 2d3064b8615b: Pull complete
backend	Initialize containers	2026-08-06T10:30:25.9306734Z ef6ab46d98b2: Pull complete
backend	Initialize containers	2026-08-06T10:30:25.9400344Z 689a434e3a86: Pull complete
backend	Initialize containers	2026-08-06T10:30:28.4593948Z 2f537278bc74: Pull complete
backend	Initialize containers	2026-08-06T10:30:28.4749718Z 4096c457dc0d: Pull complete
backend	Initialize containers	2026-08-06T10:30:28.4864647Z c86ab38aa6db: Pull complete
backend	Initialize containers	2026-08-06T10:30:28.4975050Z 713473b5b92b: Pull complete
backend	Initialize containers	2026-08-06T10:30:28.5095386Z 7af924000309: Pull complete
backend	Initialize containers	2026-08-06T10:30:28.5198386Z cc7fa208b8a7: Pull complete
backend	Initialize containers	2026-08-06T10:30:28.5242475Z Digest: sha256:57c72fd2a128e416c7fcc499958864df5301e940bca0a56f58fddf30ffc07777
backend	Initialize containers	2026-08-06T10:30:28.5255696Z Status: Downloaded newer image for postgres:16-alpine
backend	Initialize containers	2026-08-06T10:30:28.5265050Z docker.io/library/postgres:16-alpine
backend	Initialize containers	2026-08-06T10:30:28.5329230Z ##[command]/usr/bin/docker create --name 276a8118d81449da97cc34a9b2d4dcaf_postgres16alpine_956bfa --label 6640c6 --network github_network_3c2b7e3ba07d45f9a75c26443b861190 --network-alias postgres -p 5432:5432 --health-cmd "pg_isready -U wrtmonitor -d wrtmonitor_test" --health-interval 10s --health-timeout 5s --health-retries 10 -e "POSTGRES_DB=wrtmonitor_test" -e "POSTGRES_USER=wrtmonitor" -e "POSTGRES_PASSWORD=change-me-db-password" -e GITHUB_ACTIONS=true -e CI=true postgres:16-alpine
backend	Initialize containers	2026-08-06T10:30:28.5600434Z 812a82386495179b3c89e27a2d866b1854d692b6f3a1f1184aedb8f0f2f4b618
backend	Initialize containers	2026-08-06T10:30:28.5626226Z ##[command]/usr/bin/docker start 812a82386495179b3c89e27a2d866b1854d692b6f3a1f1184aedb8f0f2f4b618
backend	Initialize containers	2026-08-06T10:30:28.7598564Z 812a82386495179b3c89e27a2d866b1854d692b6f3a1f1184aedb8f0f2f4b618
backend	Initialize containers	2026-08-06T10:30:28.7624661Z ##[command]/usr/bin/docker ps --all --filter id=812a82386495179b3c89e27a2d866b1854d692b6f3a1f1184aedb8f0f2f4b618 --filter status=running --no-trunc --format "{{.ID}} {{.Status}}"
backend	Initialize containers	2026-08-06T10:30:28.7762978Z 812a82386495179b3c89e27a2d866b1854d692b6f3a1f1184aedb8f0f2f4b618 Up Less than a second (health: starting)
backend	Initialize containers	2026-08-06T10:30:28.7801927Z ##[command]/usr/bin/docker port 812a82386495179b3c89e27a2d866b1854d692b6f3a1f1184aedb8f0f2f4b618
backend	Initialize containers	2026-08-06T10:30:28.7939092Z 5432/tcp -> 0.0.0.0:5432
backend	Initialize containers	2026-08-06T10:30:28.7939760Z 5432/tcp -> [::]:5432
backend	Initialize containers	2026-08-06T10:30:28.7997675Z ##[endgroup]
backend	Initialize containers	2026-08-06T10:30:28.8009686Z ##[group]Waiting for all services to be ready
backend	Initialize containers	2026-08-06T10:30:28.8027406Z ##[command]/usr/bin/docker inspect --format="{{if .Config.Healthcheck}}{{print .State.Health.Status}}{{end}}" 812a82386495179b3c89e27a2d866b1854d692b6f3a1f1184aedb8f0f2f4b618
backend	Initialize containers	2026-08-06T10:30:28.8157087Z starting
backend	Initialize containers	2026-08-06T10:30:28.8177930Z postgres service is starting, waiting 2 seconds before checking again.
backend	Initialize containers	2026-08-06T10:30:30.8173470Z ##[command]/usr/bin/docker inspect --format="{{if .Config.Healthcheck}}{{print .State.Health.Status}}{{end}}" 812a82386495179b3c89e27a2d866b1854d692b6f3a1f1184aedb8f0f2f4b618
backend	Initialize containers	2026-08-06T10:30:30.8305286Z starting
backend	Initialize containers	2026-08-06T10:30:30.8318424Z postgres service is starting, waiting 3 seconds before checking again.
backend	Initialize containers	2026-08-06T10:30:34.8047647Z ##[command]/usr/bin/docker inspect --format="{{if .Config.Healthcheck}}{{print .State.Health.Status}}{{end}}" 812a82386495179b3c89e27a2d866b1854d692b6f3a1f1184aedb8f0f2f4b618
backend	Initialize containers	2026-08-06T10:30:34.8179372Z starting
backend	Initialize containers	2026-08-06T10:30:34.8194766Z postgres service is starting, waiting 8 seconds before checking again.
backend	Initialize containers	2026-08-06T10:30:42.8347062Z ##[command]/usr/bin/docker inspect --format="{{if .Config.Healthcheck}}{{print .State.Health.Status}}{{end}}" 812a82386495179b3c89e27a2d866b1854d692b6f3a1f1184aedb8f0f2f4b618
backend	Initialize containers	2026-08-06T10:30:42.8481347Z healthy
backend	Initialize containers	2026-08-06T10:30:42.8500284Z postgres service is healthy.
backend	Initialize containers	2026-08-06T10:30:42.8501242Z ##[endgroup]
backend	Run actions/checkout@v7	﻿2026-08-06T10:30:42.8785170Z ##[group]Run actions/checkout@v7
backend	Run actions/checkout@v7	2026-08-06T10:30:42.8785713Z with:
backend	Run actions/checkout@v7	2026-08-06T10:30:42.8785942Z   repository: shurshick/wrtmonitor
backend	Run actions/checkout@v7	2026-08-06T10:30:42.8788436Z   token: ***
backend	Run actions/checkout@v7	2026-08-06T10:30:42.8788657Z   ssh-strict: true
backend	Run actions/checkout@v7	2026-08-06T10:30:42.8788874Z   ssh-user: git
backend	Run actions/checkout@v7	2026-08-06T10:30:42.8789091Z   persist-credentials: true
backend	Run actions/checkout@v7	2026-08-06T10:30:42.8789330Z   clean: true
backend	Run actions/checkout@v7	2026-08-06T10:30:42.8789549Z   sparse-checkout-cone-mode: true
backend	Run actions/checkout@v7	2026-08-06T10:30:42.8789811Z   fetch-depth: 1
backend	Run actions/checkout@v7	2026-08-06T10:30:42.8790023Z   fetch-tags: false
backend	Run actions/checkout@v7	2026-08-06T10:30:42.8790237Z   show-progress: true
backend	Run actions/checkout@v7	2026-08-06T10:30:42.8790449Z   lfs: false
backend	Run actions/checkout@v7	2026-08-06T10:30:42.8790643Z   submodules: false
backend	Run actions/checkout@v7	2026-08-06T10:30:42.8790859Z   set-safe-directory: true
backend	Run actions/checkout@v7	2026-08-06T10:30:42.8791110Z   allow-unsafe-pr-checkout: false
backend	Run actions/checkout@v7	2026-08-06T10:30:42.8791533Z ##[endgroup]
backend	Run actions/checkout@v7	2026-08-06T10:30:42.9833482Z Syncing repository: shurshick/wrtmonitor
backend	Run actions/checkout@v7	2026-08-06T10:30:42.9835692Z ##[group]Getting Git version info
backend	Run actions/checkout@v7	2026-08-06T10:30:42.9836360Z Working directory is '/home/runner/work/wrtmonitor/wrtmonitor'
backend	Run actions/checkout@v7	2026-08-06T10:30:42.9837474Z [command]/usr/bin/git version
backend	Run actions/checkout@v7	2026-08-06T10:30:42.9853769Z git version 2.54.0
backend	Run actions/checkout@v7	2026-08-06T10:30:42.9874044Z ##[endgroup]
backend	Run actions/checkout@v7	2026-08-06T10:30:42.9885588Z Temporarily overriding HOME='/home/runner/work/_temp/acc93017-2993-4118-a169-68792c0579e5' before making global git config changes
backend	Run actions/checkout@v7	2026-08-06T10:30:42.9886897Z Adding repository directory to the temporary git global config as a safe directory
backend	Run actions/checkout@v7	2026-08-06T10:30:42.9891426Z [command]/usr/bin/git config --global --add safe.directory /home/runner/work/wrtmonitor/wrtmonitor
backend	Run actions/checkout@v7	2026-08-06T10:30:42.9939158Z Deleting the contents of '/home/runner/work/wrtmonitor/wrtmonitor'
backend	Run actions/checkout@v7	2026-08-06T10:30:42.9942659Z ##[group]Determining repository object format
backend	Run actions/checkout@v7	2026-08-06T10:30:42.9944359Z ##[endgroup]
backend	Run actions/checkout@v7	2026-08-06T10:30:42.9945263Z ##[group]Initializing the repository
backend	Run actions/checkout@v7	2026-08-06T10:30:42.9948661Z [command]/usr/bin/git init /home/runner/work/wrtmonitor/wrtmonitor
backend	Run actions/checkout@v7	2026-08-06T10:30:43.0033288Z hint: Using 'master' as the name for the initial branch. This default branch name
backend	Run actions/checkout@v7	2026-08-06T10:30:43.0034222Z hint: will change to "main" in Git 3.0. To configure the initial branch name
backend	Run actions/checkout@v7	2026-08-06T10:30:43.0035026Z hint: to use in all of your new repositories, which will suppress this warning,
backend	Run actions/checkout@v7	2026-08-06T10:30:43.0035574Z hint: call:
backend	Run actions/checkout@v7	2026-08-06T10:30:43.0035769Z hint:
backend	Run actions/checkout@v7	2026-08-06T10:30:43.0036091Z hint: 	git config --global init.defaultBranch <name>
backend	Run actions/checkout@v7	2026-08-06T10:30:43.0036426Z hint:
backend	Run actions/checkout@v7	2026-08-06T10:30:43.0036737Z hint: Names commonly chosen instead of 'master' are 'main', 'trunk' and
backend	Run actions/checkout@v7	2026-08-06T10:30:43.0037239Z hint: 'development'. The just-created branch can be renamed via this command:
backend	Run actions/checkout@v7	2026-08-06T10:30:43.0037610Z hint:
backend	Run actions/checkout@v7	2026-08-06T10:30:43.0037816Z hint: 	git branch -m <name>
backend	Run actions/checkout@v7	2026-08-06T10:30:43.0038051Z hint:
backend	Run actions/checkout@v7	2026-08-06T10:30:43.0038371Z hint: Disable this message with "git config set advice.defaultBranchName false"
backend	Run actions/checkout@v7	2026-08-06T10:30:43.0038924Z Initialized empty Git repository in /home/runner/work/wrtmonitor/wrtmonitor/.git/
backend	Run actions/checkout@v7	2026-08-06T10:30:43.0040964Z [command]/usr/bin/git remote add origin https://github.com/shurshick/wrtmonitor
backend	Run actions/checkout@v7	2026-08-06T10:30:43.0088715Z ##[endgroup]
backend	Run actions/checkout@v7	2026-08-06T10:30:43.0089353Z ##[group]Disabling automatic garbage collection
backend	Run actions/checkout@v7	2026-08-06T10:30:43.0093758Z [command]/usr/bin/git config --local gc.auto 0
backend	Run actions/checkout@v7	2026-08-06T10:30:43.0126490Z ##[endgroup]
backend	Run actions/checkout@v7	2026-08-06T10:30:43.0127061Z ##[group]Setting up auth
backend	Run actions/checkout@v7	2026-08-06T10:30:43.0127509Z Removing SSH command configuration
backend	Run actions/checkout@v7	2026-08-06T10:30:43.0134692Z [command]/usr/bin/git config --local --name-only --get-regexp core\.sshCommand
backend	Run actions/checkout@v7	2026-08-06T10:30:43.0175201Z [command]/usr/bin/git submodule foreach --recursive sh -c "git config --local --name-only --get-regexp 'core\.sshCommand' && git config --local --unset-all 'core.sshCommand' || :"
backend	Run actions/checkout@v7	2026-08-06T10:30:43.0533431Z Removing HTTP extra header
backend	Run actions/checkout@v7	2026-08-06T10:30:43.0540573Z [command]/usr/bin/git config --local --name-only --get-regexp http\.https\:\/\/github\.com\/\.extraheader
backend	Run actions/checkout@v7	2026-08-06T10:30:43.0579944Z [command]/usr/bin/git submodule foreach --recursive sh -c "git config --local --name-only --get-regexp 'http\.https\:\/\/github\.com\/\.extraheader' && git config --local --unset-all 'http.https://github.com/.extraheader' || :"
backend	Run actions/checkout@v7	2026-08-06T10:30:43.0838067Z Removing includeIf entries pointing to credentials config files
backend	Run actions/checkout@v7	2026-08-06T10:30:43.0845109Z [command]/usr/bin/git config --local --name-only --get-regexp ^includeIf\.gitdir:
backend	Run actions/checkout@v7	2026-08-06T10:30:43.0885644Z [command]/usr/bin/git submodule foreach --recursive git config --local --show-origin --name-only --get-regexp remote.origin.url
backend	Run actions/checkout@v7	2026-08-06T10:30:43.1145199Z [command]/usr/bin/git config --file /home/runner/work/_temp/git-credentials-7155f96d-80af-40a6-b249-aa07ed5401fe.config http.https://github.com/.extraheader AUTHORIZATION: basic ***
backend	Run actions/checkout@v7	2026-08-06T10:30:43.1189602Z [command]/usr/bin/git config --local includeIf.gitdir:/home/runner/work/wrtmonitor/wrtmonitor/.git.path /home/runner/work/_temp/git-credentials-7155f96d-80af-40a6-b249-aa07ed5401fe.config
backend	Run actions/checkout@v7	2026-08-06T10:30:43.1226885Z [command]/usr/bin/git config --local includeIf.gitdir:/home/runner/work/wrtmonitor/wrtmonitor/.git/worktrees/*.path /home/runner/work/_temp/git-credentials-7155f96d-80af-40a6-b249-aa07ed5401fe.config
backend	Run actions/checkout@v7	2026-08-06T10:30:43.1265931Z [command]/usr/bin/git config --local includeIf.gitdir:/github/workspace/.git.path /github/runner_temp/git-credentials-7155f96d-80af-40a6-b249-aa07ed5401fe.config
backend	Run actions/checkout@v7	2026-08-06T10:30:43.1304488Z [command]/usr/bin/git config --local includeIf.gitdir:/github/workspace/.git/worktrees/*.path /github/runner_temp/git-credentials-7155f96d-80af-40a6-b249-aa07ed5401fe.config
backend	Run actions/checkout@v7	2026-08-06T10:30:43.1338044Z ##[endgroup]
backend	Run actions/checkout@v7	2026-08-06T10:30:43.1338638Z ##[group]Fetching the repository
backend	Run actions/checkout@v7	2026-08-06T10:30:43.1345983Z [command]/usr/bin/git -c protocol.version=2 fetch --no-tags --prune --no-recurse-submodules --depth=1 origin +refs/tags/v0.35.0:refs/tags/v0.35.0
backend	Run actions/checkout@v7	2026-08-06T10:30:43.9914121Z From https://github.com/shurshick/wrtmonitor
backend	Run actions/checkout@v7	2026-08-06T10:30:43.9914626Z  * [new tag]         v0.35.0    -> v0.35.0
backend	Run actions/checkout@v7	2026-08-06T10:30:43.9950393Z [command]/usr/bin/git tag --list v0.35.0
backend	Run actions/checkout@v7	2026-08-06T10:30:43.9984747Z v0.35.0
backend	Run actions/checkout@v7	2026-08-06T10:30:43.9993564Z [command]/usr/bin/git rev-parse refs/tags/v0.35.0^{commit}
backend	Run actions/checkout@v7	2026-08-06T10:30:44.0024781Z 9d81f5fe71a883b7b63845878056e99fc2919cb1
backend	Run actions/checkout@v7	2026-08-06T10:30:44.0029100Z ##[endgroup]
backend	Run actions/checkout@v7	2026-08-06T10:30:44.0029642Z ##[group]Determining the checkout info
backend	Run actions/checkout@v7	2026-08-06T10:30:44.0030320Z ##[endgroup]
backend	Run actions/checkout@v7	2026-08-06T10:30:44.0034493Z [command]/usr/bin/git sparse-checkout disable
backend	Run actions/checkout@v7	2026-08-06T10:30:44.0085839Z [command]/usr/bin/git config --local --unset-all extensions.worktreeConfig
backend	Run actions/checkout@v7	2026-08-06T10:30:44.0121825Z ##[group]Checking out the ref
backend	Run actions/checkout@v7	2026-08-06T10:30:44.0126404Z [command]/usr/bin/git checkout --progress --force refs/tags/v0.35.0
backend	Run actions/checkout@v7	2026-08-06T10:30:44.0534742Z Note: switching to 'refs/tags/v0.35.0'.
backend	Run actions/checkout@v7	2026-08-06T10:30:44.0535189Z 
backend	Run actions/checkout@v7	2026-08-06T10:30:44.0535508Z You are in 'detached HEAD' state. You can look around, make experimental
backend	Run actions/checkout@v7	2026-08-06T10:30:44.0536547Z changes and commit them, and you can discard any commits you make in this
backend	Run actions/checkout@v7	2026-08-06T10:30:44.0537301Z state without impacting any branches by switching back to a branch.
backend	Run actions/checkout@v7	2026-08-06T10:30:44.0537741Z 
backend	Run actions/checkout@v7	2026-08-06T10:30:44.0538100Z If you want to create a new branch to retain commits you create, you may
backend	Run actions/checkout@v7	2026-08-06T10:30:44.0538815Z do so (now or later) by using -c with the switch command. Example:
backend	Run actions/checkout@v7	2026-08-06T10:30:44.0539199Z 
backend	Run actions/checkout@v7	2026-08-06T10:30:44.0539352Z   git switch -c <new-branch-name>
backend	Run actions/checkout@v7	2026-08-06T10:30:44.0539622Z 
backend	Run actions/checkout@v7	2026-08-06T10:30:44.0539733Z Or undo this operation with:
backend	Run actions/checkout@v7	2026-08-06T10:30:44.0539926Z 
backend	Run actions/checkout@v7	2026-08-06T10:30:44.0540010Z   git switch -
backend	Run actions/checkout@v7	2026-08-06T10:30:44.0540132Z 
backend	Run actions/checkout@v7	2026-08-06T10:30:44.0540342Z Turn off this advice by setting config variable advice.detachedHead to false
backend	Run actions/checkout@v7	2026-08-06T10:30:44.0540643Z 
backend	Run actions/checkout@v7	2026-08-06T10:30:44.0540902Z HEAD is now at 9d81f5f fix(agent): register agent.bash_script in capabilities and update contract
backend	Run actions/checkout@v7	2026-08-06T10:30:44.0554075Z ##[endgroup]
backend	Run actions/checkout@v7	2026-08-06T10:30:44.0605381Z [command]/usr/bin/git log -1 --format=%H
backend	Run actions/checkout@v7	2026-08-06T10:30:44.0640046Z 9d81f5fe71a883b7b63845878056e99fc2919cb1
backend	Run actions/setup-python@v6	﻿2026-08-06T10:30:44.0898351Z ##[group]Run actions/setup-python@v6
backend	Run actions/setup-python@v6	2026-08-06T10:30:44.0898658Z with:
backend	Run actions/setup-python@v6	2026-08-06T10:30:44.0898869Z   python-version: 3.12
backend	Run actions/setup-python@v6	2026-08-06T10:30:44.0899108Z   check-latest: false
backend	Run actions/setup-python@v6	2026-08-06T10:30:44.0901506Z   token: ***
backend	Run actions/setup-python@v6	2026-08-06T10:30:44.0901733Z   update-environment: true
backend	Run actions/setup-python@v6	2026-08-06T10:30:44.0901992Z   allow-prereleases: false
backend	Run actions/setup-python@v6	2026-08-06T10:30:44.0902398Z   freethreaded: false
backend	Run actions/setup-python@v6	2026-08-06T10:30:44.0902625Z ##[endgroup]
backend	Run actions/setup-python@v6	2026-08-06T10:30:44.2229281Z ##[group]Installed versions
backend	Run actions/setup-python@v6	2026-08-06T10:30:44.2317696Z Successfully set up CPython (3.12.13)
backend	Run actions/setup-python@v6	2026-08-06T10:30:44.2318462Z ##[endgroup]
backend	Run sudo apt-get update && sudo apt-get install -y shellcheck postgresql-client	﻿2026-08-06T10:30:44.2479049Z ##[group]Run sudo apt-get update && sudo apt-get install -y shellcheck postgresql-client
backend	Run sudo apt-get update && sudo apt-get install -y shellcheck postgresql-client	2026-08-06T10:30:44.2479768Z ^[[36;1msudo apt-get update && sudo apt-get install -y shellcheck postgresql-client^[[0m
backend	Run sudo apt-get update && sudo apt-get install -y shellcheck postgresql-client	2026-08-06T10:30:44.2542821Z shell: /usr/bin/bash -e {0}
backend	Run sudo apt-get update && sudo apt-get install -y shellcheck postgresql-client	2026-08-06T10:30:44.2543144Z env:
backend	Run sudo apt-get update && sudo apt-get install -y shellcheck postgresql-client	2026-08-06T10:30:44.2543437Z   pythonLocation: /opt/hostedtoolcache/Python/3.12.13/x64
backend	Run sudo apt-get update && sudo apt-get install -y shellcheck postgresql-client	2026-08-06T10:30:44.2543914Z   PKG_CONFIG_PATH: /opt/hostedtoolcache/Python/3.12.13/x64/lib/pkgconfig
backend	Run sudo apt-get update && sudo apt-get install -y shellcheck postgresql-client	2026-08-06T10:30:44.2544394Z   Python_ROOT_DIR: /opt/hostedtoolcache/Python/3.12.13/x64
backend	Run sudo apt-get update && sudo apt-get install -y shellcheck postgresql-client	2026-08-06T10:30:44.2544795Z   Python2_ROOT_DIR: /opt/hostedtoolcache/Python/3.12.13/x64
backend	Run sudo apt-get update && sudo apt-get install -y shellcheck postgresql-client	2026-08-06T10:30:44.2545187Z   Python3_ROOT_DIR: /opt/hostedtoolcache/Python/3.12.13/x64
backend	Run sudo apt-get update && sudo apt-get install -y shellcheck postgresql-client	2026-08-06T10:30:44.2545581Z   LD_LIBRARY_PATH: /opt/hostedtoolcache/Python/3.12.13/x64/lib
backend	Run sudo apt-get update && sudo apt-get install -y shellcheck postgresql-client	2026-08-06T10:30:44.2545917Z ##[endgroup]
backend	Run sudo apt-get update && sudo apt-get install -y shellcheck postgresql-client	2026-08-06T10:30:44.3496456Z Get:1 file:/etc/apt/apt-mirrors.txt Mirrorlist [144 B]
backend	Run sudo apt-get update && sudo apt-get install -y shellcheck postgresql-client	2026-08-06T10:30:44.3839272Z Hit:2 http://azure.archive.ubuntu.com/ubuntu noble InRelease
backend	Run sudo apt-get update && sudo apt-get install -y shellcheck postgresql-client	2026-08-06T10:30:44.3846296Z Get:6 https://packages.microsoft.com/repos/azure-cli noble InRelease [3564 B]
backend	Run sudo apt-get update && sudo apt-get install -y shellcheck postgresql-client	2026-08-06T10:30:44.3848474Z Get:7 https://packages.microsoft.com/ubuntu/24.04/prod noble InRelease [3600 B]
backend	Run sudo apt-get update && sudo apt-get install -y shellcheck postgresql-client	2026-08-06T10:30:44.3852361Z Get:3 http://azure.archive.ubuntu.com/ubuntu noble-updates InRelease [126 kB]
backend	Run sudo apt-get update && sudo apt-get install -y shellcheck postgresql-client	2026-08-06T10:30:44.3898325Z Get:4 http://azure.archive.ubuntu.com/ubuntu noble-backports InRelease [126 kB]
backend	Run sudo apt-get update && sudo apt-get install -y shellcheck postgresql-client	2026-08-06T10:30:44.3908414Z Get:5 http://azure.archive.ubuntu.com/ubuntu noble-security InRelease [126 kB]
backend	Run sudo apt-get update && sudo apt-get install -y shellcheck postgresql-client	2026-08-06T10:30:44.5123877Z Get:8 https://packages.microsoft.com/repos/azure-cli noble/main amd64 Packages [2375 B]
backend	Run sudo apt-get update && sudo apt-get install -y shellcheck postgresql-client	2026-08-06T10:30:44.5674761Z Get:9 https://packages.microsoft.com/ubuntu/24.04/prod noble/main amd64 Packages [306 kB]
backend	Run sudo apt-get update && sudo apt-get install -y shellcheck postgresql-client	2026-08-06T10:30:44.5733414Z Get:10 https://packages.microsoft.com/ubuntu/24.04/prod noble/main all Packages [643 B]
backend	Run sudo apt-get update && sudo apt-get install -y shellcheck postgresql-client	2026-08-06T10:30:44.5749343Z Get:11 https://packages.microsoft.com/ubuntu/24.04/prod noble/main arm64 Packages [266 kB]
backend	Run sudo apt-get update && sudo apt-get install -y shellcheck postgresql-client	2026-08-06T10:30:44.5773041Z Get:12 https://dl.google.com/linux/chrome-stable/deb stable InRelease [2548 B]
backend	Run sudo apt-get update && sudo apt-get install -y shellcheck postgresql-client	2026-08-06T10:30:44.5806886Z Get:13 https://packages.microsoft.com/ubuntu/24.04/prod noble/main armhf Packages [12.2 kB]
backend	Run sudo apt-get update && sudo apt-get install -y shellcheck postgresql-client	2026-08-06T10:30:44.6305318Z Get:14 http://azure.archive.ubuntu.com/ubuntu noble-updates/main amd64 Packages [1184 kB]
backend	Run sudo apt-get update && sudo apt-get install -y shellcheck postgresql-client	2026-08-06T10:30:44.6476290Z Get:15 http://azure.archive.ubuntu.com/ubuntu noble-updates/main Translation-en [281 kB]
backend	Run sudo apt-get update && sudo apt-get install -y shellcheck postgresql-client	2026-08-06T10:30:44.6518246Z Get:16 http://azure.archive.ubuntu.com/ubuntu noble-updates/main amd64 Components [180 kB]
backend	Run sudo apt-get update && sudo apt-get install -y shellcheck postgresql-client	2026-08-06T10:30:44.6583401Z Get:17 http://azure.archive.ubuntu.com/ubuntu noble-updates/universe amd64 Packages [1682 kB]
backend	Run sudo apt-get update && sudo apt-get install -y shellcheck postgresql-client	2026-08-06T10:30:44.6673466Z Get:18 http://azure.archive.ubuntu.com/ubuntu noble-updates/universe Translation-en [335 kB]
backend	Run sudo apt-get update && sudo apt-get install -y shellcheck postgresql-client	2026-08-06T10:30:44.6684029Z Get:19 http://azure.archive.ubuntu.com/ubuntu noble-updates/universe amd64 Components [387 kB]
backend	Run sudo apt-get update && sudo apt-get install -y shellcheck postgresql-client	2026-08-06T10:30:44.6726075Z Get:20 http://azure.archive.ubuntu.com/ubuntu noble-updates/restricted amd64 Packages [1414 kB]
backend	Run sudo apt-get update && sudo apt-get install -y shellcheck postgresql-client	2026-08-06T10:30:44.6875987Z Get:21 http://azure.archive.ubuntu.com/ubuntu noble-updates/restricted Translation-en [320 kB]
backend	Run sudo apt-get update && sudo apt-get install -y shellcheck postgresql-client	2026-08-06T10:30:44.6915874Z Get:22 http://azure.archive.ubuntu.com/ubuntu noble-updates/multiverse amd64 Packages [45.4 kB]
backend	Run sudo apt-get update && sudo apt-get install -y shellcheck postgresql-client	2026-08-06T10:30:44.6936666Z Get:23 http://azure.archive.ubuntu.com/ubuntu noble-updates/multiverse Translation-en [12.3 kB]
backend	Run sudo apt-get update && sudo apt-get install -y shellcheck postgresql-client	2026-08-06T10:30:44.7361267Z Get:24 http://azure.archive.ubuntu.com/ubuntu noble-updates/multiverse amd64 Components [940 B]
backend	Run sudo apt-get update && sudo apt-get install -y shellcheck postgresql-client	2026-08-06T10:30:44.7378936Z Get:25 http://azure.archive.ubuntu.com/ubuntu noble-backports/main amd64 Components [5780 B]
backend	Run sudo apt-get update && sudo apt-get install -y shellcheck postgresql-client	2026-08-06T10:30:44.7390989Z Get:26 http://azure.archive.ubuntu.com/ubuntu noble-backports/universe amd64 Packages [31.0 kB]
backend	Run sudo apt-get update && sudo apt-get install -y shellcheck postgresql-client	2026-08-06T10:30:44.7398648Z Get:27 http://azure.archive.ubuntu.com/ubuntu noble-backports/universe amd64 Components [12.6 kB]
backend	Run sudo apt-get update && sudo apt-get install -y shellcheck postgresql-client	2026-08-06T10:30:44.7604112Z Get:28 http://azure.archive.ubuntu.com/ubuntu noble-security/main amd64 Packages [925 kB]
backend	Run sudo apt-get update && sudo apt-get install -y shellcheck postgresql-client	2026-08-06T10:30:44.7676905Z Get:29 http://azure.archive.ubuntu.com/ubuntu noble-security/main Translation-en [201 kB]
backend	Run sudo apt-get update && sudo apt-get install -y shellcheck postgresql-client	2026-08-06T10:30:44.7689621Z Get:30 http://azure.archive.ubuntu.com/ubuntu noble-security/main amd64 Components [46.3 kB]
backend	Run sudo apt-get update && sudo apt-get install -y shellcheck postgresql-client	2026-08-06T10:30:44.7697058Z Get:31 http://azure.archive.ubuntu.com/ubuntu noble-security/universe amd64 Packages [1199 kB]
backend	Run sudo apt-get update && sudo apt-get install -y shellcheck postgresql-client	2026-08-06T10:30:44.7767868Z Get:32 http://azure.archive.ubuntu.com/ubuntu noble-security/universe Translation-en [239 kB]
backend	Run sudo apt-get update && sudo apt-get install -y shellcheck postgresql-client	2026-08-06T10:30:44.7800320Z Get:33 http://azure.archive.ubuntu.com/ubuntu noble-security/universe amd64 Components [76.2 kB]
backend	Run sudo apt-get update && sudo apt-get install -y shellcheck postgresql-client	2026-08-06T10:30:44.7823095Z Get:34 http://azure.archive.ubuntu.com/ubuntu noble-security/restricted amd64 Packages [1316 kB]
backend	Run sudo apt-get update && sudo apt-get install -y shellcheck postgresql-client	2026-08-06T10:30:44.7899401Z Get:35 http://azure.archive.ubuntu.com/ubuntu noble-security/restricted Translation-en [301 kB]
backend	Run sudo apt-get update && sudo apt-get install -y shellcheck postgresql-client	2026-08-06T10:30:44.7926151Z Get:36 http://azure.archive.ubuntu.com/ubuntu noble-security/multiverse amd64 Packages [40.3 kB]
backend	Run sudo apt-get update && sudo apt-get install -y shellcheck postgresql-client	2026-08-06T10:30:44.7942012Z Get:37 http://azure.archive.ubuntu.com/ubuntu noble-security/multiverse Translation-en [10.6 kB]
backend	Run sudo apt-get update && sudo apt-get install -y shellcheck postgresql-client	2026-08-06T10:30:44.8683300Z Get:38 https://dl.google.com/linux/chrome-stable/deb stable/main amd64 Packages [1409 B]
backend	Run sudo apt-get update && sudo apt-get install -y shellcheck postgresql-client	2026-08-06T10:30:49.2747572Z Fetched 11.2 MB in 1s (7744 kB/s)
backend	Run sudo apt-get update && sudo apt-get install -y shellcheck postgresql-client	2026-08-06T10:30:50.0158934Z Reading package lists...
backend	Run sudo apt-get update && sudo apt-get install -y shellcheck postgresql-client	2026-08-06T10:30:50.0492986Z Reading package lists...
backend	Run sudo apt-get update && sudo apt-get install -y shellcheck postgresql-client	2026-08-06T10:30:50.2615449Z Building dependency tree...
backend	Run sudo apt-get update && sudo apt-get install -y shellcheck postgresql-client	2026-08-06T10:30:50.2623505Z Reading state information...
backend	Run sudo apt-get update && sudo apt-get install -y shellcheck postgresql-client	2026-08-06T10:30:50.4475655Z shellcheck is already the newest version (0.9.0-1).
backend	Run sudo apt-get update && sudo apt-get install -y shellcheck postgresql-client	2026-08-06T10:30:50.4476448Z The following NEW packages will be installed:
backend	Run sudo apt-get update && sudo apt-get install -y shellcheck postgresql-client	2026-08-06T10:30:50.4477014Z   postgresql-client
backend	Run sudo apt-get update && sudo apt-get install -y shellcheck postgresql-client	2026-08-06T10:30:50.4657560Z 0 upgraded, 1 newly installed, 0 to remove and 86 not upgraded.
backend	Run sudo apt-get update && sudo apt-get install -y shellcheck postgresql-client	2026-08-06T10:30:50.4658178Z Need to get 11.6 kB of archives.
backend	Run sudo apt-get update && sudo apt-get install -y shellcheck postgresql-client	2026-08-06T10:30:50.4658657Z After this operation, 17.4 kB of additional disk space will be used.
backend	Run sudo apt-get update && sudo apt-get install -y shellcheck postgresql-client	2026-08-06T10:30:50.4659317Z Get:1 file:/etc/apt/apt-mirrors.txt Mirrorlist [144 B]
backend	Run sudo apt-get update && sudo apt-get install -y shellcheck postgresql-client	2026-08-06T10:30:50.5184028Z Get:2 http://azure.archive.ubuntu.com/ubuntu noble-updates/main amd64 postgresql-client all 16+257build1.1 [11.6 kB]
backend	Run sudo apt-get update && sudo apt-get install -y shellcheck postgresql-client	2026-08-06T10:30:50.7811887Z Fetched 11.6 kB in 0s (181 kB/s)
backend	Run sudo apt-get update && sudo apt-get install -y shellcheck postgresql-client	2026-08-06T10:30:50.8019450Z Selecting previously unselected package postgresql-client.
backend	Run sudo apt-get update && sudo apt-get install -y shellcheck postgresql-client	2026-08-06T10:30:50.8243514Z (Reading database ... 
backend	Run sudo apt-get update && sudo apt-get install -y shellcheck postgresql-client	2026-08-06T10:30:50.8243954Z (Reading database ... 5%
backend	Run sudo apt-get update && sudo apt-get install -y shellcheck postgresql-client	2026-08-06T10:30:50.8244666Z (Reading database ... 10%
backend	Run sudo apt-get update && sudo apt-get install -y shellcheck postgresql-client	2026-08-06T10:30:50.8245065Z (Reading database ... 15%
backend	Run sudo apt-get update && sudo apt-get install -y shellcheck postgresql-client	2026-08-06T10:30:50.8245411Z (Reading database ... 20%
backend	Run sudo apt-get update && sudo apt-get install -y shellcheck postgresql-client	2026-08-06T10:30:50.8245754Z (Reading database ... 25%
backend	Run sudo apt-get update && sudo apt-get install -y shellcheck postgresql-client	2026-08-06T10:30:50.8246091Z (Reading database ... 30%
backend	Run sudo apt-get update && sudo apt-get install -y shellcheck postgresql-client	2026-08-06T10:30:50.8246432Z (Reading database ... 35%
backend	Run sudo apt-get update && sudo apt-get install -y shellcheck postgresql-client	2026-08-06T10:30:50.8246770Z (Reading database ... 40%
backend	Run sudo apt-get update && sudo apt-get install -y shellcheck postgresql-client	2026-08-06T10:30:50.8247109Z (Reading database ... 45%
backend	Run sudo apt-get update && sudo apt-get install -y shellcheck postgresql-client	2026-08-06T10:30:50.8247452Z (Reading database ... 50%
backend	Run sudo apt-get update && sudo apt-get install -y shellcheck postgresql-client	2026-08-06T10:30:50.8276982Z (Reading database ... 55%
backend	Run sudo apt-get update && sudo apt-get install -y shellcheck postgresql-client	2026-08-06T10:30:50.9055906Z (Reading database ... 60%
backend	Run sudo apt-get update && sudo apt-get install -y shellcheck postgresql-client	2026-08-06T10:30:51.1083713Z (Reading database ... 65%
backend	Run sudo apt-get update && sudo apt-get install -y shellcheck postgresql-client	2026-08-06T10:30:51.2957388Z (Reading database ... 70%
backend	Run sudo apt-get update && sudo apt-get install -y shellcheck postgresql-client	2026-08-06T10:30:51.4071227Z (Reading database ... 75%
backend	Run sudo apt-get update && sudo apt-get install -y shellcheck postgresql-client	2026-08-06T10:30:51.5673521Z (Reading database ... 80%
backend	Run sudo apt-get update && sudo apt-get install -y shellcheck postgresql-client	2026-08-06T10:30:51.7678572Z (Reading database ... 85%
backend	Run sudo apt-get update && sudo apt-get install -y shellcheck postgresql-client	2026-08-06T10:30:51.8740266Z (Reading database ... 90%
backend	Run sudo apt-get update && sudo apt-get install -y shellcheck postgresql-client	2026-08-06T10:30:52.0140823Z (Reading database ... 95%
backend	Run sudo apt-get update && sudo apt-get install -y shellcheck postgresql-client	2026-08-06T10:30:52.0141350Z (Reading database ... 100%
backend	Run sudo apt-get update && sudo apt-get install -y shellcheck postgresql-client	2026-08-06T10:30:52.0141912Z (Reading database ... 202954 files and directories currently installed.)
backend	Run sudo apt-get update && sudo apt-get install -y shellcheck postgresql-client	2026-08-06T10:30:52.0193706Z Preparing to unpack .../postgresql-client_16+257build1.1_all.deb ...
backend	Run sudo apt-get update && sudo apt-get install -y shellcheck postgresql-client	2026-08-06T10:30:52.0221353Z Unpacking postgresql-client (16+257build1.1) ...
backend	Run sudo apt-get update && sudo apt-get install -y shellcheck postgresql-client	2026-08-06T10:30:52.0612367Z Setting up postgresql-client (16+257build1.1) ...
backend	Run sudo apt-get update && sudo apt-get install -y shellcheck postgresql-client	2026-08-06T10:30:52.6635075Z 
backend	Run sudo apt-get update && sudo apt-get install -y shellcheck postgresql-client	2026-08-06T10:30:52.6635679Z Running kernel seems to be up-to-date.
backend	Run sudo apt-get update && sudo apt-get install -y shellcheck postgresql-client	2026-08-06T10:30:52.6636073Z 
backend	Run sudo apt-get update && sudo apt-get install -y shellcheck postgresql-client	2026-08-06T10:30:52.6636237Z No services need to be restarted.
backend	Run sudo apt-get update && sudo apt-get install -y shellcheck postgresql-client	2026-08-06T10:30:52.6636953Z 
backend	Run sudo apt-get update && sudo apt-get install -y shellcheck postgresql-client	2026-08-06T10:30:52.6637121Z No containers need to be restarted.
backend	Run sudo apt-get update && sudo apt-get install -y shellcheck postgresql-client	2026-08-06T10:30:52.6637419Z 
backend	Run sudo apt-get update && sudo apt-get install -y shellcheck postgresql-client	2026-08-06T10:30:52.6637614Z No user sessions are running outdated binaries.
backend	Run sudo apt-get update && sudo apt-get install -y shellcheck postgresql-client	2026-08-06T10:30:52.6637944Z 
backend	Run sudo apt-get update && sudo apt-get install -y shellcheck postgresql-client	2026-08-06T10:30:52.6638257Z No VM guests are running outdated hypervisor (qemu) binaries on this host.
backend	Run pip install -r backend/requirements.txt	﻿2026-08-06T10:30:53.6749298Z ##[group]Run pip install -r backend/requirements.txt
backend	Run pip install -r backend/requirements.txt	2026-08-06T10:30:53.6749728Z ^[[36;1mpip install -r backend/requirements.txt^[[0m
backend	Run pip install -r backend/requirements.txt	2026-08-06T10:30:53.6799232Z shell: /usr/bin/bash -e {0}
backend	Run pip install -r backend/requirements.txt	2026-08-06T10:30:53.6799503Z env:
backend	Run pip install -r backend/requirements.txt	2026-08-06T10:30:53.6799776Z   pythonLocation: /opt/hostedtoolcache/Python/3.12.13/x64
backend	Run pip install -r backend/requirements.txt	2026-08-06T10:30:53.6800217Z   PKG_CONFIG_PATH: /opt/hostedtoolcache/Python/3.12.13/x64/lib/pkgconfig
backend	Run pip install -r backend/requirements.txt	2026-08-06T10:30:53.6800649Z   Python_ROOT_DIR: /opt/hostedtoolcache/Python/3.12.13/x64
backend	Run pip install -r backend/requirements.txt	2026-08-06T10:30:53.6801027Z   Python2_ROOT_DIR: /opt/hostedtoolcache/Python/3.12.13/x64
backend	Run pip install -r backend/requirements.txt	2026-08-06T10:30:53.6801398Z   Python3_ROOT_DIR: /opt/hostedtoolcache/Python/3.12.13/x64
backend	Run pip install -r backend/requirements.txt	2026-08-06T10:30:53.6801778Z   LD_LIBRARY_PATH: /opt/hostedtoolcache/Python/3.12.13/x64/lib
backend	Run pip install -r backend/requirements.txt	2026-08-06T10:30:53.6802375Z ##[endgroup]
backend	Run pip install -r backend/requirements.txt	2026-08-06T10:30:54.5207812Z Collecting fastapi==0.140.0 (from -r /home/runner/work/wrtmonitor/wrtmonitor/backend/requirements-runtime.txt (line 1))
backend	Run pip install -r backend/requirements.txt	2026-08-06T10:30:54.6063048Z   Downloading fastapi-0.140.0-py3-none-any.whl.metadata (27 kB)
backend	Run pip install -r backend/requirements.txt	2026-08-06T10:30:54.6517174Z Collecting starlette==1.3.1 (from -r /home/runner/work/wrtmonitor/wrtmonitor/backend/requirements-runtime.txt (line 2))
backend	Run pip install -r backend/requirements.txt	2026-08-06T10:30:54.6677512Z   Downloading starlette-1.3.1-py3-none-any.whl.metadata (6.4 kB)
backend	Run pip install -r backend/requirements.txt	2026-08-06T10:30:54.7005316Z Collecting uvicorn==0.35.0 (from uvicorn[standard]==0.35.0->-r /home/runner/work/wrtmonitor/wrtmonitor/backend/requirements-runtime.txt (line 3))
backend	Run pip install -r backend/requirements.txt	2026-08-06T10:30:54.7166436Z   Downloading uvicorn-0.35.0-py3-none-any.whl.metadata (6.5 kB)
backend	Run pip install -r backend/requirements.txt	2026-08-06T10:30:54.8596654Z Collecting pydantic==2.11.7 (from -r /home/runner/work/wrtmonitor/wrtmonitor/backend/requirements-runtime.txt (line 4))
backend	Run pip install -r backend/requirements.txt	2026-08-06T10:30:54.8757850Z   Downloading pydantic-2.11.7-py3-none-any.whl.metadata (67 kB)
backend	Run pip install -r backend/requirements.txt	2026-08-06T10:30:55.1777583Z Collecting SQLAlchemy==2.0.43 (from -r /home/runner/work/wrtmonitor/wrtmonitor/backend/requirements-runtime.txt (line 5))
backend	Run pip install -r backend/requirements.txt	2026-08-06T10:30:55.1940783Z   Downloading sqlalchemy-2.0.43-cp312-cp312-manylinux_2_17_x86_64.manylinux2014_x86_64.whl.metadata (9.6 kB)
backend	Run pip install -r backend/requirements.txt	2026-08-06T10:30:55.2259171Z Collecting alembic==1.17.2 (from -r /home/runner/work/wrtmonitor/wrtmonitor/backend/requirements-runtime.txt (line 6))
backend	Run pip install -r backend/requirements.txt	2026-08-06T10:30:55.2417160Z   Downloading alembic-1.17.2-py3-none-any.whl.metadata (7.2 kB)
backend	Run pip install -r backend/requirements.txt	2026-08-06T10:30:55.2654014Z Collecting psycopg==3.3.4 (from psycopg[binary]==3.3.4->-r /home/runner/work/wrtmonitor/wrtmonitor/backend/requirements-runtime.txt (line 7))
backend	Run pip install -r backend/requirements.txt	2026-08-06T10:30:55.2814711Z   Downloading psycopg-3.3.4-py3-none-any.whl.metadata (4.3 kB)
backend	Run pip install -r backend/requirements.txt	2026-08-06T10:30:55.3113774Z Collecting argon2-cffi==25.1.0 (from -r /home/runner/work/wrtmonitor/wrtmonitor/backend/requirements-runtime.txt (line 8))
backend	Run pip install -r backend/requirements.txt	2026-08-06T10:30:55.3273360Z   Downloading argon2_cffi-25.1.0-py3-none-any.whl.metadata (4.1 kB)
backend	Run pip install -r backend/requirements.txt	2026-08-06T10:30:55.3507610Z Collecting PyJWT==2.13.0 (from -r /home/runner/work/wrtmonitor/wrtmonitor/backend/requirements-runtime.txt (line 9))
backend	Run pip install -r backend/requirements.txt	2026-08-06T10:30:55.3665818Z   Downloading pyjwt-2.13.0-py3-none-any.whl.metadata (3.4 kB)
backend	Run pip install -r backend/requirements.txt	2026-08-06T10:30:55.3879246Z Collecting python-multipart==0.0.31 (from -r /home/runner/work/wrtmonitor/wrtmonitor/backend/requirements-runtime.txt (line 10))
backend	Run pip install -r backend/requirements.txt	2026-08-06T10:30:55.4038729Z   Downloading python_multipart-0.0.31-py3-none-any.whl.metadata (2.1 kB)
backend	Run pip install -r backend/requirements.txt	2026-08-06T10:30:55.4265333Z Collecting jinja2==3.1.6 (from -r /home/runner/work/wrtmonitor/wrtmonitor/backend/requirements-runtime.txt (line 11))
backend	Run pip install -r backend/requirements.txt	2026-08-06T10:30:55.4426058Z   Downloading jinja2-3.1.6-py3-none-any.whl.metadata (2.9 kB)
backend	Run pip install -r backend/requirements.txt	2026-08-06T10:30:55.4644927Z Collecting pymanuf==2026.7.1 (from -r /home/runner/work/wrtmonitor/wrtmonitor/backend/requirements-runtime.txt (line 12))
backend	Run pip install -r backend/requirements.txt	2026-08-06T10:30:55.4811207Z   Downloading pymanuf-2026.7.1-py3-none-any.whl.metadata (4.5 kB)
backend	Run pip install -r backend/requirements.txt	2026-08-06T10:30:55.5070584Z Collecting segno==1.6.6 (from -r /home/runner/work/wrtmonitor/wrtmonitor/backend/requirements-runtime.txt (line 13))
backend	Run pip install -r backend/requirements.txt	2026-08-06T10:30:55.5230369Z   Downloading segno-1.6.6-py3-none-any.whl.metadata (7.7 kB)
backend	Run pip install -r backend/requirements.txt	2026-08-06T10:30:55.5575860Z Collecting pytest==9.0.3 (from -r backend/requirements.txt (line 2))
backend	Run pip install -r backend/requirements.txt	2026-08-06T10:30:55.5736400Z   Downloading pytest-9.0.3-py3-none-any.whl.metadata (7.6 kB)
backend	Run pip install -r backend/requirements.txt	2026-08-06T10:30:55.5991791Z Collecting httpx==0.28.1 (from -r backend/requirements.txt (line 3))
backend	Run pip install -r backend/requirements.txt	2026-08-06T10:30:55.6150356Z   Downloading httpx-0.28.1-py3-none-any.whl.metadata (7.1 kB)
backend	Run pip install -r backend/requirements.txt	2026-08-06T10:30:55.9695605Z Collecting ruff==0.12.12 (from -r backend/requirements.txt (line 4))
backend	Run pip install -r backend/requirements.txt	2026-08-06T10:30:55.9859817Z   Downloading ruff-0.12.12-py3-none-manylinux_2_17_x86_64.manylinux2014_x86_64.whl.metadata (25 kB)
backend	Run pip install -r backend/requirements.txt	2026-08-06T10:30:56.1721796Z Collecting cryptography (from -r backend/requirements.txt (line 5))
backend	Run pip install -r backend/requirements.txt	2026-08-06T10:30:56.1883639Z   Downloading cryptography-50.0.0-cp311-abi3-manylinux_2_34_x86_64.whl.metadata (4.3 kB)
backend	Run pip install -r backend/requirements.txt	2026-08-06T10:30:56.2158506Z Collecting typing-extensions>=4.8.0 (from fastapi==0.140.0->-r /home/runner/work/wrtmonitor/wrtmonitor/backend/requirements-runtime.txt (line 1))
backend	Run pip install -r backend/requirements.txt	2026-08-06T10:30:56.2316611Z   Downloading typing_extensions-4.16.0-py3-none-any.whl.metadata (3.3 kB)
backend	Run pip install -r backend/requirements.txt	2026-08-06T10:30:56.2511637Z Collecting typing-inspection>=0.4.2 (from fastapi==0.140.0->-r /home/runner/work/wrtmonitor/wrtmonitor/backend/requirements-runtime.txt (line 1))
backend	Run pip install -r backend/requirements.txt	2026-08-06T10:30:56.2669984Z   Downloading typing_inspection-0.4.2-py3-none-any.whl.metadata (2.6 kB)
backend	Run pip install -r backend/requirements.txt	2026-08-06T10:30:56.2858583Z Collecting annotated-doc>=0.0.2 (from fastapi==0.140.0->-r /home/runner/work/wrtmonitor/wrtmonitor/backend/requirements-runtime.txt (line 1))
backend	Run pip install -r backend/requirements.txt	2026-08-06T10:30:56.3017450Z   Downloading annotated_doc-0.0.5-py3-none-any.whl.metadata (6.5 kB)
backend	Run pip install -r backend/requirements.txt	2026-08-06T10:30:56.3279392Z Collecting anyio<5,>=3.6.2 (from starlette==1.3.1->-r /home/runner/work/wrtmonitor/wrtmonitor/backend/requirements-runtime.txt (line 2))
backend	Run pip install -r backend/requirements.txt	2026-08-06T10:30:56.3436216Z   Downloading anyio-4.14.2-py3-none-any.whl.metadata (4.6 kB)
backend	Run pip install -r backend/requirements.txt	2026-08-06T10:30:56.3698572Z Collecting click>=7.0 (from uvicorn==0.35.0->uvicorn[standard]==0.35.0->-r /home/runner/work/wrtmonitor/wrtmonitor/backend/requirements-runtime.txt (line 3))
backend	Run pip install -r backend/requirements.txt	2026-08-06T10:30:56.3860688Z   Downloading click-8.4.2-py3-none-any.whl.metadata (2.6 kB)
backend	Run pip install -r backend/requirements.txt	2026-08-06T10:30:56.4083845Z Collecting h11>=0.8 (from uvicorn==0.35.0->uvicorn[standard]==0.35.0->-r /home/runner/work/wrtmonitor/wrtmonitor/backend/requirements-runtime.txt (line 3))
backend	Run pip install -r backend/requirements.txt	2026-08-06T10:30:56.4243119Z   Downloading h11-0.16.0-py3-none-any.whl.metadata (8.3 kB)
backend	Run pip install -r backend/requirements.txt	2026-08-06T10:30:56.4456766Z Collecting annotated-types>=0.6.0 (from pydantic==2.11.7->-r /home/runner/work/wrtmonitor/wrtmonitor/backend/requirements-runtime.txt (line 4))
backend	Run pip install -r backend/requirements.txt	2026-08-06T10:30:56.4615889Z   Downloading annotated_types-0.8.0-py3-none-any.whl.metadata (15 kB)
backend	Run pip install -r backend/requirements.txt	2026-08-06T10:30:57.1101905Z Collecting pydantic-core==2.33.2 (from pydantic==2.11.7->-r /home/runner/work/wrtmonitor/wrtmonitor/backend/requirements-runtime.txt (line 4))
backend	Run pip install -r backend/requirements.txt	2026-08-06T10:30:57.1267631Z   Downloading pydantic_core-2.33.2-cp312-cp312-manylinux_2_17_x86_64.manylinux2014_x86_64.whl.metadata (6.8 kB)
backend	Run pip install -r backend/requirements.txt	2026-08-06T10:30:57.2668325Z Collecting greenlet>=1 (from SQLAlchemy==2.0.43->-r /home/runner/work/wrtmonitor/wrtmonitor/backend/requirements-runtime.txt (line 5))
backend	Run pip install -r backend/requirements.txt	2026-08-06T10:30:57.2828884Z   Downloading greenlet-3.5.4-cp312-cp312-manylinux_2_24_x86_64.manylinux_2_28_x86_64.whl.metadata (3.8 kB)
backend	Run pip install -r backend/requirements.txt	2026-08-06T10:30:57.3101861Z Collecting Mako (from alembic==1.17.2->-r /home/runner/work/wrtmonitor/wrtmonitor/backend/requirements-runtime.txt (line 6))
backend	Run pip install -r backend/requirements.txt	2026-08-06T10:30:57.3260844Z   Downloading mako-1.4.1-py3-none-any.whl.metadata (2.9 kB)
backend	Run pip install -r backend/requirements.txt	2026-08-06T10:30:57.3498294Z Collecting argon2-cffi-bindings (from argon2-cffi==25.1.0->-r /home/runner/work/wrtmonitor/wrtmonitor/backend/requirements-runtime.txt (line 8))
backend	Run pip install -r backend/requirements.txt	2026-08-06T10:30:57.3657193Z   Downloading argon2_cffi_bindings-25.1.0-cp39-abi3-manylinux_2_26_x86_64.manylinux_2_28_x86_64.whl.metadata (7.4 kB)
backend	Run pip install -r backend/requirements.txt	2026-08-06T10:30:57.4204222Z Collecting MarkupSafe>=2.0 (from jinja2==3.1.6->-r /home/runner/work/wrtmonitor/wrtmonitor/backend/requirements-runtime.txt (line 11))
backend	Run pip install -r backend/requirements.txt	2026-08-06T10:30:57.4365620Z   Downloading markupsafe-3.0.3-cp312-cp312-manylinux2014_x86_64.manylinux_2_17_x86_64.manylinux_2_28_x86_64.whl.metadata (2.7 kB)
backend	Run pip install -r backend/requirements.txt	2026-08-06T10:30:57.4676793Z Collecting requests (from pymanuf==2026.7.1->-r /home/runner/work/wrtmonitor/wrtmonitor/backend/requirements-runtime.txt (line 12))
backend	Run pip install -r backend/requirements.txt	2026-08-06T10:30:57.4835350Z   Downloading requests-2.34.2-py3-none-any.whl.metadata (4.8 kB)
backend	Run pip install -r backend/requirements.txt	2026-08-06T10:30:57.5045831Z Collecting iniconfig>=1.0.1 (from pytest==9.0.3->-r backend/requirements.txt (line 2))
backend	Run pip install -r backend/requirements.txt	2026-08-06T10:30:57.5205127Z   Downloading iniconfig-2.3.0-py3-none-any.whl.metadata (2.5 kB)
backend	Run pip install -r backend/requirements.txt	2026-08-06T10:30:57.5431222Z Collecting packaging>=22 (from pytest==9.0.3->-r backend/requirements.txt (line 2))
backend	Run pip install -r backend/requirements.txt	2026-08-06T10:30:57.5588228Z   Downloading packaging-26.3-py3-none-any.whl.metadata (3.5 kB)
backend	Run pip install -r backend/requirements.txt	2026-08-06T10:30:57.5792378Z Collecting pluggy<2,>=1.5 (from pytest==9.0.3->-r backend/requirements.txt (line 2))
backend	Run pip install -r backend/requirements.txt	2026-08-06T10:30:57.5949280Z   Downloading pluggy-1.6.0-py3-none-any.whl.metadata (4.8 kB)
backend	Run pip install -r backend/requirements.txt	2026-08-06T10:30:57.6205908Z Collecting pygments>=2.7.2 (from pytest==9.0.3->-r backend/requirements.txt (line 2))
backend	Run pip install -r backend/requirements.txt	2026-08-06T10:30:57.6364678Z   Downloading pygments-2.20.0-py3-none-any.whl.metadata (2.5 kB)
backend	Run pip install -r backend/requirements.txt	2026-08-06T10:30:57.6635512Z Collecting certifi (from httpx==0.28.1->-r backend/requirements.txt (line 3))
backend	Run pip install -r backend/requirements.txt	2026-08-06T10:30:57.6793956Z   Downloading certifi-2026.7.22-py3-none-any.whl.metadata (2.5 kB)
backend	Run pip install -r backend/requirements.txt	2026-08-06T10:30:57.7038491Z Collecting httpcore==1.* (from httpx==0.28.1->-r backend/requirements.txt (line 3))
backend	Run pip install -r backend/requirements.txt	2026-08-06T10:30:57.7199031Z   Downloading httpcore-1.0.9-py3-none-any.whl.metadata (21 kB)
backend	Run pip install -r backend/requirements.txt	2026-08-06T10:30:57.7434369Z Collecting idna (from httpx==0.28.1->-r backend/requirements.txt (line 3))
backend	Run pip install -r backend/requirements.txt	2026-08-06T10:30:57.7592727Z   Downloading idna-3.18-py3-none-any.whl.metadata (6.1 kB)
backend	Run pip install -r backend/requirements.txt	2026-08-06T10:30:57.9447589Z Collecting psycopg-binary==3.3.4 (from psycopg[binary]==3.3.4->-r /home/runner/work/wrtmonitor/wrtmonitor/backend/requirements-runtime.txt (line 7))
backend	Run pip install -r backend/requirements.txt	2026-08-06T10:30:57.9611962Z   Downloading psycopg_binary-3.3.4-cp312-cp312-manylinux2014_x86_64.manylinux_2_17_x86_64.whl.metadata (2.7 kB)
backend	Run pip install -r backend/requirements.txt	2026-08-06T10:30:58.0023144Z Collecting httptools>=0.6.3 (from uvicorn[standard]==0.35.0->-r /home/runner/work/wrtmonitor/wrtmonitor/backend/requirements-runtime.txt (line 3))
backend	Run pip install -r backend/requirements.txt	2026-08-06T10:30:58.0186191Z   Downloading httptools-0.8.0-cp312-cp312-manylinux1_x86_64.manylinux_2_28_x86_64.manylinux_2_5_x86_64.whl.metadata (3.5 kB)
backend	Run pip install -r backend/requirements.txt	2026-08-06T10:30:58.0422373Z Collecting python-dotenv>=0.13 (from uvicorn[standard]==0.35.0->-r /home/runner/work/wrtmonitor/wrtmonitor/backend/requirements-runtime.txt (line 3))
backend	Run pip install -r backend/requirements.txt	2026-08-06T10:30:58.0580775Z   Downloading python_dotenv-1.2.2-py3-none-any.whl.metadata (27 kB)
backend	Run pip install -r backend/requirements.txt	2026-08-06T10:30:58.1027901Z Collecting pyyaml>=5.1 (from uvicorn[standard]==0.35.0->-r /home/runner/work/wrtmonitor/wrtmonitor/backend/requirements-runtime.txt (line 3))
backend	Run pip install -r backend/requirements.txt	2026-08-06T10:30:58.1192594Z   Downloading pyyaml-6.0.3-cp312-cp312-manylinux2014_x86_64.manylinux_2_17_x86_64.manylinux_2_28_x86_64.whl.metadata (2.4 kB)
backend	Run pip install -r backend/requirements.txt	2026-08-06T10:30:58.1625966Z Collecting uvloop>=0.15.1 (from uvicorn[standard]==0.35.0->-r /home/runner/work/wrtmonitor/wrtmonitor/backend/requirements-runtime.txt (line 3))
backend	Run pip install -r backend/requirements.txt	2026-08-06T10:30:58.1788014Z   Downloading uvloop-0.22.1-cp312-cp312-manylinux2014_x86_64.manylinux_2_17_x86_64.manylinux_2_28_x86_64.whl.metadata (4.9 kB)
backend	Run pip install -r backend/requirements.txt	2026-08-06T10:30:58.2551474Z Collecting watchfiles>=0.13 (from uvicorn[standard]==0.35.0->-r /home/runner/work/wrtmonitor/wrtmonitor/backend/requirements-runtime.txt (line 3))
backend	Run pip install -r backend/requirements.txt	2026-08-06T10:30:58.2714705Z   Downloading watchfiles-1.2.0-cp312-cp312-manylinux_2_17_x86_64.manylinux2014_x86_64.whl.metadata (4.9 kB)
backend	Run pip install -r backend/requirements.txt	2026-08-06T10:30:58.3732684Z Collecting websockets>=10.4 (from uvicorn[standard]==0.35.0->-r /home/runner/work/wrtmonitor/wrtmonitor/backend/requirements-runtime.txt (line 3))
backend	Run pip install -r backend/requirements.txt	2026-08-06T10:30:58.3896667Z   Downloading websockets-17.0.1-cp312-cp312-manylinux1_x86_64.manylinux_2_28_x86_64.manylinux_2_5_x86_64.whl.metadata (6.3 kB)
backend	Run pip install -r backend/requirements.txt	2026-08-06T10:30:58.5000631Z Collecting cffi>=2.0.0 (from cryptography->-r backend/requirements.txt (line 5))
backend	Run pip install -r backend/requirements.txt	2026-08-06T10:30:58.5164150Z   Downloading cffi-2.1.1-cp312-cp312-manylinux2014_x86_64.manylinux_2_17_x86_64.whl.metadata (2.5 kB)
backend	Run pip install -r backend/requirements.txt	2026-08-06T10:30:58.5382744Z Collecting pycparser (from cffi>=2.0.0->cryptography->-r backend/requirements.txt (line 5))
backend	Run pip install -r backend/requirements.txt	2026-08-06T10:30:58.5541662Z   Downloading pycparser-3.0-py3-none-any.whl.metadata (8.2 kB)
backend	Run pip install -r backend/requirements.txt	2026-08-06T10:30:58.6722384Z Collecting charset_normalizer<4,>=2 (from requests->pymanuf==2026.7.1->-r /home/runner/work/wrtmonitor/wrtmonitor/backend/requirements-runtime.txt (line 12))
backend	Run pip install -r backend/requirements.txt	2026-08-06T10:30:58.6886338Z   Downloading charset_normalizer-3.4.9-cp312-cp312-manylinux2014_x86_64.manylinux_2_17_x86_64.manylinux_2_28_x86_64.whl.metadata (41 kB)
backend	Run pip install -r backend/requirements.txt	2026-08-06T10:30:58.7226178Z Collecting urllib3<3,>=1.26 (from requests->pymanuf==2026.7.1->-r /home/runner/work/wrtmonitor/wrtmonitor/backend/requirements-runtime.txt (line 12))
backend	Run pip install -r backend/requirements.txt	2026-08-06T10:30:58.7387912Z   Downloading urllib3-2.7.0-py3-none-any.whl.metadata (6.9 kB)
backend	Run pip install -r backend/requirements.txt	2026-08-06T10:30:58.7636148Z Downloading fastapi-0.140.0-py3-none-any.whl (130 kB)
backend	Run pip install -r backend/requirements.txt	2026-08-06T10:30:58.7947524Z Downloading starlette-1.3.1-py3-none-any.whl (73 kB)
backend	Run pip install -r backend/requirements.txt	2026-08-06T10:30:58.8135692Z Downloading uvicorn-0.35.0-py3-none-any.whl (66 kB)
backend	Run pip install -r backend/requirements.txt	2026-08-06T10:30:58.8314838Z Downloading pydantic-2.11.7-py3-none-any.whl (444 kB)
backend	Run pip install -r backend/requirements.txt	2026-08-06T10:30:58.8686587Z Downloading sqlalchemy-2.0.43-cp312-cp312-manylinux_2_17_x86_64.manylinux2014_x86_64.whl (3.3 MB)
backend	Run pip install -r backend/requirements.txt	2026-08-06T10:30:58.9322033Z    ━━━━━━━━━━━━━━━━━━━━━━━━━━━━━━━━━━━━━━━━ 3.3/3.3 MB 52.0 MB/s  0:00:00
backend	Run pip install -r backend/requirements.txt	2026-08-06T10:30:58.9482450Z Downloading alembic-1.17.2-py3-none-any.whl (248 kB)
backend	Run pip install -r backend/requirements.txt	2026-08-06T10:30:58.9675227Z Downloading psycopg-3.3.4-py3-none-any.whl (213 kB)
backend	Run pip install -r backend/requirements.txt	2026-08-06T10:30:58.9855750Z Downloading argon2_cffi-25.1.0-py3-none-any.whl (14 kB)
backend	Run pip install -r backend/requirements.txt	2026-08-06T10:30:59.0031872Z Downloading pyjwt-2.13.0-py3-none-any.whl (31 kB)
backend	Run pip install -r backend/requirements.txt	2026-08-06T10:30:59.0211941Z Downloading python_multipart-0.0.31-py3-none-any.whl (29 kB)
backend	Run pip install -r backend/requirements.txt	2026-08-06T10:30:59.0390160Z Downloading jinja2-3.1.6-py3-none-any.whl (134 kB)
backend	Run pip install -r backend/requirements.txt	2026-08-06T10:30:59.0575292Z Downloading pymanuf-2026.7.1-py3-none-any.whl (639 kB)
backend	Run pip install -r backend/requirements.txt	2026-08-06T10:30:59.0629769Z    ━━━━━━━━━━━━━━━━━━━━━━━━━━━━━━━━━━━━━━━━ 639.0/639.0 kB 131.0 MB/s  0:00:00
backend	Run pip install -r backend/requirements.txt	2026-08-06T10:30:59.0791604Z Downloading segno-1.6.6-py3-none-any.whl (76 kB)
backend	Run pip install -r backend/requirements.txt	2026-08-06T10:30:59.0970975Z Downloading pytest-9.0.3-py3-none-any.whl (375 kB)
backend	Run pip install -r backend/requirements.txt	2026-08-06T10:30:59.1160347Z Downloading httpx-0.28.1-py3-none-any.whl (73 kB)
backend	Run pip install -r backend/requirements.txt	2026-08-06T10:30:59.1338947Z Downloading ruff-0.12.12-py3-none-manylinux_2_17_x86_64.manylinux2014_x86_64.whl (13.3 MB)
backend	Run pip install -r backend/requirements.txt	2026-08-06T10:30:59.2129585Z    ━━━━━━━━━━━━━━━━━━━━━━━━━━━━━━━━━━━━━━━━ 13.3/13.3 MB 171.6 MB/s  0:00:00
backend	Run pip install -r backend/requirements.txt	2026-08-06T10:30:59.2297409Z Downloading psycopg_binary-3.3.4-cp312-cp312-manylinux2014_x86_64.manylinux_2_17_x86_64.whl (5.2 MB)
backend	Run pip install -r backend/requirements.txt	2026-08-06T10:30:59.2488916Z    ━━━━━━━━━━━━━━━━━━━━━━━━━━━━━━━━━━━━━━━━ 5.2/5.2 MB 351.2 MB/s  0:00:00
backend	Run pip install -r backend/requirements.txt	2026-08-06T10:30:59.2660348Z Downloading pydantic_core-2.33.2-cp312-cp312-manylinux_2_17_x86_64.manylinux2014_x86_64.whl (2.0 MB)
backend	Run pip install -r backend/requirements.txt	2026-08-06T10:30:59.2741136Z    ━━━━━━━━━━━━━━━━━━━━━━━━━━━━━━━━━━━━━━━━ 2.0/2.0 MB 297.7 MB/s  0:00:00
backend	Run pip install -r backend/requirements.txt	2026-08-06T10:30:59.2899951Z Downloading anyio-4.14.2-py3-none-any.whl (125 kB)
backend	Run pip install -r backend/requirements.txt	2026-08-06T10:30:59.3080201Z Downloading httpcore-1.0.9-py3-none-any.whl (78 kB)
backend	Run pip install -r backend/requirements.txt	2026-08-06T10:30:59.3258168Z Downloading pluggy-1.6.0-py3-none-any.whl (20 kB)
backend	Run pip install -r backend/requirements.txt	2026-08-06T10:30:59.3441383Z Downloading cryptography-50.0.0-cp311-abi3-manylinux_2_34_x86_64.whl (4.7 MB)
backend	Run pip install -r backend/requirements.txt	2026-08-06T10:30:59.3610343Z    ━━━━━━━━━━━━━━━━━━━━━━━━━━━━━━━━━━━━━━━━ 4.7/4.7 MB 325.1 MB/s  0:00:00
backend	Run pip install -r backend/requirements.txt	2026-08-06T10:30:59.3769154Z Downloading annotated_doc-0.0.5-py3-none-any.whl (5.3 kB)
backend	Run pip install -r backend/requirements.txt	2026-08-06T10:30:59.3945310Z Downloading annotated_types-0.8.0-py3-none-any.whl (13 kB)
backend	Run pip install -r backend/requirements.txt	2026-08-06T10:30:59.4120902Z Downloading cffi-2.1.1-cp312-cp312-manylinux2014_x86_64.manylinux_2_17_x86_64.whl (221 kB)
backend	Run pip install -r backend/requirements.txt	2026-08-06T10:30:59.4301681Z Downloading click-8.4.2-py3-none-any.whl (119 kB)
backend	Run pip install -r backend/requirements.txt	2026-08-06T10:30:59.4483175Z Downloading greenlet-3.5.4-cp312-cp312-manylinux_2_24_x86_64.manylinux_2_28_x86_64.whl (621 kB)
backend	Run pip install -r backend/requirements.txt	2026-08-06T10:30:59.4534817Z    ━━━━━━━━━━━━━━━━━━━━━━━━━━━━━━━━━━━━━━━━ 621.5/621.5 kB 125.9 MB/s  0:00:00
backend	Run pip install -r backend/requirements.txt	2026-08-06T10:30:59.4691423Z Downloading h11-0.16.0-py3-none-any.whl (37 kB)
backend	Run pip install -r backend/requirements.txt	2026-08-06T10:30:59.4872674Z Downloading httptools-0.8.0-cp312-cp312-manylinux1_x86_64.manylinux_2_28_x86_64.manylinux_2_5_x86_64.whl (523 kB)
backend	Run pip install -r backend/requirements.txt	2026-08-06T10:30:59.5061036Z Downloading idna-3.18-py3-none-any.whl (65 kB)
backend	Run pip install -r backend/requirements.txt	2026-08-06T10:30:59.5238687Z Downloading iniconfig-2.3.0-py3-none-any.whl (7.5 kB)
backend	Run pip install -r backend/requirements.txt	2026-08-06T10:30:59.5414927Z Downloading markupsafe-3.0.3-cp312-cp312-manylinux2014_x86_64.manylinux_2_17_x86_64.manylinux_2_28_x86_64.whl (22 kB)
backend	Run pip install -r backend/requirements.txt	2026-08-06T10:30:59.5590014Z Downloading packaging-26.3-py3-none-any.whl (129 kB)
backend	Run pip install -r backend/requirements.txt	2026-08-06T10:30:59.5774004Z Downloading pygments-2.20.0-py3-none-any.whl (1.2 MB)
backend	Run pip install -r backend/requirements.txt	2026-08-06T10:30:59.5839526Z    ━━━━━━━━━━━━━━━━━━━━━━━━━━━━━━━━━━━━━━━━ 1.2/1.2 MB 226.5 MB/s  0:00:00
backend	Run pip install -r backend/requirements.txt	2026-08-06T10:30:59.5997241Z Downloading python_dotenv-1.2.2-py3-none-any.whl (22 kB)
backend	Run pip install -r backend/requirements.txt	2026-08-06T10:30:59.6175163Z Downloading pyyaml-6.0.3-cp312-cp312-manylinux2014_x86_64.manylinux_2_17_x86_64.manylinux_2_28_x86_64.whl (807 kB)
backend	Run pip install -r backend/requirements.txt	2026-08-06T10:30:59.6230488Z    ━━━━━━━━━━━━━━━━━━━━━━━━━━━━━━━━━━━━━━━━ 807.9/807.9 kB 176.1 MB/s  0:00:00
backend	Run pip install -r backend/requirements.txt	2026-08-06T10:30:59.6388023Z Downloading typing_extensions-4.16.0-py3-none-any.whl (45 kB)
backend	Run pip install -r backend/requirements.txt	2026-08-06T10:30:59.6562825Z Downloading typing_inspection-0.4.2-py3-none-any.whl (14 kB)
backend	Run pip install -r backend/requirements.txt	2026-08-06T10:30:59.6737944Z Downloading uvloop-0.22.1-cp312-cp312-manylinux2014_x86_64.manylinux_2_17_x86_64.manylinux_2_28_x86_64.whl (4.4 MB)
backend	Run pip install -r backend/requirements.txt	2026-08-06T10:30:59.6882400Z    ━━━━━━━━━━━━━━━━━━━━━━━━━━━━━━━━━━━━━━━━ 4.4/4.4 MB 347.7 MB/s  0:00:00
backend	Run pip install -r backend/requirements.txt	2026-08-06T10:30:59.7043761Z Downloading watchfiles-1.2.0-cp312-cp312-manylinux_2_17_x86_64.manylinux2014_x86_64.whl (456 kB)
backend	Run pip install -r backend/requirements.txt	2026-08-06T10:30:59.7232241Z Downloading websockets-17.0.1-cp312-cp312-manylinux1_x86_64.manylinux_2_28_x86_64.manylinux_2_5_x86_64.whl (220 kB)
backend	Run pip install -r backend/requirements.txt	2026-08-06T10:30:59.7413449Z Downloading argon2_cffi_bindings-25.1.0-cp39-abi3-manylinux_2_26_x86_64.manylinux_2_28_x86_64.whl (87 kB)
backend	Run pip install -r backend/requirements.txt	2026-08-06T10:30:59.7590587Z Downloading certifi-2026.7.22-py3-none-any.whl (136 kB)
backend	Run pip install -r backend/requirements.txt	2026-08-06T10:30:59.7767562Z Downloading mako-1.4.1-py3-none-any.whl (80 kB)
backend	Run pip install -r backend/requirements.txt	2026-08-06T10:30:59.7944065Z Downloading pycparser-3.0-py3-none-any.whl (48 kB)
backend	Run pip install -r backend/requirements.txt	2026-08-06T10:30:59.8120744Z Downloading requests-2.34.2-py3-none-any.whl (73 kB)
backend	Run pip install -r backend/requirements.txt	2026-08-06T10:30:59.8300353Z Downloading charset_normalizer-3.4.9-cp312-cp312-manylinux2014_x86_64.manylinux_2_17_x86_64.manylinux_2_28_x86_64.whl (224 kB)
backend	Run pip install -r backend/requirements.txt	2026-08-06T10:30:59.8484774Z Downloading urllib3-2.7.0-py3-none-any.whl (131 kB)
backend	Run pip install -r backend/requirements.txt	2026-08-06T10:31:00.0023493Z Installing collected packages: websockets, uvloop, urllib3, typing-extensions, segno, ruff, pyyaml, python-multipart, python-dotenv, PyJWT, pygments, pycparser, psycopg-binary, pluggy, packaging, MarkupSafe, iniconfig, idna, httptools, h11, greenlet, click, charset_normalizer, certifi, annotated-types, annotated-doc, uvicorn, typing-inspection, SQLAlchemy, requests, pytest, pydantic-core, psycopg, Mako, jinja2, httpcore, cffi, anyio, watchfiles, starlette, pymanuf, pydantic, httpx, cryptography, argon2-cffi-bindings, alembic, fastapi, argon2-cffi
backend	Run pip install -r backend/requirements.txt	2026-08-06T10:31:05.1602588Z 
backend	Run pip install -r backend/requirements.txt	2026-08-06T10:31:05.1646562Z Successfully installed Mako-1.4.1 MarkupSafe-3.0.3 PyJWT-2.13.0 SQLAlchemy-2.0.43 alembic-1.17.2 annotated-doc-0.0.5 annotated-types-0.8.0 anyio-4.14.2 argon2-cffi-25.1.0 argon2-cffi-bindings-25.1.0 certifi-2026.7.22 cffi-2.1.1 charset_normalizer-3.4.9 click-8.4.2 cryptography-50.0.0 fastapi-0.140.0 greenlet-3.5.4 h11-0.16.0 httpcore-1.0.9 httptools-0.8.0 httpx-0.28.1 idna-3.18 iniconfig-2.3.0 jinja2-3.1.6 packaging-26.3 pluggy-1.6.0 psycopg-3.3.4 psycopg-binary-3.3.4 pycparser-3.0 pydantic-2.11.7 pydantic-core-2.33.2 pygments-2.20.0 pymanuf-2026.7.1 pytest-9.0.3 python-dotenv-1.2.2 python-multipart-0.0.31 pyyaml-6.0.3 requests-2.34.2 ruff-0.12.12 segno-1.6.6 starlette-1.3.1 typing-extensions-4.16.0 typing-inspection-0.4.2 urllib3-2.7.0 uvicorn-0.35.0 uvloop-0.22.1 watchfiles-1.2.0 websockets-17.0.1
backend	Run pip install -r backend/requirements.txt	2026-08-06T10:31:05.1656582Z 
backend	Run pip install -r backend/requirements.txt	2026-08-06T10:31:05.1656942Z [notice] A new release of pip is available: 26.1.2 -> 26.2.1
backend	Run pip install -r backend/requirements.txt	2026-08-06T10:31:05.1657559Z [notice] To update, run: pip install --upgrade pip
backend	Run pip install pip-audit	﻿2026-08-06T10:31:05.3735355Z ##[group]Run pip install pip-audit
backend	Run pip install pip-audit	2026-08-06T10:31:05.3735919Z ^[[36;1mpip install pip-audit^[[0m
backend	Run pip install pip-audit	2026-08-06T10:31:05.3794233Z shell: /usr/bin/bash -e {0}
backend	Run pip install pip-audit	2026-08-06T10:31:05.3794512Z env:
backend	Run pip install pip-audit	2026-08-06T10:31:05.3794792Z   pythonLocation: /opt/hostedtoolcache/Python/3.12.13/x64
backend	Run pip install pip-audit	2026-08-06T10:31:05.3795247Z   PKG_CONFIG_PATH: /opt/hostedtoolcache/Python/3.12.13/x64/lib/pkgconfig
backend	Run pip install pip-audit	2026-08-06T10:31:05.3795679Z   Python_ROOT_DIR: /opt/hostedtoolcache/Python/3.12.13/x64
backend	Run pip install pip-audit	2026-08-06T10:31:05.3796066Z   Python2_ROOT_DIR: /opt/hostedtoolcache/Python/3.12.13/x64
backend	Run pip install pip-audit	2026-08-06T10:31:05.3796442Z   Python3_ROOT_DIR: /opt/hostedtoolcache/Python/3.12.13/x64
backend	Run pip install pip-audit	2026-08-06T10:31:05.3796832Z   LD_LIBRARY_PATH: /opt/hostedtoolcache/Python/3.12.13/x64/lib
backend	Run pip install pip-audit	2026-08-06T10:31:05.3797152Z ##[endgroup]
backend	Run pip install pip-audit	2026-08-06T10:31:05.8227672Z Collecting pip-audit
backend	Run pip install pip-audit	2026-08-06T10:31:05.9087330Z   Downloading pip_audit-2.10.1-py3-none-any.whl.metadata (28 kB)
backend	Run pip install pip-audit	2026-08-06T10:31:05.9460182Z Collecting CacheControl>=0.13.0 (from CacheControl[filecache]>=0.13.0->pip-audit)
backend	Run pip install pip-audit	2026-08-06T10:31:05.9617238Z   Downloading cachecontrol-0.14.4-py3-none-any.whl.metadata (3.1 kB)
backend	Run pip install pip-audit	2026-08-06T10:31:06.0083104Z Collecting cyclonedx-python-lib<12,>=5 (from pip-audit)
backend	Run pip install pip-audit	2026-08-06T10:31:06.0245395Z   Downloading cyclonedx_python_lib-11.11.0-py3-none-any.whl.metadata (6.9 kB)
backend	Run pip install pip-audit	2026-08-06T10:31:06.0293741Z Requirement already satisfied: packaging>=23.0.0 in /opt/hostedtoolcache/Python/3.12.13/x64/lib/python3.12/site-packages (from pip-audit) (26.3)
backend	Run pip install pip-audit	2026-08-06T10:31:06.0486515Z Collecting pip-api>=0.0.28 (from pip-audit)
backend	Run pip install pip-audit	2026-08-06T10:31:06.0645334Z   Downloading pip_api-0.0.34-py3-none-any.whl.metadata (6.6 kB)
backend	Run pip install pip-audit	2026-08-06T10:31:06.0847397Z Collecting pip-requirements-parser>=32.0.0 (from pip-audit)
backend	Run pip install pip-audit	2026-08-06T10:31:06.1007804Z   Downloading pip_requirements_parser-32.0.1-py3-none-any.whl.metadata (9.3 kB)
backend	Run pip install pip-audit	2026-08-06T10:31:06.1060850Z Requirement already satisfied: requests>=2.31.0 in /opt/hostedtoolcache/Python/3.12.13/x64/lib/python3.12/site-packages (from pip-audit) (2.34.2)
backend	Run pip install pip-audit	2026-08-06T10:31:06.1424698Z Collecting rich>=12.4 (from pip-audit)
backend	Run pip install pip-audit	2026-08-06T10:31:06.1586041Z   Downloading rich-15.0.0-py3-none-any.whl.metadata (18 kB)
backend	Run pip install pip-audit	2026-08-06T10:31:06.1904790Z Collecting tomli>=2.2.1 (from pip-audit)
backend	Run pip install pip-audit	2026-08-06T10:31:06.2063650Z   Downloading tomli-2.4.1-cp312-cp312-manylinux2014_x86_64.manylinux_2_17_x86_64.manylinux_2_28_x86_64.whl.metadata (10 kB)
backend	Run pip install pip-audit	2026-08-06T10:31:06.2265138Z Collecting tomli-w>=1.2.0 (from pip-audit)
backend	Run pip install pip-audit	2026-08-06T10:31:06.2420933Z   Downloading tomli_w-1.2.0-py3-none-any.whl.metadata (5.7 kB)
backend	Run pip install pip-audit	2026-08-06T10:31:06.2669535Z Collecting platformdirs>=4.2.0 (from pip-audit)
backend	Run pip install pip-audit	2026-08-06T10:31:06.2825928Z   Downloading platformdirs-4.11.0-py3-none-any.whl.metadata (5.5 kB)
backend	Run pip install pip-audit	2026-08-06T10:31:06.3061491Z Collecting license-expression<31,>=30 (from cyclonedx-python-lib<12,>=5->pip-audit)
backend	Run pip install pip-audit	2026-08-06T10:31:06.3217522Z   Downloading license_expression-30.4.4-py3-none-any.whl.metadata (11 kB)
backend	Run pip install pip-audit	2026-08-06T10:31:06.3471466Z Collecting packageurl-python<2,>=0.11 (from cyclonedx-python-lib<12,>=5->pip-audit)
backend	Run pip install pip-audit	2026-08-06T10:31:06.3627293Z   Downloading packageurl_python-0.17.6-py3-none-any.whl.metadata (5.1 kB)
backend	Run pip install pip-audit	2026-08-06T10:31:06.3869813Z Collecting py-serializable<3.0.0,>=2.1.0 (from cyclonedx-python-lib<12,>=5->pip-audit)
backend	Run pip install pip-audit	2026-08-06T10:31:06.4034383Z   Downloading py_serializable-2.1.0-py3-none-any.whl.metadata (4.3 kB)
backend	Run pip install pip-audit	2026-08-06T10:31:06.4249444Z Collecting sortedcontainers<3.0.0,>=2.4.0 (from cyclonedx-python-lib<12,>=5->pip-audit)
backend	Run pip install pip-audit	2026-08-06T10:31:06.4576583Z   Downloading sortedcontainers-2.4.0-py2.py3-none-any.whl.metadata (10 kB)
backend	Run pip install pip-audit	2026-08-06T10:31:06.4622749Z Requirement already satisfied: typing_extensions<5.0,>=4.6 in /opt/hostedtoolcache/Python/3.12.13/x64/lib/python3.12/site-packages (from cyclonedx-python-lib<12,>=5->pip-audit) (4.16.0)
backend	Run pip install pip-audit	2026-08-06T10:31:06.4807798Z Collecting boolean.py>=4.0 (from license-expression<31,>=30->cyclonedx-python-lib<12,>=5->pip-audit)
backend	Run pip install pip-audit	2026-08-06T10:31:06.4968830Z   Downloading boolean_py-5.0-py3-none-any.whl.metadata (2.3 kB)
backend	Run pip install pip-audit	2026-08-06T10:31:06.5193247Z Collecting defusedxml<0.8.0,>=0.7.1 (from py-serializable<3.0.0,>=2.1.0->cyclonedx-python-lib<12,>=5->pip-audit)
backend	Run pip install pip-audit	2026-08-06T10:31:06.5348383Z   Downloading defusedxml-0.7.1-py2.py3-none-any.whl.metadata (32 kB)
backend	Run pip install pip-audit	2026-08-06T10:31:06.6249250Z Collecting msgpack<2.0.0,>=0.5.2 (from CacheControl>=0.13.0->CacheControl[filecache]>=0.13.0->pip-audit)
backend	Run pip install pip-audit	2026-08-06T10:31:06.6409398Z   Downloading msgpack-1.2.1-cp312-cp312-manylinux2014_x86_64.manylinux_2_17_x86_64.manylinux_2_28_x86_64.whl.metadata (8.3 kB)
backend	Run pip install pip-audit	2026-08-06T10:31:06.6728690Z Collecting filelock>=3.8.0 (from CacheControl[filecache]>=0.13.0->pip-audit)
backend	Run pip install pip-audit	2026-08-06T10:31:06.6885989Z   Downloading filelock-3.32.2-py3-none-any.whl.metadata (2.0 kB)
backend	Run pip install pip-audit	2026-08-06T10:31:06.6934236Z Requirement already satisfied: pip in /opt/hostedtoolcache/Python/3.12.13/x64/lib/python3.12/site-packages (from pip-api>=0.0.28->pip-audit) (26.1.2)
backend	Run pip install pip-audit	2026-08-06T10:31:06.7224794Z Collecting pyparsing (from pip-requirements-parser>=32.0.0->pip-audit)
backend	Run pip install pip-audit	2026-08-06T10:31:06.7381562Z   Downloading pyparsing-3.3.2-py3-none-any.whl.metadata (5.8 kB)
backend	Run pip install pip-audit	2026-08-06T10:31:06.7431889Z Requirement already satisfied: charset_normalizer<4,>=2 in /opt/hostedtoolcache/Python/3.12.13/x64/lib/python3.12/site-packages (from requests>=2.31.0->pip-audit) (3.4.9)
backend	Run pip install pip-audit	2026-08-06T10:31:06.7439693Z Requirement already satisfied: idna<4,>=2.5 in /opt/hostedtoolcache/Python/3.12.13/x64/lib/python3.12/site-packages (from requests>=2.31.0->pip-audit) (3.18)
backend	Run pip install pip-audit	2026-08-06T10:31:06.7445651Z Requirement already satisfied: urllib3<3,>=1.26 in /opt/hostedtoolcache/Python/3.12.13/x64/lib/python3.12/site-packages (from requests>=2.31.0->pip-audit) (2.7.0)
backend	Run pip install pip-audit	2026-08-06T10:31:06.7450936Z Requirement already satisfied: certifi>=2023.5.7 in /opt/hostedtoolcache/Python/3.12.13/x64/lib/python3.12/site-packages (from requests>=2.31.0->pip-audit) (2026.7.22)
backend	Run pip install pip-audit	2026-08-06T10:31:06.7686980Z Collecting markdown-it-py>=2.2.0 (from rich>=12.4->pip-audit)
backend	Run pip install pip-audit	2026-08-06T10:31:06.7843988Z   Downloading markdown_it_py-4.2.0-py3-none-any.whl.metadata (7.4 kB)
backend	Run pip install pip-audit	2026-08-06T10:31:06.7904120Z Requirement already satisfied: pygments<3.0.0,>=2.13.0 in /opt/hostedtoolcache/Python/3.12.13/x64/lib/python3.12/site-packages (from rich>=12.4->pip-audit) (2.20.0)
backend	Run pip install pip-audit	2026-08-06T10:31:06.8090824Z Collecting mdurl~=0.1 (from markdown-it-py>=2.2.0->rich>=12.4->pip-audit)
backend	Run pip install pip-audit	2026-08-06T10:31:06.8248667Z   Downloading mdurl-0.1.2-py3-none-any.whl.metadata (1.6 kB)
backend	Run pip install pip-audit	2026-08-06T10:31:06.8461511Z Downloading pip_audit-2.10.1-py3-none-any.whl (62 kB)
backend	Run pip install pip-audit	2026-08-06T10:31:06.8699430Z Downloading cyclonedx_python_lib-11.11.0-py3-none-any.whl (528 kB)
backend	Run pip install pip-audit	2026-08-06T10:31:06.9199264Z    ━━━━━━━━━━━━━━━━━━━━━━━━━━━━━━━━━━━━━━━━ 528.7/528.7 kB 14.1 MB/s  0:00:00
backend	Run pip install pip-audit	2026-08-06T10:31:06.9358552Z Downloading license_expression-30.4.4-py3-none-any.whl (120 kB)
backend	Run pip install pip-audit	2026-08-06T10:31:06.9537956Z Downloading packageurl_python-0.17.6-py3-none-any.whl (36 kB)
backend	Run pip install pip-audit	2026-08-06T10:31:06.9711212Z Downloading py_serializable-2.1.0-py3-none-any.whl (23 kB)
backend	Run pip install pip-audit	2026-08-06T10:31:06.9884664Z Downloading defusedxml-0.7.1-py2.py3-none-any.whl (25 kB)
backend	Run pip install pip-audit	2026-08-06T10:31:07.0057437Z Downloading sortedcontainers-2.4.0-py2.py3-none-any.whl (29 kB)
backend	Run pip install pip-audit	2026-08-06T10:31:07.0233851Z Downloading boolean_py-5.0-py3-none-any.whl (26 kB)
backend	Run pip install pip-audit	2026-08-06T10:31:07.0410017Z Downloading cachecontrol-0.14.4-py3-none-any.whl (22 kB)
backend	Run pip install pip-audit	2026-08-06T10:31:07.0585072Z Downloading msgpack-1.2.1-cp312-cp312-manylinux2014_x86_64.manylinux_2_17_x86_64.manylinux_2_28_x86_64.whl (419 kB)
backend	Run pip install pip-audit	2026-08-06T10:31:07.0814599Z Downloading filelock-3.32.2-py3-none-any.whl (98 kB)
backend	Run pip install pip-audit	2026-08-06T10:31:07.0989540Z Downloading pip_api-0.0.34-py3-none-any.whl (120 kB)
backend	Run pip install pip-audit	2026-08-06T10:31:07.1165256Z Downloading pip_requirements_parser-32.0.1-py3-none-any.whl (35 kB)
backend	Run pip install pip-audit	2026-08-06T10:31:07.1340017Z Downloading platformdirs-4.11.0-py3-none-any.whl (23 kB)
backend	Run pip install pip-audit	2026-08-06T10:31:07.1514624Z Downloading rich-15.0.0-py3-none-any.whl (310 kB)
backend	Run pip install pip-audit	2026-08-06T10:31:07.1705361Z Downloading markdown_it_py-4.2.0-py3-none-any.whl (91 kB)
backend	Run pip install pip-audit	2026-08-06T10:31:07.1881915Z Downloading mdurl-0.1.2-py3-none-any.whl (10.0 kB)
backend	Run pip install pip-audit	2026-08-06T10:31:07.2057290Z Downloading tomli-2.4.1-cp312-cp312-manylinux2014_x86_64.manylinux_2_17_x86_64.manylinux_2_28_x86_64.whl (253 kB)
backend	Run pip install pip-audit	2026-08-06T10:31:07.2241421Z Downloading tomli_w-1.2.0-py3-none-any.whl (6.7 kB)
backend	Run pip install pip-audit	2026-08-06T10:31:07.2413422Z Downloading pyparsing-3.3.2-py3-none-any.whl (122 kB)
backend	Run pip install pip-audit	2026-08-06T10:31:07.3199789Z Installing collected packages: sortedcontainers, boolean.py, tomli-w, tomli, pyparsing, platformdirs, pip-api, packageurl-python, msgpack, mdurl, license-expression, filelock, defusedxml, py-serializable, pip-requirements-parser, markdown-it-py, CacheControl, rich, cyclonedx-python-lib, pip-audit
backend	Run pip install pip-audit	2026-08-06T10:31:08.2384650Z 
backend	Run pip install pip-audit	2026-08-06T10:31:08.2434379Z Successfully installed CacheControl-0.14.4 boolean.py-5.0 cyclonedx-python-lib-11.11.0 defusedxml-0.7.1 filelock-3.32.2 license-expression-30.4.4 markdown-it-py-4.2.0 mdurl-0.1.2 msgpack-1.2.1 packageurl-python-0.17.6 pip-api-0.0.34 pip-audit-2.10.1 pip-requirements-parser-32.0.1 platformdirs-4.11.0 py-serializable-2.1.0 pyparsing-3.3.2 rich-15.0.0 sortedcontainers-2.4.0 tomli-2.4.1 tomli-w-1.2.0
backend	Run pip install pip-audit	2026-08-06T10:31:08.2444029Z 
backend	Run pip install pip-audit	2026-08-06T10:31:08.2444500Z [notice] A new release of pip is available: 26.1.2 -> 26.2.1
backend	Run pip install pip-audit	2026-08-06T10:31:08.2444939Z [notice] To update, run: pip install --upgrade pip
backend	Run pip-audit -r backend/requirements.txt	﻿2026-08-06T10:31:08.3273111Z ##[group]Run pip-audit -r backend/requirements.txt
backend	Run pip-audit -r backend/requirements.txt	2026-08-06T10:31:08.3273542Z ^[[36;1mpip-audit -r backend/requirements.txt^[[0m
backend	Run pip-audit -r backend/requirements.txt	2026-08-06T10:31:08.3321380Z shell: /usr/bin/bash -e {0}
backend	Run pip-audit -r backend/requirements.txt	2026-08-06T10:31:08.3321646Z env:
backend	Run pip-audit -r backend/requirements.txt	2026-08-06T10:31:08.3321921Z   pythonLocation: /opt/hostedtoolcache/Python/3.12.13/x64
backend	Run pip-audit -r backend/requirements.txt	2026-08-06T10:31:08.3322614Z   PKG_CONFIG_PATH: /opt/hostedtoolcache/Python/3.12.13/x64/lib/pkgconfig
backend	Run pip-audit -r backend/requirements.txt	2026-08-06T10:31:08.3323265Z   Python_ROOT_DIR: /opt/hostedtoolcache/Python/3.12.13/x64
backend	Run pip-audit -r backend/requirements.txt	2026-08-06T10:31:08.3323641Z   Python2_ROOT_DIR: /opt/hostedtoolcache/Python/3.12.13/x64
backend	Run pip-audit -r backend/requirements.txt	2026-08-06T10:31:08.3324005Z   Python3_ROOT_DIR: /opt/hostedtoolcache/Python/3.12.13/x64
backend	Run pip-audit -r backend/requirements.txt	2026-08-06T10:31:08.3324374Z   LD_LIBRARY_PATH: /opt/hostedtoolcache/Python/3.12.13/x64/lib
backend	Run pip-audit -r backend/requirements.txt	2026-08-06T10:31:08.3324695Z ##[endgroup]
backend	Run pip-audit -r backend/requirements.txt	2026-08-06T10:31:18.7622618Z No known vulnerabilities found
backend	Run pip install -r backend/requirements-browser.txt	﻿2026-08-06T10:31:18.8142947Z ##[group]Run pip install -r backend/requirements-browser.txt
backend	Run pip install -r backend/requirements-browser.txt	2026-08-06T10:31:18.8143588Z ^[[36;1mpip install -r backend/requirements-browser.txt^[[0m
backend	Run pip install -r backend/requirements-browser.txt	2026-08-06T10:31:18.8199929Z shell: /usr/bin/bash -e {0}
backend	Run pip install -r backend/requirements-browser.txt	2026-08-06T10:31:18.8200418Z env:
backend	Run pip install -r backend/requirements-browser.txt	2026-08-06T10:31:18.8200848Z   pythonLocation: /opt/hostedtoolcache/Python/3.12.13/x64
backend	Run pip install -r backend/requirements-browser.txt	2026-08-06T10:31:18.8201473Z   PKG_CONFIG_PATH: /opt/hostedtoolcache/Python/3.12.13/x64/lib/pkgconfig
backend	Run pip install -r backend/requirements-browser.txt	2026-08-06T10:31:18.8202260Z   Python_ROOT_DIR: /opt/hostedtoolcache/Python/3.12.13/x64
backend	Run pip install -r backend/requirements-browser.txt	2026-08-06T10:31:18.8202788Z   Python2_ROOT_DIR: /opt/hostedtoolcache/Python/3.12.13/x64
backend	Run pip install -r backend/requirements-browser.txt	2026-08-06T10:31:18.8203266Z   Python3_ROOT_DIR: /opt/hostedtoolcache/Python/3.12.13/x64
backend	Run pip install -r backend/requirements-browser.txt	2026-08-06T10:31:18.8203845Z   LD_LIBRARY_PATH: /opt/hostedtoolcache/Python/3.12.13/x64/lib
backend	Run pip install -r backend/requirements-browser.txt	2026-08-06T10:31:18.8204296Z ##[endgroup]
backend	Run pip install -r backend/requirements-browser.txt	2026-08-06T10:31:19.2828995Z Collecting playwright==1.61.0 (from -r backend/requirements-browser.txt (line 1))
backend	Run pip install -r backend/requirements-browser.txt	2026-08-06T10:31:19.3695984Z   Downloading playwright-1.61.0-py3-none-manylinux1_x86_64.whl.metadata (3.3 kB)
backend	Run pip install -r backend/requirements-browser.txt	2026-08-06T10:31:19.3903796Z Collecting pyee<14,>=13 (from playwright==1.61.0->-r backend/requirements-browser.txt (line 1))
backend	Run pip install -r backend/requirements-browser.txt	2026-08-06T10:31:19.4059407Z   Downloading pyee-13.0.1-py3-none-any.whl.metadata (3.0 kB)
backend	Run pip install -r backend/requirements-browser.txt	2026-08-06T10:31:19.4110329Z Requirement already satisfied: greenlet<4.0.0,>=3.1.1 in /opt/hostedtoolcache/Python/3.12.13/x64/lib/python3.12/site-packages (from playwright==1.61.0->-r backend/requirements-browser.txt (line 1)) (3.5.4)
backend	Run pip install -r backend/requirements-browser.txt	2026-08-06T10:31:19.4125290Z Requirement already satisfied: typing-extensions in /opt/hostedtoolcache/Python/3.12.13/x64/lib/python3.12/site-packages (from pyee<14,>=13->playwright==1.61.0->-r backend/requirements-browser.txt (line 1)) (4.16.0)
backend	Run pip install -r backend/requirements-browser.txt	2026-08-06T10:31:19.4288842Z Downloading playwright-1.61.0-py3-none-manylinux1_x86_64.whl (47.4 MB)
backend	Run pip install -r backend/requirements-browser.txt	2026-08-06T10:31:20.4880893Z    ━━━━━━━━━━━━━━━━━━━━━━━━━━━━━━━━━━━━━━━━ 47.4/47.4 MB 47.0 MB/s  0:00:01
backend	Run pip install -r backend/requirements-browser.txt	2026-08-06T10:31:20.5039451Z Downloading pyee-13.0.1-py3-none-any.whl (15 kB)
backend	Run pip install -r backend/requirements-browser.txt	2026-08-06T10:31:20.5986590Z Installing collected packages: pyee, playwright
backend	Run pip install -r backend/requirements-browser.txt	2026-08-06T10:31:21.4559145Z 
backend	Run pip install -r backend/requirements-browser.txt	2026-08-06T10:31:21.4607207Z Successfully installed playwright-1.61.0 pyee-13.0.1
backend	Run pip install -r backend/requirements-browser.txt	2026-08-06T10:31:21.4616616Z 
backend	Run pip install -r backend/requirements-browser.txt	2026-08-06T10:31:21.4617030Z [notice] A new release of pip is available: 26.1.2 -> 26.2.1
backend	Run pip install -r backend/requirements-browser.txt	2026-08-06T10:31:21.4617659Z [notice] To update, run: pip install --upgrade pip
backend	Run python -m playwright install --with-deps chromium	﻿2026-08-06T10:31:21.5165040Z ##[group]Run python -m playwright install --with-deps chromium
backend	Run python -m playwright install --with-deps chromium	2026-08-06T10:31:21.5165537Z ^[[36;1mpython -m playwright install --with-deps chromium^[[0m
backend	Run python -m playwright install --with-deps chromium	2026-08-06T10:31:21.5213493Z shell: /usr/bin/bash -e {0}
backend	Run python -m playwright install --with-deps chromium	2026-08-06T10:31:21.5213768Z env:
backend	Run python -m playwright install --with-deps chromium	2026-08-06T10:31:21.5214055Z   pythonLocation: /opt/hostedtoolcache/Python/3.12.13/x64
backend	Run python -m playwright install --with-deps chromium	2026-08-06T10:31:21.5214522Z   PKG_CONFIG_PATH: /opt/hostedtoolcache/Python/3.12.13/x64/lib/pkgconfig
backend	Run python -m playwright install --with-deps chromium	2026-08-06T10:31:21.5214964Z   Python_ROOT_DIR: /opt/hostedtoolcache/Python/3.12.13/x64
backend	Run python -m playwright install --with-deps chromium	2026-08-06T10:31:21.5215356Z   Python2_ROOT_DIR: /opt/hostedtoolcache/Python/3.12.13/x64
backend	Run python -m playwright install --with-deps chromium	2026-08-06T10:31:21.5215737Z   Python3_ROOT_DIR: /opt/hostedtoolcache/Python/3.12.13/x64
backend	Run python -m playwright install --with-deps chromium	2026-08-06T10:31:21.5216143Z   LD_LIBRARY_PATH: /opt/hostedtoolcache/Python/3.12.13/x64/lib
backend	Run python -m playwright install --with-deps chromium	2026-08-06T10:31:21.5216478Z ##[endgroup]
backend	Run python -m playwright install --with-deps chromium	2026-08-06T10:31:21.8865745Z Installing dependencies...
backend	Run python -m playwright install --with-deps chromium	2026-08-06T10:31:21.8930751Z Switching to root user to install dependencies...
backend	Run python -m playwright install --with-deps chromium	2026-08-06T10:31:21.9593009Z Get:1 file:/etc/apt/apt-mirrors.txt Mirrorlist [144 B]
backend	Run python -m playwright install --with-deps chromium	2026-08-06T10:31:21.9989119Z Hit:6 https://packages.microsoft.com/repos/azure-cli noble InRelease
backend	Run python -m playwright install --with-deps chromium	2026-08-06T10:31:21.9990746Z Hit:7 https://packages.microsoft.com/ubuntu/24.04/prod noble InRelease
backend	Run python -m playwright install --with-deps chromium	2026-08-06T10:31:22.0995859Z Hit:2 http://azure.archive.ubuntu.com/ubuntu noble InRelease
backend	Run python -m playwright install --with-deps chromium	2026-08-06T10:31:22.1005425Z Hit:3 http://azure.archive.ubuntu.com/ubuntu noble-updates InRelease
backend	Run python -m playwright install --with-deps chromium	2026-08-06T10:31:22.1012733Z Hit:4 http://azure.archive.ubuntu.com/ubuntu noble-backports InRelease
backend	Run python -m playwright install --with-deps chromium	2026-08-06T10:31:22.1021917Z Hit:5 http://azure.archive.ubuntu.com/ubuntu noble-security InRelease
backend	Run python -m playwright install --with-deps chromium	2026-08-06T10:31:22.1306671Z Hit:8 https://dl.google.com/linux/chrome-stable/deb stable InRelease
backend	Run python -m playwright install --with-deps chromium	2026-08-06T10:31:23.2703907Z Reading package lists...
backend	Run python -m playwright install --with-deps chromium	2026-08-06T10:31:23.2952323Z Reading package lists...
backend	Run python -m playwright install --with-deps chromium	2026-08-06T10:31:23.4922340Z Building dependency tree...
backend	Run python -m playwright install --with-deps chromium	2026-08-06T10:31:23.4930153Z Reading state information...
backend	Run python -m playwright install --with-deps chromium	2026-08-06T10:31:23.6601105Z libasound2t64 is already the newest version (1.2.11-1ubuntu0.3).
backend	Run python -m playwright install --with-deps chromium	2026-08-06T10:31:23.6601979Z libasound2t64 set to manually installed.
backend	Run python -m playwright install --with-deps chromium	2026-08-06T10:31:23.6602920Z libatk-bridge2.0-0t64 is already the newest version (2.52.0-1build1).
backend	Run python -m playwright install --with-deps chromium	2026-08-06T10:31:23.6603676Z libatk-bridge2.0-0t64 set to manually installed.
backend	Run python -m playwright install --with-deps chromium	2026-08-06T10:31:23.6604349Z libatk1.0-0t64 is already the newest version (2.52.0-1build1).
backend	Run python -m playwright install --with-deps chromium	2026-08-06T10:31:23.6604962Z libatk1.0-0t64 set to manually installed.
backend	Run python -m playwright install --with-deps chromium	2026-08-06T10:31:23.6605563Z libatspi2.0-0t64 is already the newest version (2.52.0-1build1).
backend	Run python -m playwright install --with-deps chromium	2026-08-06T10:31:23.6606191Z libatspi2.0-0t64 set to manually installed.
backend	Run python -m playwright install --with-deps chromium	2026-08-06T10:31:23.6606686Z libcairo2 is already the newest version (1.18.0-3build1).
backend	Run python -m playwright install --with-deps chromium	2026-08-06T10:31:23.6607168Z libcairo2 set to manually installed.
backend	Run python -m playwright install --with-deps chromium	2026-08-06T10:31:23.6607681Z libcups2t64 is already the newest version (2.4.7-1.2ubuntu7.14).
backend	Run python -m playwright install --with-deps chromium	2026-08-06T10:31:23.6608234Z libcups2t64 set to manually installed.
backend	Run python -m playwright install --with-deps chromium	2026-08-06T10:31:23.6608772Z libdbus-1-3 is already the newest version (1.14.10-4ubuntu4.1).
backend	Run python -m playwright install --with-deps chromium	2026-08-06T10:31:23.6609296Z libdbus-1-3 set to manually installed.
backend	Run python -m playwright install --with-deps chromium	2026-08-06T10:31:23.6609841Z libdrm2 is already the newest version (2.4.125-1ubuntu0.1~24.04.2).
backend	Run python -m playwright install --with-deps chromium	2026-08-06T10:31:23.6610414Z libdrm2 set to manually installed.
backend	Run python -m playwright install --with-deps chromium	2026-08-06T10:31:23.6610942Z libgbm1 is already the newest version (25.2.8-0ubuntu0.24.04.2).
backend	Run python -m playwright install --with-deps chromium	2026-08-06T10:31:23.6611490Z libgbm1 set to manually installed.
backend	Run python -m playwright install --with-deps chromium	2026-08-06T10:31:23.6611997Z libglib2.0-0t64 is already the newest version (2.80.0-6ubuntu3.8).
backend	Run python -m playwright install --with-deps chromium	2026-08-06T10:31:23.6612813Z libglib2.0-0t64 set to manually installed.
backend	Run python -m playwright install --with-deps chromium	2026-08-06T10:31:23.6613388Z libnspr4 is already the newest version (2:4.35-1.1build1).
backend	Run python -m playwright install --with-deps chromium	2026-08-06T10:31:23.6613942Z libnspr4 set to manually installed.
backend	Run python -m playwright install --with-deps chromium	2026-08-06T10:31:23.6614460Z libnss3 is already the newest version (2:3.98-1ubuntu0.2).
backend	Run python -m playwright install --with-deps chromium	2026-08-06T10:31:23.6615009Z libnss3 set to manually installed.
backend	Run python -m playwright install --with-deps chromium	2026-08-06T10:31:23.6615555Z libpango-1.0-0 is already the newest version (1.52.1+ds-1build1).
backend	Run python -m playwright install --with-deps chromium	2026-08-06T10:31:23.6616137Z libpango-1.0-0 set to manually installed.
backend	Run python -m playwright install --with-deps chromium	2026-08-06T10:31:23.6616659Z libx11-6 is already the newest version (2:1.8.7-1build1).
backend	Run python -m playwright install --with-deps chromium	2026-08-06T10:31:23.6617641Z libx11-6 set to manually installed.
backend	Run python -m playwright install --with-deps chromium	2026-08-06T10:31:23.6618140Z libxcb1 is already the newest version (1.15-1ubuntu2).
backend	Run python -m playwright install --with-deps chromium	2026-08-06T10:31:23.6618655Z libxcb1 set to manually installed.
backend	Run python -m playwright install --with-deps chromium	2026-08-06T10:31:23.6619174Z libxcomposite1 is already the newest version (1:0.4.5-1build3).
backend	Run python -m playwright install --with-deps chromium	2026-08-06T10:31:23.6619764Z libxcomposite1 set to manually installed.
backend	Run python -m playwright install --with-deps chromium	2026-08-06T10:31:23.6620313Z libxdamage1 is already the newest version (1:1.1.6-1build1).
backend	Run python -m playwright install --with-deps chromium	2026-08-06T10:31:23.6620866Z libxdamage1 set to manually installed.
backend	Run python -m playwright install --with-deps chromium	2026-08-06T10:31:23.6621374Z libxext6 is already the newest version (2:1.3.4-1build2).
backend	Run python -m playwright install --with-deps chromium	2026-08-06T10:31:23.6621894Z libxext6 set to manually installed.
backend	Run python -m playwright install --with-deps chromium	2026-08-06T10:31:23.6622559Z libxfixes3 is already the newest version (1:6.0.0-2build1).
backend	Run python -m playwright install --with-deps chromium	2026-08-06T10:31:23.6623107Z libxfixes3 set to manually installed.
backend	Run python -m playwright install --with-deps chromium	2026-08-06T10:31:23.6623645Z libxkbcommon0 is already the newest version (1.6.0-1build1).
backend	Run python -m playwright install --with-deps chromium	2026-08-06T10:31:23.6624203Z libxkbcommon0 set to manually installed.
backend	Run python -m playwright install --with-deps chromium	2026-08-06T10:31:23.6624746Z libxrandr2 is already the newest version (2:1.5.2-2build1).
backend	Run python -m playwright install --with-deps chromium	2026-08-06T10:31:23.6625514Z libxrandr2 set to manually installed.
backend	Run python -m playwright install --with-deps chromium	2026-08-06T10:31:23.6626029Z xvfb is already the newest version (2:21.1.12-1ubuntu1.6).
backend	Run python -m playwright install --with-deps chromium	2026-08-06T10:31:23.6626749Z fonts-noto-color-emoji is already the newest version (2.047-0ubuntu0.24.04.1).
backend	Run python -m playwright install --with-deps chromium	2026-08-06T10:31:23.6627534Z libfontconfig1 is already the newest version (2.15.0-1.1ubuntu2).
backend	Run python -m playwright install --with-deps chromium	2026-08-06T10:31:23.6628120Z libfontconfig1 set to manually installed.
backend	Run python -m playwright install --with-deps chromium	2026-08-06T10:31:23.6628709Z libfreetype6 is already the newest version (2.13.2+dfsg-1ubuntu0.1).
backend	Run python -m playwright install --with-deps chromium	2026-08-06T10:31:23.6629364Z libfreetype6 set to manually installed.
backend	Run python -m playwright install --with-deps chromium	2026-08-06T10:31:23.6629963Z fonts-liberation is already the newest version (1:2.1.5-3).
backend	Run python -m playwright install --with-deps chromium	2026-08-06T10:31:23.6630593Z fonts-liberation set to manually installed.
backend	Run python -m playwright install --with-deps chromium	2026-08-06T10:31:23.6631176Z The following additional packages will be installed:
backend	Run python -m playwright install --with-deps chromium	2026-08-06T10:31:23.6631752Z   xfonts-encodings xfonts-utils
backend	Run python -m playwright install --with-deps chromium	2026-08-06T10:31:23.6632353Z Recommended packages:
backend	Run python -m playwright install --with-deps chromium	2026-08-06T10:31:23.6632784Z   fonts-ipafont-mincho fonts-tlwg-loma
backend	Run python -m playwright install --with-deps chromium	2026-08-06T10:31:23.6800812Z The following NEW packages will be installed:
backend	Run python -m playwright install --with-deps chromium	2026-08-06T10:31:23.6801776Z   fonts-freefont-ttf fonts-ipafont-gothic fonts-tlwg-loma-otf fonts-unifont
backend	Run python -m playwright install --with-deps chromium	2026-08-06T10:31:23.6808345Z   fonts-wqy-zenhei xfonts-cyrillic xfonts-encodings xfonts-scalable
backend	Run python -m playwright install --with-deps chromium	2026-08-06T10:31:23.6809025Z   xfonts-utils
backend	Run python -m playwright install --with-deps chromium	2026-08-06T10:31:23.6994162Z 0 upgraded, 9 newly installed, 0 to remove and 86 not upgraded.
backend	Run python -m playwright install --with-deps chromium	2026-08-06T10:31:23.6994837Z Need to get 21.1 MB of archives.
backend	Run python -m playwright install --with-deps chromium	2026-08-06T10:31:23.6995410Z After this operation, 79.5 MB of additional disk space will be used.
backend	Run python -m playwright install --with-deps chromium	2026-08-06T10:31:23.6996088Z Get:1 file:/etc/apt/apt-mirrors.txt Mirrorlist [144 B]
backend	Run python -m playwright install --with-deps chromium	2026-08-06T10:31:23.7452510Z Get:2 http://azure.archive.ubuntu.com/ubuntu noble/universe amd64 fonts-ipafont-gothic all 00303-21ubuntu1 [3513 kB]
backend	Run python -m playwright install --with-deps chromium	2026-08-06T10:31:23.8116129Z Get:3 http://azure.archive.ubuntu.com/ubuntu noble/main amd64 fonts-freefont-ttf all 20211204+svn4273-2 [5641 kB]
backend	Run python -m playwright install --with-deps chromium	2026-08-06T10:31:23.8953384Z Get:4 http://azure.archive.ubuntu.com/ubuntu noble/universe amd64 fonts-tlwg-loma-otf all 1:0.7.3-1 [107 kB]
backend	Run python -m playwright install --with-deps chromium	2026-08-06T10:31:23.9278297Z Get:5 http://azure.archive.ubuntu.com/ubuntu noble/universe amd64 fonts-unifont all 1:15.1.01-1build1 [2993 kB]
backend	Run python -m playwright install --with-deps chromium	2026-08-06T10:31:23.9852732Z Get:6 http://azure.archive.ubuntu.com/ubuntu noble/universe amd64 fonts-wqy-zenhei all 0.9.45-8 [7472 kB]
backend	Run python -m playwright install --with-deps chromium	2026-08-06T10:31:24.0819357Z Get:7 http://azure.archive.ubuntu.com/ubuntu noble/main amd64 xfonts-encodings all 1:1.0.5-0ubuntu2 [578 kB]
backend	Run python -m playwright install --with-deps chromium	2026-08-06T10:31:24.1145753Z Get:8 http://azure.archive.ubuntu.com/ubuntu noble/main amd64 xfonts-utils amd64 1:7.7+6build3 [94.4 kB]
backend	Run python -m playwright install --with-deps chromium	2026-08-06T10:31:24.1434480Z Get:9 http://azure.archive.ubuntu.com/ubuntu noble/universe amd64 xfonts-cyrillic all 1:1.0.5+nmu1 [384 kB]
backend	Run python -m playwright install --with-deps chromium	2026-08-06T10:31:24.1743809Z Get:10 http://azure.archive.ubuntu.com/ubuntu noble/main amd64 xfonts-scalable all 1:1.0.3-1.3 [304 kB]
backend	Run python -m playwright install --with-deps chromium	2026-08-06T10:31:24.4380652Z Fetched 21.1 MB in 0s (43.2 MB/s)
backend	Run python -m playwright install --with-deps chromium	2026-08-06T10:31:24.4580440Z Selecting previously unselected package fonts-ipafont-gothic.
backend	Run python -m playwright install --with-deps chromium	2026-08-06T10:31:24.4645185Z (Reading database ... 
backend	Run python -m playwright install --with-deps chromium	2026-08-06T10:31:24.4645686Z (Reading database ... 5%
backend	Run python -m playwright install --with-deps chromium	2026-08-06T10:31:24.4646203Z (Reading database ... 10%
backend	Run python -m playwright install --with-deps chromium	2026-08-06T10:31:24.4646720Z (Reading database ... 15%
backend	Run python -m playwright install --with-deps chromium	2026-08-06T10:31:24.4647165Z (Reading database ... 20%
backend	Run python -m playwright install --with-deps chromium	2026-08-06T10:31:24.4647553Z (Reading database ... 25%
backend	Run python -m playwright install --with-deps chromium	2026-08-06T10:31:24.4647829Z (Reading database ... 30%
backend	Run python -m playwright install --with-deps chromium	2026-08-06T10:31:24.4648105Z (Reading database ... 35%
backend	Run python -m playwright install --with-deps chromium	2026-08-06T10:31:24.4648401Z (Reading database ... 40%
backend	Run python -m playwright install --with-deps chromium	2026-08-06T10:31:24.4648690Z (Reading database ... 45%
backend	Run python -m playwright install --with-deps chromium	2026-08-06T10:31:24.4648972Z (Reading database ... 50%
backend	Run python -m playwright install --with-deps chromium	2026-08-06T10:31:24.4663474Z (Reading database ... 55%
backend	Run python -m playwright install --with-deps chromium	2026-08-06T10:31:24.4774022Z (Reading database ... 60%
backend	Run python -m playwright install --with-deps chromium	2026-08-06T10:31:24.4805193Z (Reading database ... 65%
backend	Run python -m playwright install --with-deps chromium	2026-08-06T10:31:24.4833489Z (Reading database ... 70%
backend	Run python -m playwright install --with-deps chromium	2026-08-06T10:31:24.4865031Z (Reading database ... 75%
backend	Run python -m playwright install --with-deps chromium	2026-08-06T10:31:24.4904281Z (Reading database ... 80%
backend	Run python -m playwright install --with-deps chromium	2026-08-06T10:31:24.5050549Z (Reading database ... 85%
backend	Run python -m playwright install --with-deps chromium	2026-08-06T10:31:24.5129828Z (Reading database ... 90%
backend	Run python -m playwright install --with-deps chromium	2026-08-06T10:31:24.5364903Z (Reading database ... 95%
backend	Run python -m playwright install --with-deps chromium	2026-08-06T10:31:24.5365285Z (Reading database ... 100%
backend	Run python -m playwright install --with-deps chromium	2026-08-06T10:31:24.5365656Z (Reading database ... 202957 files and directories currently installed.)
backend	Run python -m playwright install --with-deps chromium	2026-08-06T10:31:24.5408977Z Preparing to unpack .../0-fonts-ipafont-gothic_00303-21ubuntu1_all.deb ...
backend	Run python -m playwright install --with-deps chromium	2026-08-06T10:31:24.5489672Z Unpacking fonts-ipafont-gothic (00303-21ubuntu1) ...
backend	Run python -m playwright install --with-deps chromium	2026-08-06T10:31:24.7845991Z Selecting previously unselected package fonts-freefont-ttf.
backend	Run python -m playwright install --with-deps chromium	2026-08-06T10:31:24.7982739Z Preparing to unpack .../1-fonts-freefont-ttf_20211204+svn4273-2_all.deb ...
backend	Run python -m playwright install --with-deps chromium	2026-08-06T10:31:24.7989184Z Unpacking fonts-freefont-ttf (20211204+svn4273-2) ...
backend	Run python -m playwright install --with-deps chromium	2026-08-06T10:31:24.8827222Z Selecting previously unselected package fonts-tlwg-loma-otf.
backend	Run python -m playwright install --with-deps chromium	2026-08-06T10:31:24.8964074Z Preparing to unpack .../2-fonts-tlwg-loma-otf_1%3a0.7.3-1_all.deb ...
backend	Run python -m playwright install --with-deps chromium	2026-08-06T10:31:24.8972420Z Unpacking fonts-tlwg-loma-otf (1:0.7.3-1) ...
backend	Run python -m playwright install --with-deps chromium	2026-08-06T10:31:24.9190377Z Selecting previously unselected package fonts-unifont.
backend	Run python -m playwright install --with-deps chromium	2026-08-06T10:31:24.9326543Z Preparing to unpack .../3-fonts-unifont_1%3a15.1.01-1build1_all.deb ...
backend	Run python -m playwright install --with-deps chromium	2026-08-06T10:31:24.9335888Z Unpacking fonts-unifont (1:15.1.01-1build1) ...
backend	Run python -m playwright install --with-deps chromium	2026-08-06T10:31:25.0450735Z Selecting previously unselected package fonts-wqy-zenhei.
backend	Run python -m playwright install --with-deps chromium	2026-08-06T10:31:25.0589241Z Preparing to unpack .../4-fonts-wqy-zenhei_0.9.45-8_all.deb ...
backend	Run python -m playwright install --with-deps chromium	2026-08-06T10:31:25.0697860Z Unpacking fonts-wqy-zenhei (0.9.45-8) ...
backend	Run python -m playwright install --with-deps chromium	2026-08-06T10:31:25.5423428Z Selecting previously unselected package xfonts-encodings.
backend	Run python -m playwright install --with-deps chromium	2026-08-06T10:31:25.5560472Z Preparing to unpack .../5-xfonts-encodings_1%3a1.0.5-0ubuntu2_all.deb ...
backend	Run python -m playwright install --with-deps chromium	2026-08-06T10:31:25.5568381Z Unpacking xfonts-encodings (1:1.0.5-0ubuntu2) ...
backend	Run python -m playwright install --with-deps chromium	2026-08-06T10:31:25.5863795Z Selecting previously unselected package xfonts-utils.
backend	Run python -m playwright install --with-deps chromium	2026-08-06T10:31:25.5998299Z Preparing to unpack .../6-xfonts-utils_1%3a7.7+6build3_amd64.deb ...
backend	Run python -m playwright install --with-deps chromium	2026-08-06T10:31:25.6005917Z Unpacking xfonts-utils (1:7.7+6build3) ...
backend	Run python -m playwright install --with-deps chromium	2026-08-06T10:31:25.6384276Z Selecting previously unselected package xfonts-cyrillic.
backend	Run python -m playwright install --with-deps chromium	2026-08-06T10:31:25.6518243Z Preparing to unpack .../7-xfonts-cyrillic_1%3a1.0.5+nmu1_all.deb ...
backend	Run python -m playwright install --with-deps chromium	2026-08-06T10:31:25.6525480Z Unpacking xfonts-cyrillic (1:1.0.5+nmu1) ...
backend	Run python -m playwright install --with-deps chromium	2026-08-06T10:31:25.6874279Z Selecting previously unselected package xfonts-scalable.
backend	Run python -m playwright install --with-deps chromium	2026-08-06T10:31:25.7010542Z Preparing to unpack .../8-xfonts-scalable_1%3a1.0.3-1.3_all.deb ...
backend	Run python -m playwright install --with-deps chromium	2026-08-06T10:31:25.7016452Z Unpacking xfonts-scalable (1:1.0.3-1.3) ...
backend	Run python -m playwright install --with-deps chromium	2026-08-06T10:31:25.7440588Z Setting up fonts-wqy-zenhei (0.9.45-8) ...
backend	Run python -m playwright install --with-deps chromium	2026-08-06T10:31:25.7558269Z Setting up fonts-freefont-ttf (20211204+svn4273-2) ...
backend	Run python -m playwright install --with-deps chromium	2026-08-06T10:31:25.7577256Z Setting up fonts-tlwg-loma-otf (1:0.7.3-1) ...
backend	Run python -m playwright install --with-deps chromium	2026-08-06T10:31:25.7595740Z Setting up xfonts-encodings (1:1.0.5-0ubuntu2) ...
backend	Run python -m playwright install --with-deps chromium	2026-08-06T10:31:25.7613741Z Setting up fonts-ipafont-gothic (00303-21ubuntu1) ...
backend	Run python -m playwright install --with-deps chromium	2026-08-06T10:31:25.7683318Z update-alternatives: using /usr/share/fonts/opentype/ipafont-gothic/ipag.ttf to provide /usr/share/fonts/truetype/fonts-japanese-gothic.ttf (fonts-japanese-gothic.ttf) in auto mode
backend	Run python -m playwright install --with-deps chromium	2026-08-06T10:31:25.7698595Z Setting up fonts-unifont (1:15.1.01-1build1) ...
backend	Run python -m playwright install --with-deps chromium	2026-08-06T10:31:25.7717911Z Setting up xfonts-utils (1:7.7+6build3) ...
backend	Run python -m playwright install --with-deps chromium	2026-08-06T10:31:25.7758239Z Setting up xfonts-cyrillic (1:1.0.5+nmu1) ...
backend	Run python -m playwright install --with-deps chromium	2026-08-06T10:31:25.8121394Z Setting up xfonts-scalable (1:1.0.3-1.3) ...
backend	Run python -m playwright install --with-deps chromium	2026-08-06T10:31:25.8418522Z Processing triggers for man-db (2.12.0-4build2) ...
backend	Run python -m playwright install --with-deps chromium	2026-08-06T10:31:25.8438349Z Not building database; man-db/auto-update is not 'true'.
backend	Run python -m playwright install --with-deps chromium	2026-08-06T10:31:25.8452510Z Processing triggers for fontconfig (2.15.0-1.1ubuntu2) ...
backend	Run python -m playwright install --with-deps chromium	2026-08-06T10:31:26.5810622Z 
backend	Run python -m playwright install --with-deps chromium	2026-08-06T10:31:26.5811262Z Running kernel seems to be up-to-date.
backend	Run python -m playwright install --with-deps chromium	2026-08-06T10:31:26.5811671Z 
backend	Run python -m playwright install --with-deps chromium	2026-08-06T10:31:26.5811855Z No services need to be restarted.
backend	Run python -m playwright install --with-deps chromium	2026-08-06T10:31:26.5812331Z 
backend	Run python -m playwright install --with-deps chromium	2026-08-06T10:31:26.5812505Z No containers need to be restarted.
backend	Run python -m playwright install --with-deps chromium	2026-08-06T10:31:26.5812833Z 
backend	Run python -m playwright install --with-deps chromium	2026-08-06T10:31:26.5813038Z No user sessions are running outdated binaries.
backend	Run python -m playwright install --with-deps chromium	2026-08-06T10:31:26.5813834Z 
backend	Run python -m playwright install --with-deps chromium	2026-08-06T10:31:26.5814161Z No VM guests are running outdated hypervisor (qemu) binaries on this host.
backend	Run python -m playwright install --with-deps chromium	2026-08-06T10:31:27.5026879Z Downloading Chrome for Testing 149.0.7827.55 (playwright chromium v1228) from https://cdn.playwright.dev/builds/cft/149.0.7827.55/linux64/chrome-linux64.zip
backend	Run python -m playwright install --with-deps chromium	2026-08-06T10:31:28.5783114Z |                                                                                |   0% of 177 MiB
backend	Run python -m playwright install --with-deps chromium	2026-08-06T10:31:28.9857524Z |■■■■■■■■                                                                        |  10% of 177 MiB
backend	Run python -m playwright install --with-deps chromium	2026-08-06T10:31:29.0873705Z |■■■■■■■■■■■■■■■■                                                                |  20% of 177 MiB
backend	Run python -m playwright install --with-deps chromium	2026-08-06T10:31:29.1632707Z |■■■■■■■■■■■■■■■■■■■■■■■■                                                        |  30% of 177 MiB
backend	Run python -m playwright install --with-deps chromium	2026-08-06T10:31:29.2416374Z |■■■■■■■■■■■■■■■■■■■■■■■■■■■■■■■■                                                |  40% of 177 MiB
backend	Run python -m playwright install --with-deps chromium	2026-08-06T10:31:29.3004784Z |■■■■■■■■■■■■■■■■■■■■■■■■■■■■■■■■■■■■■■■■                                        |  50% of 177 MiB
backend	Run python -m playwright install --with-deps chromium	2026-08-06T10:31:29.3764845Z |■■■■■■■■■■■■■■■■■■■■■■■■■■■■■■■■■■■■■■■■■■■■■■■■                                |  60% of 177 MiB
backend	Run python -m playwright install --with-deps chromium	2026-08-06T10:31:29.4292676Z |■■■■■■■■■■■■■■■■■■■■■■■■■■■■■■■■■■■■■■■■■■■■■■■■■■■■■■■■                        |  70% of 177 MiB
backend	Run python -m playwright install --with-deps chromium	2026-08-06T10:31:29.5064352Z |■■■■■■■■■■■■■■■■■■■■■■■■■■■■■■■■■■■■■■■■■■■■■■■■■■■■■■■■■■■■■■■■                |  80% of 177 MiB
backend	Run python -m playwright install --with-deps chromium	2026-08-06T10:31:29.5967516Z |■■■■■■■■■■■■■■■■■■■■■■■■■■■■■■■■■■■■■■■■■■■■■■■■■■■■■■■■■■■■■■■■■■■■■■■■        |  90% of 177 MiB
backend	Run python -m playwright install --with-deps chromium	2026-08-06T10:31:29.6894012Z |■■■■■■■■■■■■■■■■■■■■■■■■■■■■■■■■■■■■■■■■■■■■■■■■■■■■■■■■■■■■■■■■■■■■■■■■■■■■■■■■| 100% of 177 MiB
backend	Run python -m playwright install --with-deps chromium	2026-08-06T10:31:32.7485713Z Chrome for Testing 149.0.7827.55 (playwright chromium v1228) downloaded to /home/runner/.cache/ms-playwright/chromium-1228
backend	Run python -m playwright install --with-deps chromium	2026-08-06T10:31:32.7490436Z Downloading FFmpeg (playwright ffmpeg v1011) from https://cdn.playwright.dev/dbazure/download/playwright/builds/ffmpeg/1011/ffmpeg-linux.zip
backend	Run python -m playwright install --with-deps chromium	2026-08-06T10:31:33.7715435Z |                                                                                |   0% of 2.3 MiB
backend	Run python -m playwright install --with-deps chromium	2026-08-06T10:31:33.8125549Z |■■■■■■■■                                                                        |  10% of 2.3 MiB
backend	Run python -m playwright install --with-deps chromium	2026-08-06T10:31:33.8279322Z |■■■■■■■■■■■■■■■■                                                                |  20% of 2.3 MiB
backend	Run python -m playwright install --with-deps chromium	2026-08-06T10:31:33.8399614Z |■■■■■■■■■■■■■■■■■■■■■■■■                                                        |  30% of 2.3 MiB
backend	Run python -m playwright install --with-deps chromium	2026-08-06T10:31:33.8532247Z |■■■■■■■■■■■■■■■■■■■■■■■■■■■■■■■■                                                |  40% of 2.3 MiB
backend	Run python -m playwright install --with-deps chromium	2026-08-06T10:31:33.8595874Z |■■■■■■■■■■■■■■■■■■■■■■■■■■■■■■■■■■■■■■■■                                        |  50% of 2.3 MiB
backend	Run python -m playwright install --with-deps chromium	2026-08-06T10:31:33.8673589Z |■■■■■■■■■■■■■■■■■■■■■■■■■■■■■■■■■■■■■■■■■■■■■■■■                                |  60% of 2.3 MiB
backend	Run python -m playwright install --with-deps chromium	2026-08-06T10:31:33.8690598Z |■■■■■■■■■■■■■■■■■■■■■■■■■■■■■■■■■■■■■■■■■■■■■■■■■■■■■■■■                        |  70% of 2.3 MiB
backend	Run python -m playwright install --with-deps chromium	2026-08-06T10:31:33.8788888Z |■■■■■■■■■■■■■■■■■■■■■■■■■■■■■■■■■■■■■■■■■■■■■■■■■■■■■■■■■■■■■■■■                |  80% of 2.3 MiB
backend	Run python -m playwright install --with-deps chromium	2026-08-06T10:31:33.8820349Z |■■■■■■■■■■■■■■■■■■■■■■■■■■■■■■■■■■■■■■■■■■■■■■■■■■■■■■■■■■■■■■■■■■■■■■■■        |  90% of 2.3 MiB
backend	Run python -m playwright install --with-deps chromium	2026-08-06T10:31:33.8864948Z |■■■■■■■■■■■■■■■■■■■■■■■■■■■■■■■■■■■■■■■■■■■■■■■■■■■■■■■■■■■■■■■■■■■■■■■■■■■■■■■■| 100% of 2.3 MiB
backend	Run python -m playwright install --with-deps chromium	2026-08-06T10:31:33.9447692Z FFmpeg (playwright ffmpeg v1011) downloaded to /home/runner/.cache/ms-playwright/ffmpeg-1011
backend	Run python -m playwright install --with-deps chromium	2026-08-06T10:31:33.9450966Z Downloading Chrome Headless Shell 149.0.7827.55 (playwright chromium-headless-shell v1228) from https://cdn.playwright.dev/builds/cft/149.0.7827.55/linux64/chrome-headless-shell-linux64.zip
backend	Run python -m playwright install --with-deps chromium	2026-08-06T10:31:35.0026879Z |                                                                                |   0% of 114.2 MiB
backend	Run python -m playwright install --with-deps chromium	2026-08-06T10:31:35.3702589Z |■■■■■■■■                                                                        |  10% of 114.2 MiB
backend	Run python -m playwright install --with-deps chromium	2026-08-06T10:31:35.4350421Z |■■■■■■■■■■■■■■■■                                                                |  20% of 114.2 MiB
backend	Run python -m playwright install --with-deps chromium	2026-08-06T10:31:35.4948134Z |■■■■■■■■■■■■■■■■■■■■■■■■                                                        |  30% of 114.2 MiB
backend	Run python -m playwright install --with-deps chromium	2026-08-06T10:31:35.5618471Z |■■■■■■■■■■■■■■■■■■■■■■■■■■■■■■■■                                                |  40% of 114.2 MiB
backend	Run python -m playwright install --with-deps chromium	2026-08-06T10:31:35.6000701Z |■■■■■■■■■■■■■■■■■■■■■■■■■■■■■■■■■■■■■■■■                                        |  50% of 114.2 MiB
backend	Run python -m playwright install --with-deps chromium	2026-08-06T10:31:35.6373239Z |■■■■■■■■■■■■■■■■■■■■■■■■■■■■■■■■■■■■■■■■■■■■■■■■                                |  60% of 114.2 MiB
backend	Run python -m playwright install --with-deps chromium	2026-08-06T10:31:35.6974369Z |■■■■■■■■■■■■■■■■■■■■■■■■■■■■■■■■■■■■■■■■■■■■■■■■■■■■■■■■                        |  70% of 114.2 MiB
backend	Run python -m playwright install --with-deps chromium	2026-08-06T10:31:35.7361445Z |■■■■■■■■■■■■■■■■■■■■■■■■■■■■■■■■■■■■■■■■■■■■■■■■■■■■■■■■■■■■■■■■                |  80% of 114.2 MiB
backend	Run python -m playwright install --with-deps chromium	2026-08-06T10:31:35.7799696Z |■■■■■■■■■■■■■■■■■■■■■■■■■■■■■■■■■■■■■■■■■■■■■■■■■■■■■■■■■■■■■■■■■■■■■■■■        |  90% of 114.2 MiB
backend	Run python -m playwright install --with-deps chromium	2026-08-06T10:31:35.8223799Z |■■■■■■■■■■■■■■■■■■■■■■■■■■■■■■■■■■■■■■■■■■■■■■■■■■■■■■■■■■■■■■■■■■■■■■■■■■■■■■■■| 100% of 114.2 MiB
backend	Run python -m playwright install --with-deps chromium	2026-08-06T10:31:38.0408885Z Chrome Headless Shell 149.0.7827.55 (playwright chromium-headless-shell v1228) downloaded to /home/runner/.cache/ms-playwright/chromium_headless_shell-1228
backend	Run ruff check backend --select E9,F63,F7,F82	﻿2026-08-06T10:31:38.0714014Z ##[group]Run ruff check backend --select E9,F63,F7,F82
backend	Run ruff check backend --select E9,F63,F7,F82	2026-08-06T10:31:38.0714442Z ^[[36;1mruff check backend --select E9,F63,F7,F82^[[0m
backend	Run ruff check backend --select E9,F63,F7,F82	2026-08-06T10:31:38.0762477Z shell: /usr/bin/bash -e {0}
backend	Run ruff check backend --select E9,F63,F7,F82	2026-08-06T10:31:38.0762735Z env:
backend	Run ruff check backend --select E9,F63,F7,F82	2026-08-06T10:31:38.0763010Z   pythonLocation: /opt/hostedtoolcache/Python/3.12.13/x64
backend	Run ruff check backend --select E9,F63,F7,F82	2026-08-06T10:31:38.0763455Z   PKG_CONFIG_PATH: /opt/hostedtoolcache/Python/3.12.13/x64/lib/pkgconfig
backend	Run ruff check backend --select E9,F63,F7,F82	2026-08-06T10:31:38.0763897Z   Python_ROOT_DIR: /opt/hostedtoolcache/Python/3.12.13/x64
backend	Run ruff check backend --select E9,F63,F7,F82	2026-08-06T10:31:38.0764281Z   Python2_ROOT_DIR: /opt/hostedtoolcache/Python/3.12.13/x64
backend	Run ruff check backend --select E9,F63,F7,F82	2026-08-06T10:31:38.0764652Z   Python3_ROOT_DIR: /opt/hostedtoolcache/Python/3.12.13/x64
backend	Run ruff check backend --select E9,F63,F7,F82	2026-08-06T10:31:38.0765030Z   LD_LIBRARY_PATH: /opt/hostedtoolcache/Python/3.12.13/x64/lib
backend	Run ruff check backend --select E9,F63,F7,F82	2026-08-06T10:31:38.0765376Z ##[endgroup]
backend	Run ruff check backend --select E9,F63,F7,F82	2026-08-06T10:31:38.1034020Z All checks passed!
backend	Run ruff format --check backend	﻿2026-08-06T10:31:38.1068252Z ##[group]Run ruff format --check backend
backend	Run ruff format --check backend	2026-08-06T10:31:38.1068604Z ^[[36;1mruff format --check backend^[[0m
backend	Run ruff format --check backend	2026-08-06T10:31:38.1115524Z shell: /usr/bin/bash -e {0}
backend	Run ruff format --check backend	2026-08-06T10:31:38.1115805Z env:
backend	Run ruff format --check backend	2026-08-06T10:31:38.1116086Z   pythonLocation: /opt/hostedtoolcache/Python/3.12.13/x64
backend	Run ruff format --check backend	2026-08-06T10:31:38.1116538Z   PKG_CONFIG_PATH: /opt/hostedtoolcache/Python/3.12.13/x64/lib/pkgconfig
backend	Run ruff format --check backend	2026-08-06T10:31:38.1116977Z   Python_ROOT_DIR: /opt/hostedtoolcache/Python/3.12.13/x64
backend	Run ruff format --check backend	2026-08-06T10:31:38.1117369Z   Python2_ROOT_DIR: /opt/hostedtoolcache/Python/3.12.13/x64
backend	Run ruff format --check backend	2026-08-06T10:31:38.1117756Z   Python3_ROOT_DIR: /opt/hostedtoolcache/Python/3.12.13/x64
backend	Run ruff format --check backend	2026-08-06T10:31:38.1118149Z   LD_LIBRARY_PATH: /opt/hostedtoolcache/Python/3.12.13/x64/lib
backend	Run ruff format --check backend	2026-08-06T10:31:38.1118494Z ##[endgroup]
backend	Run ruff format --check backend	2026-08-06T10:31:38.1423413Z 138 files already formatted
backend	Run python scripts/validate_contracts.py	﻿2026-08-06T10:31:38.1452979Z ##[group]Run python scripts/validate_contracts.py
backend	Run python scripts/validate_contracts.py	2026-08-06T10:31:38.1453404Z ^[[36;1mpython scripts/validate_contracts.py^[[0m
backend	Run python scripts/validate_contracts.py	2026-08-06T10:31:38.1500957Z shell: /usr/bin/bash -e {0}
backend	Run python scripts/validate_contracts.py	2026-08-06T10:31:38.1501237Z env:
backend	Run python scripts/validate_contracts.py	2026-08-06T10:31:38.1501516Z   pythonLocation: /opt/hostedtoolcache/Python/3.12.13/x64
backend	Run python scripts/validate_contracts.py	2026-08-06T10:31:38.1501970Z   PKG_CONFIG_PATH: /opt/hostedtoolcache/Python/3.12.13/x64/lib/pkgconfig
backend	Run python scripts/validate_contracts.py	2026-08-06T10:31:38.1502623Z   Python_ROOT_DIR: /opt/hostedtoolcache/Python/3.12.13/x64
backend	Run python scripts/validate_contracts.py	2026-08-06T10:31:38.1503003Z   Python2_ROOT_DIR: /opt/hostedtoolcache/Python/3.12.13/x64
backend	Run python scripts/validate_contracts.py	2026-08-06T10:31:38.1503375Z   Python3_ROOT_DIR: /opt/hostedtoolcache/Python/3.12.13/x64
backend	Run python scripts/validate_contracts.py	2026-08-06T10:31:38.1503750Z   LD_LIBRARY_PATH: /opt/hostedtoolcache/Python/3.12.13/x64/lib
backend	Run python scripts/validate_contracts.py	2026-08-06T10:31:38.1504073Z ##[endgroup]
backend	Run python scripts/validate_contracts.py	2026-08-06T10:31:38.3639979Z contract OK: 93 commands, command v1, telemetry v2
backend	Run python scripts/validate_architecture.py	﻿2026-08-06T10:31:38.3897516Z ##[group]Run python scripts/validate_architecture.py
backend	Run python scripts/validate_architecture.py	2026-08-06T10:31:38.3897939Z ^[[36;1mpython scripts/validate_architecture.py^[[0m
backend	Run python scripts/validate_architecture.py	2026-08-06T10:31:38.3946059Z shell: /usr/bin/bash -e {0}
backend	Run python scripts/validate_architecture.py	2026-08-06T10:31:38.3946331Z env:
backend	Run python scripts/validate_architecture.py	2026-08-06T10:31:38.3946599Z   pythonLocation: /opt/hostedtoolcache/Python/3.12.13/x64
backend	Run python scripts/validate_architecture.py	2026-08-06T10:31:38.3947060Z   PKG_CONFIG_PATH: /opt/hostedtoolcache/Python/3.12.13/x64/lib/pkgconfig
backend	Run python scripts/validate_architecture.py	2026-08-06T10:31:38.3947496Z   Python_ROOT_DIR: /opt/hostedtoolcache/Python/3.12.13/x64
backend	Run python scripts/validate_architecture.py	2026-08-06T10:31:38.3947877Z   Python2_ROOT_DIR: /opt/hostedtoolcache/Python/3.12.13/x64
backend	Run python scripts/validate_architecture.py	2026-08-06T10:31:38.3948246Z   Python3_ROOT_DIR: /opt/hostedtoolcache/Python/3.12.13/x64
backend	Run python scripts/validate_architecture.py	2026-08-06T10:31:38.3948621Z   LD_LIBRARY_PATH: /opt/hostedtoolcache/Python/3.12.13/x64/lib
backend	Run python scripts/validate_architecture.py	2026-08-06T10:31:38.3948947Z ##[endgroup]
backend	Run python scripts/validate_architecture.py	2026-08-06T10:31:38.4328894Z architecture OK: subsystem facades are thin and transport JSON stays outside Compose
backend	Run python scripts/generate_command_matrix.py	﻿2026-08-06T10:31:38.4413708Z ##[group]Run python scripts/generate_command_matrix.py
backend	Run python scripts/generate_command_matrix.py	2026-08-06T10:31:38.4414121Z ^[[36;1mpython scripts/generate_command_matrix.py^[[0m
backend	Run python scripts/generate_command_matrix.py	2026-08-06T10:31:38.4461846Z shell: /usr/bin/bash -e {0}
backend	Run python scripts/generate_command_matrix.py	2026-08-06T10:31:38.4462272Z env:
backend	Run python scripts/generate_command_matrix.py	2026-08-06T10:31:38.4462554Z   pythonLocation: /opt/hostedtoolcache/Python/3.12.13/x64
backend	Run python scripts/generate_command_matrix.py	2026-08-06T10:31:38.4463010Z   PKG_CONFIG_PATH: /opt/hostedtoolcache/Python/3.12.13/x64/lib/pkgconfig
backend	Run python scripts/generate_command_matrix.py	2026-08-06T10:31:38.4463443Z   Python_ROOT_DIR: /opt/hostedtoolcache/Python/3.12.13/x64
backend	Run python scripts/generate_command_matrix.py	2026-08-06T10:31:38.4463836Z   Python2_ROOT_DIR: /opt/hostedtoolcache/Python/3.12.13/x64
backend	Run python scripts/generate_command_matrix.py	2026-08-06T10:31:38.4464225Z   Python3_ROOT_DIR: /opt/hostedtoolcache/Python/3.12.13/x64
backend	Run python scripts/generate_command_matrix.py	2026-08-06T10:31:38.4464612Z   LD_LIBRARY_PATH: /opt/hostedtoolcache/Python/3.12.13/x64/lib
backend	Run python scripts/generate_command_matrix.py	2026-08-06T10:31:38.4464945Z ##[endgroup]
backend	Run python scripts/generate_command_matrix.py	2026-08-06T10:31:39.2550641Z command matrix OK: 93 commands
backend	Run python scripts/command_validation_report.py artifacts/command-validation.json --init --router ci-harness	﻿2026-08-06T10:31:39.2783261Z ##[group]Run python scripts/command_validation_report.py artifacts/command-validation.json --init --router ci-harness
backend	Run python scripts/command_validation_report.py artifacts/command-validation.json --init --router ci-harness	2026-08-06T10:31:39.2784129Z ^[[36;1mpython scripts/command_validation_report.py artifacts/command-validation.json --init --router ci-harness^[[0m
backend	Run python scripts/command_validation_report.py artifacts/command-validation.json --init --router ci-harness	2026-08-06T10:31:39.2832405Z shell: /usr/bin/bash -e {0}
backend	Run python scripts/command_validation_report.py artifacts/command-validation.json --init --router ci-harness	2026-08-06T10:31:39.2832677Z env:
backend	Run python scripts/command_validation_report.py artifacts/command-validation.json --init --router ci-harness	2026-08-06T10:31:39.2832960Z   pythonLocation: /opt/hostedtoolcache/Python/3.12.13/x64
backend	Run python scripts/command_validation_report.py artifacts/command-validation.json --init --router ci-harness	2026-08-06T10:31:39.2833430Z   PKG_CONFIG_PATH: /opt/hostedtoolcache/Python/3.12.13/x64/lib/pkgconfig
backend	Run python scripts/command_validation_report.py artifacts/command-validation.json --init --router ci-harness	2026-08-06T10:31:39.2833870Z   Python_ROOT_DIR: /opt/hostedtoolcache/Python/3.12.13/x64
backend	Run python scripts/command_validation_report.py artifacts/command-validation.json --init --router ci-harness	2026-08-06T10:31:39.2834251Z   Python2_ROOT_DIR: /opt/hostedtoolcache/Python/3.12.13/x64
backend	Run python scripts/command_validation_report.py artifacts/command-validation.json --init --router ci-harness	2026-08-06T10:31:39.2834658Z   Python3_ROOT_DIR: /opt/hostedtoolcache/Python/3.12.13/x64
backend	Run python scripts/command_validation_report.py artifacts/command-validation.json --init --router ci-harness	2026-08-06T10:31:39.2835040Z   LD_LIBRARY_PATH: /opt/hostedtoolcache/Python/3.12.13/x64/lib
backend	Run python scripts/command_validation_report.py artifacts/command-validation.json --init --router ci-harness	2026-08-06T10:31:39.2835369Z ##[endgroup]
backend	Run python scripts/command_validation_report.py artifacts/command-validation.json --init --router ci-harness	2026-08-06T10:31:39.3257342Z command validation report: valid; PASS entries require evidence
backend	Run pytest backend/tests openwrt-agent/tests	﻿2026-08-06T10:31:39.3339044Z ##[group]Run pytest backend/tests openwrt-agent/tests
backend	Run pytest backend/tests openwrt-agent/tests	2026-08-06T10:31:39.3339444Z ^[[36;1mpytest backend/tests openwrt-agent/tests^[[0m
backend	Run pytest backend/tests openwrt-agent/tests	2026-08-06T10:31:39.3386212Z shell: /usr/bin/bash -e {0}
backend	Run pytest backend/tests openwrt-agent/tests	2026-08-06T10:31:39.3386462Z env:
backend	Run pytest backend/tests openwrt-agent/tests	2026-08-06T10:31:39.3386748Z   pythonLocation: /opt/hostedtoolcache/Python/3.12.13/x64
backend	Run pytest backend/tests openwrt-agent/tests	2026-08-06T10:31:39.3387190Z   PKG_CONFIG_PATH: /opt/hostedtoolcache/Python/3.12.13/x64/lib/pkgconfig
backend	Run pytest backend/tests openwrt-agent/tests	2026-08-06T10:31:39.3387609Z   Python_ROOT_DIR: /opt/hostedtoolcache/Python/3.12.13/x64
backend	Run pytest backend/tests openwrt-agent/tests	2026-08-06T10:31:39.3387982Z   Python2_ROOT_DIR: /opt/hostedtoolcache/Python/3.12.13/x64
backend	Run pytest backend/tests openwrt-agent/tests	2026-08-06T10:31:39.3388355Z   Python3_ROOT_DIR: /opt/hostedtoolcache/Python/3.12.13/x64
backend	Run pytest backend/tests openwrt-agent/tests	2026-08-06T10:31:39.3388728Z   LD_LIBRARY_PATH: /opt/hostedtoolcache/Python/3.12.13/x64/lib
backend	Run pytest backend/tests openwrt-agent/tests	2026-08-06T10:31:39.3389101Z   PYTHONPATH: /home/runner/work/wrtmonitor/wrtmonitor
backend	Run pytest backend/tests openwrt-agent/tests	2026-08-06T10:31:39.3390127Z   WRTMONITOR_DATABASE_URL: ***localhost:5432/wrtmonitor_test
backend	Run pytest backend/tests openwrt-agent/tests	2026-08-06T10:31:39.3390500Z   WRTMONITOR_ALLOW_INSECURE_LOCAL: true
backend	Run pytest backend/tests openwrt-agent/tests	2026-08-06T10:31:39.3390865Z   WRTMONITOR_ALLOW_INSECURE_DEV_DEFAULTS: true
backend	Run pytest backend/tests openwrt-agent/tests	2026-08-06T10:31:39.3391277Z   WRTMONITOR_JWT_SECRET: ci-test-secret-value-with-more-than-32-characters
backend	Run pytest backend/tests openwrt-agent/tests	2026-08-06T10:31:39.3391674Z   WRTMONITOR_SKIP_E2E: 0
backend	Run pytest backend/tests openwrt-agent/tests	2026-08-06T10:31:39.3391916Z ##[endgroup]
backend	Run pytest backend/tests openwrt-agent/tests	2026-08-06T10:31:42.0622326Z ============================= test session starts ==============================
backend	Run pytest backend/tests openwrt-agent/tests	2026-08-06T10:31:42.0623187Z platform linux -- Python 3.12.13, pytest-9.0.3, pluggy-1.6.0
backend	Run pytest backend/tests openwrt-agent/tests	2026-08-06T10:31:42.0623846Z rootdir: /home/runner/work/wrtmonitor/wrtmonitor
backend	Run pytest backend/tests openwrt-agent/tests	2026-08-06T10:31:42.0624311Z plugins: anyio-4.14.2
backend	Run pytest backend/tests openwrt-agent/tests	2026-08-06T10:31:42.0624649Z collected 260 items
backend	Run pytest backend/tests openwrt-agent/tests	2026-08-06T10:31:42.0624837Z 
backend	Run pytest backend/tests openwrt-agent/tests	2026-08-06T10:31:44.3576548Z backend/tests/test_api.py ..............FFFFF                            [  7%]
backend	Run pytest backend/tests openwrt-agent/tests	2026-08-06T10:31:44.3751245Z backend/tests/test_api_account.py ...                                    [  8%]
backend	Run pytest backend/tests openwrt-agent/tests	2026-08-06T10:31:44.3822946Z backend/tests/test_client_policies.py ...........                        [ 12%]
backend	Run pytest backend/tests openwrt-agent/tests	2026-08-06T10:31:44.3866022Z backend/tests/test_client_presence.py .......                            [ 15%]
backend	Run pytest backend/tests openwrt-agent/tests	2026-08-06T10:31:44.3901263Z backend/tests/test_command_history.py ..                                 [ 16%]
backend	Run pytest backend/tests openwrt-agent/tests	2026-08-06T10:31:44.3927577Z backend/tests/test_command_reliability.py ....                           [ 17%]
backend	Run pytest backend/tests openwrt-agent/tests	2026-08-06T10:31:44.3961457Z backend/tests/test_command_validation_report.py ..                       [ 18%]
backend	Run pytest backend/tests openwrt-agent/tests	2026-08-06T10:31:44.4058109Z backend/tests/test_config.py ...........                                 [ 22%]
backend	Run pytest backend/tests openwrt-agent/tests	2026-08-06T10:31:44.4142826Z backend/tests/test_config_transactions.py ............                   [ 27%]
backend	Run pytest backend/tests openwrt-agent/tests	2026-08-06T10:31:44.4161842Z backend/tests/test_data_state.py ...                                     [ 28%]
backend	Run pytest backend/tests openwrt-agent/tests	2026-08-06T10:31:44.4177221Z backend/tests/test_management_options.py ..                              [ 29%]
backend	Run pytest backend/tests openwrt-agent/tests	2026-08-06T10:31:44.4213830Z backend/tests/test_management_telemetry.py ......                        [ 31%]
backend	Run pytest backend/tests openwrt-agent/tests	2026-08-06T10:31:45.1337398Z backend/tests/test_mobile_pairing.py FF.                                 [ 32%]
backend	Run pytest backend/tests openwrt-agent/tests	2026-08-06T10:31:45.1377738Z backend/tests/test_network_policy_release.py ......                      [ 35%]
backend	Run pytest backend/tests openwrt-agent/tests	2026-08-06T10:31:45.1624138Z backend/tests/test_rc8.py ......................                         [ 43%]
backend	Run pytest backend/tests openwrt-agent/tests	2026-08-06T10:31:45.1781298Z backend/tests/test_realtime.py ......                                    [ 45%]
backend	Run pytest backend/tests openwrt-agent/tests	2026-08-06T10:31:45.1804621Z backend/tests/test_security_lifecycle.py ...                             [ 46%]
backend	Run pytest backend/tests openwrt-agent/tests	2026-08-06T10:31:45.2032350Z backend/tests/test_stability.py ...........                              [ 51%]
backend	Run pytest backend/tests openwrt-agent/tests	2026-08-06T10:31:45.2061520Z backend/tests/test_telemetry_history.py ....                             [ 52%]
backend	Run pytest backend/tests openwrt-agent/tests	2026-08-06T10:31:45.2070138Z backend/tests/test_telemetry_security.py .                               [ 53%]
backend	Run pytest backend/tests openwrt-agent/tests	2026-08-06T10:31:45.2114233Z backend/tests/test_v060_wifi.py .......                                  [ 55%]
backend	Run pytest backend/tests openwrt-agent/tests	2026-08-06T10:31:45.2172508Z backend/tests/test_v070_perimeter.py .........                           [ 59%]
backend	Run pytest backend/tests openwrt-agent/tests	2026-08-06T10:31:45.2238290Z backend/tests/test_v080_vpn.py .........                                 [ 62%]
backend	Run pytest backend/tests openwrt-agent/tests	2026-08-06T10:31:45.2322442Z backend/tests/test_v090_maintenance.py .............                     [ 67%]
backend	Run pytest backend/tests openwrt-agent/tests	2026-08-06T10:31:45.2347023Z backend/tests/test_v220_firewall_vpn.py ....                             [ 69%]
backend	Run pytest backend/tests openwrt-agent/tests	2026-08-06T10:31:45.2368861Z backend/tests/test_v230_maintenance.py ...                               [ 70%]
backend	Run pytest backend/tests openwrt-agent/tests	2026-08-06T10:31:45.8678576Z backend/tests/test_v240_mobile_parity.py F.                              [ 71%]
backend	Run pytest backend/tests openwrt-agent/tests	2026-08-06T10:31:45.8710417Z backend/tests/test_v241_ui_unification.py ....                           [ 72%]
backend	Run pytest backend/tests openwrt-agent/tests	2026-08-06T10:31:45.8740407Z backend/tests/test_v242_ui_polish.py ....                                [ 74%]
backend	Run pytest backend/tests openwrt-agent/tests	2026-08-06T10:31:45.8799703Z backend/tests/test_web_auth.py ...                                       [ 75%]
backend	Run pytest backend/tests openwrt-agent/tests	2026-08-06T10:31:49.0438046Z openwrt-agent/tests/test_agent_static.py ............................... [ 87%]
backend	Run pytest backend/tests openwrt-agent/tests	2026-08-06T10:31:51.6285466Z ..............................                                           [ 98%]
backend	Run pytest backend/tests openwrt-agent/tests	2026-08-06T10:31:51.6338627Z openwrt-agent/tests/test_modules_static.py ...                           [100%]
backend	Run pytest backend/tests openwrt-agent/tests	2026-08-06T10:31:51.6339121Z 
backend	Run pytest backend/tests openwrt-agent/tests	2026-08-06T10:31:51.6339328Z =================================== FAILURES ===================================
backend	Run pytest backend/tests openwrt-agent/tests	2026-08-06T10:31:51.6340001Z _____________________ test_stability_migration_schema_e2e ______________________
backend	Run pytest backend/tests openwrt-agent/tests	2026-08-06T10:31:51.6340452Z 
backend	Run pytest backend/tests openwrt-agent/tests	2026-08-06T10:31:51.6340728Z self = <sqlalchemy.engine.base.Connection object at 0x7f464f119e20>
backend	Run pytest backend/tests openwrt-agent/tests	2026-08-06T10:31:51.6341600Z dialect = <sqlalchemy.dialects.postgresql.psycopg.PGDialect_psycopg object at 0x7f4652350b30>
backend	Run pytest backend/tests openwrt-agent/tests	2026-08-06T10:31:51.6343317Z context = <sqlalchemy.dialects.postgresql.psycopg.PGExecutionContext_psycopg object at 0x7f464f22b710>
backend	Run pytest backend/tests openwrt-agent/tests	2026-08-06T10:31:51.6345971Z statement = <sqlalchemy.dialects.postgresql.base.PGDDLCompiler object at 0x7f464f22b470>
backend	Run pytest backend/tests openwrt-agent/tests	2026-08-06T10:31:51.6346911Z parameters = [immutabledict({})]
backend	Run pytest backend/tests openwrt-agent/tests	2026-08-06T10:31:51.6347185Z 
backend	Run pytest backend/tests openwrt-agent/tests	2026-08-06T10:31:51.6347344Z     def _exec_single_context(
backend	Run pytest backend/tests openwrt-agent/tests	2026-08-06T10:31:51.6347702Z         self,
backend	Run pytest backend/tests openwrt-agent/tests	2026-08-06T10:31:51.6348003Z         dialect: Dialect,
backend	Run pytest backend/tests openwrt-agent/tests	2026-08-06T10:31:51.6348367Z         context: ExecutionContext,
backend	Run pytest backend/tests openwrt-agent/tests	2026-08-06T10:31:51.6349069Z         statement: Union[str, Compiled],
backend	Run pytest backend/tests openwrt-agent/tests	2026-08-06T10:31:51.6349557Z         parameters: Optional[_AnyMultiExecuteParams],
backend	Run pytest backend/tests openwrt-agent/tests	2026-08-06T10:31:51.6350059Z     ) -> CursorResult[Any]:
backend	Run pytest backend/tests openwrt-agent/tests	2026-08-06T10:31:51.6350538Z         """continue the _execute_context() method for a single DBAPI
backend	Run pytest backend/tests openwrt-agent/tests	2026-08-06T10:31:51.6351153Z         cursor.execute() or cursor.executemany() call.
backend	Run pytest backend/tests openwrt-agent/tests	2026-08-06T10:31:51.6351609Z     
backend	Run pytest backend/tests openwrt-agent/tests	2026-08-06T10:31:51.6351872Z         """
backend	Run pytest backend/tests openwrt-agent/tests	2026-08-06T10:31:51.6352437Z         if dialect.bind_typing is BindTyping.SETINPUTSIZES:
backend	Run pytest backend/tests openwrt-agent/tests	2026-08-06T10:31:51.6353071Z             generic_setinputsizes = context._prepare_set_input_sizes()
backend	Run pytest backend/tests openwrt-agent/tests	2026-08-06T10:31:51.6353593Z     
backend	Run pytest backend/tests openwrt-agent/tests	2026-08-06T10:31:51.6353894Z             if generic_setinputsizes:
backend	Run pytest backend/tests openwrt-agent/tests	2026-08-06T10:31:51.6354289Z                 try:
backend	Run pytest backend/tests openwrt-agent/tests	2026-08-06T10:31:51.6354642Z                     dialect.do_set_input_sizes(
backend	Run pytest backend/tests openwrt-agent/tests	2026-08-06T10:31:51.6355264Z                         context.cursor, generic_setinputsizes, context
backend	Run pytest backend/tests openwrt-agent/tests	2026-08-06T10:31:51.6355745Z                     )
backend	Run pytest backend/tests openwrt-agent/tests	2026-08-06T10:31:51.6356099Z                 except BaseException as e:
backend	Run pytest backend/tests openwrt-agent/tests	2026-08-06T10:31:51.6356546Z                     self._handle_dbapi_exception(
backend	Run pytest backend/tests openwrt-agent/tests	2026-08-06T10:31:51.6357045Z                         e, str(statement), parameters, None, context
backend	Run pytest backend/tests openwrt-agent/tests	2026-08-06T10:31:51.6357388Z                     )
backend	Run pytest backend/tests openwrt-agent/tests	2026-08-06T10:31:51.6357592Z     
backend	Run pytest backend/tests openwrt-agent/tests	2026-08-06T10:31:51.6357804Z         cursor, str_statement, parameters = (
backend	Run pytest backend/tests openwrt-agent/tests	2026-08-06T10:31:51.6358090Z             context.cursor,
backend	Run pytest backend/tests openwrt-agent/tests	2026-08-06T10:31:51.6358327Z             context.statement,
backend	Run pytest backend/tests openwrt-agent/tests	2026-08-06T10:31:51.6358574Z             context.parameters,
backend	Run pytest backend/tests openwrt-agent/tests	2026-08-06T10:31:51.6358810Z         )
backend	Run pytest backend/tests openwrt-agent/tests	2026-08-06T10:31:51.6358994Z     
backend	Run pytest backend/tests openwrt-agent/tests	2026-08-06T10:31:51.6359241Z         effective_parameters: Optional[_AnyExecuteParams]
backend	Run pytest backend/tests openwrt-agent/tests	2026-08-06T10:31:51.6359548Z     
backend	Run pytest backend/tests openwrt-agent/tests	2026-08-06T10:31:51.6359934Z         if not context.executemany:
backend	Run pytest backend/tests openwrt-agent/tests	2026-08-06T10:31:51.6360226Z             effective_parameters = parameters[0]
backend	Run pytest backend/tests openwrt-agent/tests	2026-08-06T10:31:51.6360518Z         else:
backend	Run pytest backend/tests openwrt-agent/tests	2026-08-06T10:31:51.6360739Z             effective_parameters = parameters
backend	Run pytest backend/tests openwrt-agent/tests	2026-08-06T10:31:51.6361002Z     
backend	Run pytest backend/tests openwrt-agent/tests	2026-08-06T10:31:51.6361308Z         if self._has_events or self.engine._has_events:
backend	Run pytest backend/tests openwrt-agent/tests	2026-08-06T10:31:51.6361813Z             for fn in self.dispatch.before_cursor_execute:
backend	Run pytest backend/tests openwrt-agent/tests	2026-08-06T10:31:51.6362335Z                 str_statement, effective_parameters = fn(
backend	Run pytest backend/tests openwrt-agent/tests	2026-08-06T10:31:51.6362636Z                     self,
backend	Run pytest backend/tests openwrt-agent/tests	2026-08-06T10:31:51.6362850Z                     cursor,
backend	Run pytest backend/tests openwrt-agent/tests	2026-08-06T10:31:51.6363078Z                     str_statement,
backend	Run pytest backend/tests openwrt-agent/tests	2026-08-06T10:31:51.6363335Z                     effective_parameters,
backend	Run pytest backend/tests openwrt-agent/tests	2026-08-06T10:31:51.6363607Z                     context,
backend	Run pytest backend/tests openwrt-agent/tests	2026-08-06T10:31:51.6363854Z                     context.executemany,
backend	Run pytest backend/tests openwrt-agent/tests	2026-08-06T10:31:51.6364186Z                 )
backend	Run pytest backend/tests openwrt-agent/tests	2026-08-06T10:31:51.6364483Z     
backend	Run pytest backend/tests openwrt-agent/tests	2026-08-06T10:31:51.6364710Z         if self._echo:
backend	Run pytest backend/tests openwrt-agent/tests	2026-08-06T10:31:51.6364953Z             self._log_info(str_statement)
backend	Run pytest backend/tests openwrt-agent/tests	2026-08-06T10:31:51.6365204Z     
backend	Run pytest backend/tests openwrt-agent/tests	2026-08-06T10:31:51.6365409Z             stats = context._get_cache_stats()
backend	Run pytest backend/tests openwrt-agent/tests	2026-08-06T10:31:51.6365671Z     
backend	Run pytest backend/tests openwrt-agent/tests	2026-08-06T10:31:51.6365887Z             if not self.engine.hide_parameters:
backend	Run pytest backend/tests openwrt-agent/tests	2026-08-06T10:31:51.6366170Z                 self._log_info(
backend	Run pytest backend/tests openwrt-agent/tests	2026-08-06T10:31:51.6366406Z                     "[%s] %r",
backend	Run pytest backend/tests openwrt-agent/tests	2026-08-06T10:31:51.6366671Z                     stats,
backend	Run pytest backend/tests openwrt-agent/tests	2026-08-06T10:31:51.6366906Z                     sql_util._repr_params(
backend	Run pytest backend/tests openwrt-agent/tests	2026-08-06T10:31:51.6367182Z                         effective_parameters,
backend	Run pytest backend/tests openwrt-agent/tests	2026-08-06T10:31:51.6367455Z                         batches=10,
backend	Run pytest backend/tests openwrt-agent/tests	2026-08-06T10:31:51.6367735Z                         ismulti=context.executemany,
backend	Run pytest backend/tests openwrt-agent/tests	2026-08-06T10:31:51.6368014Z                     ),
backend	Run pytest backend/tests openwrt-agent/tests	2026-08-06T10:31:51.6368216Z                 )
backend	Run pytest backend/tests openwrt-agent/tests	2026-08-06T10:31:51.6368413Z             else:
backend	Run pytest backend/tests openwrt-agent/tests	2026-08-06T10:31:51.6368609Z                 self._log_info(
backend	Run pytest backend/tests openwrt-agent/tests	2026-08-06T10:31:51.6368920Z                     "[%s] [SQL parameters hidden due to hide_parameters=True]",
backend	Run pytest backend/tests openwrt-agent/tests	2026-08-06T10:31:51.6369269Z                     stats,
backend	Run pytest backend/tests openwrt-agent/tests	2026-08-06T10:31:51.6369483Z                 )
backend	Run pytest backend/tests openwrt-agent/tests	2026-08-06T10:31:51.6369673Z     
backend	Run pytest backend/tests openwrt-agent/tests	2026-08-06T10:31:51.6370035Z         evt_handled: bool = False
backend	Run pytest backend/tests openwrt-agent/tests	2026-08-06T10:31:51.6370287Z         try:
backend	Run pytest backend/tests openwrt-agent/tests	2026-08-06T10:31:51.6370552Z             if context.execute_style is ExecuteStyle.EXECUTEMANY:
backend	Run pytest backend/tests openwrt-agent/tests	2026-08-06T10:31:51.6370895Z                 effective_parameters = cast(
backend	Run pytest backend/tests openwrt-agent/tests	2026-08-06T10:31:51.6371226Z                     "_CoreMultiExecuteParams", effective_parameters
backend	Run pytest backend/tests openwrt-agent/tests	2026-08-06T10:31:51.6371537Z                 )
backend	Run pytest backend/tests openwrt-agent/tests	2026-08-06T10:31:51.6371751Z                 if self.dialect._has_events:
backend	Run pytest backend/tests openwrt-agent/tests	2026-08-06T10:31:51.6372294Z                     for fn in self.dialect.dispatch.do_executemany:
backend	Run pytest backend/tests openwrt-agent/tests	2026-08-06T10:31:51.6372798Z                         if fn(
backend	Run pytest backend/tests openwrt-agent/tests	2026-08-06T10:31:51.6373158Z                             cursor,
backend	Run pytest backend/tests openwrt-agent/tests	2026-08-06T10:31:51.6373556Z                             str_statement,
backend	Run pytest backend/tests openwrt-agent/tests	2026-08-06T10:31:51.6373990Z                             effective_parameters,
backend	Run pytest backend/tests openwrt-agent/tests	2026-08-06T10:31:51.6374411Z                             context,
backend	Run pytest backend/tests openwrt-agent/tests	2026-08-06T10:31:51.6374782Z                         ):
backend	Run pytest backend/tests openwrt-agent/tests	2026-08-06T10:31:51.6375136Z                             evt_handled = True
backend	Run pytest backend/tests openwrt-agent/tests	2026-08-06T10:31:51.6375560Z                             break
backend	Run pytest backend/tests openwrt-agent/tests	2026-08-06T10:31:51.6375929Z                 if not evt_handled:
backend	Run pytest backend/tests openwrt-agent/tests	2026-08-06T10:31:51.6376343Z                     self.dialect.do_executemany(
backend	Run pytest backend/tests openwrt-agent/tests	2026-08-06T10:31:51.6376770Z                         cursor,
backend	Run pytest backend/tests openwrt-agent/tests	2026-08-06T10:31:51.6377130Z                         str_statement,
backend	Run pytest backend/tests openwrt-agent/tests	2026-08-06T10:31:51.6377541Z                         effective_parameters,
backend	Run pytest backend/tests openwrt-agent/tests	2026-08-06T10:31:51.6377959Z                         context,
backend	Run pytest backend/tests openwrt-agent/tests	2026-08-06T10:31:51.6378310Z                     )
backend	Run pytest backend/tests openwrt-agent/tests	2026-08-06T10:31:51.6378740Z             elif not effective_parameters and context.no_parameters:
backend	Run pytest backend/tests openwrt-agent/tests	2026-08-06T10:31:51.6379290Z                 if self.dialect._has_events:
backend	Run pytest backend/tests openwrt-agent/tests	2026-08-06T10:31:51.6379707Z                     for fn in self.dialect.dispatch.do_execute_no_params:
backend	Run pytest backend/tests openwrt-agent/tests	2026-08-06T10:31:51.6380273Z                         if fn(cursor, str_statement, context):
backend	Run pytest backend/tests openwrt-agent/tests	2026-08-06T10:31:51.6380580Z                             evt_handled = True
backend	Run pytest backend/tests openwrt-agent/tests	2026-08-06T10:31:51.6380843Z                             break
backend	Run pytest backend/tests openwrt-agent/tests	2026-08-06T10:31:51.6381093Z                 if not evt_handled:
backend	Run pytest backend/tests openwrt-agent/tests	2026-08-06T10:31:51.6381366Z                     self.dialect.do_execute_no_params(
backend	Run pytest backend/tests openwrt-agent/tests	2026-08-06T10:31:51.6381670Z                         cursor, str_statement, context
backend	Run pytest backend/tests openwrt-agent/tests	2026-08-06T10:31:51.6382173Z                     )
backend	Run pytest backend/tests openwrt-agent/tests	2026-08-06T10:31:51.6382482Z             else:
backend	Run pytest backend/tests openwrt-agent/tests	2026-08-06T10:31:51.6382810Z                 effective_parameters = cast(
backend	Run pytest backend/tests openwrt-agent/tests	2026-08-06T10:31:51.6383319Z                     "_CoreSingleExecuteParams", effective_parameters
backend	Run pytest backend/tests openwrt-agent/tests	2026-08-06T10:31:51.6383805Z                 )
backend	Run pytest backend/tests openwrt-agent/tests	2026-08-06T10:31:51.6384124Z                 if self.dialect._has_events:
backend	Run pytest backend/tests openwrt-agent/tests	2026-08-06T10:31:51.6384608Z                     for fn in self.dialect.dispatch.do_execute:
backend	Run pytest backend/tests openwrt-agent/tests	2026-08-06T10:31:51.6385081Z                         if fn(
backend	Run pytest backend/tests openwrt-agent/tests	2026-08-06T10:31:51.6385431Z                             cursor,
backend	Run pytest backend/tests openwrt-agent/tests	2026-08-06T10:31:51.6385806Z                             str_statement,
backend	Run pytest backend/tests openwrt-agent/tests	2026-08-06T10:31:51.6386223Z                             effective_parameters,
backend	Run pytest backend/tests openwrt-agent/tests	2026-08-06T10:31:51.6386643Z                             context,
backend	Run pytest backend/tests openwrt-agent/tests	2026-08-06T10:31:51.6387008Z                         ):
backend	Run pytest backend/tests openwrt-agent/tests	2026-08-06T10:31:51.6387360Z                             evt_handled = True
backend	Run pytest backend/tests openwrt-agent/tests	2026-08-06T10:31:51.6387759Z                             break
backend	Run pytest backend/tests openwrt-agent/tests	2026-08-06T10:31:51.6388129Z                 if not evt_handled:
backend	Run pytest backend/tests openwrt-agent/tests	2026-08-06T10:31:51.6388531Z >                   self.dialect.do_execute(
backend	Run pytest backend/tests openwrt-agent/tests	2026-08-06T10:31:51.6389054Z                         cursor, str_statement, effective_parameters, context
backend	Run pytest backend/tests openwrt-agent/tests	2026-08-06T10:31:51.6389565Z                     )
backend	Run pytest backend/tests openwrt-agent/tests	2026-08-06T10:31:51.6389780Z 
backend	Run pytest backend/tests openwrt-agent/tests	2026-08-06T10:31:51.6390263Z /opt/hostedtoolcache/Python/3.12.13/x64/lib/python3.12/site-packages/sqlalchemy/engine/base.py:1967: 
backend	Run pytest backend/tests openwrt-agent/tests	2026-08-06T10:31:51.6391098Z _ _ _ _ _ _ _ _ _ _ _ _ _ _ _ _ _ _ _ _ _ _ _ _ _ _ _ _ _ _ _ _ _ _ _ _ _ _ _ _ 
backend	Run pytest backend/tests openwrt-agent/tests	2026-08-06T10:31:51.6392019Z /opt/hostedtoolcache/Python/3.12.13/x64/lib/python3.12/site-packages/sqlalchemy/engine/default.py:951: in do_execute
backend	Run pytest backend/tests openwrt-agent/tests	2026-08-06T10:31:51.6393015Z     cursor.execute(statement, parameters)
backend	Run pytest backend/tests openwrt-agent/tests	2026-08-06T10:31:51.6393708Z _ _ _ _ _ _ _ _ _ _ _ _ _ _ _ _ _ _ _ _ _ _ _ _ _ _ _ _ _ _ _ _ _ _ _ _ _ _ _ _ 
backend	Run pytest backend/tests openwrt-agent/tests	2026-08-06T10:31:51.6394090Z 
backend	Run pytest backend/tests openwrt-agent/tests	2026-08-06T10:31:51.6394606Z self = <psycopg.Cursor [closed] [IDLE] (host=localhost user=wrtmonitor database=wrtmonitor_test) at 0x7f464f18a8d0>
backend	Run pytest backend/tests openwrt-agent/tests	2026-08-06T10:31:51.6396409Z query = '\nCREATE TABLE device_groups (\n\tid UUID NOT NULL, \n\tname VARCHAR(120) NOT NULL, \n\tdescription TEXT, \n\tcreated...H TIME ZONE NOT NULL, \n\tupdated_at TIMESTAMP WITH TIME ZONE NOT NULL, \n\tPRIMARY KEY (id), \n\tUNIQUE (name)\n)\n\n'
backend	Run pytest backend/tests openwrt-agent/tests	2026-08-06T10:31:51.6397843Z params = immutabledict({})
backend	Run pytest backend/tests openwrt-agent/tests	2026-08-06T10:31:51.6398081Z 
backend	Run pytest backend/tests openwrt-agent/tests	2026-08-06T10:31:51.6398199Z     def execute(
backend	Run pytest backend/tests openwrt-agent/tests	2026-08-06T10:31:51.6398493Z         self,
backend	Run pytest backend/tests openwrt-agent/tests	2026-08-06T10:31:51.6398785Z         query: Query,
backend	Run pytest backend/tests openwrt-agent/tests	2026-08-06T10:31:51.6399143Z         params: Params | None = None,
backend	Run pytest backend/tests openwrt-agent/tests	2026-08-06T10:31:51.6399526Z         *,
backend	Run pytest backend/tests openwrt-agent/tests	2026-08-06T10:31:51.6399825Z         prepare: bool | None = None,
backend	Run pytest backend/tests openwrt-agent/tests	2026-08-06T10:31:51.6400232Z         binary: bool | None = None,
backend	Run pytest backend/tests openwrt-agent/tests	2026-08-06T10:31:51.6400622Z     ) -> Self:
backend	Run pytest backend/tests openwrt-agent/tests	2026-08-06T10:31:51.6400904Z         """
backend	Run pytest backend/tests openwrt-agent/tests	2026-08-06T10:31:51.6401240Z         Execute a query or command to the database.
backend	Run pytest backend/tests openwrt-agent/tests	2026-08-06T10:31:51.6401667Z         """
backend	Run pytest backend/tests openwrt-agent/tests	2026-08-06T10:31:51.6401924Z         try:
backend	Run pytest backend/tests openwrt-agent/tests	2026-08-06T10:31:51.6402349Z             with self._conn.lock:
backend	Run pytest backend/tests openwrt-agent/tests	2026-08-06T10:31:51.6402756Z                 self._conn.wait(
backend	Run pytest backend/tests openwrt-agent/tests	2026-08-06T10:31:51.6403302Z                     self._execute_gen(query, params, prepare=prepare, binary=binary)
backend	Run pytest backend/tests openwrt-agent/tests	2026-08-06T10:31:51.6403870Z                 )
backend	Run pytest backend/tests openwrt-agent/tests	2026-08-06T10:31:51.6404192Z         except e._NO_TRACEBACK as ex:
backend	Run pytest backend/tests openwrt-agent/tests	2026-08-06T10:31:51.6404610Z >           raise ex.with_traceback(None)
backend	Run pytest backend/tests openwrt-agent/tests	2026-08-06T10:31:51.6405230Z E           psycopg.errors.DuplicateTable: relation "device_groups" already exists
backend	Run pytest backend/tests openwrt-agent/tests	2026-08-06T10:31:51.6405902Z 
backend	Run pytest backend/tests openwrt-agent/tests	2026-08-06T10:31:51.6406396Z /opt/hostedtoolcache/Python/3.12.13/x64/lib/python3.12/site-packages/psycopg/cursor.py:117: DuplicateTable
backend	Run pytest backend/tests openwrt-agent/tests	2026-08-06T10:31:51.6407045Z 
backend	Run pytest backend/tests openwrt-agent/tests	2026-08-06T10:31:51.6407334Z The above exception was the direct cause of the following exception:
backend	Run pytest backend/tests openwrt-agent/tests	2026-08-06T10:31:51.6407777Z 
backend	Run pytest backend/tests openwrt-agent/tests	2026-08-06T10:31:51.6407957Z     def test_stability_migration_schema_e2e():
backend	Run pytest backend/tests openwrt-agent/tests	2026-08-06T10:31:51.6408414Z         if not postgres_e2e_enabled():
backend	Run pytest backend/tests openwrt-agent/tests	2026-08-06T10:31:51.6408983Z             pytest.skip("PostgreSQL E2E test requires WRTMONITOR_DATABASE_URL")
backend	Run pytest backend/tests openwrt-agent/tests	2026-08-06T10:31:51.6409565Z >       init_db()
backend	Run pytest backend/tests openwrt-agent/tests	2026-08-06T10:31:51.6409742Z 
backend	Run pytest backend/tests openwrt-agent/tests	2026-08-06T10:31:51.6409900Z backend/tests/test_api.py:512: 
backend	Run pytest backend/tests openwrt-agent/tests	2026-08-06T10:31:51.6410361Z _ _ _ _ _ _ _ _ _ _ _ _ _ _ _ _ _ _ _ _ _ _ _ _ _ _ _ _ _ _ _ _ _ _ _ _ _ _ _ _ 
backend	Run pytest backend/tests openwrt-agent/tests	2026-08-06T10:31:51.6410870Z backend/app/db.py:108: in init_db
backend	Run pytest backend/tests openwrt-agent/tests	2026-08-06T10:31:51.6411243Z     migrate_db()
backend	Run pytest backend/tests openwrt-agent/tests	2026-08-06T10:31:51.6411562Z backend/app/db.py:96: in migrate_db
backend	Run pytest backend/tests openwrt-agent/tests	2026-08-06T10:31:51.6411975Z     command.upgrade(config, "head")
backend	Run pytest backend/tests openwrt-agent/tests	2026-08-06T10:31:51.6412875Z /opt/hostedtoolcache/Python/3.12.13/x64/lib/python3.12/site-packages/alembic/command.py:483: in upgrade
backend	Run pytest backend/tests openwrt-agent/tests	2026-08-06T10:31:51.6413628Z     script.run_env()
backend	Run pytest backend/tests openwrt-agent/tests	2026-08-06T10:31:51.6414311Z /opt/hostedtoolcache/Python/3.12.13/x64/lib/python3.12/site-packages/alembic/script/base.py:545: in run_env
backend	Run pytest backend/tests openwrt-agent/tests	2026-08-06T10:31:51.6415118Z     util.load_python_file(self.dir, "env.py")
backend	Run pytest backend/tests openwrt-agent/tests	2026-08-06T10:31:51.6415974Z /opt/hostedtoolcache/Python/3.12.13/x64/lib/python3.12/site-packages/alembic/util/pyfiles.py:116: in load_python_file
backend	Run pytest backend/tests openwrt-agent/tests	2026-08-06T10:31:51.6416834Z     module = load_module_py(module_id, path)
backend	Run pytest backend/tests openwrt-agent/tests	2026-08-06T10:31:51.6417266Z              ^^^^^^^^^^^^^^^^^^^^^^^^^^^^^^^
backend	Run pytest backend/tests openwrt-agent/tests	2026-08-06T10:31:51.6418046Z /opt/hostedtoolcache/Python/3.12.13/x64/lib/python3.12/site-packages/alembic/util/pyfiles.py:136: in load_module_py
backend	Run pytest backend/tests openwrt-agent/tests	2026-08-06T10:31:51.6418917Z     spec.loader.exec_module(module)  # type: ignore
backend	Run pytest backend/tests openwrt-agent/tests	2026-08-06T10:31:51.6419372Z     ^^^^^^^^^^^^^^^^^^^^^^^^^^^^^^^
backend	Run pytest backend/tests openwrt-agent/tests	2026-08-06T10:31:51.6419845Z <frozen importlib._bootstrap_external>:999: in exec_module
backend	Run pytest backend/tests openwrt-agent/tests	2026-08-06T10:31:51.6420333Z     ???
backend	Run pytest backend/tests openwrt-agent/tests	2026-08-06T10:31:51.6420729Z <frozen importlib._bootstrap>:488: in _call_with_frames_removed
backend	Run pytest backend/tests openwrt-agent/tests	2026-08-06T10:31:51.6421413Z     ???
backend	Run pytest backend/tests openwrt-agent/tests	2026-08-06T10:31:51.6421716Z backend/alembic/env.py:58: in <module>
backend	Run pytest backend/tests openwrt-agent/tests	2026-08-06T10:31:51.6422268Z     run_migrations_online()
backend	Run pytest backend/tests openwrt-agent/tests	2026-08-06T10:31:51.6422695Z backend/alembic/env.py:40: in run_migrations_online
backend	Run pytest backend/tests openwrt-agent/tests	2026-08-06T10:31:51.6423175Z     context.run_migrations()
backend	Run pytest backend/tests openwrt-agent/tests	2026-08-06T10:31:51.6423548Z <string>:8: in run_migrations
backend	Run pytest backend/tests openwrt-agent/tests	2026-08-06T10:31:51.6423886Z     ???
backend	Run pytest backend/tests openwrt-agent/tests	2026-08-06T10:31:51.6424499Z /opt/hostedtoolcache/Python/3.12.13/x64/lib/python3.12/site-packages/alembic/runtime/environment.py:946: in run_migrations
backend	Run pytest backend/tests openwrt-agent/tests	2026-08-06T10:31:51.6425055Z     self.get_context().run_migrations(**kw)
backend	Run pytest backend/tests openwrt-agent/tests	2026-08-06T10:31:51.6425583Z /opt/hostedtoolcache/Python/3.12.13/x64/lib/python3.12/site-packages/alembic/runtime/migration.py:627: in run_migrations
backend	Run pytest backend/tests openwrt-agent/tests	2026-08-06T10:31:51.6426107Z     step.migration_fn(**kw)
backend	Run pytest backend/tests openwrt-agent/tests	2026-08-06T10:31:51.6426607Z backend/alembic/versions/0002_add_device_groups.py:24: in upgrade
backend	Run pytest backend/tests openwrt-agent/tests	2026-08-06T10:31:51.6427166Z     op.create_table(
backend	Run pytest backend/tests openwrt-agent/tests	2026-08-06T10:31:51.6427491Z <string>:8: in create_table
backend	Run pytest backend/tests openwrt-agent/tests	2026-08-06T10:31:51.6427836Z     ???
backend	Run pytest backend/tests openwrt-agent/tests	2026-08-06T10:31:51.6428116Z <string>:3: in create_table
backend	Run pytest backend/tests openwrt-agent/tests	2026-08-06T10:31:51.6428437Z     ???
backend	Run pytest backend/tests openwrt-agent/tests	2026-08-06T10:31:51.6429120Z /opt/hostedtoolcache/Python/3.12.13/x64/lib/python3.12/site-packages/alembic/operations/ops.py:1332: in create_table
backend	Run pytest backend/tests openwrt-agent/tests	2026-08-06T10:31:51.6429953Z     return operations.invoke(op)
backend	Run pytest backend/tests openwrt-agent/tests	2026-08-06T10:31:51.6430324Z            ^^^^^^^^^^^^^^^^^^^^^
backend	Run pytest backend/tests openwrt-agent/tests	2026-08-06T10:31:51.6431044Z /opt/hostedtoolcache/Python/3.12.13/x64/lib/python3.12/site-packages/alembic/operations/base.py:454: in invoke
backend	Run pytest backend/tests openwrt-agent/tests	2026-08-06T10:31:51.6431827Z     return fn(self, operation)
backend	Run pytest backend/tests openwrt-agent/tests	2026-08-06T10:31:51.6432321Z            ^^^^^^^^^^^^^^^^^^^
backend	Run pytest backend/tests openwrt-agent/tests	2026-08-06T10:31:51.6432984Z /opt/hostedtoolcache/Python/3.12.13/x64/lib/python3.12/site-packages/alembic/operations/toimpl.py:135: in create_table
backend	Run pytest backend/tests openwrt-agent/tests	2026-08-06T10:31:51.6433683Z     operations.impl.create_table(table, **kw)
backend	Run pytest backend/tests openwrt-agent/tests	2026-08-06T10:31:51.6434181Z /opt/hostedtoolcache/Python/3.12.13/x64/lib/python3.12/site-packages/alembic/ddl/impl.py:423: in create_table
backend	Run pytest backend/tests openwrt-agent/tests	2026-08-06T10:31:51.6434684Z     self._exec(schema.CreateTable(table, **kw))
backend	Run pytest backend/tests openwrt-agent/tests	2026-08-06T10:31:51.6435159Z /opt/hostedtoolcache/Python/3.12.13/x64/lib/python3.12/site-packages/alembic/ddl/impl.py:246: in _exec
backend	Run pytest backend/tests openwrt-agent/tests	2026-08-06T10:31:51.6435641Z     return conn.execute(construct, params)
backend	Run pytest backend/tests openwrt-agent/tests	2026-08-06T10:31:51.6435923Z            ^^^^^^^^^^^^^^^^^^^^^^^^^^^^^^^
backend	Run pytest backend/tests openwrt-agent/tests	2026-08-06T10:31:51.6436382Z /opt/hostedtoolcache/Python/3.12.13/x64/lib/python3.12/site-packages/sqlalchemy/engine/base.py:1419: in execute
backend	Run pytest backend/tests openwrt-agent/tests	2026-08-06T10:31:51.6436853Z     return meth(
backend	Run pytest backend/tests openwrt-agent/tests	2026-08-06T10:31:51.6437315Z /opt/hostedtoolcache/Python/3.12.13/x64/lib/python3.12/site-packages/sqlalchemy/sql/ddl.py:187: in _execute_on_connection
backend	Run pytest backend/tests openwrt-agent/tests	2026-08-06T10:31:51.6437857Z     return connection._execute_ddl(
backend	Run pytest backend/tests openwrt-agent/tests	2026-08-06T10:31:51.6438343Z /opt/hostedtoolcache/Python/3.12.13/x64/lib/python3.12/site-packages/sqlalchemy/engine/base.py:1530: in _execute_ddl
backend	Run pytest backend/tests openwrt-agent/tests	2026-08-06T10:31:51.6438844Z     ret = self._execute_context(
backend	Run pytest backend/tests openwrt-agent/tests	2026-08-06T10:31:51.6439330Z /opt/hostedtoolcache/Python/3.12.13/x64/lib/python3.12/site-packages/sqlalchemy/engine/base.py:1846: in _execute_context
backend	Run pytest backend/tests openwrt-agent/tests	2026-08-06T10:31:51.6439854Z     return self._exec_single_context(
backend	Run pytest backend/tests openwrt-agent/tests	2026-08-06T10:31:51.6440372Z /opt/hostedtoolcache/Python/3.12.13/x64/lib/python3.12/site-packages/sqlalchemy/engine/base.py:1986: in _exec_single_context
backend	Run pytest backend/tests openwrt-agent/tests	2026-08-06T10:31:51.6440902Z     self._handle_dbapi_exception(
backend	Run pytest backend/tests openwrt-agent/tests	2026-08-06T10:31:51.6441427Z /opt/hostedtoolcache/Python/3.12.13/x64/lib/python3.12/site-packages/sqlalchemy/engine/base.py:2355: in _handle_dbapi_exception
backend	Run pytest backend/tests openwrt-agent/tests	2026-08-06T10:31:51.6442029Z     raise sqlalchemy_exception.with_traceback(exc_info[2]) from e
backend	Run pytest backend/tests openwrt-agent/tests	2026-08-06T10:31:51.6442819Z /opt/hostedtoolcache/Python/3.12.13/x64/lib/python3.12/site-packages/sqlalchemy/engine/base.py:1967: in _exec_single_context
backend	Run pytest backend/tests openwrt-agent/tests	2026-08-06T10:31:51.6443351Z     self.dialect.do_execute(
backend	Run pytest backend/tests openwrt-agent/tests	2026-08-06T10:31:51.6443814Z /opt/hostedtoolcache/Python/3.12.13/x64/lib/python3.12/site-packages/sqlalchemy/engine/default.py:951: in do_execute
backend	Run pytest backend/tests openwrt-agent/tests	2026-08-06T10:31:51.6444329Z     cursor.execute(statement, parameters)
backend	Run pytest backend/tests openwrt-agent/tests	2026-08-06T10:31:51.6444786Z _ _ _ _ _ _ _ _ _ _ _ _ _ _ _ _ _ _ _ _ _ _ _ _ _ _ _ _ _ _ _ _ _ _ _ _ _ _ _ _ 
backend	Run pytest backend/tests openwrt-agent/tests	2026-08-06T10:31:51.6445023Z 
backend	Run pytest backend/tests openwrt-agent/tests	2026-08-06T10:31:51.6445340Z self = <psycopg.Cursor [closed] [IDLE] (host=localhost user=wrtmonitor database=wrtmonitor_test) at 0x7f464f18a8d0>
backend	Run pytest backend/tests openwrt-agent/tests	2026-08-06T10:31:51.6446441Z query = '\nCREATE TABLE device_groups (\n\tid UUID NOT NULL, \n\tname VARCHAR(120) NOT NULL, \n\tdescription TEXT, \n\tcreated...H TIME ZONE NOT NULL, \n\tupdated_at TIMESTAMP WITH TIME ZONE NOT NULL, \n\tPRIMARY KEY (id), \n\tUNIQUE (name)\n)\n\n'
backend	Run pytest backend/tests openwrt-agent/tests	2026-08-06T10:31:51.6447300Z params = immutabledict({})
backend	Run pytest backend/tests openwrt-agent/tests	2026-08-06T10:31:51.6447456Z 
backend	Run pytest backend/tests openwrt-agent/tests	2026-08-06T10:31:51.6447535Z     def execute(
backend	Run pytest backend/tests openwrt-agent/tests	2026-08-06T10:31:51.6447732Z         self,
backend	Run pytest backend/tests openwrt-agent/tests	2026-08-06T10:31:51.6447931Z         query: Query,
backend	Run pytest backend/tests openwrt-agent/tests	2026-08-06T10:31:51.6448168Z         params: Params | None = None,
backend	Run pytest backend/tests openwrt-agent/tests	2026-08-06T10:31:51.6448428Z         *,
backend	Run pytest backend/tests openwrt-agent/tests	2026-08-06T10:31:51.6448634Z         prepare: bool | None = None,
backend	Run pytest backend/tests openwrt-agent/tests	2026-08-06T10:31:51.6448900Z         binary: bool | None = None,
backend	Run pytest backend/tests openwrt-agent/tests	2026-08-06T10:31:51.6449152Z     ) -> Self:
backend	Run pytest backend/tests openwrt-agent/tests	2026-08-06T10:31:51.6449350Z         """
backend	Run pytest backend/tests openwrt-agent/tests	2026-08-06T10:31:51.6449575Z         Execute a query or command to the database.
backend	Run pytest backend/tests openwrt-agent/tests	2026-08-06T10:31:51.6449854Z         """
backend	Run pytest backend/tests openwrt-agent/tests	2026-08-06T10:31:51.6450035Z         try:
backend	Run pytest backend/tests openwrt-agent/tests	2026-08-06T10:31:51.6450238Z             with self._conn.lock:
backend	Run pytest backend/tests openwrt-agent/tests	2026-08-06T10:31:51.6450488Z                 self._conn.wait(
backend	Run pytest backend/tests openwrt-agent/tests	2026-08-06T10:31:51.6450834Z                     self._execute_gen(query, params, prepare=prepare, binary=binary)
backend	Run pytest backend/tests openwrt-agent/tests	2026-08-06T10:31:51.6451194Z                 )
backend	Run pytest backend/tests openwrt-agent/tests	2026-08-06T10:31:51.6451411Z         except e._NO_TRACEBACK as ex:
backend	Run pytest backend/tests openwrt-agent/tests	2026-08-06T10:31:51.6451685Z >           raise ex.with_traceback(None)
backend	Run pytest backend/tests openwrt-agent/tests	2026-08-06T10:31:51.6452378Z E           sqlalchemy.exc.ProgrammingError: (psycopg.errors.DuplicateTable) relation "device_groups" already exists
backend	Run pytest backend/tests openwrt-agent/tests	2026-08-06T10:31:51.6453043Z E           [SQL: 
backend	Run pytest backend/tests openwrt-agent/tests	2026-08-06T10:31:51.6453271Z E           CREATE TABLE device_groups (
backend	Run pytest backend/tests openwrt-agent/tests	2026-08-06T10:31:51.6453545Z E           	id UUID NOT NULL, 
backend	Run pytest backend/tests openwrt-agent/tests	2026-08-06T10:31:51.6453806Z E           	name VARCHAR(120) NOT NULL, 
backend	Run pytest backend/tests openwrt-agent/tests	2026-08-06T10:31:51.6454069Z E           	description TEXT, 
backend	Run pytest backend/tests openwrt-agent/tests	2026-08-06T10:31:51.6454350Z E           	created_at TIMESTAMP WITH TIME ZONE NOT NULL, 
backend	Run pytest backend/tests openwrt-agent/tests	2026-08-06T10:31:51.6454696Z E           	updated_at TIMESTAMP WITH TIME ZONE NOT NULL, 
backend	Run pytest backend/tests openwrt-agent/tests	2026-08-06T10:31:51.6454991Z E           	PRIMARY KEY (id), 
backend	Run pytest backend/tests openwrt-agent/tests	2026-08-06T10:31:51.6455219Z E           	UNIQUE (name)
backend	Run pytest backend/tests openwrt-agent/tests	2026-08-06T10:31:51.6455439Z E           )
backend	Run pytest backend/tests openwrt-agent/tests	2026-08-06T10:31:51.6455631Z E           
backend	Run pytest backend/tests openwrt-agent/tests	2026-08-06T10:31:51.6455815Z E           ]
backend	Run pytest backend/tests openwrt-agent/tests	2026-08-06T10:31:51.6456111Z E           (Background on this error at: https://sqlalche.me/e/20/f405)
backend	Run pytest backend/tests openwrt-agent/tests	2026-08-06T10:31:51.6456380Z 
backend	Run pytest backend/tests openwrt-agent/tests	2026-08-06T10:31:51.6456713Z /opt/hostedtoolcache/Python/3.12.13/x64/lib/python3.12/site-packages/psycopg/cursor.py:117: ProgrammingError
backend	Run pytest backend/tests openwrt-agent/tests	2026-08-06T10:31:51.6457300Z ----------------------------- Captured stderr call -----------------------------
backend	Run pytest backend/tests openwrt-agent/tests	2026-08-06T10:31:51.6457746Z INFO  [alembic.runtime.migration] Context impl PostgresqlImpl.
backend	Run pytest backend/tests openwrt-agent/tests	2026-08-06T10:31:51.6458172Z INFO  [alembic.runtime.migration] Will assume transactional DDL.
backend	Run pytest backend/tests openwrt-agent/tests	2026-08-06T10:31:51.6458736Z INFO  [alembic.runtime.migration] Running upgrade  -> 0001_initial_schema, Single pre-release schema baseline.
backend	Run pytest backend/tests openwrt-agent/tests	2026-08-06T10:31:51.6459512Z INFO  [alembic.runtime.migration] Running upgrade 0001_initial_schema -> 0002_add_device_groups, Add DeviceGroup and group_id to Device.
backend	Run pytest backend/tests openwrt-agent/tests	2026-08-06T10:31:51.6460185Z ____________ test_router_registration_telemetry_and_latest_api_e2e _____________
backend	Run pytest backend/tests openwrt-agent/tests	2026-08-06T10:31:51.6460469Z 
backend	Run pytest backend/tests openwrt-agent/tests	2026-08-06T10:31:51.6460650Z self = <sqlalchemy.engine.base.Connection object at 0x7f464f2bfd70>
backend	Run pytest backend/tests openwrt-agent/tests	2026-08-06T10:31:51.6461221Z dialect = <sqlalchemy.dialects.postgresql.psycopg.PGDialect_psycopg object at 0x7f4652350b30>
backend	Run pytest backend/tests openwrt-agent/tests	2026-08-06T10:31:51.6461928Z context = <sqlalchemy.dialects.postgresql.psycopg.PGExecutionContext_psycopg object at 0x7f464f0e18b0>
backend	Run pytest backend/tests openwrt-agent/tests	2026-08-06T10:31:51.6462813Z statement = <sqlalchemy.dialects.postgresql.base.PGDDLCompiler object at 0x7f464f0e1370>
backend	Run pytest backend/tests openwrt-agent/tests	2026-08-06T10:31:51.6463498Z parameters = [immutabledict({})]
backend	Run pytest backend/tests openwrt-agent/tests	2026-08-06T10:31:51.6463672Z 
backend	Run pytest backend/tests openwrt-agent/tests	2026-08-06T10:31:51.6463770Z     def _exec_single_context(
backend	Run pytest backend/tests openwrt-agent/tests	2026-08-06T10:31:51.6464005Z         self,
backend	Run pytest backend/tests openwrt-agent/tests	2026-08-06T10:31:51.6464200Z         dialect: Dialect,
backend	Run pytest backend/tests openwrt-agent/tests	2026-08-06T10:31:51.6464443Z         context: ExecutionContext,
backend	Run pytest backend/tests openwrt-agent/tests	2026-08-06T10:31:51.6464714Z         statement: Union[str, Compiled],
backend	Run pytest backend/tests openwrt-agent/tests	2026-08-06T10:31:51.6465027Z         parameters: Optional[_AnyMultiExecuteParams],
backend	Run pytest backend/tests openwrt-agent/tests	2026-08-06T10:31:51.6465334Z     ) -> CursorResult[Any]:
backend	Run pytest backend/tests openwrt-agent/tests	2026-08-06T10:31:51.6465638Z         """continue the _execute_context() method for a single DBAPI
backend	Run pytest backend/tests openwrt-agent/tests	2026-08-06T10:31:51.6466009Z         cursor.execute() or cursor.executemany() call.
backend	Run pytest backend/tests openwrt-agent/tests	2026-08-06T10:31:51.6466293Z     
backend	Run pytest backend/tests openwrt-agent/tests	2026-08-06T10:31:51.6466471Z         """
backend	Run pytest backend/tests openwrt-agent/tests	2026-08-06T10:31:51.6466769Z         if dialect.bind_typing is BindTyping.SETINPUTSIZES:
backend	Run pytest backend/tests openwrt-agent/tests	2026-08-06T10:31:51.6467169Z             generic_setinputsizes = context._prepare_set_input_sizes()
backend	Run pytest backend/tests openwrt-agent/tests	2026-08-06T10:31:51.6467499Z     
backend	Run pytest backend/tests openwrt-agent/tests	2026-08-06T10:31:51.6467709Z             if generic_setinputsizes:
backend	Run pytest backend/tests openwrt-agent/tests	2026-08-06T10:31:51.6467969Z                 try:
backend	Run pytest backend/tests openwrt-agent/tests	2026-08-06T10:31:51.6468209Z                     dialect.do_set_input_sizes(
backend	Run pytest backend/tests openwrt-agent/tests	2026-08-06T10:31:51.6468547Z                         context.cursor, generic_setinputsizes, context
backend	Run pytest backend/tests openwrt-agent/tests	2026-08-06T10:31:51.6468856Z                     )
backend	Run pytest backend/tests openwrt-agent/tests	2026-08-06T10:31:51.6469087Z                 except BaseException as e:
backend	Run pytest backend/tests openwrt-agent/tests	2026-08-06T10:31:51.6469374Z                     self._handle_dbapi_exception(
backend	Run pytest backend/tests openwrt-agent/tests	2026-08-06T10:31:51.6469706Z                         e, str(statement), parameters, None, context
backend	Run pytest backend/tests openwrt-agent/tests	2026-08-06T10:31:51.6470005Z                     )
backend	Run pytest backend/tests openwrt-agent/tests	2026-08-06T10:31:51.6470211Z     
backend	Run pytest backend/tests openwrt-agent/tests	2026-08-06T10:31:51.6470421Z         cursor, str_statement, parameters = (
backend	Run pytest backend/tests openwrt-agent/tests	2026-08-06T10:31:51.6470709Z             context.cursor,
backend	Run pytest backend/tests openwrt-agent/tests	2026-08-06T10:31:51.6471085Z             context.statement,
backend	Run pytest backend/tests openwrt-agent/tests	2026-08-06T10:31:51.6471338Z             context.parameters,
backend	Run pytest backend/tests openwrt-agent/tests	2026-08-06T10:31:51.6471574Z         )
backend	Run pytest backend/tests openwrt-agent/tests	2026-08-06T10:31:51.6471755Z     
backend	Run pytest backend/tests openwrt-agent/tests	2026-08-06T10:31:51.6471998Z         effective_parameters: Optional[_AnyExecuteParams]
backend	Run pytest backend/tests openwrt-agent/tests	2026-08-06T10:31:51.6472505Z     
backend	Run pytest backend/tests openwrt-agent/tests	2026-08-06T10:31:51.6472704Z         if not context.executemany:
backend	Run pytest backend/tests openwrt-agent/tests	2026-08-06T10:31:51.6472991Z             effective_parameters = parameters[0]
backend	Run pytest backend/tests openwrt-agent/tests	2026-08-06T10:31:51.6473265Z         else:
backend	Run pytest backend/tests openwrt-agent/tests	2026-08-06T10:31:51.6473480Z             effective_parameters = parameters
backend	Run pytest backend/tests openwrt-agent/tests	2026-08-06T10:31:51.6473733Z     
backend	Run pytest backend/tests openwrt-agent/tests	2026-08-06T10:31:51.6473959Z         if self._has_events or self.engine._has_events:
backend	Run pytest backend/tests openwrt-agent/tests	2026-08-06T10:31:51.6474342Z             for fn in self.dispatch.before_cursor_execute:
backend	Run pytest backend/tests openwrt-agent/tests	2026-08-06T10:31:51.6474689Z                 str_statement, effective_parameters = fn(
backend	Run pytest backend/tests openwrt-agent/tests	2026-08-06T10:31:51.6474974Z                     self,
backend	Run pytest backend/tests openwrt-agent/tests	2026-08-06T10:31:51.6475192Z                     cursor,
backend	Run pytest backend/tests openwrt-agent/tests	2026-08-06T10:31:51.6475419Z                     str_statement,
backend	Run pytest backend/tests openwrt-agent/tests	2026-08-06T10:31:51.6475681Z                     effective_parameters,
backend	Run pytest backend/tests openwrt-agent/tests	2026-08-06T10:31:51.6475945Z                     context,
backend	Run pytest backend/tests openwrt-agent/tests	2026-08-06T10:31:51.6476195Z                     context.executemany,
backend	Run pytest backend/tests openwrt-agent/tests	2026-08-06T10:31:51.6476449Z                 )
backend	Run pytest backend/tests openwrt-agent/tests	2026-08-06T10:31:51.6476645Z     
backend	Run pytest backend/tests openwrt-agent/tests	2026-08-06T10:31:51.6476830Z         if self._echo:
backend	Run pytest backend/tests openwrt-agent/tests	2026-08-06T10:31:51.6477057Z             self._log_info(str_statement)
backend	Run pytest backend/tests openwrt-agent/tests	2026-08-06T10:31:51.6477299Z     
backend	Run pytest backend/tests openwrt-agent/tests	2026-08-06T10:31:51.6477503Z             stats = context._get_cache_stats()
backend	Run pytest backend/tests openwrt-agent/tests	2026-08-06T10:31:51.6477762Z     
backend	Run pytest backend/tests openwrt-agent/tests	2026-08-06T10:31:51.6477968Z             if not self.engine.hide_parameters:
backend	Run pytest backend/tests openwrt-agent/tests	2026-08-06T10:31:51.6478486Z                 self._log_info(
backend	Run pytest backend/tests openwrt-agent/tests	2026-08-06T10:31:51.6478856Z                     "[%s] %r",
backend	Run pytest backend/tests openwrt-agent/tests	2026-08-06T10:31:51.6497552Z                     stats,
backend	Run pytest backend/tests openwrt-agent/tests	2026-08-06T10:31:51.6497853Z                     sql_util._repr_params(
backend	Run pytest backend/tests openwrt-agent/tests	2026-08-06T10:31:51.6498157Z                         effective_parameters,
backend	Run pytest backend/tests openwrt-agent/tests	2026-08-06T10:31:51.6498442Z                         batches=10,
backend	Run pytest backend/tests openwrt-agent/tests	2026-08-06T10:31:51.6498735Z                         ismulti=context.executemany,
backend	Run pytest backend/tests openwrt-agent/tests	2026-08-06T10:31:51.6499016Z                     ),
backend	Run pytest backend/tests openwrt-agent/tests	2026-08-06T10:31:51.6499224Z                 )
backend	Run pytest backend/tests openwrt-agent/tests	2026-08-06T10:31:51.6499423Z             else:
backend	Run pytest backend/tests openwrt-agent/tests	2026-08-06T10:31:51.6499839Z                 self._log_info(
backend	Run pytest backend/tests openwrt-agent/tests	2026-08-06T10:31:51.6500163Z                     "[%s] [SQL parameters hidden due to hide_parameters=True]",
backend	Run pytest backend/tests openwrt-agent/tests	2026-08-06T10:31:51.6500506Z                     stats,
backend	Run pytest backend/tests openwrt-agent/tests	2026-08-06T10:31:51.6500719Z                 )
backend	Run pytest backend/tests openwrt-agent/tests	2026-08-06T10:31:51.6500908Z     
backend	Run pytest backend/tests openwrt-agent/tests	2026-08-06T10:31:51.6501112Z         evt_handled: bool = False
backend	Run pytest backend/tests openwrt-agent/tests	2026-08-06T10:31:51.6501356Z         try:
backend	Run pytest backend/tests openwrt-agent/tests	2026-08-06T10:31:51.6501626Z             if context.execute_style is ExecuteStyle.EXECUTEMANY:
backend	Run pytest backend/tests openwrt-agent/tests	2026-08-06T10:31:51.6501973Z                 effective_parameters = cast(
backend	Run pytest backend/tests openwrt-agent/tests	2026-08-06T10:31:51.6502438Z                     "_CoreMultiExecuteParams", effective_parameters
backend	Run pytest backend/tests openwrt-agent/tests	2026-08-06T10:31:51.6502758Z                 )
backend	Run pytest backend/tests openwrt-agent/tests	2026-08-06T10:31:51.6502972Z                 if self.dialect._has_events:
backend	Run pytest backend/tests openwrt-agent/tests	2026-08-06T10:31:51.6503294Z                     for fn in self.dialect.dispatch.do_executemany:
backend	Run pytest backend/tests openwrt-agent/tests	2026-08-06T10:31:51.6503602Z                         if fn(
backend	Run pytest backend/tests openwrt-agent/tests	2026-08-06T10:31:51.6503832Z                             cursor,
backend	Run pytest backend/tests openwrt-agent/tests	2026-08-06T10:31:51.6504080Z                             str_statement,
backend	Run pytest backend/tests openwrt-agent/tests	2026-08-06T10:31:51.6504346Z                             effective_parameters,
backend	Run pytest backend/tests openwrt-agent/tests	2026-08-06T10:31:51.6504626Z                             context,
backend	Run pytest backend/tests openwrt-agent/tests	2026-08-06T10:31:51.6504870Z                         ):
backend	Run pytest backend/tests openwrt-agent/tests	2026-08-06T10:31:51.6505106Z                             evt_handled = True
backend	Run pytest backend/tests openwrt-agent/tests	2026-08-06T10:31:51.6505371Z                             break
backend	Run pytest backend/tests openwrt-agent/tests	2026-08-06T10:31:51.6505609Z                 if not evt_handled:
backend	Run pytest backend/tests openwrt-agent/tests	2026-08-06T10:31:51.6505870Z                     self.dialect.do_executemany(
backend	Run pytest backend/tests openwrt-agent/tests	2026-08-06T10:31:51.6506336Z                         cursor,
backend	Run pytest backend/tests openwrt-agent/tests	2026-08-06T10:31:51.6506572Z                         str_statement,
backend	Run pytest backend/tests openwrt-agent/tests	2026-08-06T10:31:51.6506836Z                         effective_parameters,
backend	Run pytest backend/tests openwrt-agent/tests	2026-08-06T10:31:51.6507097Z                         context,
backend	Run pytest backend/tests openwrt-agent/tests	2026-08-06T10:31:51.6507477Z                     )
backend	Run pytest backend/tests openwrt-agent/tests	2026-08-06T10:31:51.6507755Z             elif not effective_parameters and context.no_parameters:
backend	Run pytest backend/tests openwrt-agent/tests	2026-08-06T10:31:51.6508092Z                 if self.dialect._has_events:
backend	Run pytest backend/tests openwrt-agent/tests	2026-08-06T10:31:51.6508425Z                     for fn in self.dialect.dispatch.do_execute_no_params:
backend	Run pytest backend/tests openwrt-agent/tests	2026-08-06T10:31:51.6508791Z                         if fn(cursor, str_statement, context):
backend	Run pytest backend/tests openwrt-agent/tests	2026-08-06T10:31:51.6509099Z                             evt_handled = True
backend	Run pytest backend/tests openwrt-agent/tests	2026-08-06T10:31:51.6509356Z                             break
backend	Run pytest backend/tests openwrt-agent/tests	2026-08-06T10:31:51.6509600Z                 if not evt_handled:
backend	Run pytest backend/tests openwrt-agent/tests	2026-08-06T10:31:51.6509884Z                     self.dialect.do_execute_no_params(
backend	Run pytest backend/tests openwrt-agent/tests	2026-08-06T10:31:51.6510198Z                         cursor, str_statement, context
backend	Run pytest backend/tests openwrt-agent/tests	2026-08-06T10:31:51.6510474Z                     )
backend	Run pytest backend/tests openwrt-agent/tests	2026-08-06T10:31:51.6510680Z             else:
backend	Run pytest backend/tests openwrt-agent/tests	2026-08-06T10:31:51.6510902Z                 effective_parameters = cast(
backend	Run pytest backend/tests openwrt-agent/tests	2026-08-06T10:31:51.6511224Z                     "_CoreSingleExecuteParams", effective_parameters
backend	Run pytest backend/tests openwrt-agent/tests	2026-08-06T10:31:51.6511531Z                 )
backend	Run pytest backend/tests openwrt-agent/tests	2026-08-06T10:31:51.6511740Z                 if self.dialect._has_events:
backend	Run pytest backend/tests openwrt-agent/tests	2026-08-06T10:31:51.6512155Z                     for fn in self.dialect.dispatch.do_execute:
backend	Run pytest backend/tests openwrt-agent/tests	2026-08-06T10:31:51.6512482Z                         if fn(
backend	Run pytest backend/tests openwrt-agent/tests	2026-08-06T10:31:51.6512713Z                             cursor,
backend	Run pytest backend/tests openwrt-agent/tests	2026-08-06T10:31:51.6512981Z                             str_statement,
backend	Run pytest backend/tests openwrt-agent/tests	2026-08-06T10:31:51.6513255Z                             effective_parameters,
backend	Run pytest backend/tests openwrt-agent/tests	2026-08-06T10:31:51.6513533Z                             context,
backend	Run pytest backend/tests openwrt-agent/tests	2026-08-06T10:31:51.6513771Z                         ):
backend	Run pytest backend/tests openwrt-agent/tests	2026-08-06T10:31:51.6514006Z                             evt_handled = True
backend	Run pytest backend/tests openwrt-agent/tests	2026-08-06T10:31:51.6514267Z                             break
backend	Run pytest backend/tests openwrt-agent/tests	2026-08-06T10:31:51.6514501Z                 if not evt_handled:
backend	Run pytest backend/tests openwrt-agent/tests	2026-08-06T10:31:51.6514748Z >                   self.dialect.do_execute(
backend	Run pytest backend/tests openwrt-agent/tests	2026-08-06T10:31:51.6515067Z                         cursor, str_statement, effective_parameters, context
backend	Run pytest backend/tests openwrt-agent/tests	2026-08-06T10:31:51.6515394Z                     )
backend	Run pytest backend/tests openwrt-agent/tests	2026-08-06T10:31:51.6515523Z 
backend	Run pytest backend/tests openwrt-agent/tests	2026-08-06T10:31:51.6515819Z /opt/hostedtoolcache/Python/3.12.13/x64/lib/python3.12/site-packages/sqlalchemy/engine/base.py:1967: 
backend	Run pytest backend/tests openwrt-agent/tests	2026-08-06T10:31:51.6516508Z _ _ _ _ _ _ _ _ _ _ _ _ _ _ _ _ _ _ _ _ _ _ _ _ _ _ _ _ _ _ _ _ _ _ _ _ _ _ _ _ 
backend	Run pytest backend/tests openwrt-agent/tests	2026-08-06T10:31:51.6517086Z /opt/hostedtoolcache/Python/3.12.13/x64/lib/python3.12/site-packages/sqlalchemy/engine/default.py:951: in do_execute
backend	Run pytest backend/tests openwrt-agent/tests	2026-08-06T10:31:51.6517621Z     cursor.execute(statement, parameters)
backend	Run pytest backend/tests openwrt-agent/tests	2026-08-06T10:31:51.6517943Z _ _ _ _ _ _ _ _ _ _ _ _ _ _ _ _ _ _ _ _ _ _ _ _ _ _ _ _ _ _ _ _ _ _ _ _ _ _ _ _ 
backend	Run pytest backend/tests openwrt-agent/tests	2026-08-06T10:31:51.6518175Z 
backend	Run pytest backend/tests openwrt-agent/tests	2026-08-06T10:31:51.6518497Z self = <psycopg.Cursor [closed] [IDLE] (host=localhost user=wrtmonitor database=wrtmonitor_test) at 0x7f464f207b90>
backend	Run pytest backend/tests openwrt-agent/tests	2026-08-06T10:31:51.6519592Z query = '\nCREATE TABLE device_groups (\n\tid UUID NOT NULL, \n\tname VARCHAR(120) NOT NULL, \n\tdescription TEXT, \n\tcreated...H TIME ZONE NOT NULL, \n\tupdated_at TIMESTAMP WITH TIME ZONE NOT NULL, \n\tPRIMARY KEY (id), \n\tUNIQUE (name)\n)\n\n'
backend	Run pytest backend/tests openwrt-agent/tests	2026-08-06T10:31:51.6520484Z params = immutabledict({})
backend	Run pytest backend/tests openwrt-agent/tests	2026-08-06T10:31:51.6520635Z 
backend	Run pytest backend/tests openwrt-agent/tests	2026-08-06T10:31:51.6520728Z     def execute(
backend	Run pytest backend/tests openwrt-agent/tests	2026-08-06T10:31:51.6520929Z         self,
backend	Run pytest backend/tests openwrt-agent/tests	2026-08-06T10:31:51.6521129Z         query: Query,
backend	Run pytest backend/tests openwrt-agent/tests	2026-08-06T10:31:51.6521351Z         params: Params | None = None,
backend	Run pytest backend/tests openwrt-agent/tests	2026-08-06T10:31:51.6521603Z         *,
backend	Run pytest backend/tests openwrt-agent/tests	2026-08-06T10:31:51.6521802Z         prepare: bool | None = None,
backend	Run pytest backend/tests openwrt-agent/tests	2026-08-06T10:31:51.6522242Z         binary: bool | None = None,
backend	Run pytest backend/tests openwrt-agent/tests	2026-08-06T10:31:51.6522546Z     ) -> Self:
backend	Run pytest backend/tests openwrt-agent/tests	2026-08-06T10:31:51.6522739Z         """
backend	Run pytest backend/tests openwrt-agent/tests	2026-08-06T10:31:51.6522968Z         Execute a query or command to the database.
backend	Run pytest backend/tests openwrt-agent/tests	2026-08-06T10:31:51.6523245Z         """
backend	Run pytest backend/tests openwrt-agent/tests	2026-08-06T10:31:51.6523421Z         try:
backend	Run pytest backend/tests openwrt-agent/tests	2026-08-06T10:31:51.6523611Z             with self._conn.lock:
backend	Run pytest backend/tests openwrt-agent/tests	2026-08-06T10:31:51.6523862Z                 self._conn.wait(
backend	Run pytest backend/tests openwrt-agent/tests	2026-08-06T10:31:51.6524198Z                     self._execute_gen(query, params, prepare=prepare, binary=binary)
backend	Run pytest backend/tests openwrt-agent/tests	2026-08-06T10:31:51.6524701Z                 )
backend	Run pytest backend/tests openwrt-agent/tests	2026-08-06T10:31:51.6524917Z         except e._NO_TRACEBACK as ex:
backend	Run pytest backend/tests openwrt-agent/tests	2026-08-06T10:31:51.6525186Z >           raise ex.with_traceback(None)
backend	Run pytest backend/tests openwrt-agent/tests	2026-08-06T10:31:51.6525589Z E           psycopg.errors.DuplicateTable: relation "device_groups" already exists
backend	Run pytest backend/tests openwrt-agent/tests	2026-08-06T10:31:51.6525893Z 
backend	Run pytest backend/tests openwrt-agent/tests	2026-08-06T10:31:51.6526213Z /opt/hostedtoolcache/Python/3.12.13/x64/lib/python3.12/site-packages/psycopg/cursor.py:117: DuplicateTable
backend	Run pytest backend/tests openwrt-agent/tests	2026-08-06T10:31:51.6526611Z 
backend	Run pytest backend/tests openwrt-agent/tests	2026-08-06T10:31:51.6526793Z The above exception was the direct cause of the following exception:
backend	Run pytest backend/tests openwrt-agent/tests	2026-08-06T10:31:51.6527060Z 
backend	Run pytest backend/tests openwrt-agent/tests	2026-08-06T10:31:51.6527227Z     def test_router_registration_telemetry_and_latest_api_e2e():
backend	Run pytest backend/tests openwrt-agent/tests	2026-08-06T10:31:51.6527577Z         if not postgres_e2e_enabled():
backend	Run pytest backend/tests openwrt-agent/tests	2026-08-06T10:31:51.6527944Z             pytest.skip("PostgreSQL E2E test requires WRTMONITOR_DATABASE_URL")
backend	Run pytest backend/tests openwrt-agent/tests	2026-08-06T10:31:51.6528314Z >       clear_database()
backend	Run pytest backend/tests openwrt-agent/tests	2026-08-06T10:31:51.6528450Z 
backend	Run pytest backend/tests openwrt-agent/tests	2026-08-06T10:31:51.6528567Z backend/tests/test_api.py:532: 
backend	Run pytest backend/tests openwrt-agent/tests	2026-08-06T10:31:51.6528864Z _ _ _ _ _ _ _ _ _ _ _ _ _ _ _ _ _ _ _ _ _ _ _ _ _ _ _ _ _ _ _ _ _ _ _ _ _ _ _ _ 
backend	Run pytest backend/tests openwrt-agent/tests	2026-08-06T10:31:51.6529214Z backend/tests/test_api.py:490: in clear_database
backend	Run pytest backend/tests openwrt-agent/tests	2026-08-06T10:31:51.6529490Z     init_db()
backend	Run pytest backend/tests openwrt-agent/tests	2026-08-06T10:31:51.6529697Z backend/app/db.py:108: in init_db
backend	Run pytest backend/tests openwrt-agent/tests	2026-08-06T10:31:51.6529932Z     migrate_db()
backend	Run pytest backend/tests openwrt-agent/tests	2026-08-06T10:31:51.6530143Z backend/app/db.py:96: in migrate_db
backend	Run pytest backend/tests openwrt-agent/tests	2026-08-06T10:31:51.6530404Z     command.upgrade(config, "head")
backend	Run pytest backend/tests openwrt-agent/tests	2026-08-06T10:31:51.6530854Z /opt/hostedtoolcache/Python/3.12.13/x64/lib/python3.12/site-packages/alembic/command.py:483: in upgrade
backend	Run pytest backend/tests openwrt-agent/tests	2026-08-06T10:31:51.6531316Z     script.run_env()
backend	Run pytest backend/tests openwrt-agent/tests	2026-08-06T10:31:51.6531738Z /opt/hostedtoolcache/Python/3.12.13/x64/lib/python3.12/site-packages/alembic/script/base.py:545: in run_env
backend	Run pytest backend/tests openwrt-agent/tests	2026-08-06T10:31:51.6532439Z     util.load_python_file(self.dir, "env.py")
backend	Run pytest backend/tests openwrt-agent/tests	2026-08-06T10:31:51.6532975Z /opt/hostedtoolcache/Python/3.12.13/x64/lib/python3.12/site-packages/alembic/util/pyfiles.py:116: in load_python_file
backend	Run pytest backend/tests openwrt-agent/tests	2026-08-06T10:31:51.6533512Z     module = load_module_py(module_id, path)
backend	Run pytest backend/tests openwrt-agent/tests	2026-08-06T10:31:51.6533790Z              ^^^^^^^^^^^^^^^^^^^^^^^^^^^^^^^
backend	Run pytest backend/tests openwrt-agent/tests	2026-08-06T10:31:51.6534276Z /opt/hostedtoolcache/Python/3.12.13/x64/lib/python3.12/site-packages/alembic/util/pyfiles.py:136: in load_module_py
backend	Run pytest backend/tests openwrt-agent/tests	2026-08-06T10:31:51.6534971Z     spec.loader.exec_module(module)  # type: ignore
backend	Run pytest backend/tests openwrt-agent/tests	2026-08-06T10:31:51.6535281Z     ^^^^^^^^^^^^^^^^^^^^^^^^^^^^^^^
backend	Run pytest backend/tests openwrt-agent/tests	2026-08-06T10:31:51.6535587Z <frozen importlib._bootstrap_external>:999: in exec_module
backend	Run pytest backend/tests openwrt-agent/tests	2026-08-06T10:31:51.6535894Z     ???
backend	Run pytest backend/tests openwrt-agent/tests	2026-08-06T10:31:51.6536157Z <frozen importlib._bootstrap>:488: in _call_with_frames_removed
backend	Run pytest backend/tests openwrt-agent/tests	2026-08-06T10:31:51.6536482Z     ???
backend	Run pytest backend/tests openwrt-agent/tests	2026-08-06T10:31:51.6536686Z backend/alembic/env.py:58: in <module>
backend	Run pytest backend/tests openwrt-agent/tests	2026-08-06T10:31:51.6536964Z     run_migrations_online()
backend	Run pytest backend/tests openwrt-agent/tests	2026-08-06T10:31:51.6537245Z backend/alembic/env.py:40: in run_migrations_online
backend	Run pytest backend/tests openwrt-agent/tests	2026-08-06T10:31:51.6537546Z     context.run_migrations()
backend	Run pytest backend/tests openwrt-agent/tests	2026-08-06T10:31:51.6537802Z <string>:8: in run_migrations
backend	Run pytest backend/tests openwrt-agent/tests	2026-08-06T10:31:51.6538034Z     ???
backend	Run pytest backend/tests openwrt-agent/tests	2026-08-06T10:31:51.6538489Z /opt/hostedtoolcache/Python/3.12.13/x64/lib/python3.12/site-packages/alembic/runtime/environment.py:946: in run_migrations
backend	Run pytest backend/tests openwrt-agent/tests	2026-08-06T10:31:51.6539036Z     self.get_context().run_migrations(**kw)
backend	Run pytest backend/tests openwrt-agent/tests	2026-08-06T10:31:51.6539555Z /opt/hostedtoolcache/Python/3.12.13/x64/lib/python3.12/site-packages/alembic/runtime/migration.py:627: in run_migrations
backend	Run pytest backend/tests openwrt-agent/tests	2026-08-06T10:31:51.6540064Z     step.migration_fn(**kw)
backend	Run pytest backend/tests openwrt-agent/tests	2026-08-06T10:31:51.6540385Z backend/alembic/versions/0002_add_device_groups.py:24: in upgrade
backend	Run pytest backend/tests openwrt-agent/tests	2026-08-06T10:31:51.6540727Z     op.create_table(
backend	Run pytest backend/tests openwrt-agent/tests	2026-08-06T10:31:51.6540945Z <string>:8: in create_table
backend	Run pytest backend/tests openwrt-agent/tests	2026-08-06T10:31:51.6541164Z     ???
backend	Run pytest backend/tests openwrt-agent/tests	2026-08-06T10:31:51.6541348Z <string>:3: in create_table
backend	Run pytest backend/tests openwrt-agent/tests	2026-08-06T10:31:51.6541555Z     ???
backend	Run pytest backend/tests openwrt-agent/tests	2026-08-06T10:31:51.6541979Z /opt/hostedtoolcache/Python/3.12.13/x64/lib/python3.12/site-packages/alembic/operations/ops.py:1332: in create_table
backend	Run pytest backend/tests openwrt-agent/tests	2026-08-06T10:31:51.6542643Z     return operations.invoke(op)
backend	Run pytest backend/tests openwrt-agent/tests	2026-08-06T10:31:51.6543023Z            ^^^^^^^^^^^^^^^^^^^^^
backend	Run pytest backend/tests openwrt-agent/tests	2026-08-06T10:31:51.6543470Z /opt/hostedtoolcache/Python/3.12.13/x64/lib/python3.12/site-packages/alembic/operations/base.py:454: in invoke
backend	Run pytest backend/tests openwrt-agent/tests	2026-08-06T10:31:51.6543959Z     return fn(self, operation)
backend	Run pytest backend/tests openwrt-agent/tests	2026-08-06T10:31:51.6544190Z            ^^^^^^^^^^^^^^^^^^^
backend	Run pytest backend/tests openwrt-agent/tests	2026-08-06T10:31:51.6544658Z /opt/hostedtoolcache/Python/3.12.13/x64/lib/python3.12/site-packages/alembic/operations/toimpl.py:135: in create_table
backend	Run pytest backend/tests openwrt-agent/tests	2026-08-06T10:31:51.6545195Z     operations.impl.create_table(table, **kw)
backend	Run pytest backend/tests openwrt-agent/tests	2026-08-06T10:31:51.6545687Z /opt/hostedtoolcache/Python/3.12.13/x64/lib/python3.12/site-packages/alembic/ddl/impl.py:423: in create_table
backend	Run pytest backend/tests openwrt-agent/tests	2026-08-06T10:31:51.6546190Z     self._exec(schema.CreateTable(table, **kw))
backend	Run pytest backend/tests openwrt-agent/tests	2026-08-06T10:31:51.6546658Z /opt/hostedtoolcache/Python/3.12.13/x64/lib/python3.12/site-packages/alembic/ddl/impl.py:246: in _exec
backend	Run pytest backend/tests openwrt-agent/tests	2026-08-06T10:31:51.6547131Z     return conn.execute(construct, params)
backend	Run pytest backend/tests openwrt-agent/tests	2026-08-06T10:31:51.6547403Z            ^^^^^^^^^^^^^^^^^^^^^^^^^^^^^^^
backend	Run pytest backend/tests openwrt-agent/tests	2026-08-06T10:31:51.6547865Z /opt/hostedtoolcache/Python/3.12.13/x64/lib/python3.12/site-packages/sqlalchemy/engine/base.py:1419: in execute
backend	Run pytest backend/tests openwrt-agent/tests	2026-08-06T10:31:51.6548335Z     return meth(
backend	Run pytest backend/tests openwrt-agent/tests	2026-08-06T10:31:51.6548794Z /opt/hostedtoolcache/Python/3.12.13/x64/lib/python3.12/site-packages/sqlalchemy/sql/ddl.py:187: in _execute_on_connection
backend	Run pytest backend/tests openwrt-agent/tests	2026-08-06T10:31:51.6549313Z     return connection._execute_ddl(
backend	Run pytest backend/tests openwrt-agent/tests	2026-08-06T10:31:51.6549796Z /opt/hostedtoolcache/Python/3.12.13/x64/lib/python3.12/site-packages/sqlalchemy/engine/base.py:1530: in _execute_ddl
backend	Run pytest backend/tests openwrt-agent/tests	2026-08-06T10:31:51.6550295Z     ret = self._execute_context(
backend	Run pytest backend/tests openwrt-agent/tests	2026-08-06T10:31:51.6550775Z /opt/hostedtoolcache/Python/3.12.13/x64/lib/python3.12/site-packages/sqlalchemy/engine/base.py:1846: in _execute_context
backend	Run pytest backend/tests openwrt-agent/tests	2026-08-06T10:31:51.6551286Z     return self._exec_single_context(
backend	Run pytest backend/tests openwrt-agent/tests	2026-08-06T10:31:51.6551804Z /opt/hostedtoolcache/Python/3.12.13/x64/lib/python3.12/site-packages/sqlalchemy/engine/base.py:1986: in _exec_single_context
backend	Run pytest backend/tests openwrt-agent/tests	2026-08-06T10:31:51.6552454Z     self._handle_dbapi_exception(
backend	Run pytest backend/tests openwrt-agent/tests	2026-08-06T10:31:51.6552976Z /opt/hostedtoolcache/Python/3.12.13/x64/lib/python3.12/site-packages/sqlalchemy/engine/base.py:2355: in _handle_dbapi_exception
backend	Run pytest backend/tests openwrt-agent/tests	2026-08-06T10:31:51.6553826Z     raise sqlalchemy_exception.with_traceback(exc_info[2]) from e
backend	Run pytest backend/tests openwrt-agent/tests	2026-08-06T10:31:51.6554819Z /opt/hostedtoolcache/Python/3.12.13/x64/lib/python3.12/site-packages/sqlalchemy/engine/base.py:1967: in _exec_single_context
backend	Run pytest backend/tests openwrt-agent/tests	2026-08-06T10:31:51.6555648Z     self.dialect.do_execute(
backend	Run pytest backend/tests openwrt-agent/tests	2026-08-06T10:31:51.6556359Z /opt/hostedtoolcache/Python/3.12.13/x64/lib/python3.12/site-packages/sqlalchemy/engine/default.py:951: in do_execute
backend	Run pytest backend/tests openwrt-agent/tests	2026-08-06T10:31:51.6557114Z     cursor.execute(statement, parameters)
backend	Run pytest backend/tests openwrt-agent/tests	2026-08-06T10:31:51.6557588Z _ _ _ _ _ _ _ _ _ _ _ _ _ _ _ _ _ _ _ _ _ _ _ _ _ _ _ _ _ _ _ _ _ _ _ _ _ _ _ _ 
backend	Run pytest backend/tests openwrt-agent/tests	2026-08-06T10:31:51.6557987Z 
backend	Run pytest backend/tests openwrt-agent/tests	2026-08-06T10:31:51.6558529Z self = <psycopg.Cursor [closed] [IDLE] (host=localhost user=wrtmonitor database=wrtmonitor_test) at 0x7f464f207b90>
backend	Run pytest backend/tests openwrt-agent/tests	2026-08-06T10:31:51.6560429Z query = '\nCREATE TABLE device_groups (\n\tid UUID NOT NULL, \n\tname VARCHAR(120) NOT NULL, \n\tdescription TEXT, \n\tcreated...H TIME ZONE NOT NULL, \n\tupdated_at TIMESTAMP WITH TIME ZONE NOT NULL, \n\tPRIMARY KEY (id), \n\tUNIQUE (name)\n)\n\n'
backend	Run pytest backend/tests openwrt-agent/tests	2026-08-06T10:31:51.6561899Z params = immutabledict({})
backend	Run pytest backend/tests openwrt-agent/tests	2026-08-06T10:31:51.6562310Z 
backend	Run pytest backend/tests openwrt-agent/tests	2026-08-06T10:31:51.6562457Z     def execute(
backend	Run pytest backend/tests openwrt-agent/tests	2026-08-06T10:31:51.6562761Z         self,
backend	Run pytest backend/tests openwrt-agent/tests	2026-08-06T10:31:51.6563101Z         query: Query,
backend	Run pytest backend/tests openwrt-agent/tests	2026-08-06T10:31:51.6563463Z         params: Params | None = None,
backend	Run pytest backend/tests openwrt-agent/tests	2026-08-06T10:31:51.6563859Z         *,
backend	Run pytest backend/tests openwrt-agent/tests	2026-08-06T10:31:51.6564165Z         prepare: bool | None = None,
backend	Run pytest backend/tests openwrt-agent/tests	2026-08-06T10:31:51.6564573Z         binary: bool | None = None,
backend	Run pytest backend/tests openwrt-agent/tests	2026-08-06T10:31:51.6564953Z     ) -> Self:
backend	Run pytest backend/tests openwrt-agent/tests	2026-08-06T10:31:51.6565246Z         """
backend	Run pytest backend/tests openwrt-agent/tests	2026-08-06T10:31:51.6565594Z         Execute a query or command to the database.
backend	Run pytest backend/tests openwrt-agent/tests	2026-08-06T10:31:51.6566032Z         """
backend	Run pytest backend/tests openwrt-agent/tests	2026-08-06T10:31:51.6566299Z         try:
backend	Run pytest backend/tests openwrt-agent/tests	2026-08-06T10:31:51.6566604Z             with self._conn.lock:
backend	Run pytest backend/tests openwrt-agent/tests	2026-08-06T10:31:51.6567249Z                 self._conn.wait(
backend	Run pytest backend/tests openwrt-agent/tests	2026-08-06T10:31:51.6567735Z                     self._execute_gen(query, params, prepare=prepare, binary=binary)
backend	Run pytest backend/tests openwrt-agent/tests	2026-08-06T10:31:51.6568101Z                 )
backend	Run pytest backend/tests openwrt-agent/tests	2026-08-06T10:31:51.6568329Z         except e._NO_TRACEBACK as ex:
backend	Run pytest backend/tests openwrt-agent/tests	2026-08-06T10:31:51.6568606Z >           raise ex.with_traceback(None)
backend	Run pytest backend/tests openwrt-agent/tests	2026-08-06T10:31:51.6569113Z E           sqlalchemy.exc.ProgrammingError: (psycopg.errors.DuplicateTable) relation "device_groups" already exists
backend	Run pytest backend/tests openwrt-agent/tests	2026-08-06T10:31:51.6569615Z E           [SQL: 
backend	Run pytest backend/tests openwrt-agent/tests	2026-08-06T10:31:51.6569834Z E           CREATE TABLE device_groups (
backend	Run pytest backend/tests openwrt-agent/tests	2026-08-06T10:31:51.6570104Z E           	id UUID NOT NULL, 
backend	Run pytest backend/tests openwrt-agent/tests	2026-08-06T10:31:51.6570350Z E           	name VARCHAR(120) NOT NULL, 
backend	Run pytest backend/tests openwrt-agent/tests	2026-08-06T10:31:51.6570612Z E           	description TEXT, 
backend	Run pytest backend/tests openwrt-agent/tests	2026-08-06T10:31:51.6570893Z E           	created_at TIMESTAMP WITH TIME ZONE NOT NULL, 
backend	Run pytest backend/tests openwrt-agent/tests	2026-08-06T10:31:51.6571236Z E           	updated_at TIMESTAMP WITH TIME ZONE NOT NULL, 
backend	Run pytest backend/tests openwrt-agent/tests	2026-08-06T10:31:51.6571535Z E           	PRIMARY KEY (id), 
backend	Run pytest backend/tests openwrt-agent/tests	2026-08-06T10:31:51.6571766Z E           	UNIQUE (name)
backend	Run pytest backend/tests openwrt-agent/tests	2026-08-06T10:31:51.6571984Z E           )
backend	Run pytest backend/tests openwrt-agent/tests	2026-08-06T10:31:51.6572398Z E           
backend	Run pytest backend/tests openwrt-agent/tests	2026-08-06T10:31:51.6572578Z E           ]
backend	Run pytest backend/tests openwrt-agent/tests	2026-08-06T10:31:51.6572870Z E           (Background on this error at: https://sqlalche.me/e/20/f405)
backend	Run pytest backend/tests openwrt-agent/tests	2026-08-06T10:31:51.6573145Z 
backend	Run pytest backend/tests openwrt-agent/tests	2026-08-06T10:31:51.6573467Z /opt/hostedtoolcache/Python/3.12.13/x64/lib/python3.12/site-packages/psycopg/cursor.py:117: ProgrammingError
backend	Run pytest backend/tests openwrt-agent/tests	2026-08-06T10:31:51.6574049Z ----------------------------- Captured stderr call -----------------------------
backend	Run pytest backend/tests openwrt-agent/tests	2026-08-06T10:31:51.6574486Z INFO  [alembic.runtime.migration] Context impl PostgresqlImpl.
backend	Run pytest backend/tests openwrt-agent/tests	2026-08-06T10:31:51.6574903Z INFO  [alembic.runtime.migration] Will assume transactional DDL.
backend	Run pytest backend/tests openwrt-agent/tests	2026-08-06T10:31:51.6575464Z INFO  [alembic.runtime.migration] Running upgrade  -> 0001_initial_schema, Single pre-release schema baseline.
backend	Run pytest backend/tests openwrt-agent/tests	2026-08-06T10:31:51.6576235Z INFO  [alembic.runtime.migration] Running upgrade 0001_initial_schema -> 0002_add_device_groups, Add DeviceGroup and group_id to Device.
backend	Run pytest backend/tests openwrt-agent/tests	2026-08-06T10:31:51.6576917Z ____________ test_managed_sessions_rotation_and_password_change_e2e ____________
backend	Run pytest backend/tests openwrt-agent/tests	2026-08-06T10:31:51.6577209Z 
backend	Run pytest backend/tests openwrt-agent/tests	2026-08-06T10:31:51.6577614Z self = <sqlalchemy.engine.base.Connection object at 0x7f464f0e3f50>
backend	Run pytest backend/tests openwrt-agent/tests	2026-08-06T10:31:51.6578167Z dialect = <sqlalchemy.dialects.postgresql.psycopg.PGDialect_psycopg object at 0x7f4652350b30>
backend	Run pytest backend/tests openwrt-agent/tests	2026-08-06T10:31:51.6578860Z context = <sqlalchemy.dialects.postgresql.psycopg.PGExecutionContext_psycopg object at 0x7f464e8a1c40>
backend	Run pytest backend/tests openwrt-agent/tests	2026-08-06T10:31:51.6579529Z statement = <sqlalchemy.dialects.postgresql.base.PGDDLCompiler object at 0x7f464e8a1520>
backend	Run pytest backend/tests openwrt-agent/tests	2026-08-06T10:31:51.6579974Z parameters = [immutabledict({})]
backend	Run pytest backend/tests openwrt-agent/tests	2026-08-06T10:31:51.6580144Z 
backend	Run pytest backend/tests openwrt-agent/tests	2026-08-06T10:31:51.6580239Z     def _exec_single_context(
backend	Run pytest backend/tests openwrt-agent/tests	2026-08-06T10:31:51.6580472Z         self,
backend	Run pytest backend/tests openwrt-agent/tests	2026-08-06T10:31:51.6580670Z         dialect: Dialect,
backend	Run pytest backend/tests openwrt-agent/tests	2026-08-06T10:31:51.6580910Z         context: ExecutionContext,
backend	Run pytest backend/tests openwrt-agent/tests	2026-08-06T10:31:51.6581187Z         statement: Union[str, Compiled],
backend	Run pytest backend/tests openwrt-agent/tests	2026-08-06T10:31:51.6581502Z         parameters: Optional[_AnyMultiExecuteParams],
backend	Run pytest backend/tests openwrt-agent/tests	2026-08-06T10:31:51.6581810Z     ) -> CursorResult[Any]:
backend	Run pytest backend/tests openwrt-agent/tests	2026-08-06T10:31:51.6582237Z         """continue the _execute_context() method for a single DBAPI
backend	Run pytest backend/tests openwrt-agent/tests	2026-08-06T10:31:51.6582627Z         cursor.execute() or cursor.executemany() call.
backend	Run pytest backend/tests openwrt-agent/tests	2026-08-06T10:31:51.6582911Z     
backend	Run pytest backend/tests openwrt-agent/tests	2026-08-06T10:31:51.6583094Z         """
backend	Run pytest backend/tests openwrt-agent/tests	2026-08-06T10:31:51.6583341Z         if dialect.bind_typing is BindTyping.SETINPUTSIZES:
backend	Run pytest backend/tests openwrt-agent/tests	2026-08-06T10:31:51.6583736Z             generic_setinputsizes = context._prepare_set_input_sizes()
backend	Run pytest backend/tests openwrt-agent/tests	2026-08-06T10:31:51.6584069Z     
backend	Run pytest backend/tests openwrt-agent/tests	2026-08-06T10:31:51.6584271Z             if generic_setinputsizes:
backend	Run pytest backend/tests openwrt-agent/tests	2026-08-06T10:31:51.6584532Z                 try:
backend	Run pytest backend/tests openwrt-agent/tests	2026-08-06T10:31:51.6584764Z                     dialect.do_set_input_sizes(
backend	Run pytest backend/tests openwrt-agent/tests	2026-08-06T10:31:51.6585094Z                         context.cursor, generic_setinputsizes, context
backend	Run pytest backend/tests openwrt-agent/tests	2026-08-06T10:31:51.6585397Z                     )
backend	Run pytest backend/tests openwrt-agent/tests	2026-08-06T10:31:51.6585758Z                 except BaseException as e:
backend	Run pytest backend/tests openwrt-agent/tests	2026-08-06T10:31:51.6586063Z                     self._handle_dbapi_exception(
backend	Run pytest backend/tests openwrt-agent/tests	2026-08-06T10:31:51.6586394Z                         e, str(statement), parameters, None, context
backend	Run pytest backend/tests openwrt-agent/tests	2026-08-06T10:31:51.6586720Z                     )
backend	Run pytest backend/tests openwrt-agent/tests	2026-08-06T10:31:51.6586927Z     
backend	Run pytest backend/tests openwrt-agent/tests	2026-08-06T10:31:51.6587142Z         cursor, str_statement, parameters = (
backend	Run pytest backend/tests openwrt-agent/tests	2026-08-06T10:31:51.6587424Z             context.cursor,
backend	Run pytest backend/tests openwrt-agent/tests	2026-08-06T10:31:51.6587668Z             context.statement,
backend	Run pytest backend/tests openwrt-agent/tests	2026-08-06T10:31:51.6587927Z             context.parameters,
backend	Run pytest backend/tests openwrt-agent/tests	2026-08-06T10:31:51.6588173Z         )
backend	Run pytest backend/tests openwrt-agent/tests	2026-08-06T10:31:51.6588360Z     
backend	Run pytest backend/tests openwrt-agent/tests	2026-08-06T10:31:51.6588602Z         effective_parameters: Optional[_AnyExecuteParams]
backend	Run pytest backend/tests openwrt-agent/tests	2026-08-06T10:31:51.6588901Z     
backend	Run pytest backend/tests openwrt-agent/tests	2026-08-06T10:31:51.6589096Z         if not context.executemany:
backend	Run pytest backend/tests openwrt-agent/tests	2026-08-06T10:31:51.6589381Z             effective_parameters = parameters[0]
backend	Run pytest backend/tests openwrt-agent/tests	2026-08-06T10:31:51.6589651Z         else:
backend	Run pytest backend/tests openwrt-agent/tests	2026-08-06T10:31:51.6589866Z             effective_parameters = parameters
backend	Run pytest backend/tests openwrt-agent/tests	2026-08-06T10:31:51.6590129Z     
backend	Run pytest backend/tests openwrt-agent/tests	2026-08-06T10:31:51.6590357Z         if self._has_events or self.engine._has_events:
backend	Run pytest backend/tests openwrt-agent/tests	2026-08-06T10:31:51.6590699Z             for fn in self.dispatch.before_cursor_execute:
backend	Run pytest backend/tests openwrt-agent/tests	2026-08-06T10:31:51.6591047Z                 str_statement, effective_parameters = fn(
backend	Run pytest backend/tests openwrt-agent/tests	2026-08-06T10:31:51.6591336Z                     self,
backend	Run pytest backend/tests openwrt-agent/tests	2026-08-06T10:31:51.6591551Z                     cursor,
backend	Run pytest backend/tests openwrt-agent/tests	2026-08-06T10:31:51.6591777Z                     str_statement,
backend	Run pytest backend/tests openwrt-agent/tests	2026-08-06T10:31:51.6592029Z                     effective_parameters,
backend	Run pytest backend/tests openwrt-agent/tests	2026-08-06T10:31:51.6592402Z                     context,
backend	Run pytest backend/tests openwrt-agent/tests	2026-08-06T10:31:51.6592643Z                     context.executemany,
backend	Run pytest backend/tests openwrt-agent/tests	2026-08-06T10:31:51.6592899Z                 )
backend	Run pytest backend/tests openwrt-agent/tests	2026-08-06T10:31:51.6593090Z     
backend	Run pytest backend/tests openwrt-agent/tests	2026-08-06T10:31:51.6593273Z         if self._echo:
backend	Run pytest backend/tests openwrt-agent/tests	2026-08-06T10:31:51.6593497Z             self._log_info(str_statement)
backend	Run pytest backend/tests openwrt-agent/tests	2026-08-06T10:31:51.6593746Z     
backend	Run pytest backend/tests openwrt-agent/tests	2026-08-06T10:31:51.6593946Z             stats = context._get_cache_stats()
backend	Run pytest backend/tests openwrt-agent/tests	2026-08-06T10:31:51.6594212Z     
backend	Run pytest backend/tests openwrt-agent/tests	2026-08-06T10:31:51.6594413Z             if not self.engine.hide_parameters:
backend	Run pytest backend/tests openwrt-agent/tests	2026-08-06T10:31:51.6594691Z                 self._log_info(
backend	Run pytest backend/tests openwrt-agent/tests	2026-08-06T10:31:51.6594925Z                     "[%s] %r",
backend	Run pytest backend/tests openwrt-agent/tests	2026-08-06T10:31:51.6595298Z                     stats,
backend	Run pytest backend/tests openwrt-agent/tests	2026-08-06T10:31:51.6595530Z                     sql_util._repr_params(
backend	Run pytest backend/tests openwrt-agent/tests	2026-08-06T10:31:51.6595806Z                         effective_parameters,
backend	Run pytest backend/tests openwrt-agent/tests	2026-08-06T10:31:51.6596071Z                         batches=10,
backend	Run pytest backend/tests openwrt-agent/tests	2026-08-06T10:31:51.6596341Z                         ismulti=context.executemany,
backend	Run pytest backend/tests openwrt-agent/tests	2026-08-06T10:31:51.6596615Z                     ),
backend	Run pytest backend/tests openwrt-agent/tests	2026-08-06T10:31:51.6596816Z                 )
backend	Run pytest backend/tests openwrt-agent/tests	2026-08-06T10:31:51.6597010Z             else:
backend	Run pytest backend/tests openwrt-agent/tests	2026-08-06T10:31:51.6597205Z                 self._log_info(
backend	Run pytest backend/tests openwrt-agent/tests	2026-08-06T10:31:51.6597509Z                     "[%s] [SQL parameters hidden due to hide_parameters=True]",
backend	Run pytest backend/tests openwrt-agent/tests	2026-08-06T10:31:51.6597853Z                     stats,
backend	Run pytest backend/tests openwrt-agent/tests	2026-08-06T10:31:51.6598061Z                 )
backend	Run pytest backend/tests openwrt-agent/tests	2026-08-06T10:31:51.6598241Z     
backend	Run pytest backend/tests openwrt-agent/tests	2026-08-06T10:31:51.6598441Z         evt_handled: bool = False
backend	Run pytest backend/tests openwrt-agent/tests	2026-08-06T10:31:51.6598684Z         try:
backend	Run pytest backend/tests openwrt-agent/tests	2026-08-06T10:31:51.6598939Z             if context.execute_style is ExecuteStyle.EXECUTEMANY:
backend	Run pytest backend/tests openwrt-agent/tests	2026-08-06T10:31:51.6599279Z                 effective_parameters = cast(
backend	Run pytest backend/tests openwrt-agent/tests	2026-08-06T10:31:51.6599610Z                     "_CoreMultiExecuteParams", effective_parameters
backend	Run pytest backend/tests openwrt-agent/tests	2026-08-06T10:31:51.6599917Z                 )
backend	Run pytest backend/tests openwrt-agent/tests	2026-08-06T10:31:51.6600127Z                 if self.dialect._has_events:
backend	Run pytest backend/tests openwrt-agent/tests	2026-08-06T10:31:51.6600435Z                     for fn in self.dialect.dispatch.do_executemany:
backend	Run pytest backend/tests openwrt-agent/tests	2026-08-06T10:31:51.6600736Z                         if fn(
backend	Run pytest backend/tests openwrt-agent/tests	2026-08-06T10:31:51.6600964Z                             cursor,
backend	Run pytest backend/tests openwrt-agent/tests	2026-08-06T10:31:51.6601206Z                             str_statement,
backend	Run pytest backend/tests openwrt-agent/tests	2026-08-06T10:31:51.6601477Z                             effective_parameters,
backend	Run pytest backend/tests openwrt-agent/tests	2026-08-06T10:31:51.6601751Z                             context,
backend	Run pytest backend/tests openwrt-agent/tests	2026-08-06T10:31:51.6602002Z                         ):
backend	Run pytest backend/tests openwrt-agent/tests	2026-08-06T10:31:51.6602450Z                             evt_handled = True
backend	Run pytest backend/tests openwrt-agent/tests	2026-08-06T10:31:51.6602883Z                             break
backend	Run pytest backend/tests openwrt-agent/tests	2026-08-06T10:31:51.6603126Z                 if not evt_handled:
backend	Run pytest backend/tests openwrt-agent/tests	2026-08-06T10:31:51.6603393Z                     self.dialect.do_executemany(
backend	Run pytest backend/tests openwrt-agent/tests	2026-08-06T10:31:51.6603676Z                         cursor,
backend	Run pytest backend/tests openwrt-agent/tests	2026-08-06T10:31:51.6603918Z                         str_statement,
backend	Run pytest backend/tests openwrt-agent/tests	2026-08-06T10:31:51.6604190Z                         effective_parameters,
backend	Run pytest backend/tests openwrt-agent/tests	2026-08-06T10:31:51.6604463Z                         context,
backend	Run pytest backend/tests openwrt-agent/tests	2026-08-06T10:31:51.6604696Z                     )
backend	Run pytest backend/tests openwrt-agent/tests	2026-08-06T10:31:51.6604981Z             elif not effective_parameters and context.no_parameters:
backend	Run pytest backend/tests openwrt-agent/tests	2026-08-06T10:31:51.6605328Z                 if self.dialect._has_events:
backend	Run pytest backend/tests openwrt-agent/tests	2026-08-06T10:31:51.6605665Z                     for fn in self.dialect.dispatch.do_execute_no_params:
backend	Run pytest backend/tests openwrt-agent/tests	2026-08-06T10:31:51.6606031Z                         if fn(cursor, str_statement, context):
backend	Run pytest backend/tests openwrt-agent/tests	2026-08-06T10:31:51.6606340Z                             evt_handled = True
backend	Run pytest backend/tests openwrt-agent/tests	2026-08-06T10:31:51.6606610Z                             break
backend	Run pytest backend/tests openwrt-agent/tests	2026-08-06T10:31:51.6606855Z                 if not evt_handled:
backend	Run pytest backend/tests openwrt-agent/tests	2026-08-06T10:31:51.6607132Z                     self.dialect.do_execute_no_params(
backend	Run pytest backend/tests openwrt-agent/tests	2026-08-06T10:31:51.6607436Z                         cursor, str_statement, context
backend	Run pytest backend/tests openwrt-agent/tests	2026-08-06T10:31:51.6607705Z                     )
backend	Run pytest backend/tests openwrt-agent/tests	2026-08-06T10:31:51.6607906Z             else:
backend	Run pytest backend/tests openwrt-agent/tests	2026-08-06T10:31:51.6608125Z                 effective_parameters = cast(
backend	Run pytest backend/tests openwrt-agent/tests	2026-08-06T10:31:51.6608445Z                     "_CoreSingleExecuteParams", effective_parameters
backend	Run pytest backend/tests openwrt-agent/tests	2026-08-06T10:31:51.6608746Z                 )
backend	Run pytest backend/tests openwrt-agent/tests	2026-08-06T10:31:51.6608950Z                 if self.dialect._has_events:
backend	Run pytest backend/tests openwrt-agent/tests	2026-08-06T10:31:51.6609249Z                     for fn in self.dialect.dispatch.do_execute:
backend	Run pytest backend/tests openwrt-agent/tests	2026-08-06T10:31:51.6609552Z                         if fn(
backend	Run pytest backend/tests openwrt-agent/tests	2026-08-06T10:31:51.6609774Z                             cursor,
backend	Run pytest backend/tests openwrt-agent/tests	2026-08-06T10:31:51.6610021Z                             str_statement,
backend	Run pytest backend/tests openwrt-agent/tests	2026-08-06T10:31:51.6610293Z                             effective_parameters,
backend	Run pytest backend/tests openwrt-agent/tests	2026-08-06T10:31:51.6610573Z                             context,
backend	Run pytest backend/tests openwrt-agent/tests	2026-08-06T10:31:51.6610810Z                         ):
backend	Run pytest backend/tests openwrt-agent/tests	2026-08-06T10:31:51.6611042Z                             evt_handled = True
backend	Run pytest backend/tests openwrt-agent/tests	2026-08-06T10:31:51.6611304Z                             break
backend	Run pytest backend/tests openwrt-agent/tests	2026-08-06T10:31:51.6611702Z                 if not evt_handled:
backend	Run pytest backend/tests openwrt-agent/tests	2026-08-06T10:31:51.6611952Z >                   self.dialect.do_execute(
backend	Run pytest backend/tests openwrt-agent/tests	2026-08-06T10:31:51.6612491Z                         cursor, str_statement, effective_parameters, context
backend	Run pytest backend/tests openwrt-agent/tests	2026-08-06T10:31:51.6612823Z                     )
backend	Run pytest backend/tests openwrt-agent/tests	2026-08-06T10:31:51.6612950Z 
backend	Run pytest backend/tests openwrt-agent/tests	2026-08-06T10:31:51.6613249Z /opt/hostedtoolcache/Python/3.12.13/x64/lib/python3.12/site-packages/sqlalchemy/engine/base.py:1967: 
backend	Run pytest backend/tests openwrt-agent/tests	2026-08-06T10:31:51.6613763Z _ _ _ _ _ _ _ _ _ _ _ _ _ _ _ _ _ _ _ _ _ _ _ _ _ _ _ _ _ _ _ _ _ _ _ _ _ _ _ _ 
backend	Run pytest backend/tests openwrt-agent/tests	2026-08-06T10:31:51.6614316Z /opt/hostedtoolcache/Python/3.12.13/x64/lib/python3.12/site-packages/sqlalchemy/engine/default.py:951: in do_execute
backend	Run pytest backend/tests openwrt-agent/tests	2026-08-06T10:31:51.6614836Z     cursor.execute(statement, parameters)
backend	Run pytest backend/tests openwrt-agent/tests	2026-08-06T10:31:51.6615158Z _ _ _ _ _ _ _ _ _ _ _ _ _ _ _ _ _ _ _ _ _ _ _ _ _ _ _ _ _ _ _ _ _ _ _ _ _ _ _ _ 
backend	Run pytest backend/tests openwrt-agent/tests	2026-08-06T10:31:51.6615388Z 
backend	Run pytest backend/tests openwrt-agent/tests	2026-08-06T10:31:51.6615711Z self = <psycopg.Cursor [closed] [IDLE] (host=localhost user=wrtmonitor database=wrtmonitor_test) at 0x7f464f207050>
backend	Run pytest backend/tests openwrt-agent/tests	2026-08-06T10:31:51.6616798Z query = '\nCREATE TABLE device_groups (\n\tid UUID NOT NULL, \n\tname VARCHAR(120) NOT NULL, \n\tdescription TEXT, \n\tcreated...H TIME ZONE NOT NULL, \n\tupdated_at TIMESTAMP WITH TIME ZONE NOT NULL, \n\tPRIMARY KEY (id), \n\tUNIQUE (name)\n)\n\n'
backend	Run pytest backend/tests openwrt-agent/tests	2026-08-06T10:31:51.6617671Z params = immutabledict({})
backend	Run pytest backend/tests openwrt-agent/tests	2026-08-06T10:31:51.6617817Z 
backend	Run pytest backend/tests openwrt-agent/tests	2026-08-06T10:31:51.6617904Z     def execute(
backend	Run pytest backend/tests openwrt-agent/tests	2026-08-06T10:31:51.6618097Z         self,
backend	Run pytest backend/tests openwrt-agent/tests	2026-08-06T10:31:51.6618287Z         query: Query,
backend	Run pytest backend/tests openwrt-agent/tests	2026-08-06T10:31:51.6618515Z         params: Params | None = None,
backend	Run pytest backend/tests openwrt-agent/tests	2026-08-06T10:31:51.6618762Z         *,
backend	Run pytest backend/tests openwrt-agent/tests	2026-08-06T10:31:51.6618962Z         prepare: bool | None = None,
backend	Run pytest backend/tests openwrt-agent/tests	2026-08-06T10:31:51.6619220Z         binary: bool | None = None,
backend	Run pytest backend/tests openwrt-agent/tests	2026-08-06T10:31:51.6619604Z     ) -> Self:
backend	Run pytest backend/tests openwrt-agent/tests	2026-08-06T10:31:51.6619794Z         """
backend	Run pytest backend/tests openwrt-agent/tests	2026-08-06T10:31:51.6620016Z         Execute a query or command to the database.
backend	Run pytest backend/tests openwrt-agent/tests	2026-08-06T10:31:51.6620292Z         """
backend	Run pytest backend/tests openwrt-agent/tests	2026-08-06T10:31:51.6620482Z         try:
backend	Run pytest backend/tests openwrt-agent/tests	2026-08-06T10:31:51.6620681Z             with self._conn.lock:
backend	Run pytest backend/tests openwrt-agent/tests	2026-08-06T10:31:51.6620924Z                 self._conn.wait(
backend	Run pytest backend/tests openwrt-agent/tests	2026-08-06T10:31:51.6621275Z                     self._execute_gen(query, params, prepare=prepare, binary=binary)
backend	Run pytest backend/tests openwrt-agent/tests	2026-08-06T10:31:51.6621640Z                 )
backend	Run pytest backend/tests openwrt-agent/tests	2026-08-06T10:31:51.6621861Z         except e._NO_TRACEBACK as ex:
backend	Run pytest backend/tests openwrt-agent/tests	2026-08-06T10:31:51.6622241Z >           raise ex.with_traceback(None)
backend	Run pytest backend/tests openwrt-agent/tests	2026-08-06T10:31:51.6622643Z E           psycopg.errors.DuplicateTable: relation "device_groups" already exists
backend	Run pytest backend/tests openwrt-agent/tests	2026-08-06T10:31:51.6622941Z 
backend	Run pytest backend/tests openwrt-agent/tests	2026-08-06T10:31:51.6623255Z /opt/hostedtoolcache/Python/3.12.13/x64/lib/python3.12/site-packages/psycopg/cursor.py:117: DuplicateTable
backend	Run pytest backend/tests openwrt-agent/tests	2026-08-06T10:31:51.6623644Z 
backend	Run pytest backend/tests openwrt-agent/tests	2026-08-06T10:31:51.6623835Z The above exception was the direct cause of the following exception:
backend	Run pytest backend/tests openwrt-agent/tests	2026-08-06T10:31:51.6624099Z 
backend	Run pytest backend/tests openwrt-agent/tests	2026-08-06T10:31:51.6624269Z     def test_managed_sessions_rotation_and_password_change_e2e():
backend	Run pytest backend/tests openwrt-agent/tests	2026-08-06T10:31:51.6624623Z         if not postgres_e2e_enabled():
backend	Run pytest backend/tests openwrt-agent/tests	2026-08-06T10:31:51.6624990Z             pytest.skip("PostgreSQL E2E test requires WRTMONITOR_DATABASE_URL")
backend	Run pytest backend/tests openwrt-agent/tests	2026-08-06T10:31:51.6625360Z >       clear_database()
backend	Run pytest backend/tests openwrt-agent/tests	2026-08-06T10:31:51.6625504Z 
backend	Run pytest backend/tests openwrt-agent/tests	2026-08-06T10:31:51.6625606Z backend/tests/test_api.py:763: 
backend	Run pytest backend/tests openwrt-agent/tests	2026-08-06T10:31:51.6625905Z _ _ _ _ _ _ _ _ _ _ _ _ _ _ _ _ _ _ _ _ _ _ _ _ _ _ _ _ _ _ _ _ _ _ _ _ _ _ _ _ 
backend	Run pytest backend/tests openwrt-agent/tests	2026-08-06T10:31:51.6626253Z backend/tests/test_api.py:490: in clear_database
backend	Run pytest backend/tests openwrt-agent/tests	2026-08-06T10:31:51.6626534Z     init_db()
backend	Run pytest backend/tests openwrt-agent/tests	2026-08-06T10:31:51.6626758Z backend/app/db.py:108: in init_db
backend	Run pytest backend/tests openwrt-agent/tests	2026-08-06T10:31:51.6627016Z     migrate_db()
backend	Run pytest backend/tests openwrt-agent/tests	2026-08-06T10:31:51.6627240Z backend/app/db.py:96: in migrate_db
backend	Run pytest backend/tests openwrt-agent/tests	2026-08-06T10:31:51.6627513Z     command.upgrade(config, "head")
backend	Run pytest backend/tests openwrt-agent/tests	2026-08-06T10:31:51.6627970Z /opt/hostedtoolcache/Python/3.12.13/x64/lib/python3.12/site-packages/alembic/command.py:483: in upgrade
backend	Run pytest backend/tests openwrt-agent/tests	2026-08-06T10:31:51.6628434Z     script.run_env()
backend	Run pytest backend/tests openwrt-agent/tests	2026-08-06T10:31:51.6628858Z /opt/hostedtoolcache/Python/3.12.13/x64/lib/python3.12/site-packages/alembic/script/base.py:545: in run_env
backend	Run pytest backend/tests openwrt-agent/tests	2026-08-06T10:31:51.6629506Z     util.load_python_file(self.dir, "env.py")
backend	Run pytest backend/tests openwrt-agent/tests	2026-08-06T10:31:51.6630032Z /opt/hostedtoolcache/Python/3.12.13/x64/lib/python3.12/site-packages/alembic/util/pyfiles.py:116: in load_python_file
backend	Run pytest backend/tests openwrt-agent/tests	2026-08-06T10:31:51.6630562Z     module = load_module_py(module_id, path)
backend	Run pytest backend/tests openwrt-agent/tests	2026-08-06T10:31:51.6630836Z              ^^^^^^^^^^^^^^^^^^^^^^^^^^^^^^^
backend	Run pytest backend/tests openwrt-agent/tests	2026-08-06T10:31:51.6631313Z /opt/hostedtoolcache/Python/3.12.13/x64/lib/python3.12/site-packages/alembic/util/pyfiles.py:136: in load_module_py
backend	Run pytest backend/tests openwrt-agent/tests	2026-08-06T10:31:51.6631842Z     spec.loader.exec_module(module)  # type: ignore
backend	Run pytest backend/tests openwrt-agent/tests	2026-08-06T10:31:51.6632249Z     ^^^^^^^^^^^^^^^^^^^^^^^^^^^^^^^
backend	Run pytest backend/tests openwrt-agent/tests	2026-08-06T10:31:51.6632557Z <frozen importlib._bootstrap_external>:999: in exec_module
backend	Run pytest backend/tests openwrt-agent/tests	2026-08-06T10:31:51.6632882Z     ???
backend	Run pytest backend/tests openwrt-agent/tests	2026-08-06T10:31:51.6633151Z <frozen importlib._bootstrap>:488: in _call_with_frames_removed
backend	Run pytest backend/tests openwrt-agent/tests	2026-08-06T10:31:51.6633479Z     ???
backend	Run pytest backend/tests openwrt-agent/tests	2026-08-06T10:31:51.6633680Z backend/alembic/env.py:58: in <module>
backend	Run pytest backend/tests openwrt-agent/tests	2026-08-06T10:31:51.6633957Z     run_migrations_online()
backend	Run pytest backend/tests openwrt-agent/tests	2026-08-06T10:31:51.6634233Z backend/alembic/env.py:40: in run_migrations_online
backend	Run pytest backend/tests openwrt-agent/tests	2026-08-06T10:31:51.6634536Z     context.run_migrations()
backend	Run pytest backend/tests openwrt-agent/tests	2026-08-06T10:31:51.6634780Z <string>:8: in run_migrations
backend	Run pytest backend/tests openwrt-agent/tests	2026-08-06T10:31:51.6635008Z     ???
backend	Run pytest backend/tests openwrt-agent/tests	2026-08-06T10:31:51.6635464Z /opt/hostedtoolcache/Python/3.12.13/x64/lib/python3.12/site-packages/alembic/runtime/environment.py:946: in run_migrations
backend	Run pytest backend/tests openwrt-agent/tests	2026-08-06T10:31:51.6636004Z     self.get_context().run_migrations(**kw)
backend	Run pytest backend/tests openwrt-agent/tests	2026-08-06T10:31:51.6636522Z /opt/hostedtoolcache/Python/3.12.13/x64/lib/python3.12/site-packages/alembic/runtime/migration.py:627: in run_migrations
backend	Run pytest backend/tests openwrt-agent/tests	2026-08-06T10:31:51.6637040Z     step.migration_fn(**kw)
backend	Run pytest backend/tests openwrt-agent/tests	2026-08-06T10:31:51.6637358Z backend/alembic/versions/0002_add_device_groups.py:24: in upgrade
backend	Run pytest backend/tests openwrt-agent/tests	2026-08-06T10:31:51.6637841Z     op.create_table(
backend	Run pytest backend/tests openwrt-agent/tests	2026-08-06T10:31:51.6638068Z <string>:8: in create_table
backend	Run pytest backend/tests openwrt-agent/tests	2026-08-06T10:31:51.6638284Z     ???
backend	Run pytest backend/tests openwrt-agent/tests	2026-08-06T10:31:51.6638472Z <string>:3: in create_table
backend	Run pytest backend/tests openwrt-agent/tests	2026-08-06T10:31:51.6638690Z     ???
backend	Run pytest backend/tests openwrt-agent/tests	2026-08-06T10:31:51.6639108Z /opt/hostedtoolcache/Python/3.12.13/x64/lib/python3.12/site-packages/alembic/operations/ops.py:1332: in create_table
backend	Run pytest backend/tests openwrt-agent/tests	2026-08-06T10:31:51.6639619Z     return operations.invoke(op)
backend	Run pytest backend/tests openwrt-agent/tests	2026-08-06T10:31:51.6639863Z            ^^^^^^^^^^^^^^^^^^^^^
backend	Run pytest backend/tests openwrt-agent/tests	2026-08-06T10:31:51.6640310Z /opt/hostedtoolcache/Python/3.12.13/x64/lib/python3.12/site-packages/alembic/operations/base.py:454: in invoke
backend	Run pytest backend/tests openwrt-agent/tests	2026-08-06T10:31:51.6640796Z     return fn(self, operation)
backend	Run pytest backend/tests openwrt-agent/tests	2026-08-06T10:31:51.6641029Z            ^^^^^^^^^^^^^^^^^^^
backend	Run pytest backend/tests openwrt-agent/tests	2026-08-06T10:31:51.6641492Z /opt/hostedtoolcache/Python/3.12.13/x64/lib/python3.12/site-packages/alembic/operations/toimpl.py:135: in create_table
backend	Run pytest backend/tests openwrt-agent/tests	2026-08-06T10:31:51.6642138Z     operations.impl.create_table(table, **kw)
backend	Run pytest backend/tests openwrt-agent/tests	2026-08-06T10:31:51.6642649Z /opt/hostedtoolcache/Python/3.12.13/x64/lib/python3.12/site-packages/alembic/ddl/impl.py:423: in create_table
backend	Run pytest backend/tests openwrt-agent/tests	2026-08-06T10:31:51.6643152Z     self._exec(schema.CreateTable(table, **kw))
backend	Run pytest backend/tests openwrt-agent/tests	2026-08-06T10:31:51.6643636Z /opt/hostedtoolcache/Python/3.12.13/x64/lib/python3.12/site-packages/alembic/ddl/impl.py:246: in _exec
backend	Run pytest backend/tests openwrt-agent/tests	2026-08-06T10:31:51.6644107Z     return conn.execute(construct, params)
backend	Run pytest backend/tests openwrt-agent/tests	2026-08-06T10:31:51.6644378Z            ^^^^^^^^^^^^^^^^^^^^^^^^^^^^^^^
backend	Run pytest backend/tests openwrt-agent/tests	2026-08-06T10:31:51.6644847Z /opt/hostedtoolcache/Python/3.12.13/x64/lib/python3.12/site-packages/sqlalchemy/engine/base.py:1419: in execute
backend	Run pytest backend/tests openwrt-agent/tests	2026-08-06T10:31:51.6645322Z     return meth(
backend	Run pytest backend/tests openwrt-agent/tests	2026-08-06T10:31:51.6645783Z /opt/hostedtoolcache/Python/3.12.13/x64/lib/python3.12/site-packages/sqlalchemy/sql/ddl.py:187: in _execute_on_connection
backend	Run pytest backend/tests openwrt-agent/tests	2026-08-06T10:31:51.6646301Z     return connection._execute_ddl(
backend	Run pytest backend/tests openwrt-agent/tests	2026-08-06T10:31:51.6646789Z /opt/hostedtoolcache/Python/3.12.13/x64/lib/python3.12/site-packages/sqlalchemy/engine/base.py:1530: in _execute_ddl
backend	Run pytest backend/tests openwrt-agent/tests	2026-08-06T10:31:51.6647299Z     ret = self._execute_context(
backend	Run pytest backend/tests openwrt-agent/tests	2026-08-06T10:31:51.6647793Z /opt/hostedtoolcache/Python/3.12.13/x64/lib/python3.12/site-packages/sqlalchemy/engine/base.py:1846: in _execute_context
backend	Run pytest backend/tests openwrt-agent/tests	2026-08-06T10:31:51.6648465Z     return self._exec_single_context(
backend	Run pytest backend/tests openwrt-agent/tests	2026-08-06T10:31:51.6648985Z /opt/hostedtoolcache/Python/3.12.13/x64/lib/python3.12/site-packages/sqlalchemy/engine/base.py:1986: in _exec_single_context
backend	Run pytest backend/tests openwrt-agent/tests	2026-08-06T10:31:51.6649519Z     self._handle_dbapi_exception(
backend	Run pytest backend/tests openwrt-agent/tests	2026-08-06T10:31:51.6650046Z /opt/hostedtoolcache/Python/3.12.13/x64/lib/python3.12/site-packages/sqlalchemy/engine/base.py:2355: in _handle_dbapi_exception
backend	Run pytest backend/tests openwrt-agent/tests	2026-08-06T10:31:51.6650653Z     raise sqlalchemy_exception.with_traceback(exc_info[2]) from e
backend	Run pytest backend/tests openwrt-agent/tests	2026-08-06T10:31:51.6651245Z /opt/hostedtoolcache/Python/3.12.13/x64/lib/python3.12/site-packages/sqlalchemy/engine/base.py:1967: in _exec_single_context
backend	Run pytest backend/tests openwrt-agent/tests	2026-08-06T10:31:51.6651768Z     self.dialect.do_execute(
backend	Run pytest backend/tests openwrt-agent/tests	2026-08-06T10:31:51.6652469Z /opt/hostedtoolcache/Python/3.12.13/x64/lib/python3.12/site-packages/sqlalchemy/engine/default.py:951: in do_execute
backend	Run pytest backend/tests openwrt-agent/tests	2026-08-06T10:31:51.6653016Z     cursor.execute(statement, parameters)
backend	Run pytest backend/tests openwrt-agent/tests	2026-08-06T10:31:51.6653345Z _ _ _ _ _ _ _ _ _ _ _ _ _ _ _ _ _ _ _ _ _ _ _ _ _ _ _ _ _ _ _ _ _ _ _ _ _ _ _ _ 
backend	Run pytest backend/tests openwrt-agent/tests	2026-08-06T10:31:51.6653587Z 
backend	Run pytest backend/tests openwrt-agent/tests	2026-08-06T10:31:51.6653912Z self = <psycopg.Cursor [closed] [IDLE] (host=localhost user=wrtmonitor database=wrtmonitor_test) at 0x7f464f207050>
backend	Run pytest backend/tests openwrt-agent/tests	2026-08-06T10:31:51.6654990Z query = '\nCREATE TABLE device_groups (\n\tid UUID NOT NULL, \n\tname VARCHAR(120) NOT NULL, \n\tdescription TEXT, \n\tcreated...H TIME ZONE NOT NULL, \n\tupdated_at TIMESTAMP WITH TIME ZONE NOT NULL, \n\tPRIMARY KEY (id), \n\tUNIQUE (name)\n)\n\n'
backend	Run pytest backend/tests openwrt-agent/tests	2026-08-06T10:31:51.6655843Z params = immutabledict({})
backend	Run pytest backend/tests openwrt-agent/tests	2026-08-06T10:31:51.6655992Z 
backend	Run pytest backend/tests openwrt-agent/tests	2026-08-06T10:31:51.6656084Z     def execute(
backend	Run pytest backend/tests openwrt-agent/tests	2026-08-06T10:31:51.6656280Z         self,
backend	Run pytest backend/tests openwrt-agent/tests	2026-08-06T10:31:51.6656475Z         query: Query,
backend	Run pytest backend/tests openwrt-agent/tests	2026-08-06T10:31:51.6656708Z         params: Params | None = None,
backend	Run pytest backend/tests openwrt-agent/tests	2026-08-06T10:31:51.6657131Z         *,
backend	Run pytest backend/tests openwrt-agent/tests	2026-08-06T10:31:51.6657345Z         prepare: bool | None = None,
backend	Run pytest backend/tests openwrt-agent/tests	2026-08-06T10:31:51.6657609Z         binary: bool | None = None,
backend	Run pytest backend/tests openwrt-agent/tests	2026-08-06T10:31:51.6657858Z     ) -> Self:
backend	Run pytest backend/tests openwrt-agent/tests	2026-08-06T10:31:51.6658060Z         """
backend	Run pytest backend/tests openwrt-agent/tests	2026-08-06T10:31:51.6658290Z         Execute a query or command to the database.
backend	Run pytest backend/tests openwrt-agent/tests	2026-08-06T10:31:51.6658569Z         """
backend	Run pytest backend/tests openwrt-agent/tests	2026-08-06T10:31:51.6658752Z         try:
backend	Run pytest backend/tests openwrt-agent/tests	2026-08-06T10:31:51.6658955Z             with self._conn.lock:
backend	Run pytest backend/tests openwrt-agent/tests	2026-08-06T10:31:51.6659202Z                 self._conn.wait(
backend	Run pytest backend/tests openwrt-agent/tests	2026-08-06T10:31:51.6659544Z                     self._execute_gen(query, params, prepare=prepare, binary=binary)
backend	Run pytest backend/tests openwrt-agent/tests	2026-08-06T10:31:51.6659899Z                 )
backend	Run pytest backend/tests openwrt-agent/tests	2026-08-06T10:31:51.6660116Z         except e._NO_TRACEBACK as ex:
backend	Run pytest backend/tests openwrt-agent/tests	2026-08-06T10:31:51.6660385Z >           raise ex.with_traceback(None)
backend	Run pytest backend/tests openwrt-agent/tests	2026-08-06T10:31:51.6660893Z E           sqlalchemy.exc.ProgrammingError: (psycopg.errors.DuplicateTable) relation "device_groups" already exists
backend	Run pytest backend/tests openwrt-agent/tests	2026-08-06T10:31:51.6661397Z E           [SQL: 
backend	Run pytest backend/tests openwrt-agent/tests	2026-08-06T10:31:51.6661624Z E           CREATE TABLE device_groups (
backend	Run pytest backend/tests openwrt-agent/tests	2026-08-06T10:31:51.6661895Z E           	id UUID NOT NULL, 
backend	Run pytest backend/tests openwrt-agent/tests	2026-08-06T10:31:51.6662264Z E           	name VARCHAR(120) NOT NULL, 
backend	Run pytest backend/tests openwrt-agent/tests	2026-08-06T10:31:51.6662533Z E           	description TEXT, 
backend	Run pytest backend/tests openwrt-agent/tests	2026-08-06T10:31:51.6662813Z E           	created_at TIMESTAMP WITH TIME ZONE NOT NULL, 
backend	Run pytest backend/tests openwrt-agent/tests	2026-08-06T10:31:51.6663162Z E           	updated_at TIMESTAMP WITH TIME ZONE NOT NULL, 
backend	Run pytest backend/tests openwrt-agent/tests	2026-08-06T10:31:51.6663456Z E           	PRIMARY KEY (id), 
backend	Run pytest backend/tests openwrt-agent/tests	2026-08-06T10:31:51.6663695Z E           	UNIQUE (name)
backend	Run pytest backend/tests openwrt-agent/tests	2026-08-06T10:31:51.6663910Z E           )
backend	Run pytest backend/tests openwrt-agent/tests	2026-08-06T10:31:51.6664103Z E           
backend	Run pytest backend/tests openwrt-agent/tests	2026-08-06T10:31:51.6664285Z E           ]
backend	Run pytest backend/tests openwrt-agent/tests	2026-08-06T10:31:51.6664568Z E           (Background on this error at: https://sqlalche.me/e/20/f405)
backend	Run pytest backend/tests openwrt-agent/tests	2026-08-06T10:31:51.6664846Z 
backend	Run pytest backend/tests openwrt-agent/tests	2026-08-06T10:31:51.6665159Z /opt/hostedtoolcache/Python/3.12.13/x64/lib/python3.12/site-packages/psycopg/cursor.py:117: ProgrammingError
backend	Run pytest backend/tests openwrt-agent/tests	2026-08-06T10:31:51.6665733Z ----------------------------- Captured stderr call -----------------------------
backend	Run pytest backend/tests openwrt-agent/tests	2026-08-06T10:31:51.6666182Z INFO  [alembic.runtime.migration] Context impl PostgresqlImpl.
backend	Run pytest backend/tests openwrt-agent/tests	2026-08-06T10:31:51.6666597Z INFO  [alembic.runtime.migration] Will assume transactional DDL.
backend	Run pytest backend/tests openwrt-agent/tests	2026-08-06T10:31:51.6667346Z INFO  [alembic.runtime.migration] Running upgrade  -> 0001_initial_schema, Single pre-release schema baseline.
backend	Run pytest backend/tests openwrt-agent/tests	2026-08-06T10:31:51.6668128Z INFO  [alembic.runtime.migration] Running upgrade 0001_initial_schema -> 0002_add_device_groups, Add DeviceGroup and group_id to Device.
backend	Run pytest backend/tests openwrt-agent/tests	2026-08-06T10:31:51.6668803Z ____________ test_device_delete_removes_router_and_all_related_data ____________
backend	Run pytest backend/tests openwrt-agent/tests	2026-08-06T10:31:51.6669094Z 
backend	Run pytest backend/tests openwrt-agent/tests	2026-08-06T10:31:51.6669280Z self = <sqlalchemy.engine.base.Connection object at 0x7f464e8a29f0>
backend	Run pytest backend/tests openwrt-agent/tests	2026-08-06T10:31:51.6669826Z dialect = <sqlalchemy.dialects.postgresql.psycopg.PGDialect_psycopg object at 0x7f4652350b30>
backend	Run pytest backend/tests openwrt-agent/tests	2026-08-06T10:31:51.6670519Z context = <sqlalchemy.dialects.postgresql.psycopg.PGExecutionContext_psycopg object at 0x7f464f11a810>
backend	Run pytest backend/tests openwrt-agent/tests	2026-08-06T10:31:51.6671210Z statement = <sqlalchemy.dialects.postgresql.base.PGDDLCompiler object at 0x7f464f11be30>
backend	Run pytest backend/tests openwrt-agent/tests	2026-08-06T10:31:51.6671664Z parameters = [immutabledict({})]
backend	Run pytest backend/tests openwrt-agent/tests	2026-08-06T10:31:51.6671833Z 
backend	Run pytest backend/tests openwrt-agent/tests	2026-08-06T10:31:51.6671938Z     def _exec_single_context(
backend	Run pytest backend/tests openwrt-agent/tests	2026-08-06T10:31:51.6672270Z         self,
backend	Run pytest backend/tests openwrt-agent/tests	2026-08-06T10:31:51.6672468Z         dialect: Dialect,
backend	Run pytest backend/tests openwrt-agent/tests	2026-08-06T10:31:51.6672707Z         context: ExecutionContext,
backend	Run pytest backend/tests openwrt-agent/tests	2026-08-06T10:31:51.6672975Z         statement: Union[str, Compiled],
backend	Run pytest backend/tests openwrt-agent/tests	2026-08-06T10:31:51.6673288Z         parameters: Optional[_AnyMultiExecuteParams],
backend	Run pytest backend/tests openwrt-agent/tests	2026-08-06T10:31:51.6673601Z     ) -> CursorResult[Any]:
backend	Run pytest backend/tests openwrt-agent/tests	2026-08-06T10:31:51.6673909Z         """continue the _execute_context() method for a single DBAPI
backend	Run pytest backend/tests openwrt-agent/tests	2026-08-06T10:31:51.6674286Z         cursor.execute() or cursor.executemany() call.
backend	Run pytest backend/tests openwrt-agent/tests	2026-08-06T10:31:51.6674570Z     
backend	Run pytest backend/tests openwrt-agent/tests	2026-08-06T10:31:51.6674744Z         """
backend	Run pytest backend/tests openwrt-agent/tests	2026-08-06T10:31:51.6674995Z         if dialect.bind_typing is BindTyping.SETINPUTSIZES:
backend	Run pytest backend/tests openwrt-agent/tests	2026-08-06T10:31:51.6675538Z             generic_setinputsizes = context._prepare_set_input_sizes()
backend	Run pytest backend/tests openwrt-agent/tests	2026-08-06T10:31:51.6675872Z     
backend	Run pytest backend/tests openwrt-agent/tests	2026-08-06T10:31:51.6676079Z             if generic_setinputsizes:
backend	Run pytest backend/tests openwrt-agent/tests	2026-08-06T10:31:51.6676333Z                 try:
backend	Run pytest backend/tests openwrt-agent/tests	2026-08-06T10:31:51.6676571Z                     dialect.do_set_input_sizes(
backend	Run pytest backend/tests openwrt-agent/tests	2026-08-06T10:31:51.6676902Z                         context.cursor, generic_setinputsizes, context
backend	Run pytest backend/tests openwrt-agent/tests	2026-08-06T10:31:51.6677218Z                     )
backend	Run pytest backend/tests openwrt-agent/tests	2026-08-06T10:31:51.6677447Z                 except BaseException as e:
backend	Run pytest backend/tests openwrt-agent/tests	2026-08-06T10:31:51.6677734Z                     self._handle_dbapi_exception(
backend	Run pytest backend/tests openwrt-agent/tests	2026-08-06T10:31:51.6678063Z                         e, str(statement), parameters, None, context
backend	Run pytest backend/tests openwrt-agent/tests	2026-08-06T10:31:51.6678361Z                     )
backend	Run pytest backend/tests openwrt-agent/tests	2026-08-06T10:31:51.6678558Z     
backend	Run pytest backend/tests openwrt-agent/tests	2026-08-06T10:31:51.6678768Z         cursor, str_statement, parameters = (
backend	Run pytest backend/tests openwrt-agent/tests	2026-08-06T10:31:51.6679051Z             context.cursor,
backend	Run pytest backend/tests openwrt-agent/tests	2026-08-06T10:31:51.6679290Z             context.statement,
backend	Run pytest backend/tests openwrt-agent/tests	2026-08-06T10:31:51.6679552Z             context.parameters,
backend	Run pytest backend/tests openwrt-agent/tests	2026-08-06T10:31:51.6679794Z         )
backend	Run pytest backend/tests openwrt-agent/tests	2026-08-06T10:31:51.6679971Z     
backend	Run pytest backend/tests openwrt-agent/tests	2026-08-06T10:31:51.6680210Z         effective_parameters: Optional[_AnyExecuteParams]
backend	Run pytest backend/tests openwrt-agent/tests	2026-08-06T10:31:51.6680509Z     
backend	Run pytest backend/tests openwrt-agent/tests	2026-08-06T10:31:51.6680711Z         if not context.executemany:
backend	Run pytest backend/tests openwrt-agent/tests	2026-08-06T10:31:51.6680991Z             effective_parameters = parameters[0]
backend	Run pytest backend/tests openwrt-agent/tests	2026-08-06T10:31:51.6681262Z         else:
backend	Run pytest backend/tests openwrt-agent/tests	2026-08-06T10:31:51.6681477Z             effective_parameters = parameters
backend	Run pytest backend/tests openwrt-agent/tests	2026-08-06T10:31:51.6681732Z     
backend	Run pytest backend/tests openwrt-agent/tests	2026-08-06T10:31:51.6681958Z         if self._has_events or self.engine._has_events:
backend	Run pytest backend/tests openwrt-agent/tests	2026-08-06T10:31:51.6682537Z             for fn in self.dispatch.before_cursor_execute:
backend	Run pytest backend/tests openwrt-agent/tests	2026-08-06T10:31:51.6682876Z                 str_statement, effective_parameters = fn(
backend	Run pytest backend/tests openwrt-agent/tests	2026-08-06T10:31:51.6683165Z                     self,
backend	Run pytest backend/tests openwrt-agent/tests	2026-08-06T10:31:51.6683378Z                     cursor,
backend	Run pytest backend/tests openwrt-agent/tests	2026-08-06T10:31:51.6683604Z                     str_statement,
backend	Run pytest backend/tests openwrt-agent/tests	2026-08-06T10:31:51.6683857Z                     effective_parameters,
backend	Run pytest backend/tests openwrt-agent/tests	2026-08-06T10:31:51.6684136Z                     context,
backend	Run pytest backend/tests openwrt-agent/tests	2026-08-06T10:31:51.6684375Z                     context.executemany,
backend	Run pytest backend/tests openwrt-agent/tests	2026-08-06T10:31:51.6684627Z                 )
backend	Run pytest backend/tests openwrt-agent/tests	2026-08-06T10:31:51.6684820Z     
backend	Run pytest backend/tests openwrt-agent/tests	2026-08-06T10:31:51.6685159Z         if self._echo:
backend	Run pytest backend/tests openwrt-agent/tests	2026-08-06T10:31:51.6685397Z             self._log_info(str_statement)
backend	Run pytest backend/tests openwrt-agent/tests	2026-08-06T10:31:51.6685657Z     
backend	Run pytest backend/tests openwrt-agent/tests	2026-08-06T10:31:51.6685864Z             stats = context._get_cache_stats()
backend	Run pytest backend/tests openwrt-agent/tests	2026-08-06T10:31:51.6686124Z     
backend	Run pytest backend/tests openwrt-agent/tests	2026-08-06T10:31:51.6686331Z             if not self.engine.hide_parameters:
backend	Run pytest backend/tests openwrt-agent/tests	2026-08-06T10:31:51.6686615Z                 self._log_info(
backend	Run pytest backend/tests openwrt-agent/tests	2026-08-06T10:31:51.6686855Z                     "[%s] %r",
backend	Run pytest backend/tests openwrt-agent/tests	2026-08-06T10:31:51.6687088Z                     stats,
backend	Run pytest backend/tests openwrt-agent/tests	2026-08-06T10:31:51.6687324Z                     sql_util._repr_params(
backend	Run pytest backend/tests openwrt-agent/tests	2026-08-06T10:31:51.6687605Z                         effective_parameters,
backend	Run pytest backend/tests openwrt-agent/tests	2026-08-06T10:31:51.6687878Z                         batches=10,
backend	Run pytest backend/tests openwrt-agent/tests	2026-08-06T10:31:51.6688154Z                         ismulti=context.executemany,
backend	Run pytest backend/tests openwrt-agent/tests	2026-08-06T10:31:51.6688440Z                     ),
backend	Run pytest backend/tests openwrt-agent/tests	2026-08-06T10:31:51.6688646Z                 )
backend	Run pytest backend/tests openwrt-agent/tests	2026-08-06T10:31:51.6688843Z             else:
backend	Run pytest backend/tests openwrt-agent/tests	2026-08-06T10:31:51.6689041Z                 self._log_info(
backend	Run pytest backend/tests openwrt-agent/tests	2026-08-06T10:31:51.6689355Z                     "[%s] [SQL parameters hidden due to hide_parameters=True]",
backend	Run pytest backend/tests openwrt-agent/tests	2026-08-06T10:31:51.6689697Z                     stats,
backend	Run pytest backend/tests openwrt-agent/tests	2026-08-06T10:31:51.6689909Z                 )
backend	Run pytest backend/tests openwrt-agent/tests	2026-08-06T10:31:51.6690100Z     
backend	Run pytest backend/tests openwrt-agent/tests	2026-08-06T10:31:51.6690294Z         evt_handled: bool = False
backend	Run pytest backend/tests openwrt-agent/tests	2026-08-06T10:31:51.6690536Z         try:
backend	Run pytest backend/tests openwrt-agent/tests	2026-08-06T10:31:51.6690795Z             if context.execute_style is ExecuteStyle.EXECUTEMANY:
backend	Run pytest backend/tests openwrt-agent/tests	2026-08-06T10:31:51.6691143Z                 effective_parameters = cast(
backend	Run pytest backend/tests openwrt-agent/tests	2026-08-06T10:31:51.6691488Z                     "_CoreMultiExecuteParams", effective_parameters
backend	Run pytest backend/tests openwrt-agent/tests	2026-08-06T10:31:51.6691797Z                 )
backend	Run pytest backend/tests openwrt-agent/tests	2026-08-06T10:31:51.6692009Z                 if self.dialect._has_events:
backend	Run pytest backend/tests openwrt-agent/tests	2026-08-06T10:31:51.6692556Z                     for fn in self.dialect.dispatch.do_executemany:
backend	Run pytest backend/tests openwrt-agent/tests	2026-08-06T10:31:51.6693011Z                         if fn(
backend	Run pytest backend/tests openwrt-agent/tests	2026-08-06T10:31:51.6693249Z                             cursor,
backend	Run pytest backend/tests openwrt-agent/tests	2026-08-06T10:31:51.6693496Z                             str_statement,
backend	Run pytest backend/tests openwrt-agent/tests	2026-08-06T10:31:51.6693776Z                             effective_parameters,
backend	Run pytest backend/tests openwrt-agent/tests	2026-08-06T10:31:51.6694052Z                             context,
backend	Run pytest backend/tests openwrt-agent/tests	2026-08-06T10:31:51.6694297Z                         ):
backend	Run pytest backend/tests openwrt-agent/tests	2026-08-06T10:31:51.6694531Z                             evt_handled = True
backend	Run pytest backend/tests openwrt-agent/tests	2026-08-06T10:31:51.6694794Z                             break
backend	Run pytest backend/tests openwrt-agent/tests	2026-08-06T10:31:51.6695033Z                 if not evt_handled:
backend	Run pytest backend/tests openwrt-agent/tests	2026-08-06T10:31:51.6695296Z                     self.dialect.do_executemany(
backend	Run pytest backend/tests openwrt-agent/tests	2026-08-06T10:31:51.6695566Z                         cursor,
backend	Run pytest backend/tests openwrt-agent/tests	2026-08-06T10:31:51.6695799Z                         str_statement,
backend	Run pytest backend/tests openwrt-agent/tests	2026-08-06T10:31:51.6696059Z                         effective_parameters,
backend	Run pytest backend/tests openwrt-agent/tests	2026-08-06T10:31:51.6696328Z                         context,
backend	Run pytest backend/tests openwrt-agent/tests	2026-08-06T10:31:51.6696564Z                     )
backend	Run pytest backend/tests openwrt-agent/tests	2026-08-06T10:31:51.6696848Z             elif not effective_parameters and context.no_parameters:
backend	Run pytest backend/tests openwrt-agent/tests	2026-08-06T10:31:51.6697194Z                 if self.dialect._has_events:
backend	Run pytest backend/tests openwrt-agent/tests	2026-08-06T10:31:51.6697516Z                     for fn in self.dialect.dispatch.do_execute_no_params:
backend	Run pytest backend/tests openwrt-agent/tests	2026-08-06T10:31:51.6697890Z                         if fn(cursor, str_statement, context):
backend	Run pytest backend/tests openwrt-agent/tests	2026-08-06T10:31:51.6698194Z                             evt_handled = True
backend	Run pytest backend/tests openwrt-agent/tests	2026-08-06T10:31:51.6698457Z                             break
backend	Run pytest backend/tests openwrt-agent/tests	2026-08-06T10:31:51.6698692Z                 if not evt_handled:
backend	Run pytest backend/tests openwrt-agent/tests	2026-08-06T10:31:51.6698956Z                     self.dialect.do_execute_no_params(
backend	Run pytest backend/tests openwrt-agent/tests	2026-08-06T10:31:51.6699260Z                         cursor, str_statement, context
backend	Run pytest backend/tests openwrt-agent/tests	2026-08-06T10:31:51.6699525Z                     )
backend	Run pytest backend/tests openwrt-agent/tests	2026-08-06T10:31:51.6699725Z             else:
backend	Run pytest backend/tests openwrt-agent/tests	2026-08-06T10:31:51.6699939Z                 effective_parameters = cast(
backend	Run pytest backend/tests openwrt-agent/tests	2026-08-06T10:31:51.6700258Z                     "_CoreSingleExecuteParams", effective_parameters
backend	Run pytest backend/tests openwrt-agent/tests	2026-08-06T10:31:51.6700569Z                 )
backend	Run pytest backend/tests openwrt-agent/tests	2026-08-06T10:31:51.6700774Z                 if self.dialect._has_events:
backend	Run pytest backend/tests openwrt-agent/tests	2026-08-06T10:31:51.6701072Z                     for fn in self.dialect.dispatch.do_execute:
backend	Run pytest backend/tests openwrt-agent/tests	2026-08-06T10:31:51.6701371Z                         if fn(
backend	Run pytest backend/tests openwrt-agent/tests	2026-08-06T10:31:51.6701733Z                             cursor,
backend	Run pytest backend/tests openwrt-agent/tests	2026-08-06T10:31:51.6701974Z                             str_statement,
backend	Run pytest backend/tests openwrt-agent/tests	2026-08-06T10:31:51.6702355Z                             effective_parameters,
backend	Run pytest backend/tests openwrt-agent/tests	2026-08-06T10:31:51.6702630Z                             context,
backend	Run pytest backend/tests openwrt-agent/tests	2026-08-06T10:31:51.6702873Z                         ):
backend	Run pytest backend/tests openwrt-agent/tests	2026-08-06T10:31:51.6703103Z                             evt_handled = True
backend	Run pytest backend/tests openwrt-agent/tests	2026-08-06T10:31:51.6703364Z                             break
backend	Run pytest backend/tests openwrt-agent/tests	2026-08-06T10:31:51.6703598Z                 if not evt_handled:
backend	Run pytest backend/tests openwrt-agent/tests	2026-08-06T10:31:51.6703863Z >                   self.dialect.do_execute(
backend	Run pytest backend/tests openwrt-agent/tests	2026-08-06T10:31:51.6704181Z                         cursor, str_statement, effective_parameters, context
backend	Run pytest backend/tests openwrt-agent/tests	2026-08-06T10:31:51.6704509Z                     )
backend	Run pytest backend/tests openwrt-agent/tests	2026-08-06T10:31:51.6704645Z 
backend	Run pytest backend/tests openwrt-agent/tests	2026-08-06T10:31:51.6704932Z /opt/hostedtoolcache/Python/3.12.13/x64/lib/python3.12/site-packages/sqlalchemy/engine/base.py:1967: 
backend	Run pytest backend/tests openwrt-agent/tests	2026-08-06T10:31:51.6705450Z _ _ _ _ _ _ _ _ _ _ _ _ _ _ _ _ _ _ _ _ _ _ _ _ _ _ _ _ _ _ _ _ _ _ _ _ _ _ _ _ 
backend	Run pytest backend/tests openwrt-agent/tests	2026-08-06T10:31:51.6706014Z /opt/hostedtoolcache/Python/3.12.13/x64/lib/python3.12/site-packages/sqlalchemy/engine/default.py:951: in do_execute
backend	Run pytest backend/tests openwrt-agent/tests	2026-08-06T10:31:51.6706541Z     cursor.execute(statement, parameters)
backend	Run pytest backend/tests openwrt-agent/tests	2026-08-06T10:31:51.6706855Z _ _ _ _ _ _ _ _ _ _ _ _ _ _ _ _ _ _ _ _ _ _ _ _ _ _ _ _ _ _ _ _ _ _ _ _ _ _ _ _ 
backend	Run pytest backend/tests openwrt-agent/tests	2026-08-06T10:31:51.6707076Z 
backend	Run pytest backend/tests openwrt-agent/tests	2026-08-06T10:31:51.6707399Z self = <psycopg.Cursor [closed] [IDLE] (host=localhost user=wrtmonitor database=wrtmonitor_test) at 0x7f464f207b90>
backend	Run pytest backend/tests openwrt-agent/tests	2026-08-06T10:31:51.6708489Z query = '\nCREATE TABLE device_groups (\n\tid UUID NOT NULL, \n\tname VARCHAR(120) NOT NULL, \n\tdescription TEXT, \n\tcreated...H TIME ZONE NOT NULL, \n\tupdated_at TIMESTAMP WITH TIME ZONE NOT NULL, \n\tPRIMARY KEY (id), \n\tUNIQUE (name)\n)\n\n'
backend	Run pytest backend/tests openwrt-agent/tests	2026-08-06T10:31:51.6709557Z params = immutabledict({})
backend	Run pytest backend/tests openwrt-agent/tests	2026-08-06T10:31:51.6709707Z 
backend	Run pytest backend/tests openwrt-agent/tests	2026-08-06T10:31:51.6709793Z     def execute(
backend	Run pytest backend/tests openwrt-agent/tests	2026-08-06T10:31:51.6709986Z         self,
backend	Run pytest backend/tests openwrt-agent/tests	2026-08-06T10:31:51.6710189Z         query: Query,
backend	Run pytest backend/tests openwrt-agent/tests	2026-08-06T10:31:51.6710418Z         params: Params | None = None,
backend	Run pytest backend/tests openwrt-agent/tests	2026-08-06T10:31:51.6710671Z         *,
backend	Run pytest backend/tests openwrt-agent/tests	2026-08-06T10:31:51.6710875Z         prepare: bool | None = None,
backend	Run pytest backend/tests openwrt-agent/tests	2026-08-06T10:31:51.6711138Z         binary: bool | None = None,
backend	Run pytest backend/tests openwrt-agent/tests	2026-08-06T10:31:51.6711383Z     ) -> Self:
backend	Run pytest backend/tests openwrt-agent/tests	2026-08-06T10:31:51.6711576Z         """
backend	Run pytest backend/tests openwrt-agent/tests	2026-08-06T10:31:51.6711798Z         Execute a query or command to the database.
backend	Run pytest backend/tests openwrt-agent/tests	2026-08-06T10:31:51.6712179Z         """
backend	Run pytest backend/tests openwrt-agent/tests	2026-08-06T10:31:51.6712362Z         try:
backend	Run pytest backend/tests openwrt-agent/tests	2026-08-06T10:31:51.6712564Z             with self._conn.lock:
backend	Run pytest backend/tests openwrt-agent/tests	2026-08-06T10:31:51.6712815Z                 self._conn.wait(
backend	Run pytest backend/tests openwrt-agent/tests	2026-08-06T10:31:51.6713157Z                     self._execute_gen(query, params, prepare=prepare, binary=binary)
backend	Run pytest backend/tests openwrt-agent/tests	2026-08-06T10:31:51.6713517Z                 )
backend	Run pytest backend/tests openwrt-agent/tests	2026-08-06T10:31:51.6713743Z         except e._NO_TRACEBACK as ex:
backend	Run pytest backend/tests openwrt-agent/tests	2026-08-06T10:31:51.6714011Z >           raise ex.with_traceback(None)
backend	Run pytest backend/tests openwrt-agent/tests	2026-08-06T10:31:51.6714406Z E           psycopg.errors.DuplicateTable: relation "device_groups" already exists
backend	Run pytest backend/tests openwrt-agent/tests	2026-08-06T10:31:51.6714707Z 
backend	Run pytest backend/tests openwrt-agent/tests	2026-08-06T10:31:51.6715023Z /opt/hostedtoolcache/Python/3.12.13/x64/lib/python3.12/site-packages/psycopg/cursor.py:117: DuplicateTable
backend	Run pytest backend/tests openwrt-agent/tests	2026-08-06T10:31:51.6715411Z 
backend	Run pytest backend/tests openwrt-agent/tests	2026-08-06T10:31:51.6715590Z The above exception was the direct cause of the following exception:
backend	Run pytest backend/tests openwrt-agent/tests	2026-08-06T10:31:51.6715861Z 
backend	Run pytest backend/tests openwrt-agent/tests	2026-08-06T10:31:51.6716020Z     def test_device_delete_removes_router_and_all_related_data():
backend	Run pytest backend/tests openwrt-agent/tests	2026-08-06T10:31:51.6716366Z         if not postgres_e2e_enabled():
backend	Run pytest backend/tests openwrt-agent/tests	2026-08-06T10:31:51.6716732Z             pytest.skip("PostgreSQL E2E test requires WRTMONITOR_DATABASE_URL")
backend	Run pytest backend/tests openwrt-agent/tests	2026-08-06T10:31:51.6717107Z >       clear_database()
backend	Run pytest backend/tests openwrt-agent/tests	2026-08-06T10:31:51.6717256Z 
backend	Run pytest backend/tests openwrt-agent/tests	2026-08-06T10:31:51.6717355Z backend/tests/test_api.py:837: 
backend	Run pytest backend/tests openwrt-agent/tests	2026-08-06T10:31:51.6717658Z _ _ _ _ _ _ _ _ _ _ _ _ _ _ _ _ _ _ _ _ _ _ _ _ _ _ _ _ _ _ _ _ _ _ _ _ _ _ _ _ 
backend	Run pytest backend/tests openwrt-agent/tests	2026-08-06T10:31:51.6718003Z backend/tests/test_api.py:490: in clear_database
backend	Run pytest backend/tests openwrt-agent/tests	2026-08-06T10:31:51.6718280Z     init_db()
backend	Run pytest backend/tests openwrt-agent/tests	2026-08-06T10:31:51.6718630Z backend/app/db.py:108: in init_db
backend	Run pytest backend/tests openwrt-agent/tests	2026-08-06T10:31:51.6718875Z     migrate_db()
backend	Run pytest backend/tests openwrt-agent/tests	2026-08-06T10:31:51.6719084Z backend/app/db.py:96: in migrate_db
backend	Run pytest backend/tests openwrt-agent/tests	2026-08-06T10:31:51.6719356Z     command.upgrade(config, "head")
backend	Run pytest backend/tests openwrt-agent/tests	2026-08-06T10:31:51.6719802Z /opt/hostedtoolcache/Python/3.12.13/x64/lib/python3.12/site-packages/alembic/command.py:483: in upgrade
backend	Run pytest backend/tests openwrt-agent/tests	2026-08-06T10:31:51.6720285Z     script.run_env()
backend	Run pytest backend/tests openwrt-agent/tests	2026-08-06T10:31:51.6720732Z /opt/hostedtoolcache/Python/3.12.13/x64/lib/python3.12/site-packages/alembic/script/base.py:545: in run_env
backend	Run pytest backend/tests openwrt-agent/tests	2026-08-06T10:31:51.6721237Z     util.load_python_file(self.dir, "env.py")
backend	Run pytest backend/tests openwrt-agent/tests	2026-08-06T10:31:51.6721768Z /opt/hostedtoolcache/Python/3.12.13/x64/lib/python3.12/site-packages/alembic/util/pyfiles.py:116: in load_python_file
backend	Run pytest backend/tests openwrt-agent/tests	2026-08-06T10:31:51.6722400Z     module = load_module_py(module_id, path)
backend	Run pytest backend/tests openwrt-agent/tests	2026-08-06T10:31:51.6722689Z              ^^^^^^^^^^^^^^^^^^^^^^^^^^^^^^^
backend	Run pytest backend/tests openwrt-agent/tests	2026-08-06T10:31:51.6723179Z /opt/hostedtoolcache/Python/3.12.13/x64/lib/python3.12/site-packages/alembic/util/pyfiles.py:136: in load_module_py
backend	Run pytest backend/tests openwrt-agent/tests	2026-08-06T10:31:51.6723722Z     spec.loader.exec_module(module)  # type: ignore
backend	Run pytest backend/tests openwrt-agent/tests	2026-08-06T10:31:51.6724201Z     ^^^^^^^^^^^^^^^^^^^^^^^^^^^^^^^
backend	Run pytest backend/tests openwrt-agent/tests	2026-08-06T10:31:51.6724802Z <frozen importlib._bootstrap_external>:999: in exec_module
backend	Run pytest backend/tests openwrt-agent/tests	2026-08-06T10:31:51.6725252Z     ???
backend	Run pytest backend/tests openwrt-agent/tests	2026-08-06T10:31:51.6725636Z <frozen importlib._bootstrap>:488: in _call_with_frames_removed
backend	Run pytest backend/tests openwrt-agent/tests	2026-08-06T10:31:51.6726216Z     ???
backend	Run pytest backend/tests openwrt-agent/tests	2026-08-06T10:31:51.6726556Z backend/alembic/env.py:58: in <module>
backend	Run pytest backend/tests openwrt-agent/tests	2026-08-06T10:31:51.6726987Z     run_migrations_online()
backend	Run pytest backend/tests openwrt-agent/tests	2026-08-06T10:31:51.6727414Z backend/alembic/env.py:40: in run_migrations_online
backend	Run pytest backend/tests openwrt-agent/tests	2026-08-06T10:31:51.6727859Z     context.run_migrations()
backend	Run pytest backend/tests openwrt-agent/tests	2026-08-06T10:31:51.6728283Z <string>:8: in run_migrations
backend	Run pytest backend/tests openwrt-agent/tests	2026-08-06T10:31:51.6728674Z     ???
backend	Run pytest backend/tests openwrt-agent/tests	2026-08-06T10:31:51.6729394Z /opt/hostedtoolcache/Python/3.12.13/x64/lib/python3.12/site-packages/alembic/runtime/environment.py:946: in run_migrations
backend	Run pytest backend/tests openwrt-agent/tests	2026-08-06T10:31:51.6730206Z     self.get_context().run_migrations(**kw)
backend	Run pytest backend/tests openwrt-agent/tests	2026-08-06T10:31:51.6747108Z /opt/hostedtoolcache/Python/3.12.13/x64/lib/python3.12/site-packages/alembic/runtime/migration.py:627: in run_migrations
backend	Run pytest backend/tests openwrt-agent/tests	2026-08-06T10:31:51.6747778Z     step.migration_fn(**kw)
backend	Run pytest backend/tests openwrt-agent/tests	2026-08-06T10:31:51.6748135Z backend/alembic/versions/0002_add_device_groups.py:24: in upgrade
backend	Run pytest backend/tests openwrt-agent/tests	2026-08-06T10:31:51.6748497Z     op.create_table(
backend	Run pytest backend/tests openwrt-agent/tests	2026-08-06T10:31:51.6748737Z <string>:8: in create_table
backend	Run pytest backend/tests openwrt-agent/tests	2026-08-06T10:31:51.6748967Z     ???
backend	Run pytest backend/tests openwrt-agent/tests	2026-08-06T10:31:51.6749172Z <string>:3: in create_table
backend	Run pytest backend/tests openwrt-agent/tests	2026-08-06T10:31:51.6749394Z     ???
backend	Run pytest backend/tests openwrt-agent/tests	2026-08-06T10:31:51.6749854Z /opt/hostedtoolcache/Python/3.12.13/x64/lib/python3.12/site-packages/alembic/operations/ops.py:1332: in create_table
backend	Run pytest backend/tests openwrt-agent/tests	2026-08-06T10:31:51.6750385Z     return operations.invoke(op)
backend	Run pytest backend/tests openwrt-agent/tests	2026-08-06T10:31:51.6750668Z            ^^^^^^^^^^^^^^^^^^^^^
backend	Run pytest backend/tests openwrt-agent/tests	2026-08-06T10:31:51.6751139Z /opt/hostedtoolcache/Python/3.12.13/x64/lib/python3.12/site-packages/alembic/operations/base.py:454: in invoke
backend	Run pytest backend/tests openwrt-agent/tests	2026-08-06T10:31:51.6751633Z     return fn(self, operation)
backend	Run pytest backend/tests openwrt-agent/tests	2026-08-06T10:31:51.6751876Z            ^^^^^^^^^^^^^^^^^^^
backend	Run pytest backend/tests openwrt-agent/tests	2026-08-06T10:31:51.6752487Z /opt/hostedtoolcache/Python/3.12.13/x64/lib/python3.12/site-packages/alembic/operations/toimpl.py:135: in create_table
backend	Run pytest backend/tests openwrt-agent/tests	2026-08-06T10:31:51.6753039Z     operations.impl.create_table(table, **kw)
backend	Run pytest backend/tests openwrt-agent/tests	2026-08-06T10:31:51.6753543Z /opt/hostedtoolcache/Python/3.12.13/x64/lib/python3.12/site-packages/alembic/ddl/impl.py:423: in create_table
backend	Run pytest backend/tests openwrt-agent/tests	2026-08-06T10:31:51.6754050Z     self._exec(schema.CreateTable(table, **kw))
backend	Run pytest backend/tests openwrt-agent/tests	2026-08-06T10:31:51.6754532Z /opt/hostedtoolcache/Python/3.12.13/x64/lib/python3.12/site-packages/alembic/ddl/impl.py:246: in _exec
backend	Run pytest backend/tests openwrt-agent/tests	2026-08-06T10:31:51.6755017Z     return conn.execute(construct, params)
backend	Run pytest backend/tests openwrt-agent/tests	2026-08-06T10:31:51.6755292Z            ^^^^^^^^^^^^^^^^^^^^^^^^^^^^^^^
backend	Run pytest backend/tests openwrt-agent/tests	2026-08-06T10:31:51.6755754Z /opt/hostedtoolcache/Python/3.12.13/x64/lib/python3.12/site-packages/sqlalchemy/engine/base.py:1419: in execute
backend	Run pytest backend/tests openwrt-agent/tests	2026-08-06T10:31:51.6756247Z     return meth(
backend	Run pytest backend/tests openwrt-agent/tests	2026-08-06T10:31:51.6756722Z /opt/hostedtoolcache/Python/3.12.13/x64/lib/python3.12/site-packages/sqlalchemy/sql/ddl.py:187: in _execute_on_connection
backend	Run pytest backend/tests openwrt-agent/tests	2026-08-06T10:31:51.6757486Z     return connection._execute_ddl(
backend	Run pytest backend/tests openwrt-agent/tests	2026-08-06T10:31:51.6757980Z /opt/hostedtoolcache/Python/3.12.13/x64/lib/python3.12/site-packages/sqlalchemy/engine/base.py:1530: in _execute_ddl
backend	Run pytest backend/tests openwrt-agent/tests	2026-08-06T10:31:51.6758487Z     ret = self._execute_context(
backend	Run pytest backend/tests openwrt-agent/tests	2026-08-06T10:31:51.6758990Z /opt/hostedtoolcache/Python/3.12.13/x64/lib/python3.12/site-packages/sqlalchemy/engine/base.py:1846: in _execute_context
backend	Run pytest backend/tests openwrt-agent/tests	2026-08-06T10:31:51.6759523Z     return self._exec_single_context(
backend	Run pytest backend/tests openwrt-agent/tests	2026-08-06T10:31:51.6760048Z /opt/hostedtoolcache/Python/3.12.13/x64/lib/python3.12/site-packages/sqlalchemy/engine/base.py:1986: in _exec_single_context
backend	Run pytest backend/tests openwrt-agent/tests	2026-08-06T10:31:51.6760589Z     self._handle_dbapi_exception(
backend	Run pytest backend/tests openwrt-agent/tests	2026-08-06T10:31:51.6761133Z /opt/hostedtoolcache/Python/3.12.13/x64/lib/python3.12/site-packages/sqlalchemy/engine/base.py:2355: in _handle_dbapi_exception
backend	Run pytest backend/tests openwrt-agent/tests	2026-08-06T10:31:51.6761752Z     raise sqlalchemy_exception.with_traceback(exc_info[2]) from e
backend	Run pytest backend/tests openwrt-agent/tests	2026-08-06T10:31:51.6762631Z /opt/hostedtoolcache/Python/3.12.13/x64/lib/python3.12/site-packages/sqlalchemy/engine/base.py:1967: in _exec_single_context
backend	Run pytest backend/tests openwrt-agent/tests	2026-08-06T10:31:51.6763184Z     self.dialect.do_execute(
backend	Run pytest backend/tests openwrt-agent/tests	2026-08-06T10:31:51.6763670Z /opt/hostedtoolcache/Python/3.12.13/x64/lib/python3.12/site-packages/sqlalchemy/engine/default.py:951: in do_execute
backend	Run pytest backend/tests openwrt-agent/tests	2026-08-06T10:31:51.6764187Z     cursor.execute(statement, parameters)
backend	Run pytest backend/tests openwrt-agent/tests	2026-08-06T10:31:51.6764518Z _ _ _ _ _ _ _ _ _ _ _ _ _ _ _ _ _ _ _ _ _ _ _ _ _ _ _ _ _ _ _ _ _ _ _ _ _ _ _ _ 
backend	Run pytest backend/tests openwrt-agent/tests	2026-08-06T10:31:51.6764759Z 
backend	Run pytest backend/tests openwrt-agent/tests	2026-08-06T10:31:51.6765078Z self = <psycopg.Cursor [closed] [IDLE] (host=localhost user=wrtmonitor database=wrtmonitor_test) at 0x7f464f207b90>
backend	Run pytest backend/tests openwrt-agent/tests	2026-08-06T10:31:51.6766176Z query = '\nCREATE TABLE device_groups (\n\tid UUID NOT NULL, \n\tname VARCHAR(120) NOT NULL, \n\tdescription TEXT, \n\tcreated...H TIME ZONE NOT NULL, \n\tupdated_at TIMESTAMP WITH TIME ZONE NOT NULL, \n\tPRIMARY KEY (id), \n\tUNIQUE (name)\n)\n\n'
backend	Run pytest backend/tests openwrt-agent/tests	2026-08-06T10:31:51.6767252Z params = immutabledict({})
backend	Run pytest backend/tests openwrt-agent/tests	2026-08-06T10:31:51.6767422Z 
backend	Run pytest backend/tests openwrt-agent/tests	2026-08-06T10:31:51.6767506Z     def execute(
backend	Run pytest backend/tests openwrt-agent/tests	2026-08-06T10:31:51.6767711Z         self,
backend	Run pytest backend/tests openwrt-agent/tests	2026-08-06T10:31:51.6767906Z         query: Query,
backend	Run pytest backend/tests openwrt-agent/tests	2026-08-06T10:31:51.6768143Z         params: Params | None = None,
backend	Run pytest backend/tests openwrt-agent/tests	2026-08-06T10:31:51.6768400Z         *,
backend	Run pytest backend/tests openwrt-agent/tests	2026-08-06T10:31:51.6768601Z         prepare: bool | None = None,
backend	Run pytest backend/tests openwrt-agent/tests	2026-08-06T10:31:51.6768865Z         binary: bool | None = None,
backend	Run pytest backend/tests openwrt-agent/tests	2026-08-06T10:31:51.6769113Z     ) -> Self:
backend	Run pytest backend/tests openwrt-agent/tests	2026-08-06T10:31:51.6769309Z         """
backend	Run pytest backend/tests openwrt-agent/tests	2026-08-06T10:31:51.6769533Z         Execute a query or command to the database.
backend	Run pytest backend/tests openwrt-agent/tests	2026-08-06T10:31:51.6769814Z         """
backend	Run pytest backend/tests openwrt-agent/tests	2026-08-06T10:31:51.6769993Z         try:
backend	Run pytest backend/tests openwrt-agent/tests	2026-08-06T10:31:51.6770197Z             with self._conn.lock:
backend	Run pytest backend/tests openwrt-agent/tests	2026-08-06T10:31:51.6770444Z                 self._conn.wait(
backend	Run pytest backend/tests openwrt-agent/tests	2026-08-06T10:31:51.6770794Z                     self._execute_gen(query, params, prepare=prepare, binary=binary)
backend	Run pytest backend/tests openwrt-agent/tests	2026-08-06T10:31:51.6771152Z                 )
backend	Run pytest backend/tests openwrt-agent/tests	2026-08-06T10:31:51.6771370Z         except e._NO_TRACEBACK as ex:
backend	Run pytest backend/tests openwrt-agent/tests	2026-08-06T10:31:51.6771646Z >           raise ex.with_traceback(None)
backend	Run pytest backend/tests openwrt-agent/tests	2026-08-06T10:31:51.6772388Z E           sqlalchemy.exc.ProgrammingError: (psycopg.errors.DuplicateTable) relation "device_groups" already exists
backend	Run pytest backend/tests openwrt-agent/tests	2026-08-06T10:31:51.6772912Z E           [SQL: 
backend	Run pytest backend/tests openwrt-agent/tests	2026-08-06T10:31:51.6773139Z E           CREATE TABLE device_groups (
backend	Run pytest backend/tests openwrt-agent/tests	2026-08-06T10:31:51.6773409Z E           	id UUID NOT NULL, 
backend	Run pytest backend/tests openwrt-agent/tests	2026-08-06T10:31:51.6773656Z E           	name VARCHAR(120) NOT NULL, 
backend	Run pytest backend/tests openwrt-agent/tests	2026-08-06T10:31:51.6773917Z E           	description TEXT, 
backend	Run pytest backend/tests openwrt-agent/tests	2026-08-06T10:31:51.6774199Z E           	created_at TIMESTAMP WITH TIME ZONE NOT NULL, 
backend	Run pytest backend/tests openwrt-agent/tests	2026-08-06T10:31:51.6774544Z E           	updated_at TIMESTAMP WITH TIME ZONE NOT NULL, 
backend	Run pytest backend/tests openwrt-agent/tests	2026-08-06T10:31:51.6774837Z E           	PRIMARY KEY (id), 
backend	Run pytest backend/tests openwrt-agent/tests	2026-08-06T10:31:51.6775079Z E           	UNIQUE (name)
backend	Run pytest backend/tests openwrt-agent/tests	2026-08-06T10:31:51.6775292Z E           )
backend	Run pytest backend/tests openwrt-agent/tests	2026-08-06T10:31:51.6775482Z E           
backend	Run pytest backend/tests openwrt-agent/tests	2026-08-06T10:31:51.6775665Z E           ]
backend	Run pytest backend/tests openwrt-agent/tests	2026-08-06T10:31:51.6775954Z E           (Background on this error at: https://sqlalche.me/e/20/f405)
backend	Run pytest backend/tests openwrt-agent/tests	2026-08-06T10:31:51.6776377Z 
backend	Run pytest backend/tests openwrt-agent/tests	2026-08-06T10:31:51.6776709Z /opt/hostedtoolcache/Python/3.12.13/x64/lib/python3.12/site-packages/psycopg/cursor.py:117: ProgrammingError
backend	Run pytest backend/tests openwrt-agent/tests	2026-08-06T10:31:51.6777300Z ----------------------------- Captured stderr call -----------------------------
backend	Run pytest backend/tests openwrt-agent/tests	2026-08-06T10:31:51.6777741Z INFO  [alembic.runtime.migration] Context impl PostgresqlImpl.
backend	Run pytest backend/tests openwrt-agent/tests	2026-08-06T10:31:51.6778155Z INFO  [alembic.runtime.migration] Will assume transactional DDL.
backend	Run pytest backend/tests openwrt-agent/tests	2026-08-06T10:31:51.6778720Z INFO  [alembic.runtime.migration] Running upgrade  -> 0001_initial_schema, Single pre-release schema baseline.
backend	Run pytest backend/tests openwrt-agent/tests	2026-08-06T10:31:51.6779492Z INFO  [alembic.runtime.migration] Running upgrade 0001_initial_schema -> 0002_add_device_groups, Add DeviceGroup and group_id to Device.
backend	Run pytest backend/tests openwrt-agent/tests	2026-08-06T10:31:51.6780171Z ________ test_command_lifecycle_retry_expiry_and_idempotent_result_e2e _________
backend	Run pytest backend/tests openwrt-agent/tests	2026-08-06T10:31:51.6780469Z 
backend	Run pytest backend/tests openwrt-agent/tests	2026-08-06T10:31:51.6780654Z self = <sqlalchemy.engine.base.Connection object at 0x7f464f0e2ba0>
backend	Run pytest backend/tests openwrt-agent/tests	2026-08-06T10:31:51.6781206Z dialect = <sqlalchemy.dialects.postgresql.psycopg.PGDialect_psycopg object at 0x7f4652350b30>
backend	Run pytest backend/tests openwrt-agent/tests	2026-08-06T10:31:51.6781892Z context = <sqlalchemy.dialects.postgresql.psycopg.PGExecutionContext_psycopg object at 0x7f464f2bce60>
backend	Run pytest backend/tests openwrt-agent/tests	2026-08-06T10:31:51.6782690Z statement = <sqlalchemy.dialects.postgresql.base.PGDDLCompiler object at 0x7f464f2bc170>
backend	Run pytest backend/tests openwrt-agent/tests	2026-08-06T10:31:51.6783152Z parameters = [immutabledict({})]
backend	Run pytest backend/tests openwrt-agent/tests	2026-08-06T10:31:51.6783319Z 
backend	Run pytest backend/tests openwrt-agent/tests	2026-08-06T10:31:51.6783411Z     def _exec_single_context(
backend	Run pytest backend/tests openwrt-agent/tests	2026-08-06T10:31:51.6783650Z         self,
backend	Run pytest backend/tests openwrt-agent/tests	2026-08-06T10:31:51.6783848Z         dialect: Dialect,
backend	Run pytest backend/tests openwrt-agent/tests	2026-08-06T10:31:51.6784085Z         context: ExecutionContext,
backend	Run pytest backend/tests openwrt-agent/tests	2026-08-06T10:31:51.6784352Z         statement: Union[str, Compiled],
backend	Run pytest backend/tests openwrt-agent/tests	2026-08-06T10:31:51.6784891Z         parameters: Optional[_AnyMultiExecuteParams],
backend	Run pytest backend/tests openwrt-agent/tests	2026-08-06T10:31:51.6785204Z     ) -> CursorResult[Any]:
backend	Run pytest backend/tests openwrt-agent/tests	2026-08-06T10:31:51.6785512Z         """continue the _execute_context() method for a single DBAPI
backend	Run pytest backend/tests openwrt-agent/tests	2026-08-06T10:31:51.6785898Z         cursor.execute() or cursor.executemany() call.
backend	Run pytest backend/tests openwrt-agent/tests	2026-08-06T10:31:51.6786185Z     
backend	Run pytest backend/tests openwrt-agent/tests	2026-08-06T10:31:51.6786368Z         """
backend	Run pytest backend/tests openwrt-agent/tests	2026-08-06T10:31:51.6786619Z         if dialect.bind_typing is BindTyping.SETINPUTSIZES:
backend	Run pytest backend/tests openwrt-agent/tests	2026-08-06T10:31:51.6787011Z             generic_setinputsizes = context._prepare_set_input_sizes()
backend	Run pytest backend/tests openwrt-agent/tests	2026-08-06T10:31:51.6787330Z     
backend	Run pytest backend/tests openwrt-agent/tests	2026-08-06T10:31:51.6787526Z             if generic_setinputsizes:
backend	Run pytest backend/tests openwrt-agent/tests	2026-08-06T10:31:51.6787773Z                 try:
backend	Run pytest backend/tests openwrt-agent/tests	2026-08-06T10:31:51.6788002Z                     dialect.do_set_input_sizes(
backend	Run pytest backend/tests openwrt-agent/tests	2026-08-06T10:31:51.6788331Z                         context.cursor, generic_setinputsizes, context
backend	Run pytest backend/tests openwrt-agent/tests	2026-08-06T10:31:51.6788634Z                     )
backend	Run pytest backend/tests openwrt-agent/tests	2026-08-06T10:31:51.6788861Z                 except BaseException as e:
backend	Run pytest backend/tests openwrt-agent/tests	2026-08-06T10:31:51.6789156Z                     self._handle_dbapi_exception(
backend	Run pytest backend/tests openwrt-agent/tests	2026-08-06T10:31:51.6789478Z                         e, str(statement), parameters, None, context
backend	Run pytest backend/tests openwrt-agent/tests	2026-08-06T10:31:51.6789770Z                     )
backend	Run pytest backend/tests openwrt-agent/tests	2026-08-06T10:31:51.6789970Z     
backend	Run pytest backend/tests openwrt-agent/tests	2026-08-06T10:31:51.6790176Z         cursor, str_statement, parameters = (
backend	Run pytest backend/tests openwrt-agent/tests	2026-08-06T10:31:51.6790450Z             context.cursor,
backend	Run pytest backend/tests openwrt-agent/tests	2026-08-06T10:31:51.6790679Z             context.statement,
backend	Run pytest backend/tests openwrt-agent/tests	2026-08-06T10:31:51.6790921Z             context.parameters,
backend	Run pytest backend/tests openwrt-agent/tests	2026-08-06T10:31:51.6791146Z         )
backend	Run pytest backend/tests openwrt-agent/tests	2026-08-06T10:31:51.6791323Z     
backend	Run pytest backend/tests openwrt-agent/tests	2026-08-06T10:31:51.6791554Z         effective_parameters: Optional[_AnyExecuteParams]
backend	Run pytest backend/tests openwrt-agent/tests	2026-08-06T10:31:51.6791853Z     
backend	Run pytest backend/tests openwrt-agent/tests	2026-08-06T10:31:51.6792151Z         if not context.executemany:
backend	Run pytest backend/tests openwrt-agent/tests	2026-08-06T10:31:51.6792436Z             effective_parameters = parameters[0]
backend	Run pytest backend/tests openwrt-agent/tests	2026-08-06T10:31:51.6792705Z         else:
backend	Run pytest backend/tests openwrt-agent/tests	2026-08-06T10:31:51.6792914Z             effective_parameters = parameters
backend	Run pytest backend/tests openwrt-agent/tests	2026-08-06T10:31:51.6793166Z     
backend	Run pytest backend/tests openwrt-agent/tests	2026-08-06T10:31:51.6793392Z         if self._has_events or self.engine._has_events:
backend	Run pytest backend/tests openwrt-agent/tests	2026-08-06T10:31:51.6793738Z             for fn in self.dispatch.before_cursor_execute:
backend	Run pytest backend/tests openwrt-agent/tests	2026-08-06T10:31:51.6794079Z                 str_statement, effective_parameters = fn(
backend	Run pytest backend/tests openwrt-agent/tests	2026-08-06T10:31:51.6794546Z                     self,
backend	Run pytest backend/tests openwrt-agent/tests	2026-08-06T10:31:51.6794762Z                     cursor,
backend	Run pytest backend/tests openwrt-agent/tests	2026-08-06T10:31:51.6794988Z                     str_statement,
backend	Run pytest backend/tests openwrt-agent/tests	2026-08-06T10:31:51.6795248Z                     effective_parameters,
backend	Run pytest backend/tests openwrt-agent/tests	2026-08-06T10:31:51.6795517Z                     context,
backend	Run pytest backend/tests openwrt-agent/tests	2026-08-06T10:31:51.6795758Z                     context.executemany,
backend	Run pytest backend/tests openwrt-agent/tests	2026-08-06T10:31:51.6796007Z                 )
backend	Run pytest backend/tests openwrt-agent/tests	2026-08-06T10:31:51.6796196Z     
backend	Run pytest backend/tests openwrt-agent/tests	2026-08-06T10:31:51.6796380Z         if self._echo:
backend	Run pytest backend/tests openwrt-agent/tests	2026-08-06T10:31:51.6796609Z             self._log_info(str_statement)
backend	Run pytest backend/tests openwrt-agent/tests	2026-08-06T10:31:51.6796853Z     
backend	Run pytest backend/tests openwrt-agent/tests	2026-08-06T10:31:51.6797053Z             stats = context._get_cache_stats()
backend	Run pytest backend/tests openwrt-agent/tests	2026-08-06T10:31:51.6797316Z     
backend	Run pytest backend/tests openwrt-agent/tests	2026-08-06T10:31:51.6797523Z             if not self.engine.hide_parameters:
backend	Run pytest backend/tests openwrt-agent/tests	2026-08-06T10:31:51.6797812Z                 self._log_info(
backend	Run pytest backend/tests openwrt-agent/tests	2026-08-06T10:31:51.6798048Z                     "[%s] %r",
backend	Run pytest backend/tests openwrt-agent/tests	2026-08-06T10:31:51.6798282Z                     stats,
backend	Run pytest backend/tests openwrt-agent/tests	2026-08-06T10:31:51.6798518Z                     sql_util._repr_params(
backend	Run pytest backend/tests openwrt-agent/tests	2026-08-06T10:31:51.6798799Z                         effective_parameters,
backend	Run pytest backend/tests openwrt-agent/tests	2026-08-06T10:31:51.6799068Z                         batches=10,
backend	Run pytest backend/tests openwrt-agent/tests	2026-08-06T10:31:51.6799340Z                         ismulti=context.executemany,
backend	Run pytest backend/tests openwrt-agent/tests	2026-08-06T10:31:51.6799615Z                     ),
backend	Run pytest backend/tests openwrt-agent/tests	2026-08-06T10:31:51.6799812Z                 )
backend	Run pytest backend/tests openwrt-agent/tests	2026-08-06T10:31:51.6800004Z             else:
backend	Run pytest backend/tests openwrt-agent/tests	2026-08-06T10:31:51.6800198Z                 self._log_info(
backend	Run pytest backend/tests openwrt-agent/tests	2026-08-06T10:31:51.6800500Z                     "[%s] [SQL parameters hidden due to hide_parameters=True]",
backend	Run pytest backend/tests openwrt-agent/tests	2026-08-06T10:31:51.6800835Z                     stats,
backend	Run pytest backend/tests openwrt-agent/tests	2026-08-06T10:31:51.6801039Z                 )
backend	Run pytest backend/tests openwrt-agent/tests	2026-08-06T10:31:51.6801224Z     
backend	Run pytest backend/tests openwrt-agent/tests	2026-08-06T10:31:51.6801413Z         evt_handled: bool = False
backend	Run pytest backend/tests openwrt-agent/tests	2026-08-06T10:31:51.6801790Z         try:
backend	Run pytest backend/tests openwrt-agent/tests	2026-08-06T10:31:51.6802148Z             if context.execute_style is ExecuteStyle.EXECUTEMANY:
backend	Run pytest backend/tests openwrt-agent/tests	2026-08-06T10:31:51.6802498Z                 effective_parameters = cast(
backend	Run pytest backend/tests openwrt-agent/tests	2026-08-06T10:31:51.6802824Z                     "_CoreMultiExecuteParams", effective_parameters
backend	Run pytest backend/tests openwrt-agent/tests	2026-08-06T10:31:51.6803144Z                 )
backend	Run pytest backend/tests openwrt-agent/tests	2026-08-06T10:31:51.6803341Z                 if self.dialect._has_events:
backend	Run pytest backend/tests openwrt-agent/tests	2026-08-06T10:31:51.6803653Z                     for fn in self.dialect.dispatch.do_executemany:
backend	Run pytest backend/tests openwrt-agent/tests	2026-08-06T10:31:51.6803958Z                         if fn(
backend	Run pytest backend/tests openwrt-agent/tests	2026-08-06T10:31:51.6804183Z                             cursor,
backend	Run pytest backend/tests openwrt-agent/tests	2026-08-06T10:31:51.6804426Z                             str_statement,
backend	Run pytest backend/tests openwrt-agent/tests	2026-08-06T10:31:51.6804687Z                             effective_parameters,
backend	Run pytest backend/tests openwrt-agent/tests	2026-08-06T10:31:51.6804960Z                             context,
backend	Run pytest backend/tests openwrt-agent/tests	2026-08-06T10:31:51.6805198Z                         ):
backend	Run pytest backend/tests openwrt-agent/tests	2026-08-06T10:31:51.6805426Z                             evt_handled = True
backend	Run pytest backend/tests openwrt-agent/tests	2026-08-06T10:31:51.6805686Z                             break
backend	Run pytest backend/tests openwrt-agent/tests	2026-08-06T10:31:51.6805925Z                 if not evt_handled:
backend	Run pytest backend/tests openwrt-agent/tests	2026-08-06T10:31:51.6806182Z                     self.dialect.do_executemany(
backend	Run pytest backend/tests openwrt-agent/tests	2026-08-06T10:31:51.6806458Z                         cursor,
backend	Run pytest backend/tests openwrt-agent/tests	2026-08-06T10:31:51.6806693Z                         str_statement,
backend	Run pytest backend/tests openwrt-agent/tests	2026-08-06T10:31:51.6806959Z                         effective_parameters,
backend	Run pytest backend/tests openwrt-agent/tests	2026-08-06T10:31:51.6807221Z                         context,
backend	Run pytest backend/tests openwrt-agent/tests	2026-08-06T10:31:51.6807448Z                     )
backend	Run pytest backend/tests openwrt-agent/tests	2026-08-06T10:31:51.6807725Z             elif not effective_parameters and context.no_parameters:
backend	Run pytest backend/tests openwrt-agent/tests	2026-08-06T10:31:51.6808056Z                 if self.dialect._has_events:
backend	Run pytest backend/tests openwrt-agent/tests	2026-08-06T10:31:51.6808379Z                     for fn in self.dialect.dispatch.do_execute_no_params:
backend	Run pytest backend/tests openwrt-agent/tests	2026-08-06T10:31:51.6808744Z                         if fn(cursor, str_statement, context):
backend	Run pytest backend/tests openwrt-agent/tests	2026-08-06T10:31:51.6809046Z                             evt_handled = True
backend	Run pytest backend/tests openwrt-agent/tests	2026-08-06T10:31:51.6809303Z                             break
backend	Run pytest backend/tests openwrt-agent/tests	2026-08-06T10:31:51.6809535Z                 if not evt_handled:
backend	Run pytest backend/tests openwrt-agent/tests	2026-08-06T10:31:51.6809800Z                     self.dialect.do_execute_no_params(
backend	Run pytest backend/tests openwrt-agent/tests	2026-08-06T10:31:51.6810100Z                         cursor, str_statement, context
backend	Run pytest backend/tests openwrt-agent/tests	2026-08-06T10:31:51.6810367Z                     )
backend	Run pytest backend/tests openwrt-agent/tests	2026-08-06T10:31:51.6810706Z             else:
backend	Run pytest backend/tests openwrt-agent/tests	2026-08-06T10:31:51.6810924Z                 effective_parameters = cast(
backend	Run pytest backend/tests openwrt-agent/tests	2026-08-06T10:31:51.6811246Z                     "_CoreSingleExecuteParams", effective_parameters
backend	Run pytest backend/tests openwrt-agent/tests	2026-08-06T10:31:51.6811552Z                 )
backend	Run pytest backend/tests openwrt-agent/tests	2026-08-06T10:31:51.6811761Z                 if self.dialect._has_events:
backend	Run pytest backend/tests openwrt-agent/tests	2026-08-06T10:31:51.6812242Z                     for fn in self.dialect.dispatch.do_execute:
backend	Run pytest backend/tests openwrt-agent/tests	2026-08-06T10:31:51.6812592Z                         if fn(
backend	Run pytest backend/tests openwrt-agent/tests	2026-08-06T10:31:51.6812819Z                             cursor,
backend	Run pytest backend/tests openwrt-agent/tests	2026-08-06T10:31:51.6813065Z                             str_statement,
backend	Run pytest backend/tests openwrt-agent/tests	2026-08-06T10:31:51.6813333Z                             effective_parameters,
backend	Run pytest backend/tests openwrt-agent/tests	2026-08-06T10:31:51.6813601Z                             context,
backend	Run pytest backend/tests openwrt-agent/tests	2026-08-06T10:31:51.6813836Z                         ):
backend	Run pytest backend/tests openwrt-agent/tests	2026-08-06T10:31:51.6814063Z                             evt_handled = True
backend	Run pytest backend/tests openwrt-agent/tests	2026-08-06T10:31:51.6814318Z                             break
backend	Run pytest backend/tests openwrt-agent/tests	2026-08-06T10:31:51.6814551Z                 if not evt_handled:
backend	Run pytest backend/tests openwrt-agent/tests	2026-08-06T10:31:51.6814805Z >                   self.dialect.do_execute(
backend	Run pytest backend/tests openwrt-agent/tests	2026-08-06T10:31:51.6815124Z                         cursor, str_statement, effective_parameters, context
backend	Run pytest backend/tests openwrt-agent/tests	2026-08-06T10:31:51.6815451Z                     )
backend	Run pytest backend/tests openwrt-agent/tests	2026-08-06T10:31:51.6815570Z 
backend	Run pytest backend/tests openwrt-agent/tests	2026-08-06T10:31:51.6815871Z /opt/hostedtoolcache/Python/3.12.13/x64/lib/python3.12/site-packages/sqlalchemy/engine/base.py:1967: 
backend	Run pytest backend/tests openwrt-agent/tests	2026-08-06T10:31:51.6816382Z _ _ _ _ _ _ _ _ _ _ _ _ _ _ _ _ _ _ _ _ _ _ _ _ _ _ _ _ _ _ _ _ _ _ _ _ _ _ _ _ 
backend	Run pytest backend/tests openwrt-agent/tests	2026-08-06T10:31:51.6816943Z /opt/hostedtoolcache/Python/3.12.13/x64/lib/python3.12/site-packages/sqlalchemy/engine/default.py:951: in do_execute
backend	Run pytest backend/tests openwrt-agent/tests	2026-08-06T10:31:51.6817466Z     cursor.execute(statement, parameters)
backend	Run pytest backend/tests openwrt-agent/tests	2026-08-06T10:31:51.6817773Z _ _ _ _ _ _ _ _ _ _ _ _ _ _ _ _ _ _ _ _ _ _ _ _ _ _ _ _ _ _ _ _ _ _ _ _ _ _ _ _ 
backend	Run pytest backend/tests openwrt-agent/tests	2026-08-06T10:31:51.6818155Z 
backend	Run pytest backend/tests openwrt-agent/tests	2026-08-06T10:31:51.6818475Z self = <psycopg.Cursor [closed] [IDLE] (host=localhost user=wrtmonitor database=wrtmonitor_test) at 0x7f464f18abd0>
backend	Run pytest backend/tests openwrt-agent/tests	2026-08-06T10:31:51.6819561Z query = '\nCREATE TABLE device_groups (\n\tid UUID NOT NULL, \n\tname VARCHAR(120) NOT NULL, \n\tdescription TEXT, \n\tcreated...H TIME ZONE NOT NULL, \n\tupdated_at TIMESTAMP WITH TIME ZONE NOT NULL, \n\tPRIMARY KEY (id), \n\tUNIQUE (name)\n)\n\n'
backend	Run pytest backend/tests openwrt-agent/tests	2026-08-06T10:31:51.6820424Z params = immutabledict({})
backend	Run pytest backend/tests openwrt-agent/tests	2026-08-06T10:31:51.6820580Z 
backend	Run pytest backend/tests openwrt-agent/tests	2026-08-06T10:31:51.6820670Z     def execute(
backend	Run pytest backend/tests openwrt-agent/tests	2026-08-06T10:31:51.6820865Z         self,
backend	Run pytest backend/tests openwrt-agent/tests	2026-08-06T10:31:51.6821060Z         query: Query,
backend	Run pytest backend/tests openwrt-agent/tests	2026-08-06T10:31:51.6821284Z         params: Params | None = None,
backend	Run pytest backend/tests openwrt-agent/tests	2026-08-06T10:31:51.6821533Z         *,
backend	Run pytest backend/tests openwrt-agent/tests	2026-08-06T10:31:51.6821734Z         prepare: bool | None = None,
backend	Run pytest backend/tests openwrt-agent/tests	2026-08-06T10:31:51.6821994Z         binary: bool | None = None,
backend	Run pytest backend/tests openwrt-agent/tests	2026-08-06T10:31:51.6822381Z     ) -> Self:
backend	Run pytest backend/tests openwrt-agent/tests	2026-08-06T10:31:51.6822580Z         """
backend	Run pytest backend/tests openwrt-agent/tests	2026-08-06T10:31:51.6822798Z         Execute a query or command to the database.
backend	Run pytest backend/tests openwrt-agent/tests	2026-08-06T10:31:51.6823082Z         """
backend	Run pytest backend/tests openwrt-agent/tests	2026-08-06T10:31:51.6823257Z         try:
backend	Run pytest backend/tests openwrt-agent/tests	2026-08-06T10:31:51.6823451Z             with self._conn.lock:
backend	Run pytest backend/tests openwrt-agent/tests	2026-08-06T10:31:51.6823700Z                 self._conn.wait(
backend	Run pytest backend/tests openwrt-agent/tests	2026-08-06T10:31:51.6824037Z                     self._execute_gen(query, params, prepare=prepare, binary=binary)
backend	Run pytest backend/tests openwrt-agent/tests	2026-08-06T10:31:51.6824396Z                 )
backend	Run pytest backend/tests openwrt-agent/tests	2026-08-06T10:31:51.6824610Z         except e._NO_TRACEBACK as ex:
backend	Run pytest backend/tests openwrt-agent/tests	2026-08-06T10:31:51.6824881Z >           raise ex.with_traceback(None)
backend	Run pytest backend/tests openwrt-agent/tests	2026-08-06T10:31:51.6825269Z E           psycopg.errors.DuplicateTable: relation "device_groups" already exists
backend	Run pytest backend/tests openwrt-agent/tests	2026-08-06T10:31:51.6825577Z 
backend	Run pytest backend/tests openwrt-agent/tests	2026-08-06T10:31:51.6825880Z /opt/hostedtoolcache/Python/3.12.13/x64/lib/python3.12/site-packages/psycopg/cursor.py:117: DuplicateTable
backend	Run pytest backend/tests openwrt-agent/tests	2026-08-06T10:31:51.6826277Z 
backend	Run pytest backend/tests openwrt-agent/tests	2026-08-06T10:31:51.6826452Z The above exception was the direct cause of the following exception:
backend	Run pytest backend/tests openwrt-agent/tests	2026-08-06T10:31:51.6826729Z 
backend	Run pytest backend/tests openwrt-agent/tests	2026-08-06T10:31:51.6826916Z     def test_command_lifecycle_retry_expiry_and_idempotent_result_e2e():
backend	Run pytest backend/tests openwrt-agent/tests	2026-08-06T10:31:51.6827284Z         if not postgres_e2e_enabled():
backend	Run pytest backend/tests openwrt-agent/tests	2026-08-06T10:31:51.6827798Z             pytest.skip("PostgreSQL E2E test requires WRTMONITOR_DATABASE_URL")
backend	Run pytest backend/tests openwrt-agent/tests	2026-08-06T10:31:51.6828165Z >       clear_database()
backend	Run pytest backend/tests openwrt-agent/tests	2026-08-06T10:31:51.6828301Z 
backend	Run pytest backend/tests openwrt-agent/tests	2026-08-06T10:31:51.6828411Z backend/tests/test_api.py:945: 
backend	Run pytest backend/tests openwrt-agent/tests	2026-08-06T10:31:51.6828713Z _ _ _ _ _ _ _ _ _ _ _ _ _ _ _ _ _ _ _ _ _ _ _ _ _ _ _ _ _ _ _ _ _ _ _ _ _ _ _ _ 
backend	Run pytest backend/tests openwrt-agent/tests	2026-08-06T10:31:51.6829070Z backend/tests/test_api.py:490: in clear_database
backend	Run pytest backend/tests openwrt-agent/tests	2026-08-06T10:31:51.6829352Z     init_db()
backend	Run pytest backend/tests openwrt-agent/tests	2026-08-06T10:31:51.6829564Z backend/app/db.py:108: in init_db
backend	Run pytest backend/tests openwrt-agent/tests	2026-08-06T10:31:51.6829810Z     migrate_db()
backend	Run pytest backend/tests openwrt-agent/tests	2026-08-06T10:31:51.6830031Z backend/app/db.py:96: in migrate_db
backend	Run pytest backend/tests openwrt-agent/tests	2026-08-06T10:31:51.6830299Z     command.upgrade(config, "head")
backend	Run pytest backend/tests openwrt-agent/tests	2026-08-06T10:31:51.6830746Z /opt/hostedtoolcache/Python/3.12.13/x64/lib/python3.12/site-packages/alembic/command.py:483: in upgrade
backend	Run pytest backend/tests openwrt-agent/tests	2026-08-06T10:31:51.6831221Z     script.run_env()
backend	Run pytest backend/tests openwrt-agent/tests	2026-08-06T10:31:51.6831647Z /opt/hostedtoolcache/Python/3.12.13/x64/lib/python3.12/site-packages/alembic/script/base.py:545: in run_env
backend	Run pytest backend/tests openwrt-agent/tests	2026-08-06T10:31:51.6832264Z     util.load_python_file(self.dir, "env.py")
backend	Run pytest backend/tests openwrt-agent/tests	2026-08-06T10:31:51.6832801Z /opt/hostedtoolcache/Python/3.12.13/x64/lib/python3.12/site-packages/alembic/util/pyfiles.py:116: in load_python_file
backend	Run pytest backend/tests openwrt-agent/tests	2026-08-06T10:31:51.6833329Z     module = load_module_py(module_id, path)
backend	Run pytest backend/tests openwrt-agent/tests	2026-08-06T10:31:51.6833609Z              ^^^^^^^^^^^^^^^^^^^^^^^^^^^^^^^
backend	Run pytest backend/tests openwrt-agent/tests	2026-08-06T10:31:51.6834088Z /opt/hostedtoolcache/Python/3.12.13/x64/lib/python3.12/site-packages/alembic/util/pyfiles.py:136: in load_module_py
backend	Run pytest backend/tests openwrt-agent/tests	2026-08-06T10:31:51.6834616Z     spec.loader.exec_module(module)  # type: ignore
backend	Run pytest backend/tests openwrt-agent/tests	2026-08-06T10:31:51.6834914Z     ^^^^^^^^^^^^^^^^^^^^^^^^^^^^^^^
backend	Run pytest backend/tests openwrt-agent/tests	2026-08-06T10:31:51.6835221Z <frozen importlib._bootstrap_external>:999: in exec_module
backend	Run pytest backend/tests openwrt-agent/tests	2026-08-06T10:31:51.6835541Z     ???
backend	Run pytest backend/tests openwrt-agent/tests	2026-08-06T10:31:51.6835942Z <frozen importlib._bootstrap>:488: in _call_with_frames_removed
backend	Run pytest backend/tests openwrt-agent/tests	2026-08-06T10:31:51.6836270Z     ???
backend	Run pytest backend/tests openwrt-agent/tests	2026-08-06T10:31:51.6836470Z backend/alembic/env.py:58: in <module>
backend	Run pytest backend/tests openwrt-agent/tests	2026-08-06T10:31:51.6836743Z     run_migrations_online()
backend	Run pytest backend/tests openwrt-agent/tests	2026-08-06T10:31:51.6837028Z backend/alembic/env.py:40: in run_migrations_online
backend	Run pytest backend/tests openwrt-agent/tests	2026-08-06T10:31:51.6837331Z     context.run_migrations()
backend	Run pytest backend/tests openwrt-agent/tests	2026-08-06T10:31:51.6837573Z <string>:8: in run_migrations
backend	Run pytest backend/tests openwrt-agent/tests	2026-08-06T10:31:51.6837801Z     ???
backend	Run pytest backend/tests openwrt-agent/tests	2026-08-06T10:31:51.6838257Z /opt/hostedtoolcache/Python/3.12.13/x64/lib/python3.12/site-packages/alembic/runtime/environment.py:946: in run_migrations
backend	Run pytest backend/tests openwrt-agent/tests	2026-08-06T10:31:51.6838797Z     self.get_context().run_migrations(**kw)
backend	Run pytest backend/tests openwrt-agent/tests	2026-08-06T10:31:51.6839320Z /opt/hostedtoolcache/Python/3.12.13/x64/lib/python3.12/site-packages/alembic/runtime/migration.py:627: in run_migrations
backend	Run pytest backend/tests openwrt-agent/tests	2026-08-06T10:31:51.6839832Z     step.migration_fn(**kw)
backend	Run pytest backend/tests openwrt-agent/tests	2026-08-06T10:31:51.6840146Z backend/alembic/versions/0002_add_device_groups.py:24: in upgrade
backend	Run pytest backend/tests openwrt-agent/tests	2026-08-06T10:31:51.6840493Z     op.create_table(
backend	Run pytest backend/tests openwrt-agent/tests	2026-08-06T10:31:51.6840707Z <string>:8: in create_table
backend	Run pytest backend/tests openwrt-agent/tests	2026-08-06T10:31:51.6840920Z     ???
backend	Run pytest backend/tests openwrt-agent/tests	2026-08-06T10:31:51.6841105Z <string>:3: in create_table
backend	Run pytest backend/tests openwrt-agent/tests	2026-08-06T10:31:51.6841314Z     ???
backend	Run pytest backend/tests openwrt-agent/tests	2026-08-06T10:31:51.6841743Z /opt/hostedtoolcache/Python/3.12.13/x64/lib/python3.12/site-packages/alembic/operations/ops.py:1332: in create_table
backend	Run pytest backend/tests openwrt-agent/tests	2026-08-06T10:31:51.6842486Z     return operations.invoke(op)
backend	Run pytest backend/tests openwrt-agent/tests	2026-08-06T10:31:51.6842729Z            ^^^^^^^^^^^^^^^^^^^^^
backend	Run pytest backend/tests openwrt-agent/tests	2026-08-06T10:31:51.6843175Z /opt/hostedtoolcache/Python/3.12.13/x64/lib/python3.12/site-packages/alembic/operations/base.py:454: in invoke
backend	Run pytest backend/tests openwrt-agent/tests	2026-08-06T10:31:51.6843665Z     return fn(self, operation)
backend	Run pytest backend/tests openwrt-agent/tests	2026-08-06T10:31:51.6843906Z            ^^^^^^^^^^^^^^^^^^^
backend	Run pytest backend/tests openwrt-agent/tests	2026-08-06T10:31:51.6844367Z /opt/hostedtoolcache/Python/3.12.13/x64/lib/python3.12/site-packages/alembic/operations/toimpl.py:135: in create_table
backend	Run pytest backend/tests openwrt-agent/tests	2026-08-06T10:31:51.6844897Z     operations.impl.create_table(table, **kw)
backend	Run pytest backend/tests openwrt-agent/tests	2026-08-06T10:31:51.6845390Z /opt/hostedtoolcache/Python/3.12.13/x64/lib/python3.12/site-packages/alembic/ddl/impl.py:423: in create_table
backend	Run pytest backend/tests openwrt-agent/tests	2026-08-06T10:31:51.6845902Z     self._exec(schema.CreateTable(table, **kw))
backend	Run pytest backend/tests openwrt-agent/tests	2026-08-06T10:31:51.6846378Z /opt/hostedtoolcache/Python/3.12.13/x64/lib/python3.12/site-packages/alembic/ddl/impl.py:246: in _exec
backend	Run pytest backend/tests openwrt-agent/tests	2026-08-06T10:31:51.6847008Z     return conn.execute(construct, params)
backend	Run pytest backend/tests openwrt-agent/tests	2026-08-06T10:31:51.6847292Z            ^^^^^^^^^^^^^^^^^^^^^^^^^^^^^^^
backend	Run pytest backend/tests openwrt-agent/tests	2026-08-06T10:31:51.6847779Z /opt/hostedtoolcache/Python/3.12.13/x64/lib/python3.12/site-packages/sqlalchemy/engine/base.py:1419: in execute
backend	Run pytest backend/tests openwrt-agent/tests	2026-08-06T10:31:51.6848262Z     return meth(
backend	Run pytest backend/tests openwrt-agent/tests	2026-08-06T10:31:51.6848729Z /opt/hostedtoolcache/Python/3.12.13/x64/lib/python3.12/site-packages/sqlalchemy/sql/ddl.py:187: in _execute_on_connection
backend	Run pytest backend/tests openwrt-agent/tests	2026-08-06T10:31:51.6849257Z     return connection._execute_ddl(
backend	Run pytest backend/tests openwrt-agent/tests	2026-08-06T10:31:51.6849752Z /opt/hostedtoolcache/Python/3.12.13/x64/lib/python3.12/site-packages/sqlalchemy/engine/base.py:1530: in _execute_ddl
backend	Run pytest backend/tests openwrt-agent/tests	2026-08-06T10:31:51.6850258Z     ret = self._execute_context(
backend	Run pytest backend/tests openwrt-agent/tests	2026-08-06T10:31:51.6850754Z /opt/hostedtoolcache/Python/3.12.13/x64/lib/python3.12/site-packages/sqlalchemy/engine/base.py:1846: in _execute_context
backend	Run pytest backend/tests openwrt-agent/tests	2026-08-06T10:31:51.6851272Z     return self._exec_single_context(
backend	Run pytest backend/tests openwrt-agent/tests	2026-08-06T10:31:51.6851795Z /opt/hostedtoolcache/Python/3.12.13/x64/lib/python3.12/site-packages/sqlalchemy/engine/base.py:1986: in _exec_single_context
backend	Run pytest backend/tests openwrt-agent/tests	2026-08-06T10:31:51.6852546Z     self._handle_dbapi_exception(
backend	Run pytest backend/tests openwrt-agent/tests	2026-08-06T10:31:51.6853079Z /opt/hostedtoolcache/Python/3.12.13/x64/lib/python3.12/site-packages/sqlalchemy/engine/base.py:2355: in _handle_dbapi_exception
backend	Run pytest backend/tests openwrt-agent/tests	2026-08-06T10:31:51.6853690Z     raise sqlalchemy_exception.with_traceback(exc_info[2]) from e
backend	Run pytest backend/tests openwrt-agent/tests	2026-08-06T10:31:51.6854286Z /opt/hostedtoolcache/Python/3.12.13/x64/lib/python3.12/site-packages/sqlalchemy/engine/base.py:1967: in _exec_single_context
backend	Run pytest backend/tests openwrt-agent/tests	2026-08-06T10:31:51.6854816Z     self.dialect.do_execute(
backend	Run pytest backend/tests openwrt-agent/tests	2026-08-06T10:31:51.6855298Z /opt/hostedtoolcache/Python/3.12.13/x64/lib/python3.12/site-packages/sqlalchemy/engine/default.py:951: in do_execute
backend	Run pytest backend/tests openwrt-agent/tests	2026-08-06T10:31:51.6855956Z     cursor.execute(statement, parameters)
backend	Run pytest backend/tests openwrt-agent/tests	2026-08-06T10:31:51.6856297Z _ _ _ _ _ _ _ _ _ _ _ _ _ _ _ _ _ _ _ _ _ _ _ _ _ _ _ _ _ _ _ _ _ _ _ _ _ _ _ _ 
backend	Run pytest backend/tests openwrt-agent/tests	2026-08-06T10:31:51.6856540Z 
backend	Run pytest backend/tests openwrt-agent/tests	2026-08-06T10:31:51.6856863Z self = <psycopg.Cursor [closed] [IDLE] (host=localhost user=wrtmonitor database=wrtmonitor_test) at 0x7f464f18abd0>
backend	Run pytest backend/tests openwrt-agent/tests	2026-08-06T10:31:51.6857957Z query = '\nCREATE TABLE device_groups (\n\tid UUID NOT NULL, \n\tname VARCHAR(120) NOT NULL, \n\tdescription TEXT, \n\tcreated...H TIME ZONE NOT NULL, \n\tupdated_at TIMESTAMP WITH TIME ZONE NOT NULL, \n\tPRIMARY KEY (id), \n\tUNIQUE (name)\n)\n\n'
backend	Run pytest backend/tests openwrt-agent/tests	2026-08-06T10:31:51.6858809Z params = immutabledict({})
backend	Run pytest backend/tests openwrt-agent/tests	2026-08-06T10:31:51.6858979Z 
backend	Run pytest backend/tests openwrt-agent/tests	2026-08-06T10:31:51.6859067Z     def execute(
backend	Run pytest backend/tests openwrt-agent/tests	2026-08-06T10:31:51.6859269Z         self,
backend	Run pytest backend/tests openwrt-agent/tests	2026-08-06T10:31:51.6859468Z         query: Query,
backend	Run pytest backend/tests openwrt-agent/tests	2026-08-06T10:31:51.6859725Z         params: Params | None = None,
backend	Run pytest backend/tests openwrt-agent/tests	2026-08-06T10:31:51.6859971Z         *,
backend	Run pytest backend/tests openwrt-agent/tests	2026-08-06T10:31:51.6860178Z         prepare: bool | None = None,
backend	Run pytest backend/tests openwrt-agent/tests	2026-08-06T10:31:51.6860435Z         binary: bool | None = None,
backend	Run pytest backend/tests openwrt-agent/tests	2026-08-06T10:31:51.6860681Z     ) -> Self:
backend	Run pytest backend/tests openwrt-agent/tests	2026-08-06T10:31:51.6860877Z         """
backend	Run pytest backend/tests openwrt-agent/tests	2026-08-06T10:31:51.6861109Z         Execute a query or command to the database.
backend	Run pytest backend/tests openwrt-agent/tests	2026-08-06T10:31:51.6861384Z         """
backend	Run pytest backend/tests openwrt-agent/tests	2026-08-06T10:31:51.6861565Z         try:
backend	Run pytest backend/tests openwrt-agent/tests	2026-08-06T10:31:51.6861758Z             with self._conn.lock:
backend	Run pytest backend/tests openwrt-agent/tests	2026-08-06T10:31:51.6862000Z                 self._conn.wait(
backend	Run pytest backend/tests openwrt-agent/tests	2026-08-06T10:31:51.6862450Z                     self._execute_gen(query, params, prepare=prepare, binary=binary)
backend	Run pytest backend/tests openwrt-agent/tests	2026-08-06T10:31:51.6862810Z                 )
backend	Run pytest backend/tests openwrt-agent/tests	2026-08-06T10:31:51.6863020Z         except e._NO_TRACEBACK as ex:
backend	Run pytest backend/tests openwrt-agent/tests	2026-08-06T10:31:51.6863283Z >           raise ex.with_traceback(None)
backend	Run pytest backend/tests openwrt-agent/tests	2026-08-06T10:31:51.6863787Z E           sqlalchemy.exc.ProgrammingError: (psycopg.errors.DuplicateTable) relation "device_groups" already exists
backend	Run pytest backend/tests openwrt-agent/tests	2026-08-06T10:31:51.6864293Z E           [SQL: 
backend	Run pytest backend/tests openwrt-agent/tests	2026-08-06T10:31:51.6864509Z E           CREATE TABLE device_groups (
backend	Run pytest backend/tests openwrt-agent/tests	2026-08-06T10:31:51.6864782Z E           	id UUID NOT NULL, 
backend	Run pytest backend/tests openwrt-agent/tests	2026-08-06T10:31:51.6865026Z E           	name VARCHAR(120) NOT NULL, 
backend	Run pytest backend/tests openwrt-agent/tests	2026-08-06T10:31:51.6865279Z E           	description TEXT, 
backend	Run pytest backend/tests openwrt-agent/tests	2026-08-06T10:31:51.6865704Z E           	created_at TIMESTAMP WITH TIME ZONE NOT NULL, 
backend	Run pytest backend/tests openwrt-agent/tests	2026-08-06T10:31:51.6866049Z E           	updated_at TIMESTAMP WITH TIME ZONE NOT NULL, 
backend	Run pytest backend/tests openwrt-agent/tests	2026-08-06T10:31:51.6866347Z E           	PRIMARY KEY (id), 
backend	Run pytest backend/tests openwrt-agent/tests	2026-08-06T10:31:51.6866583Z E           	UNIQUE (name)
backend	Run pytest backend/tests openwrt-agent/tests	2026-08-06T10:31:51.6866831Z E           )
backend	Run pytest backend/tests openwrt-agent/tests	2026-08-06T10:31:51.6867018Z E           
backend	Run pytest backend/tests openwrt-agent/tests	2026-08-06T10:31:51.6867199Z E           ]
backend	Run pytest backend/tests openwrt-agent/tests	2026-08-06T10:31:51.6867484Z E           (Background on this error at: https://sqlalche.me/e/20/f405)
backend	Run pytest backend/tests openwrt-agent/tests	2026-08-06T10:31:51.6867749Z 
backend	Run pytest backend/tests openwrt-agent/tests	2026-08-06T10:31:51.6868073Z /opt/hostedtoolcache/Python/3.12.13/x64/lib/python3.12/site-packages/psycopg/cursor.py:117: ProgrammingError
backend	Run pytest backend/tests openwrt-agent/tests	2026-08-06T10:31:51.6868646Z ----------------------------- Captured stderr call -----------------------------
backend	Run pytest backend/tests openwrt-agent/tests	2026-08-06T10:31:51.6869096Z INFO  [alembic.runtime.migration] Context impl PostgresqlImpl.
backend	Run pytest backend/tests openwrt-agent/tests	2026-08-06T10:31:51.6869515Z INFO  [alembic.runtime.migration] Will assume transactional DDL.
backend	Run pytest backend/tests openwrt-agent/tests	2026-08-06T10:31:51.6870075Z INFO  [alembic.runtime.migration] Running upgrade  -> 0001_initial_schema, Single pre-release schema baseline.
backend	Run pytest backend/tests openwrt-agent/tests	2026-08-06T10:31:51.6870854Z INFO  [alembic.runtime.migration] Running upgrade 0001_initial_schema -> 0002_add_device_groups, Add DeviceGroup and group_id to Device.
backend	Run pytest backend/tests openwrt-agent/tests	2026-08-06T10:31:51.6871512Z _______________ test_mobile_pairing_lifecycle_and_secret_storage _______________
backend	Run pytest backend/tests openwrt-agent/tests	2026-08-06T10:31:51.6871794Z 
backend	Run pytest backend/tests openwrt-agent/tests	2026-08-06T10:31:51.6871983Z self = <sqlalchemy.engine.base.Connection object at 0x7f464e8f8c50>
backend	Run pytest backend/tests openwrt-agent/tests	2026-08-06T10:31:51.6872635Z dialect = <sqlalchemy.dialects.postgresql.psycopg.PGDialect_psycopg object at 0x7f4652350b30>
backend	Run pytest backend/tests openwrt-agent/tests	2026-08-06T10:31:51.6873328Z context = <sqlalchemy.dialects.postgresql.psycopg.PGExecutionContext_psycopg object at 0x7f464e8e0830>
backend	Run pytest backend/tests openwrt-agent/tests	2026-08-06T10:31:51.6873994Z statement = <sqlalchemy.dialects.postgresql.base.PGDDLCompiler object at 0x7f464e8e0590>
backend	Run pytest backend/tests openwrt-agent/tests	2026-08-06T10:31:51.6874597Z parameters = [immutabledict({})]
backend	Run pytest backend/tests openwrt-agent/tests	2026-08-06T10:31:51.6874768Z 
backend	Run pytest backend/tests openwrt-agent/tests	2026-08-06T10:31:51.6874864Z     def _exec_single_context(
backend	Run pytest backend/tests openwrt-agent/tests	2026-08-06T10:31:51.6875107Z         self,
backend	Run pytest backend/tests openwrt-agent/tests	2026-08-06T10:31:51.6875307Z         dialect: Dialect,
backend	Run pytest backend/tests openwrt-agent/tests	2026-08-06T10:31:51.6875548Z         context: ExecutionContext,
backend	Run pytest backend/tests openwrt-agent/tests	2026-08-06T10:31:51.6875821Z         statement: Union[str, Compiled],
backend	Run pytest backend/tests openwrt-agent/tests	2026-08-06T10:31:51.6876135Z         parameters: Optional[_AnyMultiExecuteParams],
backend	Run pytest backend/tests openwrt-agent/tests	2026-08-06T10:31:51.6876445Z     ) -> CursorResult[Any]:
backend	Run pytest backend/tests openwrt-agent/tests	2026-08-06T10:31:51.6876751Z         """continue the _execute_context() method for a single DBAPI
backend	Run pytest backend/tests openwrt-agent/tests	2026-08-06T10:31:51.6877123Z         cursor.execute() or cursor.executemany() call.
backend	Run pytest backend/tests openwrt-agent/tests	2026-08-06T10:31:51.6877405Z     
backend	Run pytest backend/tests openwrt-agent/tests	2026-08-06T10:31:51.6877578Z         """
backend	Run pytest backend/tests openwrt-agent/tests	2026-08-06T10:31:51.6877825Z         if dialect.bind_typing is BindTyping.SETINPUTSIZES:
backend	Run pytest backend/tests openwrt-agent/tests	2026-08-06T10:31:51.6878218Z             generic_setinputsizes = context._prepare_set_input_sizes()
backend	Run pytest backend/tests openwrt-agent/tests	2026-08-06T10:31:51.6878544Z     
backend	Run pytest backend/tests openwrt-agent/tests	2026-08-06T10:31:51.6878740Z             if generic_setinputsizes:
backend	Run pytest backend/tests openwrt-agent/tests	2026-08-06T10:31:51.6878989Z                 try:
backend	Run pytest backend/tests openwrt-agent/tests	2026-08-06T10:31:51.6879219Z                     dialect.do_set_input_sizes(
backend	Run pytest backend/tests openwrt-agent/tests	2026-08-06T10:31:51.6879564Z                         context.cursor, generic_setinputsizes, context
backend	Run pytest backend/tests openwrt-agent/tests	2026-08-06T10:31:51.6879877Z                     )
backend	Run pytest backend/tests openwrt-agent/tests	2026-08-06T10:31:51.6880105Z                 except BaseException as e:
backend	Run pytest backend/tests openwrt-agent/tests	2026-08-06T10:31:51.6880393Z                     self._handle_dbapi_exception(
backend	Run pytest backend/tests openwrt-agent/tests	2026-08-06T10:31:51.6880718Z                         e, str(statement), parameters, None, context
backend	Run pytest backend/tests openwrt-agent/tests	2026-08-06T10:31:51.6881017Z                     )
backend	Run pytest backend/tests openwrt-agent/tests	2026-08-06T10:31:51.6881215Z     
backend	Run pytest backend/tests openwrt-agent/tests	2026-08-06T10:31:51.6881423Z         cursor, str_statement, parameters = (
backend	Run pytest backend/tests openwrt-agent/tests	2026-08-06T10:31:51.6881708Z             context.cursor,
backend	Run pytest backend/tests openwrt-agent/tests	2026-08-06T10:31:51.6881946Z             context.statement,
backend	Run pytest backend/tests openwrt-agent/tests	2026-08-06T10:31:51.6882405Z             context.parameters,
backend	Run pytest backend/tests openwrt-agent/tests	2026-08-06T10:31:51.6882653Z         )
backend	Run pytest backend/tests openwrt-agent/tests	2026-08-06T10:31:51.6882828Z     
backend	Run pytest backend/tests openwrt-agent/tests	2026-08-06T10:31:51.6883067Z         effective_parameters: Optional[_AnyExecuteParams]
backend	Run pytest backend/tests openwrt-agent/tests	2026-08-06T10:31:51.6883367Z     
backend	Run pytest backend/tests openwrt-agent/tests	2026-08-06T10:31:51.6883562Z         if not context.executemany:
backend	Run pytest backend/tests openwrt-agent/tests	2026-08-06T10:31:51.6883998Z             effective_parameters = parameters[0]
backend	Run pytest backend/tests openwrt-agent/tests	2026-08-06T10:31:51.6884272Z         else:
backend	Run pytest backend/tests openwrt-agent/tests	2026-08-06T10:31:51.6884490Z             effective_parameters = parameters
backend	Run pytest backend/tests openwrt-agent/tests	2026-08-06T10:31:51.6884754Z     
backend	Run pytest backend/tests openwrt-agent/tests	2026-08-06T10:31:51.6884981Z         if self._has_events or self.engine._has_events:
backend	Run pytest backend/tests openwrt-agent/tests	2026-08-06T10:31:51.6885322Z             for fn in self.dispatch.before_cursor_execute:
backend	Run pytest backend/tests openwrt-agent/tests	2026-08-06T10:31:51.6885660Z                 str_statement, effective_parameters = fn(
backend	Run pytest backend/tests openwrt-agent/tests	2026-08-06T10:31:51.6885952Z                     self,
backend	Run pytest backend/tests openwrt-agent/tests	2026-08-06T10:31:51.6886169Z                     cursor,
backend	Run pytest backend/tests openwrt-agent/tests	2026-08-06T10:31:51.6886402Z                     str_statement,
backend	Run pytest backend/tests openwrt-agent/tests	2026-08-06T10:31:51.6886731Z                     effective_parameters,
backend	Run pytest backend/tests openwrt-agent/tests	2026-08-06T10:31:51.6887130Z                     context,
backend	Run pytest backend/tests openwrt-agent/tests	2026-08-06T10:31:51.6887417Z                     context.executemany,
backend	Run pytest backend/tests openwrt-agent/tests	2026-08-06T10:31:51.6887670Z                 )
backend	Run pytest backend/tests openwrt-agent/tests	2026-08-06T10:31:51.6887972Z     
backend	Run pytest backend/tests openwrt-agent/tests	2026-08-06T10:31:51.6888200Z         if self._echo:
backend	Run pytest backend/tests openwrt-agent/tests	2026-08-06T10:31:51.6888432Z             self._log_info(str_statement)
backend	Run pytest backend/tests openwrt-agent/tests	2026-08-06T10:31:51.6888775Z     
backend	Run pytest backend/tests openwrt-agent/tests	2026-08-06T10:31:51.6889020Z             stats = context._get_cache_stats()
backend	Run pytest backend/tests openwrt-agent/tests	2026-08-06T10:31:51.6889282Z     
backend	Run pytest backend/tests openwrt-agent/tests	2026-08-06T10:31:51.6889536Z             if not self.engine.hide_parameters:
backend	Run pytest backend/tests openwrt-agent/tests	2026-08-06T10:31:51.6889903Z                 self._log_info(
backend	Run pytest backend/tests openwrt-agent/tests	2026-08-06T10:31:51.6890145Z                     "[%s] %r",
backend	Run pytest backend/tests openwrt-agent/tests	2026-08-06T10:31:51.6890436Z                     stats,
backend	Run pytest backend/tests openwrt-agent/tests	2026-08-06T10:31:51.6890728Z                     sql_util._repr_params(
backend	Run pytest backend/tests openwrt-agent/tests	2026-08-06T10:31:51.6891010Z                         effective_parameters,
backend	Run pytest backend/tests openwrt-agent/tests	2026-08-06T10:31:51.6891386Z                         batches=10,
backend	Run pytest backend/tests openwrt-agent/tests	2026-08-06T10:31:51.6891672Z                         ismulti=context.executemany,
backend	Run pytest backend/tests openwrt-agent/tests	2026-08-06T10:31:51.6891958Z                     ),
backend	Run pytest backend/tests openwrt-agent/tests	2026-08-06T10:31:51.6892518Z                 )
backend	Run pytest backend/tests openwrt-agent/tests	2026-08-06T10:31:51.6892719Z             else:
backend	Run pytest backend/tests openwrt-agent/tests	2026-08-06T10:31:51.6892991Z                 self._log_info(
backend	Run pytest backend/tests openwrt-agent/tests	2026-08-06T10:31:51.6893379Z                     "[%s] [SQL parameters hidden due to hide_parameters=True]",
backend	Run pytest backend/tests openwrt-agent/tests	2026-08-06T10:31:51.6893788Z                     stats,
backend	Run pytest backend/tests openwrt-agent/tests	2026-08-06T10:31:51.6894080Z                 )
backend	Run pytest backend/tests openwrt-agent/tests	2026-08-06T10:31:51.6894268Z     
backend	Run pytest backend/tests openwrt-agent/tests	2026-08-06T10:31:51.6894470Z         evt_handled: bool = False
backend	Run pytest backend/tests openwrt-agent/tests	2026-08-06T10:31:51.6894708Z         try:
backend	Run pytest backend/tests openwrt-agent/tests	2026-08-06T10:31:51.6894969Z             if context.execute_style is ExecuteStyle.EXECUTEMANY:
backend	Run pytest backend/tests openwrt-agent/tests	2026-08-06T10:31:51.6895310Z                 effective_parameters = cast(
backend	Run pytest backend/tests openwrt-agent/tests	2026-08-06T10:31:51.6895647Z                     "_CoreMultiExecuteParams", effective_parameters
backend	Run pytest backend/tests openwrt-agent/tests	2026-08-06T10:31:51.6895959Z                 )
backend	Run pytest backend/tests openwrt-agent/tests	2026-08-06T10:31:51.6896161Z                 if self.dialect._has_events:
backend	Run pytest backend/tests openwrt-agent/tests	2026-08-06T10:31:51.6896470Z                     for fn in self.dialect.dispatch.do_executemany:
backend	Run pytest backend/tests openwrt-agent/tests	2026-08-06T10:31:51.6896770Z                         if fn(
backend	Run pytest backend/tests openwrt-agent/tests	2026-08-06T10:31:51.6897003Z                             cursor,
backend	Run pytest backend/tests openwrt-agent/tests	2026-08-06T10:31:51.6897243Z                             str_statement,
backend	Run pytest backend/tests openwrt-agent/tests	2026-08-06T10:31:51.6897511Z                             effective_parameters,
backend	Run pytest backend/tests openwrt-agent/tests	2026-08-06T10:31:51.6897791Z                             context,
backend	Run pytest backend/tests openwrt-agent/tests	2026-08-06T10:31:51.6898036Z                         ):
backend	Run pytest backend/tests openwrt-agent/tests	2026-08-06T10:31:51.6898266Z                             evt_handled = True
backend	Run pytest backend/tests openwrt-agent/tests	2026-08-06T10:31:51.6898527Z                             break
backend	Run pytest backend/tests openwrt-agent/tests	2026-08-06T10:31:51.6898760Z                 if not evt_handled:
backend	Run pytest backend/tests openwrt-agent/tests	2026-08-06T10:31:51.6899022Z                     self.dialect.do_executemany(
backend	Run pytest backend/tests openwrt-agent/tests	2026-08-06T10:31:51.6899290Z                         cursor,
backend	Run pytest backend/tests openwrt-agent/tests	2026-08-06T10:31:51.6899523Z                         str_statement,
backend	Run pytest backend/tests openwrt-agent/tests	2026-08-06T10:31:51.6899787Z                         effective_parameters,
backend	Run pytest backend/tests openwrt-agent/tests	2026-08-06T10:31:51.6900051Z                         context,
backend	Run pytest backend/tests openwrt-agent/tests	2026-08-06T10:31:51.6900273Z                     )
backend	Run pytest backend/tests openwrt-agent/tests	2026-08-06T10:31:51.6900553Z             elif not effective_parameters and context.no_parameters:
backend	Run pytest backend/tests openwrt-agent/tests	2026-08-06T10:31:51.6900897Z                 if self.dialect._has_events:
backend	Run pytest backend/tests openwrt-agent/tests	2026-08-06T10:31:51.6901224Z                     for fn in self.dialect.dispatch.do_execute_no_params:
backend	Run pytest backend/tests openwrt-agent/tests	2026-08-06T10:31:51.6901758Z                         if fn(cursor, str_statement, context):
backend	Run pytest backend/tests openwrt-agent/tests	2026-08-06T10:31:51.6902244Z                             evt_handled = True
backend	Run pytest backend/tests openwrt-agent/tests	2026-08-06T10:31:51.6902547Z                             break
backend	Run pytest backend/tests openwrt-agent/tests	2026-08-06T10:31:51.6902788Z                 if not evt_handled:
backend	Run pytest backend/tests openwrt-agent/tests	2026-08-06T10:31:51.6903060Z                     self.dialect.do_execute_no_params(
backend	Run pytest backend/tests openwrt-agent/tests	2026-08-06T10:31:51.6903361Z                         cursor, str_statement, context
backend	Run pytest backend/tests openwrt-agent/tests	2026-08-06T10:31:51.6903622Z                     )
backend	Run pytest backend/tests openwrt-agent/tests	2026-08-06T10:31:51.6903819Z             else:
backend	Run pytest backend/tests openwrt-agent/tests	2026-08-06T10:31:51.6904038Z                 effective_parameters = cast(
backend	Run pytest backend/tests openwrt-agent/tests	2026-08-06T10:31:51.6904367Z                     "_CoreSingleExecuteParams", effective_parameters
backend	Run pytest backend/tests openwrt-agent/tests	2026-08-06T10:31:51.6904676Z                 )
backend	Run pytest backend/tests openwrt-agent/tests	2026-08-06T10:31:51.6904880Z                 if self.dialect._has_events:
backend	Run pytest backend/tests openwrt-agent/tests	2026-08-06T10:31:51.6905193Z                     for fn in self.dialect.dispatch.do_execute:
backend	Run pytest backend/tests openwrt-agent/tests	2026-08-06T10:31:51.6905499Z                         if fn(
backend	Run pytest backend/tests openwrt-agent/tests	2026-08-06T10:31:51.6905724Z                             cursor,
backend	Run pytest backend/tests openwrt-agent/tests	2026-08-06T10:31:51.6905976Z                             str_statement,
backend	Run pytest backend/tests openwrt-agent/tests	2026-08-06T10:31:51.6906257Z                             effective_parameters,
backend	Run pytest backend/tests openwrt-agent/tests	2026-08-06T10:31:51.6906532Z                             context,
backend	Run pytest backend/tests openwrt-agent/tests	2026-08-06T10:31:51.6906770Z                         ):
backend	Run pytest backend/tests openwrt-agent/tests	2026-08-06T10:31:51.6907004Z                             evt_handled = True
backend	Run pytest backend/tests openwrt-agent/tests	2026-08-06T10:31:51.6907265Z                             break
backend	Run pytest backend/tests openwrt-agent/tests	2026-08-06T10:31:51.6907499Z                 if not evt_handled:
backend	Run pytest backend/tests openwrt-agent/tests	2026-08-06T10:31:51.6907746Z >                   self.dialect.do_execute(
backend	Run pytest backend/tests openwrt-agent/tests	2026-08-06T10:31:51.6908066Z                         cursor, str_statement, effective_parameters, context
backend	Run pytest backend/tests openwrt-agent/tests	2026-08-06T10:31:51.6908391Z                     )
backend	Run pytest backend/tests openwrt-agent/tests	2026-08-06T10:31:51.6908512Z 
backend	Run pytest backend/tests openwrt-agent/tests	2026-08-06T10:31:51.6908960Z /opt/hostedtoolcache/Python/3.12.13/x64/lib/python3.12/site-packages/sqlalchemy/engine/base.py:1967: 
backend	Run pytest backend/tests openwrt-agent/tests	2026-08-06T10:31:51.6909495Z _ _ _ _ _ _ _ _ _ _ _ _ _ _ _ _ _ _ _ _ _ _ _ _ _ _ _ _ _ _ _ _ _ _ _ _ _ _ _ _ 
backend	Run pytest backend/tests openwrt-agent/tests	2026-08-06T10:31:51.6910066Z /opt/hostedtoolcache/Python/3.12.13/x64/lib/python3.12/site-packages/sqlalchemy/engine/default.py:951: in do_execute
backend	Run pytest backend/tests openwrt-agent/tests	2026-08-06T10:31:51.6910592Z     cursor.execute(statement, parameters)
backend	Run pytest backend/tests openwrt-agent/tests	2026-08-06T10:31:51.6910914Z _ _ _ _ _ _ _ _ _ _ _ _ _ _ _ _ _ _ _ _ _ _ _ _ _ _ _ _ _ _ _ _ _ _ _ _ _ _ _ _ 
backend	Run pytest backend/tests openwrt-agent/tests	2026-08-06T10:31:51.6911143Z 
backend	Run pytest backend/tests openwrt-agent/tests	2026-08-06T10:31:51.6911463Z self = <psycopg.Cursor [closed] [IDLE] (host=localhost user=wrtmonitor database=wrtmonitor_test) at 0x7f464f206e10>
backend	Run pytest backend/tests openwrt-agent/tests	2026-08-06T10:31:51.6912678Z query = '\nCREATE TABLE device_groups (\n\tid UUID NOT NULL, \n\tname VARCHAR(120) NOT NULL, \n\tdescription TEXT, \n\tcreated...H TIME ZONE NOT NULL, \n\tupdated_at TIMESTAMP WITH TIME ZONE NOT NULL, \n\tPRIMARY KEY (id), \n\tUNIQUE (name)\n)\n\n'
backend	Run pytest backend/tests openwrt-agent/tests	2026-08-06T10:31:51.6913559Z params = immutabledict({})
backend	Run pytest backend/tests openwrt-agent/tests	2026-08-06T10:31:51.6913715Z 
backend	Run pytest backend/tests openwrt-agent/tests	2026-08-06T10:31:51.6913804Z     def execute(
backend	Run pytest backend/tests openwrt-agent/tests	2026-08-06T10:31:51.6913994Z         self,
backend	Run pytest backend/tests openwrt-agent/tests	2026-08-06T10:31:51.6914193Z         query: Query,
backend	Run pytest backend/tests openwrt-agent/tests	2026-08-06T10:31:51.6914425Z         params: Params | None = None,
backend	Run pytest backend/tests openwrt-agent/tests	2026-08-06T10:31:51.6914681Z         *,
backend	Run pytest backend/tests openwrt-agent/tests	2026-08-06T10:31:51.6914883Z         prepare: bool | None = None,
backend	Run pytest backend/tests openwrt-agent/tests	2026-08-06T10:31:51.6915143Z         binary: bool | None = None,
backend	Run pytest backend/tests openwrt-agent/tests	2026-08-06T10:31:51.6915382Z     ) -> Self:
backend	Run pytest backend/tests openwrt-agent/tests	2026-08-06T10:31:51.6915569Z         """
backend	Run pytest backend/tests openwrt-agent/tests	2026-08-06T10:31:51.6915797Z         Execute a query or command to the database.
backend	Run pytest backend/tests openwrt-agent/tests	2026-08-06T10:31:51.6916075Z         """
backend	Run pytest backend/tests openwrt-agent/tests	2026-08-06T10:31:51.6916255Z         try:
backend	Run pytest backend/tests openwrt-agent/tests	2026-08-06T10:31:51.6916464Z             with self._conn.lock:
backend	Run pytest backend/tests openwrt-agent/tests	2026-08-06T10:31:51.6916715Z                 self._conn.wait(
backend	Run pytest backend/tests openwrt-agent/tests	2026-08-06T10:31:51.6917055Z                     self._execute_gen(query, params, prepare=prepare, binary=binary)
backend	Run pytest backend/tests openwrt-agent/tests	2026-08-06T10:31:51.6917422Z                 )
backend	Run pytest backend/tests openwrt-agent/tests	2026-08-06T10:31:51.6917630Z         except e._NO_TRACEBACK as ex:
backend	Run pytest backend/tests openwrt-agent/tests	2026-08-06T10:31:51.6917905Z >           raise ex.with_traceback(None)
backend	Run pytest backend/tests openwrt-agent/tests	2026-08-06T10:31:51.6918304Z E           psycopg.errors.DuplicateTable: relation "device_groups" already exists
backend	Run pytest backend/tests openwrt-agent/tests	2026-08-06T10:31:51.6918621Z 
backend	Run pytest backend/tests openwrt-agent/tests	2026-08-06T10:31:51.6919100Z /opt/hostedtoolcache/Python/3.12.13/x64/lib/python3.12/site-packages/psycopg/cursor.py:117: DuplicateTable
backend	Run pytest backend/tests openwrt-agent/tests	2026-08-06T10:31:51.6919505Z 
backend	Run pytest backend/tests openwrt-agent/tests	2026-08-06T10:31:51.6919694Z The above exception was the direct cause of the following exception:
backend	Run pytest backend/tests openwrt-agent/tests	2026-08-06T10:31:51.6919960Z 
backend	Run pytest backend/tests openwrt-agent/tests	2026-08-06T10:31:51.6920116Z     def test_mobile_pairing_lifecycle_and_secret_storage():
backend	Run pytest backend/tests openwrt-agent/tests	2026-08-06T10:31:51.6920450Z         if not postgres_e2e_enabled():
backend	Run pytest backend/tests openwrt-agent/tests	2026-08-06T10:31:51.6920816Z             pytest.skip("PostgreSQL E2E test requires WRTMONITOR_DATABASE_URL")
backend	Run pytest backend/tests openwrt-agent/tests	2026-08-06T10:31:51.6921191Z >       clear_database()
backend	Run pytest backend/tests openwrt-agent/tests	2026-08-06T10:31:51.6921330Z 
backend	Run pytest backend/tests openwrt-agent/tests	2026-08-06T10:31:51.6921446Z backend/tests/test_mobile_pairing.py:66: 
backend	Run pytest backend/tests openwrt-agent/tests	2026-08-06T10:31:51.6921775Z _ _ _ _ _ _ _ _ _ _ _ _ _ _ _ _ _ _ _ _ _ _ _ _ _ _ _ _ _ _ _ _ _ _ _ _ _ _ _ _ 
backend	Run pytest backend/tests openwrt-agent/tests	2026-08-06T10:31:51.6922373Z backend/tests/test_mobile_pairing.py:34: in clear_database
backend	Run pytest backend/tests openwrt-agent/tests	2026-08-06T10:31:51.6922702Z     init_db()
backend	Run pytest backend/tests openwrt-agent/tests	2026-08-06T10:31:51.6922918Z backend/app/db.py:108: in init_db
backend	Run pytest backend/tests openwrt-agent/tests	2026-08-06T10:31:51.6923175Z     migrate_db()
backend	Run pytest backend/tests openwrt-agent/tests	2026-08-06T10:31:51.6923394Z backend/app/db.py:96: in migrate_db
backend	Run pytest backend/tests openwrt-agent/tests	2026-08-06T10:31:51.6923656Z     command.upgrade(config, "head")
backend	Run pytest backend/tests openwrt-agent/tests	2026-08-06T10:31:51.6924104Z /opt/hostedtoolcache/Python/3.12.13/x64/lib/python3.12/site-packages/alembic/command.py:483: in upgrade
backend	Run pytest backend/tests openwrt-agent/tests	2026-08-06T10:31:51.6924572Z     script.run_env()
backend	Run pytest backend/tests openwrt-agent/tests	2026-08-06T10:31:51.6924996Z /opt/hostedtoolcache/Python/3.12.13/x64/lib/python3.12/site-packages/alembic/script/base.py:545: in run_env
backend	Run pytest backend/tests openwrt-agent/tests	2026-08-06T10:31:51.6925501Z     util.load_python_file(self.dir, "env.py")
backend	Run pytest backend/tests openwrt-agent/tests	2026-08-06T10:31:51.6926031Z /opt/hostedtoolcache/Python/3.12.13/x64/lib/python3.12/site-packages/alembic/util/pyfiles.py:116: in load_python_file
backend	Run pytest backend/tests openwrt-agent/tests	2026-08-06T10:31:51.6926554Z     module = load_module_py(module_id, path)
backend	Run pytest backend/tests openwrt-agent/tests	2026-08-06T10:31:51.6927042Z              ^^^^^^^^^^^^^^^^^^^^^^^^^^^^^^^
backend	Run pytest backend/tests openwrt-agent/tests	2026-08-06T10:31:51.6927530Z /opt/hostedtoolcache/Python/3.12.13/x64/lib/python3.12/site-packages/alembic/util/pyfiles.py:136: in load_module_py
backend	Run pytest backend/tests openwrt-agent/tests	2026-08-06T10:31:51.6927675Z     spec.loader.exec_module(module)  # type: ignore
backend	Run pytest backend/tests openwrt-agent/tests	2026-08-06T10:31:51.6927765Z     ^^^^^^^^^^^^^^^^^^^^^^^^^^^^^^^
backend	Run pytest backend/tests openwrt-agent/tests	2026-08-06T10:31:51.6927925Z <frozen importlib._bootstrap_external>:999: in exec_module
backend	Run pytest backend/tests openwrt-agent/tests	2026-08-06T10:31:51.6928005Z     ???
backend	Run pytest backend/tests openwrt-agent/tests	2026-08-06T10:31:51.6928183Z <frozen importlib._bootstrap>:488: in _call_with_frames_removed
backend	Run pytest backend/tests openwrt-agent/tests	2026-08-06T10:31:51.6928262Z     ???
backend	Run pytest backend/tests openwrt-agent/tests	2026-08-06T10:31:51.6928375Z backend/alembic/env.py:58: in <module>
backend	Run pytest backend/tests openwrt-agent/tests	2026-08-06T10:31:51.6928471Z     run_migrations_online()
backend	Run pytest backend/tests openwrt-agent/tests	2026-08-06T10:31:51.6928608Z backend/alembic/env.py:40: in run_migrations_online
backend	Run pytest backend/tests openwrt-agent/tests	2026-08-06T10:31:51.6928704Z     context.run_migrations()
backend	Run pytest backend/tests openwrt-agent/tests	2026-08-06T10:31:51.6928810Z <string>:8: in run_migrations
backend	Run pytest backend/tests openwrt-agent/tests	2026-08-06T10:31:51.6928885Z     ???
backend	Run pytest backend/tests openwrt-agent/tests	2026-08-06T10:31:51.6929257Z /opt/hostedtoolcache/Python/3.12.13/x64/lib/python3.12/site-packages/alembic/runtime/environment.py:946: in run_migrations
backend	Run pytest backend/tests openwrt-agent/tests	2026-08-06T10:31:51.6929372Z     self.get_context().run_migrations(**kw)
backend	Run pytest backend/tests openwrt-agent/tests	2026-08-06T10:31:51.6929719Z /opt/hostedtoolcache/Python/3.12.13/x64/lib/python3.12/site-packages/alembic/runtime/migration.py:627: in run_migrations
backend	Run pytest backend/tests openwrt-agent/tests	2026-08-06T10:31:51.6929822Z     step.migration_fn(**kw)
backend	Run pytest backend/tests openwrt-agent/tests	2026-08-06T10:31:51.6929999Z backend/alembic/versions/0002_add_device_groups.py:24: in upgrade
backend	Run pytest backend/tests openwrt-agent/tests	2026-08-06T10:31:51.6930095Z     op.create_table(
backend	Run pytest backend/tests openwrt-agent/tests	2026-08-06T10:31:51.6930188Z <string>:8: in create_table
backend	Run pytest backend/tests openwrt-agent/tests	2026-08-06T10:31:51.6930270Z     ???
backend	Run pytest backend/tests openwrt-agent/tests	2026-08-06T10:31:51.6930356Z <string>:3: in create_table
backend	Run pytest backend/tests openwrt-agent/tests	2026-08-06T10:31:51.6930437Z     ???
backend	Run pytest backend/tests openwrt-agent/tests	2026-08-06T10:31:51.6930758Z /opt/hostedtoolcache/Python/3.12.13/x64/lib/python3.12/site-packages/alembic/operations/ops.py:1332: in create_table
backend	Run pytest backend/tests openwrt-agent/tests	2026-08-06T10:31:51.6930866Z     return operations.invoke(op)
backend	Run pytest backend/tests openwrt-agent/tests	2026-08-06T10:31:51.6930953Z            ^^^^^^^^^^^^^^^^^^^^^
backend	Run pytest backend/tests openwrt-agent/tests	2026-08-06T10:31:51.6931259Z /opt/hostedtoolcache/Python/3.12.13/x64/lib/python3.12/site-packages/alembic/operations/base.py:454: in invoke
backend	Run pytest backend/tests openwrt-agent/tests	2026-08-06T10:31:51.6931358Z     return fn(self, operation)
backend	Run pytest backend/tests openwrt-agent/tests	2026-08-06T10:31:51.6931451Z            ^^^^^^^^^^^^^^^^^^^
backend	Run pytest backend/tests openwrt-agent/tests	2026-08-06T10:31:51.6931906Z /opt/hostedtoolcache/Python/3.12.13/x64/lib/python3.12/site-packages/alembic/operations/toimpl.py:135: in create_table
backend	Run pytest backend/tests openwrt-agent/tests	2026-08-06T10:31:51.6932035Z     operations.impl.create_table(table, **kw)
backend	Run pytest backend/tests openwrt-agent/tests	2026-08-06T10:31:51.6932436Z /opt/hostedtoolcache/Python/3.12.13/x64/lib/python3.12/site-packages/alembic/ddl/impl.py:423: in create_table
backend	Run pytest backend/tests openwrt-agent/tests	2026-08-06T10:31:51.6932570Z     self._exec(schema.CreateTable(table, **kw))
backend	Run pytest backend/tests openwrt-agent/tests	2026-08-06T10:31:51.6932855Z /opt/hostedtoolcache/Python/3.12.13/x64/lib/python3.12/site-packages/alembic/ddl/impl.py:246: in _exec
backend	Run pytest backend/tests openwrt-agent/tests	2026-08-06T10:31:51.6932961Z     return conn.execute(construct, params)
backend	Run pytest backend/tests openwrt-agent/tests	2026-08-06T10:31:51.6933056Z            ^^^^^^^^^^^^^^^^^^^^^^^^^^^^^^^
backend	Run pytest backend/tests openwrt-agent/tests	2026-08-06T10:31:51.6933351Z /opt/hostedtoolcache/Python/3.12.13/x64/lib/python3.12/site-packages/sqlalchemy/engine/base.py:1419: in execute
backend	Run pytest backend/tests openwrt-agent/tests	2026-08-06T10:31:51.6933449Z     return meth(
backend	Run pytest backend/tests openwrt-agent/tests	2026-08-06T10:31:51.6933788Z /opt/hostedtoolcache/Python/3.12.13/x64/lib/python3.12/site-packages/sqlalchemy/sql/ddl.py:187: in _execute_on_connection
backend	Run pytest backend/tests openwrt-agent/tests	2026-08-06T10:31:51.6933902Z     return connection._execute_ddl(
backend	Run pytest backend/tests openwrt-agent/tests	2026-08-06T10:31:51.6934213Z /opt/hostedtoolcache/Python/3.12.13/x64/lib/python3.12/site-packages/sqlalchemy/engine/base.py:1530: in _execute_ddl
backend	Run pytest backend/tests openwrt-agent/tests	2026-08-06T10:31:51.6934324Z     ret = self._execute_context(
backend	Run pytest backend/tests openwrt-agent/tests	2026-08-06T10:31:51.6934647Z /opt/hostedtoolcache/Python/3.12.13/x64/lib/python3.12/site-packages/sqlalchemy/engine/base.py:1846: in _execute_context
backend	Run pytest backend/tests openwrt-agent/tests	2026-08-06T10:31:51.6934756Z     return self._exec_single_context(
backend	Run pytest backend/tests openwrt-agent/tests	2026-08-06T10:31:51.6935101Z /opt/hostedtoolcache/Python/3.12.13/x64/lib/python3.12/site-packages/sqlalchemy/engine/base.py:1986: in _exec_single_context
backend	Run pytest backend/tests openwrt-agent/tests	2026-08-06T10:31:51.6935210Z     self._handle_dbapi_exception(
backend	Run pytest backend/tests openwrt-agent/tests	2026-08-06T10:31:51.6935574Z /opt/hostedtoolcache/Python/3.12.13/x64/lib/python3.12/site-packages/sqlalchemy/engine/base.py:2355: in _handle_dbapi_exception
backend	Run pytest backend/tests openwrt-agent/tests	2026-08-06T10:31:51.6935867Z     raise sqlalchemy_exception.with_traceback(exc_info[2]) from e
backend	Run pytest backend/tests openwrt-agent/tests	2026-08-06T10:31:51.6936212Z /opt/hostedtoolcache/Python/3.12.13/x64/lib/python3.12/site-packages/sqlalchemy/engine/base.py:1967: in _exec_single_context
backend	Run pytest backend/tests openwrt-agent/tests	2026-08-06T10:31:51.6936315Z     self.dialect.do_execute(
backend	Run pytest backend/tests openwrt-agent/tests	2026-08-06T10:31:51.6936639Z /opt/hostedtoolcache/Python/3.12.13/x64/lib/python3.12/site-packages/sqlalchemy/engine/default.py:951: in do_execute
backend	Run pytest backend/tests openwrt-agent/tests	2026-08-06T10:31:51.6936753Z     cursor.execute(statement, parameters)
backend	Run pytest backend/tests openwrt-agent/tests	2026-08-06T10:31:51.6936906Z _ _ _ _ _ _ _ _ _ _ _ _ _ _ _ _ _ _ _ _ _ _ _ _ _ _ _ _ _ _ _ _ _ _ _ _ _ _ _ _ 
backend	Run pytest backend/tests openwrt-agent/tests	2026-08-06T10:31:51.6936912Z 
backend	Run pytest backend/tests openwrt-agent/tests	2026-08-06T10:31:51.6937232Z self = <psycopg.Cursor [closed] [IDLE] (host=localhost user=wrtmonitor database=wrtmonitor_test) at 0x7f464f206e10>
backend	Run pytest backend/tests openwrt-agent/tests	2026-08-06T10:31:51.6937936Z query = '\nCREATE TABLE device_groups (\n\tid UUID NOT NULL, \n\tname VARCHAR(120) NOT NULL, \n\tdescription TEXT, \n\tcreated...H TIME ZONE NOT NULL, \n\tupdated_at TIMESTAMP WITH TIME ZONE NOT NULL, \n\tPRIMARY KEY (id), \n\tUNIQUE (name)\n)\n\n'
backend	Run pytest backend/tests openwrt-agent/tests	2026-08-06T10:31:51.6938047Z params = immutabledict({})
backend	Run pytest backend/tests openwrt-agent/tests	2026-08-06T10:31:51.6938053Z 
backend	Run pytest backend/tests openwrt-agent/tests	2026-08-06T10:31:51.6938140Z     def execute(
backend	Run pytest backend/tests openwrt-agent/tests	2026-08-06T10:31:51.6938228Z         self,
backend	Run pytest backend/tests openwrt-agent/tests	2026-08-06T10:31:51.6938315Z         query: Query,
backend	Run pytest backend/tests openwrt-agent/tests	2026-08-06T10:31:51.6938423Z         params: Params | None = None,
backend	Run pytest backend/tests openwrt-agent/tests	2026-08-06T10:31:51.6938505Z         *,
backend	Run pytest backend/tests openwrt-agent/tests	2026-08-06T10:31:51.6938609Z         prepare: bool | None = None,
backend	Run pytest backend/tests openwrt-agent/tests	2026-08-06T10:31:51.6938703Z         binary: bool | None = None,
backend	Run pytest backend/tests openwrt-agent/tests	2026-08-06T10:31:51.6938796Z     ) -> Self:
backend	Run pytest backend/tests openwrt-agent/tests	2026-08-06T10:31:51.6938874Z         """
backend	Run pytest backend/tests openwrt-agent/tests	2026-08-06T10:31:51.6939002Z         Execute a query or command to the database.
backend	Run pytest backend/tests openwrt-agent/tests	2026-08-06T10:31:51.6939080Z         """
backend	Run pytest backend/tests openwrt-agent/tests	2026-08-06T10:31:51.6939166Z         try:
backend	Run pytest backend/tests openwrt-agent/tests	2026-08-06T10:31:51.6939258Z             with self._conn.lock:
backend	Run pytest backend/tests openwrt-agent/tests	2026-08-06T10:31:51.6939356Z                 self._conn.wait(
backend	Run pytest backend/tests openwrt-agent/tests	2026-08-06T10:31:51.6939547Z                     self._execute_gen(query, params, prepare=prepare, binary=binary)
backend	Run pytest backend/tests openwrt-agent/tests	2026-08-06T10:31:51.6939639Z                 )
backend	Run pytest backend/tests openwrt-agent/tests	2026-08-06T10:31:51.6939734Z         except e._NO_TRACEBACK as ex:
backend	Run pytest backend/tests openwrt-agent/tests	2026-08-06T10:31:51.6939845Z >           raise ex.with_traceback(None)
backend	Run pytest backend/tests openwrt-agent/tests	2026-08-06T10:31:51.6940311Z E           sqlalchemy.exc.ProgrammingError: (psycopg.errors.DuplicateTable) relation "device_groups" already exists
backend	Run pytest backend/tests openwrt-agent/tests	2026-08-06T10:31:51.6940405Z E           [SQL: 
backend	Run pytest backend/tests openwrt-agent/tests	2026-08-06T10:31:51.6940512Z E           CREATE TABLE device_groups (
backend	Run pytest backend/tests openwrt-agent/tests	2026-08-06T10:31:51.6940614Z E           	id UUID NOT NULL, 
backend	Run pytest backend/tests openwrt-agent/tests	2026-08-06T10:31:51.6940715Z E           	name VARCHAR(120) NOT NULL, 
backend	Run pytest backend/tests openwrt-agent/tests	2026-08-06T10:31:51.6940817Z E           	description TEXT, 
backend	Run pytest backend/tests openwrt-agent/tests	2026-08-06T10:31:51.6940958Z E           	created_at TIMESTAMP WITH TIME ZONE NOT NULL, 
backend	Run pytest backend/tests openwrt-agent/tests	2026-08-06T10:31:51.6941085Z E           	updated_at TIMESTAMP WITH TIME ZONE NOT NULL, 
backend	Run pytest backend/tests openwrt-agent/tests	2026-08-06T10:31:51.6941181Z E           	PRIMARY KEY (id), 
backend	Run pytest backend/tests openwrt-agent/tests	2026-08-06T10:31:51.6941271Z E           	UNIQUE (name)
backend	Run pytest backend/tests openwrt-agent/tests	2026-08-06T10:31:51.6941364Z E           )
backend	Run pytest backend/tests openwrt-agent/tests	2026-08-06T10:31:51.6941443Z E           
backend	Run pytest backend/tests openwrt-agent/tests	2026-08-06T10:31:51.6941532Z E           ]
backend	Run pytest backend/tests openwrt-agent/tests	2026-08-06T10:31:51.6941717Z E           (Background on this error at: https://sqlalche.me/e/20/f405)
backend	Run pytest backend/tests openwrt-agent/tests	2026-08-06T10:31:51.6941728Z 
backend	Run pytest backend/tests openwrt-agent/tests	2026-08-06T10:31:51.6942286Z /opt/hostedtoolcache/Python/3.12.13/x64/lib/python3.12/site-packages/psycopg/cursor.py:117: ProgrammingError
backend	Run pytest backend/tests openwrt-agent/tests	2026-08-06T10:31:51.6942512Z ----------------------------- Captured stderr call -----------------------------
backend	Run pytest backend/tests openwrt-agent/tests	2026-08-06T10:31:51.6942693Z INFO  [alembic.runtime.migration] Context impl PostgresqlImpl.
backend	Run pytest backend/tests openwrt-agent/tests	2026-08-06T10:31:51.6942864Z INFO  [alembic.runtime.migration] Will assume transactional DDL.
backend	Run pytest backend/tests openwrt-agent/tests	2026-08-06T10:31:51.6943182Z INFO  [alembic.runtime.migration] Running upgrade  -> 0001_initial_schema, Single pre-release schema baseline.
backend	Run pytest backend/tests openwrt-agent/tests	2026-08-06T10:31:51.6943573Z INFO  [alembic.runtime.migration] Running upgrade 0001_initial_schema -> 0002_add_device_groups, Add DeviceGroup and group_id to Device.
backend	Run pytest backend/tests openwrt-agent/tests	2026-08-06T10:31:51.6943795Z _ test_mobile_pairing_rejects_expired_revoked_invalid_and_rate_limited_tokens __
backend	Run pytest backend/tests openwrt-agent/tests	2026-08-06T10:31:51.6943930Z 
backend	Run pytest backend/tests openwrt-agent/tests	2026-08-06T10:31:51.6944141Z self = <sqlalchemy.engine.base.Connection object at 0x7f464e8d22d0>
backend	Run pytest backend/tests openwrt-agent/tests	2026-08-06T10:31:51.6944440Z dialect = <sqlalchemy.dialects.postgresql.psycopg.PGDialect_psycopg object at 0x7f4652350b30>
backend	Run pytest backend/tests openwrt-agent/tests	2026-08-06T10:31:51.6944786Z context = <sqlalchemy.dialects.postgresql.psycopg.PGExecutionContext_psycopg object at 0x7f464e8e3d10>
backend	Run pytest backend/tests openwrt-agent/tests	2026-08-06T10:31:51.6945049Z statement = <sqlalchemy.dialects.postgresql.base.PGDDLCompiler object at 0x7f464e8e3590>
backend	Run pytest backend/tests openwrt-agent/tests	2026-08-06T10:31:51.6945160Z parameters = [immutabledict({})]
backend	Run pytest backend/tests openwrt-agent/tests	2026-08-06T10:31:51.6945166Z 
backend	Run pytest backend/tests openwrt-agent/tests	2026-08-06T10:31:51.6945259Z     def _exec_single_context(
backend	Run pytest backend/tests openwrt-agent/tests	2026-08-06T10:31:51.6945347Z         self,
backend	Run pytest backend/tests openwrt-agent/tests	2026-08-06T10:31:51.6945437Z         dialect: Dialect,
backend	Run pytest backend/tests openwrt-agent/tests	2026-08-06T10:31:51.6945544Z         context: ExecutionContext,
backend	Run pytest backend/tests openwrt-agent/tests	2026-08-06T10:31:51.6945644Z         statement: Union[str, Compiled],
backend	Run pytest backend/tests openwrt-agent/tests	2026-08-06T10:31:51.6945790Z         parameters: Optional[_AnyMultiExecuteParams],
backend	Run pytest backend/tests openwrt-agent/tests	2026-08-06T10:31:51.6945892Z     ) -> CursorResult[Any]:
backend	Run pytest backend/tests openwrt-agent/tests	2026-08-06T10:31:51.6946063Z         """continue the _execute_context() method for a single DBAPI
backend	Run pytest backend/tests openwrt-agent/tests	2026-08-06T10:31:51.6946203Z         cursor.execute() or cursor.executemany() call.
backend	Run pytest backend/tests openwrt-agent/tests	2026-08-06T10:31:51.6946284Z     
backend	Run pytest backend/tests openwrt-agent/tests	2026-08-06T10:31:51.6946370Z         """
backend	Run pytest backend/tests openwrt-agent/tests	2026-08-06T10:31:51.6946513Z         if dialect.bind_typing is BindTyping.SETINPUTSIZES:
backend	Run pytest backend/tests openwrt-agent/tests	2026-08-06T10:31:51.6946686Z             generic_setinputsizes = context._prepare_set_input_sizes()
backend	Run pytest backend/tests openwrt-agent/tests	2026-08-06T10:31:51.6946760Z     
backend	Run pytest backend/tests openwrt-agent/tests	2026-08-06T10:31:51.6946865Z             if generic_setinputsizes:
backend	Run pytest backend/tests openwrt-agent/tests	2026-08-06T10:31:51.6946945Z                 try:
backend	Run pytest backend/tests openwrt-agent/tests	2026-08-06T10:31:51.6947059Z                     dialect.do_set_input_sizes(
backend	Run pytest backend/tests openwrt-agent/tests	2026-08-06T10:31:51.6947197Z                         context.cursor, generic_setinputsizes, context
backend	Run pytest backend/tests openwrt-agent/tests	2026-08-06T10:31:51.6947288Z                     )
backend	Run pytest backend/tests openwrt-agent/tests	2026-08-06T10:31:51.6947389Z                 except BaseException as e:
backend	Run pytest backend/tests openwrt-agent/tests	2026-08-06T10:31:51.6947505Z                     self._handle_dbapi_exception(
backend	Run pytest backend/tests openwrt-agent/tests	2026-08-06T10:31:51.6947641Z                         e, str(statement), parameters, None, context
backend	Run pytest backend/tests openwrt-agent/tests	2026-08-06T10:31:51.6947730Z                     )
backend	Run pytest backend/tests openwrt-agent/tests	2026-08-06T10:31:51.6947805Z     
backend	Run pytest backend/tests openwrt-agent/tests	2026-08-06T10:31:51.6948076Z         cursor, str_statement, parameters = (
backend	Run pytest backend/tests openwrt-agent/tests	2026-08-06T10:31:51.6948166Z             context.cursor,
backend	Run pytest backend/tests openwrt-agent/tests	2026-08-06T10:31:51.6948268Z             context.statement,
backend	Run pytest backend/tests openwrt-agent/tests	2026-08-06T10:31:51.6948359Z             context.parameters,
backend	Run pytest backend/tests openwrt-agent/tests	2026-08-06T10:31:51.6948446Z         )
backend	Run pytest backend/tests openwrt-agent/tests	2026-08-06T10:31:51.6948519Z     
backend	Run pytest backend/tests openwrt-agent/tests	2026-08-06T10:31:51.6948665Z         effective_parameters: Optional[_AnyExecuteParams]
backend	Run pytest backend/tests openwrt-agent/tests	2026-08-06T10:31:51.6948738Z     
backend	Run pytest backend/tests openwrt-agent/tests	2026-08-06T10:31:51.6948846Z         if not context.executemany:
backend	Run pytest backend/tests openwrt-agent/tests	2026-08-06T10:31:51.6948955Z             effective_parameters = parameters[0]
backend	Run pytest backend/tests openwrt-agent/tests	2026-08-06T10:31:51.6949042Z         else:
backend	Run pytest backend/tests openwrt-agent/tests	2026-08-06T10:31:51.6949143Z             effective_parameters = parameters
backend	Run pytest backend/tests openwrt-agent/tests	2026-08-06T10:31:51.6949224Z     
backend	Run pytest backend/tests openwrt-agent/tests	2026-08-06T10:31:51.6949358Z         if self._has_events or self.engine._has_events:
backend	Run pytest backend/tests openwrt-agent/tests	2026-08-06T10:31:51.6949496Z             for fn in self.dispatch.before_cursor_execute:
backend	Run pytest backend/tests openwrt-agent/tests	2026-08-06T10:31:51.6949619Z                 str_statement, effective_parameters = fn(
backend	Run pytest backend/tests openwrt-agent/tests	2026-08-06T10:31:51.6949702Z                     self,
backend	Run pytest backend/tests openwrt-agent/tests	2026-08-06T10:31:51.6949792Z                     cursor,
backend	Run pytest backend/tests openwrt-agent/tests	2026-08-06T10:31:51.6949881Z                     str_statement,
backend	Run pytest backend/tests openwrt-agent/tests	2026-08-06T10:31:51.6949981Z                     effective_parameters,
backend	Run pytest backend/tests openwrt-agent/tests	2026-08-06T10:31:51.6950063Z                     context,
backend	Run pytest backend/tests openwrt-agent/tests	2026-08-06T10:31:51.6950170Z                     context.executemany,
backend	Run pytest backend/tests openwrt-agent/tests	2026-08-06T10:31:51.6950244Z                 )
backend	Run pytest backend/tests openwrt-agent/tests	2026-08-06T10:31:51.6950325Z     
backend	Run pytest backend/tests openwrt-agent/tests	2026-08-06T10:31:51.6950406Z         if self._echo:
backend	Run pytest backend/tests openwrt-agent/tests	2026-08-06T10:31:51.6950509Z             self._log_info(str_statement)
backend	Run pytest backend/tests openwrt-agent/tests	2026-08-06T10:31:51.6950581Z     
backend	Run pytest backend/tests openwrt-agent/tests	2026-08-06T10:31:51.6950693Z             stats = context._get_cache_stats()
backend	Run pytest backend/tests openwrt-agent/tests	2026-08-06T10:31:51.6950765Z     
backend	Run pytest backend/tests openwrt-agent/tests	2026-08-06T10:31:51.6950881Z             if not self.engine.hide_parameters:
backend	Run pytest backend/tests openwrt-agent/tests	2026-08-06T10:31:51.6950966Z                 self._log_info(
backend	Run pytest backend/tests openwrt-agent/tests	2026-08-06T10:31:51.6951147Z                     "[%s] %r",
backend	Run pytest backend/tests openwrt-agent/tests	2026-08-06T10:31:51.6951230Z                     stats,
backend	Run pytest backend/tests openwrt-agent/tests	2026-08-06T10:31:51.6951333Z                     sql_util._repr_params(
backend	Run pytest backend/tests openwrt-agent/tests	2026-08-06T10:31:51.6951436Z                         effective_parameters,
backend	Run pytest backend/tests openwrt-agent/tests	2026-08-06T10:31:51.6951533Z                         batches=10,
backend	Run pytest backend/tests openwrt-agent/tests	2026-08-06T10:31:51.6951647Z                         ismulti=context.executemany,
backend	Run pytest backend/tests openwrt-agent/tests	2026-08-06T10:31:51.6951739Z                     ),
backend	Run pytest backend/tests openwrt-agent/tests	2026-08-06T10:31:51.6951817Z                 )
backend	Run pytest backend/tests openwrt-agent/tests	2026-08-06T10:31:51.6951912Z             else:
backend	Run pytest backend/tests openwrt-agent/tests	2026-08-06T10:31:51.6952002Z                 self._log_info(
backend	Run pytest backend/tests openwrt-agent/tests	2026-08-06T10:31:51.6952282Z                     "[%s] [SQL parameters hidden due to hide_parameters=True]",
backend	Run pytest backend/tests openwrt-agent/tests	2026-08-06T10:31:51.6952370Z                     stats,
backend	Run pytest backend/tests openwrt-agent/tests	2026-08-06T10:31:51.6952446Z                 )
backend	Run pytest backend/tests openwrt-agent/tests	2026-08-06T10:31:51.6952526Z     
backend	Run pytest backend/tests openwrt-agent/tests	2026-08-06T10:31:51.6952618Z         evt_handled: bool = False
backend	Run pytest backend/tests openwrt-agent/tests	2026-08-06T10:31:51.6952705Z         try:
backend	Run pytest backend/tests openwrt-agent/tests	2026-08-06T10:31:51.6952856Z             if context.execute_style is ExecuteStyle.EXECUTEMANY:
backend	Run pytest backend/tests openwrt-agent/tests	2026-08-06T10:31:51.6952974Z                 effective_parameters = cast(
backend	Run pytest backend/tests openwrt-agent/tests	2026-08-06T10:31:51.6953115Z                     "_CoreMultiExecuteParams", effective_parameters
backend	Run pytest backend/tests openwrt-agent/tests	2026-08-06T10:31:51.6953201Z                 )
backend	Run pytest backend/tests openwrt-agent/tests	2026-08-06T10:31:51.6953296Z                 if self.dialect._has_events:
backend	Run pytest backend/tests openwrt-agent/tests	2026-08-06T10:31:51.6953436Z                     for fn in self.dialect.dispatch.do_executemany:
backend	Run pytest backend/tests openwrt-agent/tests	2026-08-06T10:31:51.6953519Z                         if fn(
backend	Run pytest backend/tests openwrt-agent/tests	2026-08-06T10:31:51.6953608Z                             cursor,
backend	Run pytest backend/tests openwrt-agent/tests	2026-08-06T10:31:51.6953696Z                             str_statement,
backend	Run pytest backend/tests openwrt-agent/tests	2026-08-06T10:31:51.6953809Z                             effective_parameters,
backend	Run pytest backend/tests openwrt-agent/tests	2026-08-06T10:31:51.6953898Z                             context,
backend	Run pytest backend/tests openwrt-agent/tests	2026-08-06T10:31:51.6953987Z                         ):
backend	Run pytest backend/tests openwrt-agent/tests	2026-08-06T10:31:51.6954085Z                             evt_handled = True
backend	Run pytest backend/tests openwrt-agent/tests	2026-08-06T10:31:51.6954177Z                             break
backend	Run pytest backend/tests openwrt-agent/tests	2026-08-06T10:31:51.6954263Z                 if not evt_handled:
backend	Run pytest backend/tests openwrt-agent/tests	2026-08-06T10:31:51.6954382Z                     self.dialect.do_executemany(
backend	Run pytest backend/tests openwrt-agent/tests	2026-08-06T10:31:51.6954463Z                         cursor,
backend	Run pytest backend/tests openwrt-agent/tests	2026-08-06T10:31:51.6954561Z                         str_statement,
backend	Run pytest backend/tests openwrt-agent/tests	2026-08-06T10:31:51.6954795Z                         effective_parameters,
backend	Run pytest backend/tests openwrt-agent/tests	2026-08-06T10:31:51.6954880Z                         context,
backend	Run pytest backend/tests openwrt-agent/tests	2026-08-06T10:31:51.6954964Z                     )
backend	Run pytest backend/tests openwrt-agent/tests	2026-08-06T10:31:51.6955115Z             elif not effective_parameters and context.no_parameters:
backend	Run pytest backend/tests openwrt-agent/tests	2026-08-06T10:31:51.6955215Z                 if self.dialect._has_events:
backend	Run pytest backend/tests openwrt-agent/tests	2026-08-06T10:31:51.6955369Z                     for fn in self.dialect.dispatch.do_execute_no_params:
backend	Run pytest backend/tests openwrt-agent/tests	2026-08-06T10:31:51.6955500Z                         if fn(cursor, str_statement, context):
backend	Run pytest backend/tests openwrt-agent/tests	2026-08-06T10:31:51.6955592Z                             evt_handled = True
backend	Run pytest backend/tests openwrt-agent/tests	2026-08-06T10:31:51.6955684Z                             break
backend	Run pytest backend/tests openwrt-agent/tests	2026-08-06T10:31:51.6955771Z                 if not evt_handled:
backend	Run pytest backend/tests openwrt-agent/tests	2026-08-06T10:31:51.6955898Z                     self.dialect.do_execute_no_params(
backend	Run pytest backend/tests openwrt-agent/tests	2026-08-06T10:31:51.6956002Z                         cursor, str_statement, context
backend	Run pytest backend/tests openwrt-agent/tests	2026-08-06T10:31:51.6956089Z                     )
backend	Run pytest backend/tests openwrt-agent/tests	2026-08-06T10:31:51.6956164Z             else:
backend	Run pytest backend/tests openwrt-agent/tests	2026-08-06T10:31:51.6956272Z                 effective_parameters = cast(
backend	Run pytest backend/tests openwrt-agent/tests	2026-08-06T10:31:51.6956410Z                     "_CoreSingleExecuteParams", effective_parameters
backend	Run pytest backend/tests openwrt-agent/tests	2026-08-06T10:31:51.6956494Z                 )
backend	Run pytest backend/tests openwrt-agent/tests	2026-08-06T10:31:51.6956590Z                 if self.dialect._has_events:
backend	Run pytest backend/tests openwrt-agent/tests	2026-08-06T10:31:51.6956735Z                     for fn in self.dialect.dispatch.do_execute:
backend	Run pytest backend/tests openwrt-agent/tests	2026-08-06T10:31:51.6956819Z                         if fn(
backend	Run pytest backend/tests openwrt-agent/tests	2026-08-06T10:31:51.6956910Z                             cursor,
backend	Run pytest backend/tests openwrt-agent/tests	2026-08-06T10:31:51.6957017Z                             str_statement,
backend	Run pytest backend/tests openwrt-agent/tests	2026-08-06T10:31:51.6957126Z                             effective_parameters,
backend	Run pytest backend/tests openwrt-agent/tests	2026-08-06T10:31:51.6957216Z                             context,
backend	Run pytest backend/tests openwrt-agent/tests	2026-08-06T10:31:51.6957298Z                         ):
backend	Run pytest backend/tests openwrt-agent/tests	2026-08-06T10:31:51.6957519Z                             evt_handled = True
backend	Run pytest backend/tests openwrt-agent/tests	2026-08-06T10:31:51.6957604Z                             break
backend	Run pytest backend/tests openwrt-agent/tests	2026-08-06T10:31:51.6957694Z                 if not evt_handled:
backend	Run pytest backend/tests openwrt-agent/tests	2026-08-06T10:31:51.6957790Z >                   self.dialect.do_execute(
backend	Run pytest backend/tests openwrt-agent/tests	2026-08-06T10:31:51.6957953Z                         cursor, str_statement, effective_parameters, context
backend	Run pytest backend/tests openwrt-agent/tests	2026-08-06T10:31:51.6958032Z                     )
backend	Run pytest backend/tests openwrt-agent/tests	2026-08-06T10:31:51.6958037Z 
backend	Run pytest backend/tests openwrt-agent/tests	2026-08-06T10:31:51.6958332Z /opt/hostedtoolcache/Python/3.12.13/x64/lib/python3.12/site-packages/sqlalchemy/engine/base.py:1967: 
backend	Run pytest backend/tests openwrt-agent/tests	2026-08-06T10:31:51.6958469Z _ _ _ _ _ _ _ _ _ _ _ _ _ _ _ _ _ _ _ _ _ _ _ _ _ _ _ _ _ _ _ _ _ _ _ _ _ _ _ _ 
backend	Run pytest backend/tests openwrt-agent/tests	2026-08-06T10:31:51.6958809Z /opt/hostedtoolcache/Python/3.12.13/x64/lib/python3.12/site-packages/sqlalchemy/engine/default.py:951: in do_execute
backend	Run pytest backend/tests openwrt-agent/tests	2026-08-06T10:31:51.6958911Z     cursor.execute(statement, parameters)
backend	Run pytest backend/tests openwrt-agent/tests	2026-08-06T10:31:51.6959050Z _ _ _ _ _ _ _ _ _ _ _ _ _ _ _ _ _ _ _ _ _ _ _ _ _ _ _ _ _ _ _ _ _ _ _ _ _ _ _ _ 
backend	Run pytest backend/tests openwrt-agent/tests	2026-08-06T10:31:51.6959059Z 
backend	Run pytest backend/tests openwrt-agent/tests	2026-08-06T10:31:51.6959384Z self = <psycopg.Cursor [closed] [IDLE] (host=localhost user=wrtmonitor database=wrtmonitor_test) at 0x7f464e4f1250>
backend	Run pytest backend/tests openwrt-agent/tests	2026-08-06T10:31:51.6960070Z query = '\nCREATE TABLE device_groups (\n\tid UUID NOT NULL, \n\tname VARCHAR(120) NOT NULL, \n\tdescription TEXT, \n\tcreated...H TIME ZONE NOT NULL, \n\tupdated_at TIMESTAMP WITH TIME ZONE NOT NULL, \n\tPRIMARY KEY (id), \n\tUNIQUE (name)\n)\n\n'
backend	Run pytest backend/tests openwrt-agent/tests	2026-08-06T10:31:51.6960175Z params = immutabledict({})
backend	Run pytest backend/tests openwrt-agent/tests	2026-08-06T10:31:51.6960181Z 
backend	Run pytest backend/tests openwrt-agent/tests	2026-08-06T10:31:51.6960258Z     def execute(
backend	Run pytest backend/tests openwrt-agent/tests	2026-08-06T10:31:51.6960343Z         self,
backend	Run pytest backend/tests openwrt-agent/tests	2026-08-06T10:31:51.6960430Z         query: Query,
backend	Run pytest backend/tests openwrt-agent/tests	2026-08-06T10:31:51.6960533Z         params: Params | None = None,
backend	Run pytest backend/tests openwrt-agent/tests	2026-08-06T10:31:51.6960608Z         *,
backend	Run pytest backend/tests openwrt-agent/tests	2026-08-06T10:31:51.6960712Z         prepare: bool | None = None,
backend	Run pytest backend/tests openwrt-agent/tests	2026-08-06T10:31:51.6960801Z         binary: bool | None = None,
backend	Run pytest backend/tests openwrt-agent/tests	2026-08-06T10:31:51.6960887Z     ) -> Self:
backend	Run pytest backend/tests openwrt-agent/tests	2026-08-06T10:31:51.6960961Z         """
backend	Run pytest backend/tests openwrt-agent/tests	2026-08-06T10:31:51.6961091Z         Execute a query or command to the database.
backend	Run pytest backend/tests openwrt-agent/tests	2026-08-06T10:31:51.6961164Z         """
backend	Run pytest backend/tests openwrt-agent/tests	2026-08-06T10:31:51.6961250Z         try:
backend	Run pytest backend/tests openwrt-agent/tests	2026-08-06T10:31:51.6961339Z             with self._conn.lock:
backend	Run pytest backend/tests openwrt-agent/tests	2026-08-06T10:31:51.6961534Z                 self._conn.wait(
backend	Run pytest backend/tests openwrt-agent/tests	2026-08-06T10:31:51.6961725Z                     self._execute_gen(query, params, prepare=prepare, binary=binary)
backend	Run pytest backend/tests openwrt-agent/tests	2026-08-06T10:31:51.6961806Z                 )
backend	Run pytest backend/tests openwrt-agent/tests	2026-08-06T10:31:51.6961905Z         except e._NO_TRACEBACK as ex:
backend	Run pytest backend/tests openwrt-agent/tests	2026-08-06T10:31:51.6961997Z >           raise ex.with_traceback(None)
backend	Run pytest backend/tests openwrt-agent/tests	2026-08-06T10:31:51.6962444Z E           psycopg.errors.DuplicateTable: relation "device_groups" already exists
backend	Run pytest backend/tests openwrt-agent/tests	2026-08-06T10:31:51.6962450Z 
backend	Run pytest backend/tests openwrt-agent/tests	2026-08-06T10:31:51.6962754Z /opt/hostedtoolcache/Python/3.12.13/x64/lib/python3.12/site-packages/psycopg/cursor.py:117: DuplicateTable
backend	Run pytest backend/tests openwrt-agent/tests	2026-08-06T10:31:51.6962761Z 
backend	Run pytest backend/tests openwrt-agent/tests	2026-08-06T10:31:51.6962941Z The above exception was the direct cause of the following exception:
backend	Run pytest backend/tests openwrt-agent/tests	2026-08-06T10:31:51.6962947Z 
backend	Run pytest backend/tests openwrt-agent/tests	2026-08-06T10:31:51.6963174Z     def test_mobile_pairing_rejects_expired_revoked_invalid_and_rate_limited_tokens():
backend	Run pytest backend/tests openwrt-agent/tests	2026-08-06T10:31:51.6963285Z         if not postgres_e2e_enabled():
backend	Run pytest backend/tests openwrt-agent/tests	2026-08-06T10:31:51.6963477Z             pytest.skip("PostgreSQL E2E test requires WRTMONITOR_DATABASE_URL")
backend	Run pytest backend/tests openwrt-agent/tests	2026-08-06T10:31:51.6963579Z >       clear_database()
backend	Run pytest backend/tests openwrt-agent/tests	2026-08-06T10:31:51.6963584Z 
backend	Run pytest backend/tests openwrt-agent/tests	2026-08-06T10:31:51.6963696Z backend/tests/test_mobile_pairing.py:161: 
backend	Run pytest backend/tests openwrt-agent/tests	2026-08-06T10:31:51.6963827Z _ _ _ _ _ _ _ _ _ _ _ _ _ _ _ _ _ _ _ _ _ _ _ _ _ _ _ _ _ _ _ _ _ _ _ _ _ _ _ _ 
backend	Run pytest backend/tests openwrt-agent/tests	2026-08-06T10:31:51.6963983Z backend/tests/test_mobile_pairing.py:34: in clear_database
backend	Run pytest backend/tests openwrt-agent/tests	2026-08-06T10:31:51.6964061Z     init_db()
backend	Run pytest backend/tests openwrt-agent/tests	2026-08-06T10:31:51.6964168Z backend/app/db.py:108: in init_db
backend	Run pytest backend/tests openwrt-agent/tests	2026-08-06T10:31:51.6964250Z     migrate_db()
backend	Run pytest backend/tests openwrt-agent/tests	2026-08-06T10:31:51.6964352Z backend/app/db.py:96: in migrate_db
backend	Run pytest backend/tests openwrt-agent/tests	2026-08-06T10:31:51.6964446Z     command.upgrade(config, "head")
backend	Run pytest backend/tests openwrt-agent/tests	2026-08-06T10:31:51.6964734Z /opt/hostedtoolcache/Python/3.12.13/x64/lib/python3.12/site-packages/alembic/command.py:483: in upgrade
backend	Run pytest backend/tests openwrt-agent/tests	2026-08-06T10:31:51.6964956Z     script.run_env()
backend	Run pytest backend/tests openwrt-agent/tests	2026-08-06T10:31:51.6965260Z /opt/hostedtoolcache/Python/3.12.13/x64/lib/python3.12/site-packages/alembic/script/base.py:545: in run_env
backend	Run pytest backend/tests openwrt-agent/tests	2026-08-06T10:31:51.6965376Z     util.load_python_file(self.dir, "env.py")
backend	Run pytest backend/tests openwrt-agent/tests	2026-08-06T10:31:51.6965724Z /opt/hostedtoolcache/Python/3.12.13/x64/lib/python3.12/site-packages/alembic/util/pyfiles.py:116: in load_python_file
backend	Run pytest backend/tests openwrt-agent/tests	2026-08-06T10:31:51.6965832Z     module = load_module_py(module_id, path)
backend	Run pytest backend/tests openwrt-agent/tests	2026-08-06T10:31:51.6965937Z              ^^^^^^^^^^^^^^^^^^^^^^^^^^^^^^^
backend	Run pytest backend/tests openwrt-agent/tests	2026-08-06T10:31:51.6966260Z /opt/hostedtoolcache/Python/3.12.13/x64/lib/python3.12/site-packages/alembic/util/pyfiles.py:136: in load_module_py
backend	Run pytest backend/tests openwrt-agent/tests	2026-08-06T10:31:51.6966394Z     spec.loader.exec_module(module)  # type: ignore
backend	Run pytest backend/tests openwrt-agent/tests	2026-08-06T10:31:51.6966486Z     ^^^^^^^^^^^^^^^^^^^^^^^^^^^^^^^
backend	Run pytest backend/tests openwrt-agent/tests	2026-08-06T10:31:51.6966633Z <frozen importlib._bootstrap_external>:999: in exec_module
backend	Run pytest backend/tests openwrt-agent/tests	2026-08-06T10:31:51.6966746Z     ???
backend	Run pytest backend/tests openwrt-agent/tests	2026-08-06T10:31:51.6966914Z <frozen importlib._bootstrap>:488: in _call_with_frames_removed
backend	Run pytest backend/tests openwrt-agent/tests	2026-08-06T10:31:51.6966994Z     ???
backend	Run pytest backend/tests openwrt-agent/tests	2026-08-06T10:31:51.6967094Z backend/alembic/env.py:58: in <module>
backend	Run pytest backend/tests openwrt-agent/tests	2026-08-06T10:31:51.6967193Z     run_migrations_online()
backend	Run pytest backend/tests openwrt-agent/tests	2026-08-06T10:31:51.6967327Z backend/alembic/env.py:40: in run_migrations_online
backend	Run pytest backend/tests openwrt-agent/tests	2026-08-06T10:31:51.6967426Z     context.run_migrations()
backend	Run pytest backend/tests openwrt-agent/tests	2026-08-06T10:31:51.6967516Z <string>:8: in run_migrations
backend	Run pytest backend/tests openwrt-agent/tests	2026-08-06T10:31:51.6967602Z     ???
backend	Run pytest backend/tests openwrt-agent/tests	2026-08-06T10:31:51.6967951Z /opt/hostedtoolcache/Python/3.12.13/x64/lib/python3.12/site-packages/alembic/runtime/environment.py:946: in run_migrations
backend	Run pytest backend/tests openwrt-agent/tests	2026-08-06T10:31:51.6968066Z     self.get_context().run_migrations(**kw)
backend	Run pytest backend/tests openwrt-agent/tests	2026-08-06T10:31:51.6968396Z /opt/hostedtoolcache/Python/3.12.13/x64/lib/python3.12/site-packages/alembic/runtime/migration.py:627: in run_migrations
backend	Run pytest backend/tests openwrt-agent/tests	2026-08-06T10:31:51.6968494Z     step.migration_fn(**kw)
backend	Run pytest backend/tests openwrt-agent/tests	2026-08-06T10:31:51.6968664Z backend/alembic/versions/0002_add_device_groups.py:24: in upgrade
backend	Run pytest backend/tests openwrt-agent/tests	2026-08-06T10:31:51.6968757Z     op.create_table(
backend	Run pytest backend/tests openwrt-agent/tests	2026-08-06T10:31:51.6968853Z <string>:8: in create_table
backend	Run pytest backend/tests openwrt-agent/tests	2026-08-06T10:31:51.6968938Z     ???
backend	Run pytest backend/tests openwrt-agent/tests	2026-08-06T10:31:51.6969022Z <string>:3: in create_table
backend	Run pytest backend/tests openwrt-agent/tests	2026-08-06T10:31:51.6969104Z     ???
backend	Run pytest backend/tests openwrt-agent/tests	2026-08-06T10:31:51.6969423Z /opt/hostedtoolcache/Python/3.12.13/x64/lib/python3.12/site-packages/alembic/operations/ops.py:1332: in create_table
backend	Run pytest backend/tests openwrt-agent/tests	2026-08-06T10:31:51.6969675Z     return operations.invoke(op)
backend	Run pytest backend/tests openwrt-agent/tests	2026-08-06T10:31:51.6969765Z            ^^^^^^^^^^^^^^^^^^^^^
backend	Run pytest backend/tests openwrt-agent/tests	2026-08-06T10:31:51.6970069Z /opt/hostedtoolcache/Python/3.12.13/x64/lib/python3.12/site-packages/alembic/operations/base.py:454: in invoke
backend	Run pytest backend/tests openwrt-agent/tests	2026-08-06T10:31:51.6970168Z     return fn(self, operation)
backend	Run pytest backend/tests openwrt-agent/tests	2026-08-06T10:31:51.6970250Z            ^^^^^^^^^^^^^^^^^^^
backend	Run pytest backend/tests openwrt-agent/tests	2026-08-06T10:31:51.6970581Z /opt/hostedtoolcache/Python/3.12.13/x64/lib/python3.12/site-packages/alembic/operations/toimpl.py:135: in create_table
backend	Run pytest backend/tests openwrt-agent/tests	2026-08-06T10:31:51.6970693Z     operations.impl.create_table(table, **kw)
backend	Run pytest backend/tests openwrt-agent/tests	2026-08-06T10:31:51.6970995Z /opt/hostedtoolcache/Python/3.12.13/x64/lib/python3.12/site-packages/alembic/ddl/impl.py:423: in create_table
backend	Run pytest backend/tests openwrt-agent/tests	2026-08-06T10:31:51.6971117Z     self._exec(schema.CreateTable(table, **kw))
backend	Run pytest backend/tests openwrt-agent/tests	2026-08-06T10:31:51.6971394Z /opt/hostedtoolcache/Python/3.12.13/x64/lib/python3.12/site-packages/alembic/ddl/impl.py:246: in _exec
backend	Run pytest backend/tests openwrt-agent/tests	2026-08-06T10:31:51.6971572Z     return conn.execute(construct, params)
backend	Run pytest backend/tests openwrt-agent/tests	2026-08-06T10:31:51.6971753Z            ^^^^^^^^^^^^^^^^^^^^^^^^^^^^^^^
backend	Run pytest backend/tests openwrt-agent/tests	2026-08-06T10:31:51.6972433Z /opt/hostedtoolcache/Python/3.12.13/x64/lib/python3.12/site-packages/sqlalchemy/engine/base.py:1419: in execute
backend	Run pytest backend/tests openwrt-agent/tests	2026-08-06T10:31:51.6972661Z     return meth(
backend	Run pytest backend/tests openwrt-agent/tests	2026-08-06T10:31:51.6988953Z /opt/hostedtoolcache/Python/3.12.13/x64/lib/python3.12/site-packages/sqlalchemy/sql/ddl.py:187: in _execute_on_connection
backend	Run pytest backend/tests openwrt-agent/tests	2026-08-06T10:31:51.6989133Z     return connection._execute_ddl(
backend	Run pytest backend/tests openwrt-agent/tests	2026-08-06T10:31:51.6989520Z /opt/hostedtoolcache/Python/3.12.13/x64/lib/python3.12/site-packages/sqlalchemy/engine/base.py:1530: in _execute_ddl
backend	Run pytest backend/tests openwrt-agent/tests	2026-08-06T10:31:51.6989630Z     ret = self._execute_context(
backend	Run pytest backend/tests openwrt-agent/tests	2026-08-06T10:31:51.6990226Z /opt/hostedtoolcache/Python/3.12.13/x64/lib/python3.12/site-packages/sqlalchemy/engine/base.py:1846: in _execute_context
backend	Run pytest backend/tests openwrt-agent/tests	2026-08-06T10:31:51.6990336Z     return self._exec_single_context(
backend	Run pytest backend/tests openwrt-agent/tests	2026-08-06T10:31:51.6990707Z /opt/hostedtoolcache/Python/3.12.13/x64/lib/python3.12/site-packages/sqlalchemy/engine/base.py:1986: in _exec_single_context
backend	Run pytest backend/tests openwrt-agent/tests	2026-08-06T10:31:51.6990812Z     self._handle_dbapi_exception(
backend	Run pytest backend/tests openwrt-agent/tests	2026-08-06T10:31:51.6991183Z /opt/hostedtoolcache/Python/3.12.13/x64/lib/python3.12/site-packages/sqlalchemy/engine/base.py:2355: in _handle_dbapi_exception
backend	Run pytest backend/tests openwrt-agent/tests	2026-08-06T10:31:51.6991362Z     raise sqlalchemy_exception.with_traceback(exc_info[2]) from e
backend	Run pytest backend/tests openwrt-agent/tests	2026-08-06T10:31:51.6991719Z /opt/hostedtoolcache/Python/3.12.13/x64/lib/python3.12/site-packages/sqlalchemy/engine/base.py:1967: in _exec_single_context
backend	Run pytest backend/tests openwrt-agent/tests	2026-08-06T10:31:51.6991825Z     self.dialect.do_execute(
backend	Run pytest backend/tests openwrt-agent/tests	2026-08-06T10:31:51.6992303Z /opt/hostedtoolcache/Python/3.12.13/x64/lib/python3.12/site-packages/sqlalchemy/engine/default.py:951: in do_execute
backend	Run pytest backend/tests openwrt-agent/tests	2026-08-06T10:31:51.6992432Z     cursor.execute(statement, parameters)
backend	Run pytest backend/tests openwrt-agent/tests	2026-08-06T10:31:51.6992580Z _ _ _ _ _ _ _ _ _ _ _ _ _ _ _ _ _ _ _ _ _ _ _ _ _ _ _ _ _ _ _ _ _ _ _ _ _ _ _ _ 
backend	Run pytest backend/tests openwrt-agent/tests	2026-08-06T10:31:51.6992592Z 
backend	Run pytest backend/tests openwrt-agent/tests	2026-08-06T10:31:51.6992931Z self = <psycopg.Cursor [closed] [IDLE] (host=localhost user=wrtmonitor database=wrtmonitor_test) at 0x7f464e4f1250>
backend	Run pytest backend/tests openwrt-agent/tests	2026-08-06T10:31:51.6993624Z query = '\nCREATE TABLE device_groups (\n\tid UUID NOT NULL, \n\tname VARCHAR(120) NOT NULL, \n\tdescription TEXT, \n\tcreated...H TIME ZONE NOT NULL, \n\tupdated_at TIMESTAMP WITH TIME ZONE NOT NULL, \n\tPRIMARY KEY (id), \n\tUNIQUE (name)\n)\n\n'
backend	Run pytest backend/tests openwrt-agent/tests	2026-08-06T10:31:51.6993732Z params = immutabledict({})
backend	Run pytest backend/tests openwrt-agent/tests	2026-08-06T10:31:51.6993738Z 
backend	Run pytest backend/tests openwrt-agent/tests	2026-08-06T10:31:51.6993826Z     def execute(
backend	Run pytest backend/tests openwrt-agent/tests	2026-08-06T10:31:51.6993904Z         self,
backend	Run pytest backend/tests openwrt-agent/tests	2026-08-06T10:31:51.6993994Z         query: Query,
backend	Run pytest backend/tests openwrt-agent/tests	2026-08-06T10:31:51.6994098Z         params: Params | None = None,
backend	Run pytest backend/tests openwrt-agent/tests	2026-08-06T10:31:51.6994183Z         *,
backend	Run pytest backend/tests openwrt-agent/tests	2026-08-06T10:31:51.6994285Z         prepare: bool | None = None,
backend	Run pytest backend/tests openwrt-agent/tests	2026-08-06T10:31:51.6994387Z         binary: bool | None = None,
backend	Run pytest backend/tests openwrt-agent/tests	2026-08-06T10:31:51.6994468Z     ) -> Self:
backend	Run pytest backend/tests openwrt-agent/tests	2026-08-06T10:31:51.6994696Z         """
backend	Run pytest backend/tests openwrt-agent/tests	2026-08-06T10:31:51.6994878Z         Execute a query or command to the database.
backend	Run pytest backend/tests openwrt-agent/tests	2026-08-06T10:31:51.6995208Z         """
backend	Run pytest backend/tests openwrt-agent/tests	2026-08-06T10:31:51.6995289Z         try:
backend	Run pytest backend/tests openwrt-agent/tests	2026-08-06T10:31:51.6995396Z             with self._conn.lock:
backend	Run pytest backend/tests openwrt-agent/tests	2026-08-06T10:31:51.6995491Z                 self._conn.wait(
backend	Run pytest backend/tests openwrt-agent/tests	2026-08-06T10:31:51.6995698Z                     self._execute_gen(query, params, prepare=prepare, binary=binary)
backend	Run pytest backend/tests openwrt-agent/tests	2026-08-06T10:31:51.6995778Z                 )
backend	Run pytest backend/tests openwrt-agent/tests	2026-08-06T10:31:51.6995891Z         except e._NO_TRACEBACK as ex:
backend	Run pytest backend/tests openwrt-agent/tests	2026-08-06T10:31:51.6995996Z >           raise ex.with_traceback(None)
backend	Run pytest backend/tests openwrt-agent/tests	2026-08-06T10:31:51.6996356Z E           sqlalchemy.exc.ProgrammingError: (psycopg.errors.DuplicateTable) relation "device_groups" already exists
backend	Run pytest backend/tests openwrt-agent/tests	2026-08-06T10:31:51.6996439Z E           [SQL: 
backend	Run pytest backend/tests openwrt-agent/tests	2026-08-06T10:31:51.6996549Z E           CREATE TABLE device_groups (
backend	Run pytest backend/tests openwrt-agent/tests	2026-08-06T10:31:51.6996652Z E           	id UUID NOT NULL, 
backend	Run pytest backend/tests openwrt-agent/tests	2026-08-06T10:31:51.6996756Z E           	name VARCHAR(120) NOT NULL, 
backend	Run pytest backend/tests openwrt-agent/tests	2026-08-06T10:31:51.6996846Z E           	description TEXT, 
backend	Run pytest backend/tests openwrt-agent/tests	2026-08-06T10:31:51.6997000Z E           	created_at TIMESTAMP WITH TIME ZONE NOT NULL, 
backend	Run pytest backend/tests openwrt-agent/tests	2026-08-06T10:31:51.6997134Z E           	updated_at TIMESTAMP WITH TIME ZONE NOT NULL, 
backend	Run pytest backend/tests openwrt-agent/tests	2026-08-06T10:31:51.6997224Z E           	PRIMARY KEY (id), 
backend	Run pytest backend/tests openwrt-agent/tests	2026-08-06T10:31:51.6997321Z E           	UNIQUE (name)
backend	Run pytest backend/tests openwrt-agent/tests	2026-08-06T10:31:51.6997399Z E           )
backend	Run pytest backend/tests openwrt-agent/tests	2026-08-06T10:31:51.6997486Z E           
backend	Run pytest backend/tests openwrt-agent/tests	2026-08-06T10:31:51.6997563Z E           ]
backend	Run pytest backend/tests openwrt-agent/tests	2026-08-06T10:31:51.6997761Z E           (Background on this error at: https://sqlalche.me/e/20/f405)
backend	Run pytest backend/tests openwrt-agent/tests	2026-08-06T10:31:51.6997769Z 
backend	Run pytest backend/tests openwrt-agent/tests	2026-08-06T10:31:51.6998095Z /opt/hostedtoolcache/Python/3.12.13/x64/lib/python3.12/site-packages/psycopg/cursor.py:117: ProgrammingError
backend	Run pytest backend/tests openwrt-agent/tests	2026-08-06T10:31:51.6998290Z ----------------------------- Captured stderr call -----------------------------
backend	Run pytest backend/tests openwrt-agent/tests	2026-08-06T10:31:51.6998603Z INFO  [alembic.runtime.migration] Context impl PostgresqlImpl.
backend	Run pytest backend/tests openwrt-agent/tests	2026-08-06T10:31:51.6998785Z INFO  [alembic.runtime.migration] Will assume transactional DDL.
backend	Run pytest backend/tests openwrt-agent/tests	2026-08-06T10:31:51.6999102Z INFO  [alembic.runtime.migration] Running upgrade  -> 0001_initial_schema, Single pre-release schema baseline.
backend	Run pytest backend/tests openwrt-agent/tests	2026-08-06T10:31:51.6999504Z INFO  [alembic.runtime.migration] Running upgrade 0001_initial_schema -> 0002_add_device_groups, Add DeviceGroup and group_id to Device.
backend	Run pytest backend/tests openwrt-agent/tests	2026-08-06T10:31:51.6999698Z _______________ test_android_exposes_current_management_contract _______________
backend	Run pytest backend/tests openwrt-agent/tests	2026-08-06T10:31:51.6999712Z 
backend	Run pytest backend/tests openwrt-agent/tests	2026-08-06T10:31:51.6999885Z     def test_android_exposes_current_management_contract() -> None:
backend	Run pytest backend/tests openwrt-agent/tests	2026-08-06T10:31:51.6999986Z         matrix = build_matrix()
backend	Run pytest backend/tests openwrt-agent/tests	2026-08-06T10:31:51.7000064Z     
backend	Run pytest backend/tests openwrt-agent/tests	2026-08-06T10:31:51.7000185Z >       assert matrix["command_count"] == 91
backend	Run pytest backend/tests openwrt-agent/tests	2026-08-06T10:31:51.7000271Z E       assert 93 == 91
backend	Run pytest backend/tests openwrt-agent/tests	2026-08-06T10:31:51.7000277Z 
backend	Run pytest backend/tests openwrt-agent/tests	2026-08-06T10:31:51.7000441Z backend/tests/test_v240_mobile_parity.py:13: AssertionError
backend	Run pytest backend/tests openwrt-agent/tests	2026-08-06T10:31:51.7000583Z =============================== warnings summary ===============================
backend	Run pytest backend/tests openwrt-agent/tests	2026-08-06T10:31:51.7000885Z ../../../../../opt/hostedtoolcache/Python/3.12.13/x64/lib/python3.12/site-packages/fastapi/testclient.py:1
backend	Run pytest backend/tests openwrt-agent/tests	2026-08-06T10:31:51.7001591Z   /opt/hostedtoolcache/Python/3.12.13/x64/lib/python3.12/site-packages/fastapi/testclient.py:1: StarletteDeprecationWarning: Using `httpx` with `starlette.testclient` is deprecated; install `httpx2` instead.
backend	Run pytest backend/tests openwrt-agent/tests	2026-08-06T10:31:51.9595832Z     from starlette.testclient import TestClient as TestClient  # noqa
backend	Run pytest backend/tests openwrt-agent/tests	2026-08-06T10:31:51.9596303Z 
backend	Run pytest backend/tests openwrt-agent/tests	2026-08-06T10:31:51.9597130Z backend/tests/test_api.py::test_stability_migration_schema_e2e
backend	Run pytest backend/tests openwrt-agent/tests	2026-08-06T10:31:51.9597549Z backend/tests/test_api.py::test_router_registration_telemetry_and_latest_api_e2e
backend	Run pytest backend/tests openwrt-agent/tests	2026-08-06T10:31:51.9597921Z backend/tests/test_api.py::test_managed_sessions_rotation_and_password_change_e2e
backend	Run pytest backend/tests openwrt-agent/tests	2026-08-06T10:31:51.9598271Z backend/tests/test_api.py::test_device_delete_removes_router_and_all_related_data
backend	Run pytest backend/tests openwrt-agent/tests	2026-08-06T10:31:51.9598726Z backend/tests/test_api.py::test_command_lifecycle_retry_expiry_and_idempotent_result_e2e
backend	Run pytest backend/tests openwrt-agent/tests	2026-08-06T10:31:51.9599113Z backend/tests/test_mobile_pairing.py::test_mobile_pairing_lifecycle_and_secret_storage
backend	Run pytest backend/tests openwrt-agent/tests	2026-08-06T10:31:51.9600074Z backend/tests/test_mobile_pairing.py::test_mobile_pairing_rejects_expired_revoked_invalid_and_rate_limited_tokens
backend	Run pytest backend/tests openwrt-agent/tests	2026-08-06T10:31:51.9601595Z   /opt/hostedtoolcache/Python/3.12.13/x64/lib/python3.12/site-packages/alembic/config.py:598: DeprecationWarning: No path_separator found in configuration; falling back to legacy splitting on spaces, commas, and colons for prepend_sys_path.  Consider adding path_separator=os to Alembic config.
backend	Run pytest backend/tests openwrt-agent/tests	2026-08-06T10:31:51.9601750Z     util.warn_deprecated(
backend	Run pytest backend/tests openwrt-agent/tests	2026-08-06T10:31:51.9601769Z 
backend	Run pytest backend/tests openwrt-agent/tests	2026-08-06T10:31:51.9602390Z -- Docs: https://docs.pytest.org/en/stable/how-to/capture-warnings.html
backend	Run pytest backend/tests openwrt-agent/tests	2026-08-06T10:31:51.9602623Z =========================== short test summary info ============================
backend	Run pytest backend/tests openwrt-agent/tests	2026-08-06T10:31:51.9603544Z FAILED backend/tests/test_api.py::test_stability_migration_schema_e2e - sqlalchemy.exc.ProgrammingError: (psycopg.errors.DuplicateTable) relation "device_groups" already exists
backend	Run pytest backend/tests openwrt-agent/tests	2026-08-06T10:31:51.9603680Z [SQL: 
backend	Run pytest backend/tests openwrt-agent/tests	2026-08-06T10:31:51.9603821Z CREATE TABLE device_groups (
backend	Run pytest backend/tests openwrt-agent/tests	2026-08-06T10:31:51.9603987Z 	id UUID NOT NULL, 
backend	Run pytest backend/tests openwrt-agent/tests	2026-08-06T10:31:51.9604123Z 	name VARCHAR(120) NOT NULL, 
backend	Run pytest backend/tests openwrt-agent/tests	2026-08-06T10:31:51.9604236Z 	description TEXT, 
backend	Run pytest backend/tests openwrt-agent/tests	2026-08-06T10:31:51.9604411Z 	created_at TIMESTAMP WITH TIME ZONE NOT NULL, 
backend	Run pytest backend/tests openwrt-agent/tests	2026-08-06T10:31:51.9604571Z 	updated_at TIMESTAMP WITH TIME ZONE NOT NULL, 
backend	Run pytest backend/tests openwrt-agent/tests	2026-08-06T10:31:51.9604701Z 	PRIMARY KEY (id), 
backend	Run pytest backend/tests openwrt-agent/tests	2026-08-06T10:31:51.9604813Z 	UNIQUE (name)
backend	Run pytest backend/tests openwrt-agent/tests	2026-08-06T10:31:51.9604925Z )
backend	Run pytest backend/tests openwrt-agent/tests	2026-08-06T10:31:51.9604933Z 
backend	Run pytest backend/tests openwrt-agent/tests	2026-08-06T10:31:51.9605030Z ]
backend	Run pytest backend/tests openwrt-agent/tests	2026-08-06T10:31:51.9605284Z (Background on this error at: https://sqlalche.me/e/20/f405)
backend	Run pytest backend/tests openwrt-agent/tests	2026-08-06T10:31:51.9606235Z FAILED backend/tests/test_api.py::test_router_registration_telemetry_and_latest_api_e2e - sqlalchemy.exc.ProgrammingError: (psycopg.errors.DuplicateTable) relation "device_groups" already exists
backend	Run pytest backend/tests openwrt-agent/tests	2026-08-06T10:31:51.9606588Z [SQL: 
backend	Run pytest backend/tests openwrt-agent/tests	2026-08-06T10:31:51.9606719Z CREATE TABLE device_groups (
backend	Run pytest backend/tests openwrt-agent/tests	2026-08-06T10:31:51.9606841Z 	id UUID NOT NULL, 
backend	Run pytest backend/tests openwrt-agent/tests	2026-08-06T10:31:51.9606969Z 	name VARCHAR(120) NOT NULL, 
backend	Run pytest backend/tests openwrt-agent/tests	2026-08-06T10:31:51.9607092Z 	description TEXT, 
backend	Run pytest backend/tests openwrt-agent/tests	2026-08-06T10:31:51.9607256Z 	created_at TIMESTAMP WITH TIME ZONE NOT NULL, 
backend	Run pytest backend/tests openwrt-agent/tests	2026-08-06T10:31:51.9607433Z 	updated_at TIMESTAMP WITH TIME ZONE NOT NULL, 
backend	Run pytest backend/tests openwrt-agent/tests	2026-08-06T10:31:51.9607546Z 	PRIMARY KEY (id), 
backend	Run pytest backend/tests openwrt-agent/tests	2026-08-06T10:31:51.9607661Z 	UNIQUE (name)
backend	Run pytest backend/tests openwrt-agent/tests	2026-08-06T10:31:51.9607755Z )
backend	Run pytest backend/tests openwrt-agent/tests	2026-08-06T10:31:51.9607762Z 
backend	Run pytest backend/tests openwrt-agent/tests	2026-08-06T10:31:51.9607870Z ]
backend	Run pytest backend/tests openwrt-agent/tests	2026-08-06T10:31:51.9608102Z (Background on this error at: https://sqlalche.me/e/20/f405)
backend	Run pytest backend/tests openwrt-agent/tests	2026-08-06T10:31:51.9609058Z FAILED backend/tests/test_api.py::test_managed_sessions_rotation_and_password_change_e2e - sqlalchemy.exc.ProgrammingError: (psycopg.errors.DuplicateTable) relation "device_groups" already exists
backend	Run pytest backend/tests openwrt-agent/tests	2026-08-06T10:31:51.9609173Z [SQL: 
backend	Run pytest backend/tests openwrt-agent/tests	2026-08-06T10:31:51.9609299Z CREATE TABLE device_groups (
backend	Run pytest backend/tests openwrt-agent/tests	2026-08-06T10:31:51.9609415Z 	id UUID NOT NULL, 
backend	Run pytest backend/tests openwrt-agent/tests	2026-08-06T10:31:51.9609537Z 	name VARCHAR(120) NOT NULL, 
backend	Run pytest backend/tests openwrt-agent/tests	2026-08-06T10:31:51.9609656Z 	description TEXT, 
backend	Run pytest backend/tests openwrt-agent/tests	2026-08-06T10:31:51.9609816Z 	created_at TIMESTAMP WITH TIME ZONE NOT NULL, 
backend	Run pytest backend/tests openwrt-agent/tests	2026-08-06T10:31:51.9609983Z 	updated_at TIMESTAMP WITH TIME ZONE NOT NULL, 
backend	Run pytest backend/tests openwrt-agent/tests	2026-08-06T10:31:51.9610091Z 	PRIMARY KEY (id), 
backend	Run pytest backend/tests openwrt-agent/tests	2026-08-06T10:31:51.9610207Z 	UNIQUE (name)
backend	Run pytest backend/tests openwrt-agent/tests	2026-08-06T10:31:51.9610305Z )
backend	Run pytest backend/tests openwrt-agent/tests	2026-08-06T10:31:51.9610311Z 
backend	Run pytest backend/tests openwrt-agent/tests	2026-08-06T10:31:51.9610417Z ]
backend	Run pytest backend/tests openwrt-agent/tests	2026-08-06T10:31:51.9610636Z (Background on this error at: https://sqlalche.me/e/20/f405)
backend	Run pytest backend/tests openwrt-agent/tests	2026-08-06T10:31:51.9611567Z FAILED backend/tests/test_api.py::test_device_delete_removes_router_and_all_related_data - sqlalchemy.exc.ProgrammingError: (psycopg.errors.DuplicateTable) relation "device_groups" already exists
backend	Run pytest backend/tests openwrt-agent/tests	2026-08-06T10:31:51.9611671Z [SQL: 
backend	Run pytest backend/tests openwrt-agent/tests	2026-08-06T10:31:51.9611799Z CREATE TABLE device_groups (
backend	Run pytest backend/tests openwrt-agent/tests	2026-08-06T10:31:51.9611908Z 	id UUID NOT NULL, 
backend	Run pytest backend/tests openwrt-agent/tests	2026-08-06T10:31:51.9612213Z 	name VARCHAR(120) NOT NULL, 
backend	Run pytest backend/tests openwrt-agent/tests	2026-08-06T10:31:51.9612328Z 	description TEXT, 
backend	Run pytest backend/tests openwrt-agent/tests	2026-08-06T10:31:51.9612490Z 	created_at TIMESTAMP WITH TIME ZONE NOT NULL, 
backend	Run pytest backend/tests openwrt-agent/tests	2026-08-06T10:31:51.9612652Z 	updated_at TIMESTAMP WITH TIME ZONE NOT NULL, 
backend	Run pytest backend/tests openwrt-agent/tests	2026-08-06T10:31:51.9612944Z 	PRIMARY KEY (id), 
backend	Run pytest backend/tests openwrt-agent/tests	2026-08-06T10:31:51.9613058Z 	UNIQUE (name)
backend	Run pytest backend/tests openwrt-agent/tests	2026-08-06T10:31:51.9613156Z )
backend	Run pytest backend/tests openwrt-agent/tests	2026-08-06T10:31:51.9613164Z 
backend	Run pytest backend/tests openwrt-agent/tests	2026-08-06T10:31:51.9613265Z ]
backend	Run pytest backend/tests openwrt-agent/tests	2026-08-06T10:31:51.9613478Z (Background on this error at: https://sqlalche.me/e/20/f405)
backend	Run pytest backend/tests openwrt-agent/tests	2026-08-06T10:31:51.9614432Z FAILED backend/tests/test_api.py::test_command_lifecycle_retry_expiry_and_idempotent_result_e2e - sqlalchemy.exc.ProgrammingError: (psycopg.errors.DuplicateTable) relation "device_groups" already exists
backend	Run pytest backend/tests openwrt-agent/tests	2026-08-06T10:31:51.9614530Z [SQL: 
backend	Run pytest backend/tests openwrt-agent/tests	2026-08-06T10:31:51.9614665Z CREATE TABLE device_groups (
backend	Run pytest backend/tests openwrt-agent/tests	2026-08-06T10:31:51.9614767Z 	id UUID NOT NULL, 
backend	Run pytest backend/tests openwrt-agent/tests	2026-08-06T10:31:51.9614899Z 	name VARCHAR(120) NOT NULL, 
backend	Run pytest backend/tests openwrt-agent/tests	2026-08-06T10:31:51.9615007Z 	description TEXT, 
backend	Run pytest backend/tests openwrt-agent/tests	2026-08-06T10:31:51.9615176Z 	created_at TIMESTAMP WITH TIME ZONE NOT NULL, 
backend	Run pytest backend/tests openwrt-agent/tests	2026-08-06T10:31:51.9615340Z 	updated_at TIMESTAMP WITH TIME ZONE NOT NULL, 
backend	Run pytest backend/tests openwrt-agent/tests	2026-08-06T10:31:51.9615465Z 	PRIMARY KEY (id), 
backend	Run pytest backend/tests openwrt-agent/tests	2026-08-06T10:31:51.9615574Z 	UNIQUE (name)
backend	Run pytest backend/tests openwrt-agent/tests	2026-08-06T10:31:51.9615684Z )
backend	Run pytest backend/tests openwrt-agent/tests	2026-08-06T10:31:51.9615692Z 
backend	Run pytest backend/tests openwrt-agent/tests	2026-08-06T10:31:51.9615784Z ]
backend	Run pytest backend/tests openwrt-agent/tests	2026-08-06T10:31:51.9616027Z (Background on this error at: https://sqlalche.me/e/20/f405)
backend	Run pytest backend/tests openwrt-agent/tests	2026-08-06T10:31:51.9617002Z FAILED backend/tests/test_mobile_pairing.py::test_mobile_pairing_lifecycle_and_secret_storage - sqlalchemy.exc.ProgrammingError: (psycopg.errors.DuplicateTable) relation "device_groups" already exists
backend	Run pytest backend/tests openwrt-agent/tests	2026-08-06T10:31:51.9617116Z [SQL: 
backend	Run pytest backend/tests openwrt-agent/tests	2026-08-06T10:31:51.9617259Z CREATE TABLE device_groups (
backend	Run pytest backend/tests openwrt-agent/tests	2026-08-06T10:31:51.9617371Z 	id UUID NOT NULL, 
backend	Run pytest backend/tests openwrt-agent/tests	2026-08-06T10:31:51.9617504Z 	name VARCHAR(120) NOT NULL, 
backend	Run pytest backend/tests openwrt-agent/tests	2026-08-06T10:31:51.9617616Z 	description TEXT, 
backend	Run pytest backend/tests openwrt-agent/tests	2026-08-06T10:31:51.9617787Z 	created_at TIMESTAMP WITH TIME ZONE NOT NULL, 
backend	Run pytest backend/tests openwrt-agent/tests	2026-08-06T10:31:51.9618126Z 	updated_at TIMESTAMP WITH TIME ZONE NOT NULL, 
backend	Run pytest backend/tests openwrt-agent/tests	2026-08-06T10:31:51.9618241Z 	PRIMARY KEY (id), 
backend	Run pytest backend/tests openwrt-agent/tests	2026-08-06T10:31:51.9618343Z 	UNIQUE (name)
backend	Run pytest backend/tests openwrt-agent/tests	2026-08-06T10:31:51.9618451Z )
backend	Run pytest backend/tests openwrt-agent/tests	2026-08-06T10:31:51.9618458Z 
backend	Run pytest backend/tests openwrt-agent/tests	2026-08-06T10:31:51.9618551Z ]
backend	Run pytest backend/tests openwrt-agent/tests	2026-08-06T10:31:51.9618785Z (Background on this error at: https://sqlalche.me/e/20/f405)
backend	Run pytest backend/tests openwrt-agent/tests	2026-08-06T10:31:51.9619904Z FAILED backend/tests/test_mobile_pairing.py::test_mobile_pairing_rejects_expired_revoked_invalid_and_rate_limited_tokens - sqlalchemy.exc.ProgrammingError: (psycopg.errors.DuplicateTable) relation "device_groups" already exists
backend	Run pytest backend/tests openwrt-agent/tests	2026-08-06T10:31:51.9620018Z [SQL: 
backend	Run pytest backend/tests openwrt-agent/tests	2026-08-06T10:31:51.9620141Z CREATE TABLE device_groups (
backend	Run pytest backend/tests openwrt-agent/tests	2026-08-06T10:31:51.9620262Z 	id UUID NOT NULL, 
backend	Run pytest backend/tests openwrt-agent/tests	2026-08-06T10:31:51.9620380Z 	name VARCHAR(120) NOT NULL, 
backend	Run pytest backend/tests openwrt-agent/tests	2026-08-06T10:31:51.9620503Z 	description TEXT, 
backend	Run pytest backend/tests openwrt-agent/tests	2026-08-06T10:31:51.9620658Z 	created_at TIMESTAMP WITH TIME ZONE NOT NULL, 
backend	Run pytest backend/tests openwrt-agent/tests	2026-08-06T10:31:51.9620823Z 	updated_at TIMESTAMP WITH TIME ZONE NOT NULL, 
backend	Run pytest backend/tests openwrt-agent/tests	2026-08-06T10:31:51.9620935Z 	PRIMARY KEY (id), 
backend	Run pytest backend/tests openwrt-agent/tests	2026-08-06T10:31:51.9621056Z 	UNIQUE (name)
backend	Run pytest backend/tests openwrt-agent/tests	2026-08-06T10:31:51.9621159Z )
backend	Run pytest backend/tests openwrt-agent/tests	2026-08-06T10:31:51.9621167Z 
backend	Run pytest backend/tests openwrt-agent/tests	2026-08-06T10:31:51.9621262Z ]
backend	Run pytest backend/tests openwrt-agent/tests	2026-08-06T10:31:51.9621500Z (Background on this error at: https://sqlalche.me/e/20/f405)
backend	Run pytest backend/tests openwrt-agent/tests	2026-08-06T10:31:51.9622006Z FAILED backend/tests/test_v240_mobile_parity.py::test_android_exposes_current_management_contract - assert 93 == 91
backend	Run pytest backend/tests openwrt-agent/tests	2026-08-06T10:31:51.9622497Z ================== 8 failed, 252 passed, 8 warnings in 11.69s ==================
backend	Run pytest backend/tests openwrt-agent/tests	2026-08-06T10:31:52.2599461Z ##[error]Process completed with exit code 1.
backend	Run actions/upload-artifact@v7	﻿2026-08-06T10:31:52.2697895Z ##[group]Run actions/upload-artifact@v7
backend	Run actions/upload-artifact@v7	2026-08-06T10:31:52.2698198Z with:
backend	Run actions/upload-artifact@v7	2026-08-06T10:31:52.2698412Z   name: web-responsive-smoke
backend	Run actions/upload-artifact@v7	2026-08-06T10:31:52.2698667Z   path: artifacts/browser
backend	Run actions/upload-artifact@v7	2026-08-06T10:31:52.2698907Z   if-no-files-found: warn
backend	Run actions/upload-artifact@v7	2026-08-06T10:31:52.2699137Z   compression-level: 6
backend	Run actions/upload-artifact@v7	2026-08-06T10:31:52.2699370Z   overwrite: false
backend	Run actions/upload-artifact@v7	2026-08-06T10:31:52.2699596Z   include-hidden-files: false
backend	Run actions/upload-artifact@v7	2026-08-06T10:31:52.2699837Z   archive: true
backend	Run actions/upload-artifact@v7	2026-08-06T10:31:52.2700036Z env:
backend	Run actions/upload-artifact@v7	2026-08-06T10:31:52.2700299Z   pythonLocation: /opt/hostedtoolcache/Python/3.12.13/x64
backend	Run actions/upload-artifact@v7	2026-08-06T10:31:52.2700742Z   PKG_CONFIG_PATH: /opt/hostedtoolcache/Python/3.12.13/x64/lib/pkgconfig
backend	Run actions/upload-artifact@v7	2026-08-06T10:31:52.2701380Z   Python_ROOT_DIR: /opt/hostedtoolcache/Python/3.12.13/x64
backend	Run actions/upload-artifact@v7	2026-08-06T10:31:52.2701759Z   Python2_ROOT_DIR: /opt/hostedtoolcache/Python/3.12.13/x64
backend	Run actions/upload-artifact@v7	2026-08-06T10:31:52.2702383Z   Python3_ROOT_DIR: /opt/hostedtoolcache/Python/3.12.13/x64
backend	Run actions/upload-artifact@v7	2026-08-06T10:31:52.2702791Z   LD_LIBRARY_PATH: /opt/hostedtoolcache/Python/3.12.13/x64/lib
backend	Run actions/upload-artifact@v7	2026-08-06T10:31:52.2703143Z ##[endgroup]
backend	Run actions/upload-artifact@v7	2026-08-06T10:31:52.4142337Z ##[warning]No files were found with the provided path: artifacts/browser. No artifacts will be uploaded.
backend	Post Run actions/checkout@v7	﻿2026-08-06T10:31:52.4350579Z Post job cleanup.
backend	Post Run actions/checkout@v7	2026-08-06T10:31:52.5222821Z [command]/usr/bin/git version
backend	Post Run actions/checkout@v7	2026-08-06T10:31:52.5262735Z git version 2.54.0
backend	Post Run actions/checkout@v7	2026-08-06T10:31:52.5303535Z Temporarily overriding HOME='/home/runner/work/_temp/964e7e82-7cbf-44ee-bc0a-265700965fe8' before making global git config changes
backend	Post Run actions/checkout@v7	2026-08-06T10:31:52.5304803Z Adding repository directory to the temporary git global config as a safe directory
backend	Post Run actions/checkout@v7	2026-08-06T10:31:52.5308868Z [command]/usr/bin/git config --global --add safe.directory /home/runner/work/wrtmonitor/wrtmonitor
backend	Post Run actions/checkout@v7	2026-08-06T10:31:52.5344025Z Removing SSH command configuration
backend	Post Run actions/checkout@v7	2026-08-06T10:31:52.5350791Z [command]/usr/bin/git config --local --name-only --get-regexp core\.sshCommand
backend	Post Run actions/checkout@v7	2026-08-06T10:31:52.5387918Z [command]/usr/bin/git submodule foreach --recursive sh -c "git config --local --name-only --get-regexp 'core\.sshCommand' && git config --local --unset-all 'core.sshCommand' || :"
backend	Post Run actions/checkout@v7	2026-08-06T10:31:52.5671326Z Removing HTTP extra header
backend	Post Run actions/checkout@v7	2026-08-06T10:31:52.5672821Z [command]/usr/bin/git config --local --name-only --get-regexp http\.https\:\/\/github\.com\/\.extraheader
backend	Post Run actions/checkout@v7	2026-08-06T10:31:52.5719364Z [command]/usr/bin/git submodule foreach --recursive sh -c "git config --local --name-only --get-regexp 'http\.https\:\/\/github\.com\/\.extraheader' && git config --local --unset-all 'http.https://github.com/.extraheader' || :"
backend	Post Run actions/checkout@v7	2026-08-06T10:31:52.6084859Z Removing includeIf entries pointing to credentials config files
backend	Post Run actions/checkout@v7	2026-08-06T10:31:52.6085809Z [command]/usr/bin/git config --local --name-only --get-regexp ^includeIf\.gitdir:
backend	Post Run actions/checkout@v7	2026-08-06T10:31:52.6130815Z includeif.gitdir:/home/runner/work/wrtmonitor/wrtmonitor/.git.path
backend	Post Run actions/checkout@v7	2026-08-06T10:31:52.6131884Z includeif.gitdir:/home/runner/work/wrtmonitor/wrtmonitor/.git/worktrees/*.path
backend	Post Run actions/checkout@v7	2026-08-06T10:31:52.6132995Z includeif.gitdir:/github/workspace/.git.path
backend	Post Run actions/checkout@v7	2026-08-06T10:31:52.6133964Z includeif.gitdir:/github/workspace/.git/worktrees/*.path
backend	Post Run actions/checkout@v7	2026-08-06T10:31:52.6151285Z [command]/usr/bin/git config --local --get-all includeif.gitdir:/home/runner/work/wrtmonitor/wrtmonitor/.git.path
backend	Post Run actions/checkout@v7	2026-08-06T10:31:52.6183373Z /home/runner/work/_temp/git-credentials-7155f96d-80af-40a6-b249-aa07ed5401fe.config
backend	Post Run actions/checkout@v7	2026-08-06T10:31:52.6203225Z [command]/usr/bin/git config --local --unset includeif.gitdir:/home/runner/work/wrtmonitor/wrtmonitor/.git.path \/home\/runner\/work\/_temp\/git\-credentials\-7155f96d\-80af\-40a6\-b249\-aa07ed5401fe\.config
backend	Post Run actions/checkout@v7	2026-08-06T10:31:52.6268857Z [command]/usr/bin/git config --local --get-all includeif.gitdir:/home/runner/work/wrtmonitor/wrtmonitor/.git/worktrees/*.path
backend	Post Run actions/checkout@v7	2026-08-06T10:31:52.6313099Z /home/runner/work/_temp/git-credentials-7155f96d-80af-40a6-b249-aa07ed5401fe.config
backend	Post Run actions/checkout@v7	2026-08-06T10:31:52.6319081Z [command]/usr/bin/git config --local --unset includeif.gitdir:/home/runner/work/wrtmonitor/wrtmonitor/.git/worktrees/*.path \/home\/runner\/work\/_temp\/git\-credentials\-7155f96d\-80af\-40a6\-b249\-aa07ed5401fe\.config
backend	Post Run actions/checkout@v7	2026-08-06T10:31:52.6416717Z [command]/usr/bin/git config --local --get-all includeif.gitdir:/github/workspace/.git.path
backend	Post Run actions/checkout@v7	2026-08-06T10:31:52.6449505Z /github/runner_temp/git-credentials-7155f96d-80af-40a6-b249-aa07ed5401fe.config
backend	Post Run actions/checkout@v7	2026-08-06T10:31:52.6458448Z [command]/usr/bin/git config --local --unset includeif.gitdir:/github/workspace/.git.path \/github\/runner_temp\/git\-credentials\-7155f96d\-80af\-40a6\-b249\-aa07ed5401fe\.config
backend	Post Run actions/checkout@v7	2026-08-06T10:31:52.6500998Z [command]/usr/bin/git config --local --get-all includeif.gitdir:/github/workspace/.git/worktrees/*.path
backend	Post Run actions/checkout@v7	2026-08-06T10:31:52.6532664Z /github/runner_temp/git-credentials-7155f96d-80af-40a6-b249-aa07ed5401fe.config
backend	Post Run actions/checkout@v7	2026-08-06T10:31:52.6542643Z [command]/usr/bin/git config --local --unset includeif.gitdir:/github/workspace/.git/worktrees/*.path \/github\/runner_temp\/git\-credentials\-7155f96d\-80af\-40a6\-b249\-aa07ed5401fe\.config
backend	Post Run actions/checkout@v7	2026-08-06T10:31:52.6588555Z [command]/usr/bin/git submodule foreach --recursive git config --local --show-origin --name-only --get-regexp remote.origin.url
backend	Post Run actions/checkout@v7	2026-08-06T10:31:52.6834643Z Removing credentials config '/home/runner/work/_temp/git-credentials-7155f96d-80af-40a6-b249-aa07ed5401fe.config'
backend	Stop containers	﻿2026-08-06T10:31:52.6955120Z Print service container logs: 276a8118d81449da97cc34a9b2d4dcaf_postgres16alpine_956bfa
backend	Stop containers	2026-08-06T10:31:52.6959667Z ##[command]/usr/bin/docker logs --details 812a82386495179b3c89e27a2d866b1854d692b6f3a1f1184aedb8f0f2f4b618
backend	Stop containers	2026-08-06T10:31:52.7095668Z  The files belonging to this database system will be owned by user "postgres".
backend	Stop containers	2026-08-06T10:31:52.7096655Z  This user must also own the server process.
backend	Stop containers	2026-08-06T10:31:52.7097812Z  
backend	Stop containers	2026-08-06T10:31:52.7098733Z  The database cluster will be initialized with locale "en_US.utf8".
backend	Stop containers	2026-08-06T10:31:52.7099957Z  The default database encoding has accordingly been set to "UTF8".
backend	Stop containers	2026-08-06T10:31:52.7100799Z  The default text search configuration will be set to "english".
backend	Stop containers	2026-08-06T10:31:52.7101312Z  
backend	Stop containers	2026-08-06T10:31:52.7101772Z  Data page checksums are disabled.
backend	Stop containers	2026-08-06T10:31:52.7102401Z  
backend	Stop containers	2026-08-06T10:31:52.7102854Z  fixing permissions on existing directory /var/lib/postgresql/data ... ok
backend	Stop containers	2026-08-06T10:31:52.7103453Z  creating subdirectories ... ok
backend	Stop containers	2026-08-06T10:31:52.7103823Z  selecting dynamic shared memory implementation ... posix
backend	Stop containers	2026-08-06T10:31:52.7104176Z  selecting default max_connections ... 100
backend	Stop containers	2026-08-06T10:31:52.7104506Z  selecting default shared_buffers ... 128MB
backend	Stop containers	2026-08-06T10:31:52.7104795Z  selecting default time zone ... UTC
backend	Stop containers	2026-08-06T10:31:52.7105069Z  creating configuration files ... ok
backend	Stop containers	2026-08-06T10:31:52.7105337Z  running bootstrap script ... ok
backend	Stop containers	2026-08-06T10:31:52.7105644Z  performing post-bootstrap initialization ... ok
backend	Stop containers	2026-08-06T10:31:52.7105984Z  syncing data to disk ... ok
backend	Stop containers	2026-08-06T10:31:52.7106219Z  
backend	Stop containers	2026-08-06T10:31:52.7106399Z  
backend	Stop containers	2026-08-06T10:31:52.7106639Z  Success. You can now start the database server using:
backend	Stop containers	2026-08-06T10:31:52.7106943Z  
backend	Stop containers	2026-08-06T10:31:52.7107197Z      pg_ctl -D /var/lib/postgresql/data -l logfile start
backend	Stop containers	2026-08-06T10:31:52.7107507Z  
backend	Stop containers	2026-08-06T10:31:52.7108067Z  waiting for server to start....2026-08-06 10:30:29.805 UTC [41] LOG:  starting PostgreSQL 16.14 on x86_64-pc-linux-musl, compiled by gcc (Alpine 15.2.0) 15.2.0, 64-bit
backend	Stop containers	2026-08-06T10:31:52.7108914Z  2026-08-06 10:30:29.806 UTC [41] LOG:  listening on Unix socket "/var/run/postgresql/.s.PGSQL.5432"
backend	Stop containers	2026-08-06T10:31:52.7109500Z  2026-08-06 10:30:29.809 UTC [44] LOG:  database system was shut down at 2026-08-06 10:30:29 UTC
backend	Stop containers	2026-08-06T10:31:52.7110001Z  2026-08-06 10:30:29.813 UTC [41] LOG:  database system is ready to accept connections
backend	Stop containers	2026-08-06T10:31:52.7110383Z   done
backend	Stop containers	2026-08-06T10:31:52.7110580Z  server started
backend	Stop containers	2026-08-06T10:31:52.7110787Z  CREATE DATABASE
backend	Stop containers	2026-08-06T10:31:52.7110986Z  
backend	Stop containers	2026-08-06T10:31:52.7111161Z  
backend	Stop containers	2026-08-06T10:31:52.7111487Z  /usr/local/bin/docker-entrypoint.sh: ignoring /docker-entrypoint-initdb.d/*
backend	Stop containers	2026-08-06T10:31:52.7111879Z  
backend	Stop containers	2026-08-06T10:31:52.7112539Z  waiting for server to shut down....2026-08-06 10:30:29.954 UTC [41] LOG:  received fast shutdown request
backend	Stop containers	2026-08-06T10:31:52.7113353Z  2026-08-06 10:30:29.955 UTC [41] LOG:  aborting any active transactions
backend	Stop containers	2026-08-06T10:31:52.7114027Z  2026-08-06 10:30:29.958 UTC [41] LOG:  background worker "logical replication launcher" (PID 47) exited with exit code 1
backend	Stop containers	2026-08-06T10:31:52.7114566Z  2026-08-06 10:30:29.959 UTC [42] LOG:  shutting down
backend	Stop containers	2026-08-06T10:31:52.7114946Z  2026-08-06 10:30:29.959 UTC [42] LOG:  checkpoint starting: shutdown immediate
backend	Stop containers	2026-08-06T10:31:52.7115986Z  2026-08-06 10:30:29.976 UTC [42] LOG:  checkpoint complete: wrote 926 buffers (5.7%); 0 WAL file(s) added, 0 removed, 0 recycled; write=0.013 s, sync=0.003 s, total=0.018 s; sync files=301, longest=0.002 s, average=0.001 s; distance=4283 kB, estimate=4283 kB; lsn=0/1925D68, redo lsn=0/1925D68
backend	Stop containers	2026-08-06T10:31:52.7117296Z  2026-08-06 10:30:29.983 UTC [41] LOG:  database system is shut down
backend	Stop containers	2026-08-06T10:31:52.7117617Z   done
backend	Stop containers	2026-08-06T10:31:52.7117807Z  server stopped
backend	Stop containers	2026-08-06T10:31:52.7118003Z  
backend	Stop containers	2026-08-06T10:31:52.7118245Z  PostgreSQL init process complete; ready for start up.
backend	Stop containers	2026-08-06T10:31:52.7118542Z  
backend	Stop containers	2026-08-06T10:31:52.7119690Z  sh: locale: not found
backend	Stop containers	2026-08-06T10:31:52.7120015Z  2026-08-06 10:30:29.266 UTC [35] WARNING:  no usable system locales were found
backend	Stop containers	2026-08-06T10:31:52.7120721Z  initdb: warning: enabling "trust" authentication for local connections
backend	Stop containers	2026-08-06T10:31:52.7121393Z  initdb: hint: You can change this by editing pg_hba.conf or using the option -A, or --auth-local and --auth-host, the next time you run initdb.
backend	Stop containers	2026-08-06T10:31:52.7132665Z  2026-08-06 10:30:30.077 UTC [1] LOG:  starting PostgreSQL 16.14 on x86_64-pc-linux-musl, compiled by gcc (Alpine 15.2.0) 15.2.0, 64-bit
backend	Stop containers	2026-08-06T10:31:52.7133671Z  2026-08-06 10:30:30.077 UTC [1] LOG:  listening on IPv4 address "0.0.0.0", port 5432
backend	Stop containers	2026-08-06T10:31:52.7134158Z  2026-08-06 10:30:30.077 UTC [1] LOG:  listening on IPv6 address "::", port 5432
backend	Stop containers	2026-08-06T10:31:52.7134688Z  2026-08-06 10:30:30.078 UTC [1] LOG:  listening on Unix socket "/var/run/postgresql/.s.PGSQL.5432"
backend	Stop containers	2026-08-06T10:31:52.7135272Z  2026-08-06 10:30:30.082 UTC [57] LOG:  database system was shut down at 2026-08-06 10:30:29 UTC
backend	Stop containers	2026-08-06T10:31:52.7135777Z  2026-08-06 10:30:30.087 UTC [1] LOG:  database system is ready to accept connections
backend	Stop containers	2026-08-06T10:31:52.7136244Z  2026-08-06 10:31:42.446 UTC [113] ERROR:  relation "device_groups" already exists
backend	Stop containers	2026-08-06T10:31:52.7136625Z  2026-08-06 10:31:42.446 UTC [113] STATEMENT:  
backend	Stop containers	2026-08-06T10:31:52.7136913Z  	CREATE TABLE device_groups (
backend	Stop containers	2026-08-06T10:31:52.7137161Z  		id UUID NOT NULL, 
backend	Stop containers	2026-08-06T10:31:52.7137388Z  		name VARCHAR(120) NOT NULL, 
backend	Stop containers	2026-08-06T10:31:52.7137632Z  		description TEXT, 
backend	Stop containers	2026-08-06T10:31:52.7137885Z  		created_at TIMESTAMP WITH TIME ZONE NOT NULL, 
backend	Stop containers	2026-08-06T10:31:52.7138206Z  		updated_at TIMESTAMP WITH TIME ZONE NOT NULL, 
backend	Stop containers	2026-08-06T10:31:52.7138483Z  		PRIMARY KEY (id), 
backend	Stop containers	2026-08-06T10:31:52.7138689Z  		UNIQUE (name)
backend	Stop containers	2026-08-06T10:31:52.7138888Z  	)
backend	Stop containers	2026-08-06T10:31:52.7139062Z  	
backend	Stop containers	2026-08-06T10:31:52.7139245Z  	
backend	Stop containers	2026-08-06T10:31:52.7139532Z  2026-08-06 10:31:42.877 UTC [113] ERROR:  relation "device_groups" already exists
backend	Stop containers	2026-08-06T10:31:52.7139923Z  2026-08-06 10:31:42.877 UTC [113] STATEMENT:  
backend	Stop containers	2026-08-06T10:31:52.7140209Z  	CREATE TABLE device_groups (
backend	Stop containers	2026-08-06T10:31:52.7140447Z  		id UUID NOT NULL, 
backend	Stop containers	2026-08-06T10:31:52.7140664Z  		name VARCHAR(120) NOT NULL, 
backend	Stop containers	2026-08-06T10:31:52.7140901Z  		description TEXT, 
backend	Stop containers	2026-08-06T10:31:52.7141147Z  		created_at TIMESTAMP WITH TIME ZONE NOT NULL, 
backend	Stop containers	2026-08-06T10:31:52.7141475Z  		updated_at TIMESTAMP WITH TIME ZONE NOT NULL, 
backend	Stop containers	2026-08-06T10:31:52.7141757Z  		PRIMARY KEY (id), 
backend	Stop containers	2026-08-06T10:31:52.7141965Z  		UNIQUE (name)
backend	Stop containers	2026-08-06T10:31:52.7142352Z  	)
backend	Stop containers	2026-08-06T10:31:52.7142528Z  	
backend	Stop containers	2026-08-06T10:31:52.7142704Z  	
backend	Stop containers	2026-08-06T10:31:52.7142986Z  2026-08-06 10:31:43.247 UTC [113] ERROR:  relation "device_groups" already exists
backend	Stop containers	2026-08-06T10:31:52.7143369Z  2026-08-06 10:31:43.247 UTC [113] STATEMENT:  
backend	Stop containers	2026-08-06T10:31:52.7143651Z  	CREATE TABLE device_groups (
backend	Stop containers	2026-08-06T10:31:52.7143900Z  		id UUID NOT NULL, 
backend	Stop containers	2026-08-06T10:31:52.7144142Z  		name VARCHAR(120) NOT NULL, 
backend	Stop containers	2026-08-06T10:31:52.7144390Z  		description TEXT, 
backend	Stop containers	2026-08-06T10:31:52.7144633Z  		created_at TIMESTAMP WITH TIME ZONE NOT NULL, 
backend	Stop containers	2026-08-06T10:31:52.7144955Z  		updated_at TIMESTAMP WITH TIME ZONE NOT NULL, 
backend	Stop containers	2026-08-06T10:31:52.7145254Z  		PRIMARY KEY (id), 
backend	Stop containers	2026-08-06T10:31:52.7145467Z  		UNIQUE (name)
backend	Stop containers	2026-08-06T10:31:52.7145685Z  	)
backend	Stop containers	2026-08-06T10:31:52.7145870Z  	
backend	Stop containers	2026-08-06T10:31:52.7146042Z  	
backend	Stop containers	2026-08-06T10:31:52.7146329Z  2026-08-06 10:31:43.729 UTC [113] ERROR:  relation "device_groups" already exists
backend	Stop containers	2026-08-06T10:31:52.7146977Z  2026-08-06 10:31:43.729 UTC [113] STATEMENT:  
backend	Stop containers	2026-08-06T10:31:52.7147271Z  	CREATE TABLE device_groups (
backend	Stop containers	2026-08-06T10:31:52.7147520Z  		id UUID NOT NULL, 
backend	Stop containers	2026-08-06T10:31:52.7147745Z  		name VARCHAR(120) NOT NULL, 
backend	Stop containers	2026-08-06T10:31:52.7147989Z  		description TEXT, 
backend	Stop containers	2026-08-06T10:31:52.7148234Z  		created_at TIMESTAMP WITH TIME ZONE NOT NULL, 
backend	Stop containers	2026-08-06T10:31:52.7148553Z  		updated_at TIMESTAMP WITH TIME ZONE NOT NULL, 
backend	Stop containers	2026-08-06T10:31:52.7148829Z  		PRIMARY KEY (id), 
backend	Stop containers	2026-08-06T10:31:52.7149031Z  		UNIQUE (name)
backend	Stop containers	2026-08-06T10:31:52.7149227Z  	)
backend	Stop containers	2026-08-06T10:31:52.7149558Z  	
backend	Stop containers	2026-08-06T10:31:52.7149730Z  	
backend	Stop containers	2026-08-06T10:31:52.7150007Z  2026-08-06 10:31:44.096 UTC [113] ERROR:  relation "device_groups" already exists
backend	Stop containers	2026-08-06T10:31:52.7150386Z  2026-08-06 10:31:44.096 UTC [113] STATEMENT:  
backend	Stop containers	2026-08-06T10:31:52.7150664Z  	CREATE TABLE device_groups (
backend	Stop containers	2026-08-06T10:31:52.7150898Z  		id UUID NOT NULL, 
backend	Stop containers	2026-08-06T10:31:52.7151113Z  		name VARCHAR(120) NOT NULL, 
backend	Stop containers	2026-08-06T10:31:52.7151364Z  		description TEXT, 
backend	Stop containers	2026-08-06T10:31:52.7151605Z  		created_at TIMESTAMP WITH TIME ZONE NOT NULL, 
backend	Stop containers	2026-08-06T10:31:52.7151912Z  		updated_at TIMESTAMP WITH TIME ZONE NOT NULL, 
backend	Stop containers	2026-08-06T10:31:52.7152371Z  		PRIMARY KEY (id), 
backend	Stop containers	2026-08-06T10:31:52.7152583Z  		UNIQUE (name)
backend	Stop containers	2026-08-06T10:31:52.7152773Z  	)
backend	Stop containers	2026-08-06T10:31:52.7152947Z  	
backend	Stop containers	2026-08-06T10:31:52.7153118Z  	
backend	Stop containers	2026-08-06T10:31:52.7153382Z  2026-08-06 10:31:44.521 UTC [113] ERROR:  relation "device_groups" already exists
backend	Stop containers	2026-08-06T10:31:52.7153743Z  2026-08-06 10:31:44.521 UTC [113] STATEMENT:  
backend	Stop containers	2026-08-06T10:31:52.7154021Z  	CREATE TABLE device_groups (
backend	Stop containers	2026-08-06T10:31:52.7154375Z  		id UUID NOT NULL, 
backend	Stop containers	2026-08-06T10:31:52.7154704Z  		name VARCHAR(120) NOT NULL, 
backend	Stop containers	2026-08-06T10:31:52.7171424Z  		description TEXT, 
backend	Stop containers	2026-08-06T10:31:52.7171830Z  		created_at TIMESTAMP WITH TIME ZONE NOT NULL, 
backend	Stop containers	2026-08-06T10:31:52.7172502Z  		updated_at TIMESTAMP WITH TIME ZONE NOT NULL, 
backend	Stop containers	2026-08-06T10:31:52.7172975Z  		PRIMARY KEY (id), 
backend	Stop containers	2026-08-06T10:31:52.7173288Z  		UNIQUE (name)
backend	Stop containers	2026-08-06T10:31:52.7173568Z  	)
backend	Stop containers	2026-08-06T10:31:52.7173807Z  	
backend	Stop containers	2026-08-06T10:31:52.7173983Z  	
backend	Stop containers	2026-08-06T10:31:52.7174278Z  2026-08-06 10:31:44.870 UTC [113] ERROR:  relation "device_groups" already exists
backend	Stop containers	2026-08-06T10:31:52.7174673Z  2026-08-06 10:31:44.870 UTC [113] STATEMENT:  
backend	Stop containers	2026-08-06T10:31:52.7174964Z  	CREATE TABLE device_groups (
backend	Stop containers	2026-08-06T10:31:52.7175205Z  		id UUID NOT NULL, 
backend	Stop containers	2026-08-06T10:31:52.7175423Z  		name VARCHAR(120) NOT NULL, 
backend	Stop containers	2026-08-06T10:31:52.7175668Z  		description TEXT, 
backend	Stop containers	2026-08-06T10:31:52.7175918Z  		created_at TIMESTAMP WITH TIME ZONE NOT NULL, 
backend	Stop containers	2026-08-06T10:31:52.7176244Z  		updated_at TIMESTAMP WITH TIME ZONE NOT NULL, 
backend	Stop containers	2026-08-06T10:31:52.7176518Z  		PRIMARY KEY (id), 
backend	Stop containers	2026-08-06T10:31:52.7176721Z  		UNIQUE (name)
backend	Stop containers	2026-08-06T10:31:52.7176910Z  	)
backend	Stop containers	2026-08-06T10:31:52.7177080Z  	
backend	Stop containers	2026-08-06T10:31:52.7177245Z  	
backend	Stop containers	2026-08-06T10:31:52.7182427Z Stop and remove container: 276a8118d81449da97cc34a9b2d4dcaf_postgres16alpine_956bfa
backend	Stop containers	2026-08-06T10:31:52.7187460Z ##[command]/usr/bin/docker rm --force 812a82386495179b3c89e27a2d866b1854d692b6f3a1f1184aedb8f0f2f4b618
backend	Stop containers	2026-08-06T10:31:54.8498643Z 812a82386495179b3c89e27a2d866b1854d692b6f3a1f1184aedb8f0f2f4b618
backend	Stop containers	2026-08-06T10:31:54.8529016Z Remove container network: github_network_3c2b7e3ba07d45f9a75c26443b861190
backend	Stop containers	2026-08-06T10:31:54.8533529Z ##[command]/usr/bin/docker network rm github_network_3c2b7e3ba07d45f9a75c26443b861190
backend	Stop containers	2026-08-06T10:31:54.9497936Z github_network_3c2b7e3ba07d45f9a75c26443b861190
backend	Complete job	﻿2026-08-06T10:31:54.9572618Z Cleaning up orphan processes
android-emulator	Set up job	﻿2026-08-06T10:30:21.2928799Z Current runner version: '2.336.0'
android-emulator	Set up job	2026-08-06T10:30:21.2953383Z ##[group]Runner Image Provisioner
android-emulator	Set up job	2026-08-06T10:30:21.2954255Z Hosted Compute Agent
android-emulator	Set up job	2026-08-06T10:30:21.2954856Z Version: 20260707.563
android-emulator	Set up job	2026-08-06T10:30:21.2955423Z Commit: 02667638d2b423fbc733a8e32a88b44996a3ba6e
android-emulator	Set up job	2026-08-06T10:30:21.2956967Z Build Date: 2026-07-07T19:33:50Z
android-emulator	Set up job	2026-08-06T10:30:21.2958027Z Worker ID: {286b609a-9ca8-4b61-8bfe-8b9cb191b5d5}
android-emulator	Set up job	2026-08-06T10:30:21.2959069Z Azure Region: northcentralus
android-emulator	Set up job	2026-08-06T10:30:21.2959941Z ##[endgroup]
android-emulator	Set up job	2026-08-06T10:30:21.2962184Z ##[group]Operating System
android-emulator	Set up job	2026-08-06T10:30:21.2963046Z Ubuntu
android-emulator	Set up job	2026-08-06T10:30:21.2963893Z 24.04.4
android-emulator	Set up job	2026-08-06T10:30:21.2964677Z LTS
android-emulator	Set up job	2026-08-06T10:30:21.2965450Z ##[endgroup]
android-emulator	Set up job	2026-08-06T10:30:21.2966201Z ##[group]Runner Image
android-emulator	Set up job	2026-08-06T10:30:21.2967005Z Image: ubuntu-24.04
android-emulator	Set up job	2026-08-06T10:30:21.2967722Z Version: 20260720.247.2
android-emulator	Set up job	2026-08-06T10:30:21.2969237Z Included Software: https://github.com/actions/runner-images/blob/ubuntu24/20260720.247/images/ubuntu/Ubuntu2404-Readme.md
android-emulator	Set up job	2026-08-06T10:30:21.2970830Z Image Release: https://github.com/actions/runner-images/releases/tag/ubuntu24%2F20260720.247
android-emulator	Set up job	2026-08-06T10:30:21.2971695Z ##[endgroup]
android-emulator	Set up job	2026-08-06T10:30:21.2973064Z ##[group]GITHUB_TOKEN Permissions
android-emulator	Set up job	2026-08-06T10:30:21.2975784Z Contents: read
android-emulator	Set up job	2026-08-06T10:30:21.2976372Z Metadata: read
android-emulator	Set up job	2026-08-06T10:30:21.2976877Z ##[endgroup]
android-emulator	Set up job	2026-08-06T10:30:21.2979179Z Secret source: Actions
android-emulator	Set up job	2026-08-06T10:30:21.2980246Z Prepare workflow directory
android-emulator	Set up job	2026-08-06T10:30:21.3293896Z Prepare all required actions
android-emulator	Set up job	2026-08-06T10:30:21.3341687Z Getting action download info
android-emulator	Set up job	2026-08-06T10:30:21.5904124Z Download action repository 'actions/checkout@v7' (SHA:3d3c42e5aac5ba805825da76410c181273ba90b1)
android-emulator	Set up job	2026-08-06T10:30:22.0127528Z Download action repository 'actions/setup-java@v4' (SHA:cf277c60eb25467037889841efdb72551f06f6c3)
android-emulator	Set up job	2026-08-06T10:30:22.6085711Z Download action repository 'android-actions/setup-android@v3' (SHA:9fc6c4e9069bf8d3d10b2204b1fb8f6ef7065407)
android-emulator	Set up job	2026-08-06T10:30:22.8653201Z Download action repository 'gradle/actions@v4' (SHA:ed408507eac070d1f99cc633dbcf757c94c7933a)
android-emulator	Set up job	2026-08-06T10:30:24.3698323Z Download action repository 'ReactiveCircus/android-emulator-runner@v2' (SHA:a421e43855164a8197daf9d8d40fe71c6996bb0d)
android-emulator	Set up job	2026-08-06T10:30:25.6044022Z Complete job name: android-emulator
android-emulator	Run actions/checkout@v7	﻿2026-08-06T10:30:25.6741423Z ##[group]Run actions/checkout@v7
android-emulator	Run actions/checkout@v7	2026-08-06T10:30:25.6741987Z with:
android-emulator	Run actions/checkout@v7	2026-08-06T10:30:25.6742441Z   repository: shurshick/wrtmonitor
android-emulator	Run actions/checkout@v7	2026-08-06T10:30:25.6745125Z   token: ***
android-emulator	Run actions/checkout@v7	2026-08-06T10:30:25.6745425Z   ssh-strict: true
android-emulator	Run actions/checkout@v7	2026-08-06T10:30:25.6745734Z   ssh-user: git
android-emulator	Run actions/checkout@v7	2026-08-06T10:30:25.6746036Z   persist-credentials: true
android-emulator	Run actions/checkout@v7	2026-08-06T10:30:25.6746397Z   clean: true
android-emulator	Run actions/checkout@v7	2026-08-06T10:30:25.6746699Z   sparse-checkout-cone-mode: true
android-emulator	Run actions/checkout@v7	2026-08-06T10:30:25.6747029Z   fetch-depth: 1
android-emulator	Run actions/checkout@v7	2026-08-06T10:30:25.6747344Z   fetch-tags: false
android-emulator	Run actions/checkout@v7	2026-08-06T10:30:25.6747653Z   show-progress: true
android-emulator	Run actions/checkout@v7	2026-08-06T10:30:25.6748218Z   lfs: false
android-emulator	Run actions/checkout@v7	2026-08-06T10:30:25.6748520Z   submodules: false
android-emulator	Run actions/checkout@v7	2026-08-06T10:30:25.6748827Z   set-safe-directory: true
android-emulator	Run actions/checkout@v7	2026-08-06T10:30:25.6749200Z   allow-unsafe-pr-checkout: false
android-emulator	Run actions/checkout@v7	2026-08-06T10:30:25.6749693Z ##[endgroup]
android-emulator	Run actions/checkout@v7	2026-08-06T10:30:25.7755273Z Syncing repository: shurshick/wrtmonitor
android-emulator	Run actions/checkout@v7	2026-08-06T10:30:25.7757306Z ##[group]Getting Git version info
android-emulator	Run actions/checkout@v7	2026-08-06T10:30:25.7758215Z Working directory is '/home/runner/work/wrtmonitor/wrtmonitor'
android-emulator	Run actions/checkout@v7	2026-08-06T10:30:25.7759379Z [command]/usr/bin/git version
android-emulator	Run actions/checkout@v7	2026-08-06T10:30:25.7811282Z git version 2.54.0
android-emulator	Run actions/checkout@v7	2026-08-06T10:30:25.7832263Z ##[endgroup]
android-emulator	Run actions/checkout@v7	2026-08-06T10:30:25.7843506Z Temporarily overriding HOME='/home/runner/work/_temp/0a5c63ef-37ec-4279-a0da-410980622e36' before making global git config changes
android-emulator	Run actions/checkout@v7	2026-08-06T10:30:25.7844783Z Adding repository directory to the temporary git global config as a safe directory
android-emulator	Run actions/checkout@v7	2026-08-06T10:30:25.7850943Z [command]/usr/bin/git config --global --add safe.directory /home/runner/work/wrtmonitor/wrtmonitor
android-emulator	Run actions/checkout@v7	2026-08-06T10:30:25.7899666Z Deleting the contents of '/home/runner/work/wrtmonitor/wrtmonitor'
android-emulator	Run actions/checkout@v7	2026-08-06T10:30:25.7903202Z ##[group]Determining repository object format
android-emulator	Run actions/checkout@v7	2026-08-06T10:30:25.7904633Z ##[endgroup]
android-emulator	Run actions/checkout@v7	2026-08-06T10:30:25.7905339Z ##[group]Initializing the repository
android-emulator	Run actions/checkout@v7	2026-08-06T10:30:25.7909482Z [command]/usr/bin/git init /home/runner/work/wrtmonitor/wrtmonitor
android-emulator	Run actions/checkout@v7	2026-08-06T10:30:25.8001049Z hint: Using 'master' as the name for the initial branch. This default branch name
android-emulator	Run actions/checkout@v7	2026-08-06T10:30:25.8002252Z hint: will change to "main" in Git 3.0. To configure the initial branch name
android-emulator	Run actions/checkout@v7	2026-08-06T10:30:25.8003198Z hint: to use in all of your new repositories, which will suppress this warning,
android-emulator	Run actions/checkout@v7	2026-08-06T10:30:25.8003995Z hint: call:
android-emulator	Run actions/checkout@v7	2026-08-06T10:30:25.8004411Z hint:
android-emulator	Run actions/checkout@v7	2026-08-06T10:30:25.8005019Z hint: 	git config --global init.defaultBranch <name>
android-emulator	Run actions/checkout@v7	2026-08-06T10:30:25.8005656Z hint:
android-emulator	Run actions/checkout@v7	2026-08-06T10:30:25.8006272Z hint: Names commonly chosen instead of 'master' are 'main', 'trunk' and
android-emulator	Run actions/checkout@v7	2026-08-06T10:30:25.8007281Z hint: 'development'. The just-created branch can be renamed via this command:
android-emulator	Run actions/checkout@v7	2026-08-06T10:30:25.8008186Z hint:
android-emulator	Run actions/checkout@v7	2026-08-06T10:30:25.8008629Z hint: 	git branch -m <name>
android-emulator	Run actions/checkout@v7	2026-08-06T10:30:25.8009175Z hint:
android-emulator	Run actions/checkout@v7	2026-08-06T10:30:25.8009801Z hint: Disable this message with "git config set advice.defaultBranchName false"
android-emulator	Run actions/checkout@v7	2026-08-06T10:30:25.8016407Z Initialized empty Git repository in /home/runner/work/wrtmonitor/wrtmonitor/.git/
android-emulator	Run actions/checkout@v7	2026-08-06T10:30:25.8026671Z [command]/usr/bin/git remote add origin https://github.com/shurshick/wrtmonitor
android-emulator	Run actions/checkout@v7	2026-08-06T10:30:25.8071354Z ##[endgroup]
android-emulator	Run actions/checkout@v7	2026-08-06T10:30:25.8072197Z ##[group]Disabling automatic garbage collection
android-emulator	Run actions/checkout@v7	2026-08-06T10:30:25.8076626Z [command]/usr/bin/git config --local gc.auto 0
android-emulator	Run actions/checkout@v7	2026-08-06T10:30:25.8121083Z ##[endgroup]
android-emulator	Run actions/checkout@v7	2026-08-06T10:30:25.8122573Z ##[group]Setting up auth
android-emulator	Run actions/checkout@v7	2026-08-06T10:30:25.8123270Z Removing SSH command configuration
android-emulator	Run actions/checkout@v7	2026-08-06T10:30:25.8124666Z [command]/usr/bin/git config --local --name-only --get-regexp core\.sshCommand
android-emulator	Run actions/checkout@v7	2026-08-06T10:30:25.8185561Z [command]/usr/bin/git submodule foreach --recursive sh -c "git config --local --name-only --get-regexp 'core\.sshCommand' && git config --local --unset-all 'core.sshCommand' || :"
android-emulator	Run actions/checkout@v7	2026-08-06T10:30:25.8907976Z Removing HTTP extra header
android-emulator	Run actions/checkout@v7	2026-08-06T10:30:25.8914616Z [command]/usr/bin/git config --local --name-only --get-regexp http\.https\:\/\/github\.com\/\.extraheader
android-emulator	Run actions/checkout@v7	2026-08-06T10:30:25.8942628Z [command]/usr/bin/git submodule foreach --recursive sh -c "git config --local --name-only --get-regexp 'http\.https\:\/\/github\.com\/\.extraheader' && git config --local --unset-all 'http.https://github.com/.extraheader' || :"
android-emulator	Run actions/checkout@v7	2026-08-06T10:30:25.9130848Z Removing includeIf entries pointing to credentials config files
android-emulator	Run actions/checkout@v7	2026-08-06T10:30:25.9131691Z [command]/usr/bin/git config --local --name-only --get-regexp ^includeIf\.gitdir:
android-emulator	Run actions/checkout@v7	2026-08-06T10:30:25.9161690Z [command]/usr/bin/git submodule foreach --recursive git config --local --show-origin --name-only --get-regexp remote.origin.url
android-emulator	Run actions/checkout@v7	2026-08-06T10:30:25.9347539Z [command]/usr/bin/git config --file /home/runner/work/_temp/git-credentials-0207857e-b686-4e3f-9a27-94475d259166.config http.https://github.com/.extraheader AUTHORIZATION: basic ***
android-emulator	Run actions/checkout@v7	2026-08-06T10:30:25.9382040Z [command]/usr/bin/git config --local includeIf.gitdir:/home/runner/work/wrtmonitor/wrtmonitor/.git.path /home/runner/work/_temp/git-credentials-0207857e-b686-4e3f-9a27-94475d259166.config
android-emulator	Run actions/checkout@v7	2026-08-06T10:30:25.9409446Z [command]/usr/bin/git config --local includeIf.gitdir:/home/runner/work/wrtmonitor/wrtmonitor/.git/worktrees/*.path /home/runner/work/_temp/git-credentials-0207857e-b686-4e3f-9a27-94475d259166.config
android-emulator	Run actions/checkout@v7	2026-08-06T10:30:25.9439247Z [command]/usr/bin/git config --local includeIf.gitdir:/github/workspace/.git.path /github/runner_temp/git-credentials-0207857e-b686-4e3f-9a27-94475d259166.config
android-emulator	Run actions/checkout@v7	2026-08-06T10:30:25.9466472Z [command]/usr/bin/git config --local includeIf.gitdir:/github/workspace/.git/worktrees/*.path /github/runner_temp/git-credentials-0207857e-b686-4e3f-9a27-94475d259166.config
android-emulator	Run actions/checkout@v7	2026-08-06T10:30:25.9491189Z ##[endgroup]
android-emulator	Run actions/checkout@v7	2026-08-06T10:30:25.9491912Z ##[group]Fetching the repository
android-emulator	Run actions/checkout@v7	2026-08-06T10:30:25.9498093Z [command]/usr/bin/git -c protocol.version=2 fetch --no-tags --prune --no-recurse-submodules --depth=1 origin +refs/tags/v0.35.0:refs/tags/v0.35.0
android-emulator	Run actions/checkout@v7	2026-08-06T10:30:26.6510628Z From https://github.com/shurshick/wrtmonitor
android-emulator	Run actions/checkout@v7	2026-08-06T10:30:26.6511491Z  * [new tag]         v0.35.0    -> v0.35.0
android-emulator	Run actions/checkout@v7	2026-08-06T10:30:26.6546189Z [command]/usr/bin/git tag --list v0.35.0
android-emulator	Run actions/checkout@v7	2026-08-06T10:30:26.6573142Z v0.35.0
android-emulator	Run actions/checkout@v7	2026-08-06T10:30:26.6582554Z [command]/usr/bin/git rev-parse refs/tags/v0.35.0^{commit}
android-emulator	Run actions/checkout@v7	2026-08-06T10:30:26.6606398Z 9d81f5fe71a883b7b63845878056e99fc2919cb1
android-emulator	Run actions/checkout@v7	2026-08-06T10:30:26.6608680Z ##[endgroup]
android-emulator	Run actions/checkout@v7	2026-08-06T10:30:26.6609466Z ##[group]Determining the checkout info
android-emulator	Run actions/checkout@v7	2026-08-06T10:30:26.6610206Z ##[endgroup]
android-emulator	Run actions/checkout@v7	2026-08-06T10:30:26.6613870Z [command]/usr/bin/git sparse-checkout disable
android-emulator	Run actions/checkout@v7	2026-08-06T10:30:26.6656489Z [command]/usr/bin/git config --local --unset-all extensions.worktreeConfig
android-emulator	Run actions/checkout@v7	2026-08-06T10:30:26.6686897Z ##[group]Checking out the ref
android-emulator	Run actions/checkout@v7	2026-08-06T10:30:26.6691825Z [command]/usr/bin/git checkout --progress --force refs/tags/v0.35.0
android-emulator	Run actions/checkout@v7	2026-08-06T10:30:26.6979431Z Note: switching to 'refs/tags/v0.35.0'.
android-emulator	Run actions/checkout@v7	2026-08-06T10:30:26.6980303Z 
android-emulator	Run actions/checkout@v7	2026-08-06T10:30:26.6980837Z You are in 'detached HEAD' state. You can look around, make experimental
android-emulator	Run actions/checkout@v7	2026-08-06T10:30:26.6981843Z changes and commit them, and you can discard any commits you make in this
android-emulator	Run actions/checkout@v7	2026-08-06T10:30:26.6983219Z state without impacting any branches by switching back to a branch.
android-emulator	Run actions/checkout@v7	2026-08-06T10:30:26.6983803Z 
android-emulator	Run actions/checkout@v7	2026-08-06T10:30:26.6984377Z If you want to create a new branch to retain commits you create, you may
android-emulator	Run actions/checkout@v7	2026-08-06T10:30:26.6985199Z do so (now or later) by using -c with the switch command. Example:
android-emulator	Run actions/checkout@v7	2026-08-06T10:30:26.6985704Z 
android-emulator	Run actions/checkout@v7	2026-08-06T10:30:26.6985945Z   git switch -c <new-branch-name>
android-emulator	Run actions/checkout@v7	2026-08-06T10:30:26.6986421Z 
android-emulator	Run actions/checkout@v7	2026-08-06T10:30:26.6986880Z Or undo this operation with:
android-emulator	Run actions/checkout@v7	2026-08-06T10:30:26.6987210Z 
android-emulator	Run actions/checkout@v7	2026-08-06T10:30:26.6987493Z   git switch -
android-emulator	Run actions/checkout@v7	2026-08-06T10:30:26.6987970Z 
android-emulator	Run actions/checkout@v7	2026-08-06T10:30:26.6988740Z Turn off this advice by setting config variable advice.detachedHead to false
android-emulator	Run actions/checkout@v7	2026-08-06T10:30:26.6989432Z 
android-emulator	Run actions/checkout@v7	2026-08-06T10:30:26.6989830Z HEAD is now at 9d81f5f fix(agent): register agent.bash_script in capabilities and update contract
android-emulator	Run actions/checkout@v7	2026-08-06T10:30:26.6991558Z ##[endgroup]
android-emulator	Run actions/checkout@v7	2026-08-06T10:30:26.7036046Z [command]/usr/bin/git log -1 --format=%H
android-emulator	Run actions/checkout@v7	2026-08-06T10:30:26.7061679Z 9d81f5fe71a883b7b63845878056e99fc2919cb1
android-emulator	Run actions/setup-java@v4	﻿2026-08-06T10:30:26.7325214Z Node 20 is being deprecated. This workflow is running with Node 24 by default. If you need to temporarily use Node 20, you can set the ACTIONS_ALLOW_USE_UNSECURE_NODE_VERSION=true environment variable. For more information see: https://github.blog/changelog/2025-09-19-deprecation-of-node-20-on-github-actions-runners/
android-emulator	Run actions/setup-java@v4	2026-08-06T10:30:26.7326995Z ##[group]Run actions/setup-java@v4
android-emulator	Run actions/setup-java@v4	2026-08-06T10:30:26.7327339Z with:
android-emulator	Run actions/setup-java@v4	2026-08-06T10:30:26.7327632Z   distribution: temurin
android-emulator	Run actions/setup-java@v4	2026-08-06T10:30:26.7328192Z   java-version: 17
android-emulator	Run actions/setup-java@v4	2026-08-06T10:30:26.7328500Z   java-package: jdk
android-emulator	Run actions/setup-java@v4	2026-08-06T10:30:26.7328813Z   check-latest: false
android-emulator	Run actions/setup-java@v4	2026-08-06T10:30:26.7329134Z   server-id: github
android-emulator	Run actions/setup-java@v4	2026-08-06T10:30:26.7329427Z   server-username: GITHUB_ACTOR
android-emulator	Run actions/setup-java@v4	2026-08-06T10:30:26.7329790Z   server-password: GITHUB_TOKEN
android-emulator	Run actions/setup-java@v4	2026-08-06T10:30:26.7330109Z   overwrite-settings: true
android-emulator	Run actions/setup-java@v4	2026-08-06T10:30:26.7330421Z   job-status: success
android-emulator	Run actions/setup-java@v4	2026-08-06T10:30:26.7332839Z   token: ***
android-emulator	Run actions/setup-java@v4	2026-08-06T10:30:26.7333106Z ##[endgroup]
android-emulator	Run actions/setup-java@v4	2026-08-06T10:30:26.8928084Z ##[warning]setup-java v4 is deprecated and will no longer receive updates. Please migrate to actions/setup-java@v5.
android-emulator	Run actions/setup-java@v4	2026-08-06T10:30:26.8935554Z ##[group]Installed distributions
android-emulator	Run actions/setup-java@v4	2026-08-06T10:30:26.9076084Z Resolved Java 17.0.19+10 from tool-cache
android-emulator	Run actions/setup-java@v4	2026-08-06T10:30:26.9076684Z Setting Java 17.0.19+10 as the default
android-emulator	Run actions/setup-java@v4	2026-08-06T10:30:26.9085970Z (node:2388) [DEP0040] DeprecationWarning: The `punycode` module is deprecated. Please use a userland alternative instead.
android-emulator	Run actions/setup-java@v4	2026-08-06T10:30:26.9086761Z (Use `node --trace-deprecation ...` to show where the warning was created)
android-emulator	Run actions/setup-java@v4	2026-08-06T10:30:26.9089688Z Creating toolchains.xml for JDK version 17 from temurin
android-emulator	Run actions/setup-java@v4	2026-08-06T10:30:26.9154782Z Writing to /home/runner/.m2/toolchains.xml
android-emulator	Run actions/setup-java@v4	2026-08-06T10:30:26.9155446Z 
android-emulator	Run actions/setup-java@v4	2026-08-06T10:30:26.9155792Z Java configuration:
android-emulator	Run actions/setup-java@v4	2026-08-06T10:30:26.9156589Z   Distribution: temurin
android-emulator	Run actions/setup-java@v4	2026-08-06T10:30:26.9157314Z   Version: 17.0.19+10
android-emulator	Run actions/setup-java@v4	2026-08-06T10:30:26.9158084Z   Path: /opt/hostedtoolcache/Java_Temurin-Hotspot_jdk/17.0.19-10/x64
android-emulator	Run actions/setup-java@v4	2026-08-06T10:30:26.9158505Z 
android-emulator	Run actions/setup-java@v4	2026-08-06T10:30:26.9159086Z ##[endgroup]
android-emulator	Run actions/setup-java@v4	2026-08-06T10:30:26.9178805Z Creating settings.xml with server-id: github
android-emulator	Run actions/setup-java@v4	2026-08-06T10:30:26.9201722Z Writing to /home/runner/.m2/settings.xml
android-emulator	Run android-actions/setup-android@v3	﻿2026-08-06T10:30:26.9362164Z Node 20 is being deprecated. This workflow is running with Node 24 by default. If you need to temporarily use Node 20, you can set the ACTIONS_ALLOW_USE_UNSECURE_NODE_VERSION=true environment variable. For more information see: https://github.blog/changelog/2025-09-19-deprecation-of-node-20-on-github-actions-runners/
android-emulator	Run android-actions/setup-android@v3	2026-08-06T10:30:26.9363422Z ##[group]Run android-actions/setup-android@v3
android-emulator	Run android-actions/setup-android@v3	2026-08-06T10:30:26.9363820Z with:
android-emulator	Run android-actions/setup-android@v3	2026-08-06T10:30:26.9364134Z   cmdline-tools-version: 12266719
android-emulator	Run android-actions/setup-android@v3	2026-08-06T10:30:26.9364504Z   accept-android-sdk-licenses: true
android-emulator	Run android-actions/setup-android@v3	2026-08-06T10:30:26.9364876Z   log-accepted-android-sdk-licenses: true
android-emulator	Run android-actions/setup-android@v3	2026-08-06T10:30:26.9365263Z   packages: tools platform-tools
android-emulator	Run android-actions/setup-android@v3	2026-08-06T10:30:26.9365602Z env:
android-emulator	Run android-actions/setup-android@v3	2026-08-06T10:30:26.9365956Z   JAVA_HOME: /opt/hostedtoolcache/Java_Temurin-Hotspot_jdk/17.0.19-10/x64
android-emulator	Run android-actions/setup-android@v3	2026-08-06T10:30:26.9366536Z   JAVA_HOME_17_X64: /opt/hostedtoolcache/Java_Temurin-Hotspot_jdk/17.0.19-10/x64
android-emulator	Run android-actions/setup-android@v3	2026-08-06T10:30:26.9366981Z ##[endgroup]
android-emulator	Run android-actions/setup-android@v3	2026-08-06T10:30:27.0260906Z Found preinstalled sdkmanager in /usr/local/lib/android/sdk/cmdline-tools/latest with following source.properties:
android-emulator	Run android-actions/setup-android@v3	2026-08-06T10:30:27.0262552Z Pkg.Revision=12.0
android-emulator	Run android-actions/setup-android@v3	2026-08-06T10:30:27.0263076Z Pkg.Path=cmdline-tools;12.0
android-emulator	Run android-actions/setup-android@v3	2026-08-06T10:30:27.0263774Z Pkg.Desc=Android SDK Command-line Tools
android-emulator	Run android-actions/setup-android@v3	2026-08-06T10:30:27.0264176Z 
android-emulator	Run android-actions/setup-android@v3	2026-08-06T10:30:27.0264437Z Wrong version in preinstalled sdkmanager
android-emulator	Run android-actions/setup-android@v3	2026-08-06T10:30:27.0265605Z Downloading commandline tools from https://dl.google.com/android/repository/commandlinetools-linux-12266719_latest.zip
android-emulator	Run android-actions/setup-android@v3	2026-08-06T10:30:28.3020767Z [command]/usr/bin/unzip -o -q /home/runner/work/_temp/e21f72cb-12eb-40d2-8e17-3e10058da936
android-emulator	Run android-actions/setup-android@v3	2026-08-06T10:30:29.2365579Z Accepting Android SDK licenses
android-emulator	Run android-actions/setup-android@v3	2026-08-06T10:30:29.2371034Z [command]/usr/local/lib/android/sdk/cmdline-tools/16.0/bin/sdkmanager --licenses
android-emulator	Run android-actions/setup-android@v3	2026-08-06T10:30:35.8650073Z Loading local repository...                                                     
android-emulator	Run android-actions/setup-android@v3	2026-08-06T10:30:35.8651278Z [=========                              ] 25% Loading local repository...       
android-emulator	Run android-actions/setup-android@v3	2026-08-06T10:30:37.4829788Z [=========                              ] 25% Fetch remote repository...        
android-emulator	Run android-actions/setup-android@v3	2026-08-06T10:30:37.8679775Z [==========                             ] 26% Fetch remote repository...        
android-emulator	Run android-actions/setup-android@v3	2026-08-06T10:30:37.8699528Z [============                           ] 31% Fetch remote repository...        
android-emulator	Run android-actions/setup-android@v3	2026-08-06T10:30:37.9011448Z [============                           ] 32% Fetch remote repository...        
android-emulator	Run android-actions/setup-android@v3	2026-08-06T10:30:37.9014725Z [=============                          ] 33% Fetch remote repository...        
android-emulator	Run android-actions/setup-android@v3	2026-08-06T10:30:37.9115839Z [=============                          ] 35% Fetch remote repository...        
android-emulator	Run android-actions/setup-android@v3	2026-08-06T10:30:37.9127177Z [==============                         ] 36% Fetch remote repository...        
android-emulator	Run android-actions/setup-android@v3	2026-08-06T10:30:37.9311392Z [==============                         ] 37% Fetch remote repository...        
android-emulator	Run android-actions/setup-android@v3	2026-08-06T10:30:37.9338910Z [===============                        ] 38% Fetch remote repository...        
android-emulator	Run android-actions/setup-android@v3	2026-08-06T10:30:37.9469814Z [===============                        ] 39% Fetch remote repository...        
android-emulator	Run android-actions/setup-android@v3	2026-08-06T10:30:37.9471071Z [================                       ] 40% Fetch remote repository...        
android-emulator	Run android-actions/setup-android@v3	2026-08-06T10:30:37.9542647Z [================                       ] 41% Fetch remote repository...        
android-emulator	Run android-actions/setup-android@v3	2026-08-06T10:30:37.9552777Z [================                       ] 42% Fetch remote repository...        
android-emulator	Run android-actions/setup-android@v3	2026-08-06T10:30:37.9675017Z [=================                      ] 44% Fetch remote repository...        
android-emulator	Run android-actions/setup-android@v3	2026-08-06T10:30:37.9676817Z [=================                      ] 45% Fetch remote repository...        
android-emulator	Run android-actions/setup-android@v3	2026-08-06T10:30:37.9777701Z [==================                     ] 46% Fetch remote repository...        
android-emulator	Run android-actions/setup-android@v3	2026-08-06T10:30:37.9779039Z [==================                     ] 47% Fetch remote repository...        
android-emulator	Run android-actions/setup-android@v3	2026-08-06T10:30:37.9908215Z [===================                    ] 48% Fetch remote repository...        
android-emulator	Run android-actions/setup-android@v3	2026-08-06T10:30:37.9909458Z [===================                    ] 49% Fetch remote repository...        
android-emulator	Run android-actions/setup-android@v3	2026-08-06T10:30:38.0016105Z [====================                   ] 50% Fetch remote repository...        
android-emulator	Run android-actions/setup-android@v3	2026-08-06T10:30:38.0029579Z [====================                   ] 51% Fetch remote repository...        
android-emulator	Run android-actions/setup-android@v3	2026-08-06T10:30:38.0129370Z [====================                   ] 53% Fetch remote repository...        
android-emulator	Run android-actions/setup-android@v3	2026-08-06T10:30:38.0134352Z [=====================                  ] 54% Fetch remote repository...        
android-emulator	Run android-actions/setup-android@v3	2026-08-06T10:30:38.0308943Z [=====================                  ] 55% Fetch remote repository...        
android-emulator	Run android-actions/setup-android@v3	2026-08-06T10:30:38.0318553Z [======================                 ] 56% Fetch remote repository...        
android-emulator	Run android-actions/setup-android@v3	2026-08-06T10:30:38.0458735Z [======================                 ] 57% Fetch remote repository...        
android-emulator	Run android-actions/setup-android@v3	2026-08-06T10:30:38.0518669Z [=======================                ] 58% Fetch remote repository...        
android-emulator	Run android-actions/setup-android@v3	2026-08-06T10:30:38.0627295Z [=======================                ] 59% Fetch remote repository...        
android-emulator	Run android-actions/setup-android@v3	2026-08-06T10:30:38.0658729Z [========================               ] 60% Fetch remote repository...        
android-emulator	Run android-actions/setup-android@v3	2026-08-06T10:30:38.0789475Z [========================               ] 61% Fetch remote repository...        
android-emulator	Run android-actions/setup-android@v3	2026-08-06T10:30:38.0798897Z [=========================              ] 63% Fetch remote repository...        
android-emulator	Run android-actions/setup-android@v3	2026-08-06T10:30:38.0846008Z [=========================              ] 64% Fetch remote repository...        
android-emulator	Run android-actions/setup-android@v3	2026-08-06T10:30:38.0869680Z [=========================              ] 65% Fetch remote repository...        
android-emulator	Run android-actions/setup-android@v3	2026-08-06T10:30:38.1051125Z [==========================             ] 66% Fetch remote repository...        
android-emulator	Run android-actions/setup-android@v3	2026-08-06T10:30:38.1052299Z [==========================             ] 67% Fetch remote repository...        
android-emulator	Run android-actions/setup-android@v3	2026-08-06T10:30:38.1659480Z [===========================            ] 68% Fetch remote repository...        
android-emulator	Run android-actions/setup-android@v3	2026-08-06T10:30:38.1662340Z [===========================            ] 69% Fetch remote repository...        
android-emulator	Run android-actions/setup-android@v3	2026-08-06T10:30:38.1849449Z [============================           ] 70% Fetch remote repository...        
android-emulator	Run android-actions/setup-android@v3	2026-08-06T10:30:38.1850734Z [============================           ] 72% Fetch remote repository...        
android-emulator	Run android-actions/setup-android@v3	2026-08-06T10:30:38.2337110Z [=============================          ] 73% Fetch remote repository...        
android-emulator	Run android-actions/setup-android@v3	2026-08-06T10:30:38.2338462Z [=============================          ] 74% Fetch remote repository...        
android-emulator	Run android-actions/setup-android@v3	2026-08-06T10:30:38.2407614Z [=============================          ] 75% Fetch remote repository...        
android-emulator	Run android-actions/setup-android@v3	2026-08-06T10:30:38.2527463Z [=============================          ] 75% Computing updates...              
android-emulator	Run android-actions/setup-android@v3	2026-08-06T10:30:38.2534599Z [=======================================] 100% Computing updates...             
android-emulator	Run android-actions/setup-android@v3	2026-08-06T10:30:38.2900973Z 6 of 7 SDK package licenses not accepted.
android-emulator	Run android-actions/setup-android@v3	2026-08-06T10:30:38.2921187Z Review licenses that have not been accepted (y/N)? 
android-emulator	Run android-actions/setup-android@v3	2026-08-06T10:30:38.2922349Z 1/6: License android-googletv-license:
android-emulator	Run android-actions/setup-android@v3	2026-08-06T10:30:38.2923080Z ---------------------------------------
android-emulator	Run android-actions/setup-android@v3	2026-08-06T10:30:38.2943560Z Terms and Conditions
android-emulator	Run android-actions/setup-android@v3	2026-08-06T10:30:38.2944169Z 
android-emulator	Run android-actions/setup-android@v3	2026-08-06T10:30:38.2944739Z This is the Google TV Add-on for the Android Software Development Kit License Agreement.
android-emulator	Run android-actions/setup-android@v3	2026-08-06T10:30:38.2945425Z 
android-emulator	Run android-actions/setup-android@v3	2026-08-06T10:30:38.2945690Z 1. Introduction
android-emulator	Run android-actions/setup-android@v3	2026-08-06T10:30:38.2946285Z 
android-emulator	Run android-actions/setup-android@v3	2026-08-06T10:30:38.2964116Z 1.1 The Google TV Add-on for the Android Software Development Kit (referred to in this License Agreement as the "Google TV Add-on" and specifically including the Android system files, packaged APIs, and Google APIs add-ons) is licensed to you subject to the terms of this License Agreement. This License Agreement forms a legally binding contract between you and Google in relation to your use of the Google TV Add-on.
android-emulator	Run android-actions/setup-android@v3	2026-08-06T10:30:38.2970169Z 
android-emulator	Run android-actions/setup-android@v3	2026-08-06T10:30:38.2971256Z 1.2 "Google" means Google Inc., a Delaware corporation with principal place of business at 1600 Amphitheatre Parkway, Mountain View, CA 94043, United States.
android-emulator	Run android-actions/setup-android@v3	2026-08-06T10:30:38.2976230Z 
android-emulator	Run android-actions/setup-android@v3	2026-08-06T10:30:38.2977024Z 2. Accepting this License Agreement
android-emulator	Run android-actions/setup-android@v3	2026-08-06T10:30:38.2977523Z 
android-emulator	Run android-actions/setup-android@v3	2026-08-06T10:30:38.2978649Z 2.1 In order to use the Google TV Add-on, you must first agree to this License Agreement. You may not use the Google TV Add-on if you do not accept this License Agreement.
android-emulator	Run android-actions/setup-android@v3	2026-08-06T10:30:38.2979692Z 
android-emulator	Run android-actions/setup-android@v3	2026-08-06T10:30:38.2980010Z 2.2 You can accept this License Agreement by:
android-emulator	Run android-actions/setup-android@v3	2026-08-06T10:30:38.2980517Z 
android-emulator	Run android-actions/setup-android@v3	2026-08-06T10:30:38.2981174Z (A) clicking to accept or agree to this License Agreement, where this option is made available to you; or
android-emulator	Run android-actions/setup-android@v3	2026-08-06T10:30:38.2981892Z 
android-emulator	Run android-actions/setup-android@v3	2026-08-06T10:30:38.2982758Z (B) by actually using the Google TV Add-on. In this case, you agree that use of the Google TV Add-on constitutes acceptance of the License Agreement from that point onwards.
android-emulator	Run android-actions/setup-android@v3	2026-08-06T10:30:38.2983711Z 
android-emulator	Run android-actions/setup-android@v3	2026-08-06T10:30:38.2985172Z 2.3 You may not use the Google TV Add-on and may not accept the Licensing Agreement if you are a person barred from receiving the Google TV Add-on under the laws of the United States or other countries including the country in which you are resident or from which you use the Google TV Add-on.
android-emulator	Run android-actions/setup-android@v3	2026-08-06T10:30:38.2991649Z 
android-emulator	Run android-actions/setup-android@v3	2026-08-06T10:30:38.2993630Z 2.4 If you are agreeing to be bound by this License Agreement on behalf of your employer or other entity, you represent and warrant that you have full legal authority to bind your employer or such entity to this License Agreement. If you do not have the requisite authority, you may not accept the Licensing Agreement or use the Google TV Add-on on behalf of your employer or other entity.
android-emulator	Run android-actions/setup-android@v3	2026-08-06T10:30:38.3016447Z 
android-emulator	Run android-actions/setup-android@v3	2026-08-06T10:30:38.3045208Z 3. Google TV Add-on License from Google
android-emulator	Run android-actions/setup-android@v3	2026-08-06T10:30:38.3045820Z 
android-emulator	Run android-actions/setup-android@v3	2026-08-06T10:30:38.3046692Z 3.1 Subject to the terms of this License Agreement, Google grants you a limited, worldwide, royalty-free, non- assignable and non-exclusive license to use the Google TV Add-on solely to develop applications to run on the Google TV platform.
android-emulator	Run android-actions/setup-android@v3	2026-08-06T10:30:38.3047529Z 
android-emulator	Run android-actions/setup-android@v3	2026-08-06T10:30:38.3049212Z 3.2 You agree that Google or third parties own all legal right, title and interest in and to the Google TV Add-on, including any Intellectual Property Rights that subsist in the Google TV Add-on. "Intellectual Property Rights" means any and all rights under patent law, copyright law, trade secret law, trademark law, and any and all other proprietary rights. Google reserves all rights not expressly granted to you.
android-emulator	Run android-actions/setup-android@v3	2026-08-06T10:30:38.3050646Z 
android-emulator	Run android-actions/setup-android@v3	2026-08-06T10:30:38.3058546Z 3.3 Except to the extent required by applicable third party licenses, you may not copy (except for backup purposes), modify, adapt, redistribute, decompile, reverse engineer, disassemble, or create derivative works of the Google TV Add-on or any part of the Google TV Add-on. Except to the extent required by applicable third party licenses, you may not load any part of the Google TV Add-on onto a mobile handset, television, or any other hardware device except a personal computer, combine any part of the Google TV Add-on with other software, or distribute any software or device incorporating a part of the Google TV Add-on.
android-emulator	Run android-actions/setup-android@v3	2026-08-06T10:30:38.3061403Z 
android-emulator	Run android-actions/setup-android@v3	2026-08-06T10:30:38.3062469Z 3.4 Use, reproduction and distribution of components of the Google TV Add-on licensed under an open source software license are governed solely by the terms of that open source software license and not this License Agreement.
android-emulator	Run android-actions/setup-android@v3	2026-08-06T10:30:38.3063625Z 
android-emulator	Run android-actions/setup-android@v3	2026-08-06T10:30:38.3065626Z 3.5 You agree that the form and nature of the Google TV Add-on that Google provides may change without prior notice to you and that future versions of the Google TV Add-on may be incompatible with applications developed on previous versions of the Google TV Add-on. You agree that Google may stop (permanently or temporarily) providing the Google TV Add-on (or any features within the Google TV Add-on) to you or to users generally at Google's sole discretion, without prior notice to you.
android-emulator	Run android-actions/setup-android@v3	2026-08-06T10:30:38.3067298Z 
android-emulator	Run android-actions/setup-android@v3	2026-08-06T10:30:38.3068799Z 3.6 Nothing in this License Agreement gives you a right to use any of Google's or it’s licensors’ trade names, trademarks, service marks, logos, domain names, or other distinctive brand features.
android-emulator	Run android-actions/setup-android@v3	2026-08-06T10:30:38.3070044Z 
android-emulator	Run android-actions/setup-android@v3	2026-08-06T10:30:38.3070878Z 3.7 You agree that you will not remove, obscure, or alter any proprietary rights notices (including copyright and trademark notices) that may be affixed to or contained within the Google TV Add-on.
android-emulator	Run android-actions/setup-android@v3	2026-08-06T10:30:38.3071910Z 
android-emulator	Run android-actions/setup-android@v3	2026-08-06T10:30:38.3072124Z 4. Use of the Google TV Add-on by You
android-emulator	Run android-actions/setup-android@v3	2026-08-06T10:30:38.3072450Z 
android-emulator	Run android-actions/setup-android@v3	2026-08-06T10:30:38.3073785Z 4.1 Google agrees that it obtains no right, title or interest from you (or your licensors) under this License Agreement in or to any software applications that you develop using the Google TV Add-on, including any intellectual property rights that subsist in those applications.
android-emulator	Run android-actions/setup-android@v3	2026-08-06T10:30:38.3074812Z 
android-emulator	Run android-actions/setup-android@v3	2026-08-06T10:30:38.3075872Z 4.2 You agree to use the Google TV Add-on and write applications only for purposes that are permitted by (a) this License Agreement and (b) any applicable law, regulation or generally accepted practices or guidelines in the relevant jurisdictions (including any laws regarding the export of data or software to and from the United States or other relevant countries).
android-emulator	Run android-actions/setup-android@v3	2026-08-06T10:30:38.3076952Z 
android-emulator	Run android-actions/setup-android@v3	2026-08-06T10:30:38.3079558Z 4.3 You agree that if you use the Google TV Add-on to develop applications for general public users, you will protect the privacy and legal rights of those users. If the users provide you with user names, passwords, or other login information or personal information, your must make the users aware that the information will be available to your application, and you must provide legally adequate privacy notice and protection for those users. If your application stores personal or sensitive information provided by users, it must do so securely. If the user provides your application with Google Account information, your application may only use that information to access the user's Google Account when, and for the limited purposes for which, the user has given you explicit permission to do so.
android-emulator	Run android-actions/setup-android@v3	2026-08-06T10:30:38.3081886Z 
android-emulator	Run android-actions/setup-android@v3	2026-08-06T10:30:38.3083070Z 4.4 You agree that you will not engage in any activity with the Google TV Add-on, including the development or distribution of an application, that interferes with, disrupts, damages, or accesses in an unauthorized manner the servers, networks, or other properties or services of any third party including, but not limited to, Google, Multichannel Video Program Distributors or any mobile communications carrier.
android-emulator	Run android-actions/setup-android@v3	2026-08-06T10:30:38.3084318Z 
android-emulator	Run android-actions/setup-android@v3	2026-08-06T10:30:38.3085360Z 4.5 You agree that you are solely responsible for (and that Google has no responsibility to you or to any third party for) any data, content, or resources that you create, transmit or display through the Google TV platform and/or applications for the Google TV platform, and for the consequences of your actions (including any loss or damage which Google may suffer) by doing so.
android-emulator	Run android-actions/setup-android@v3	2026-08-06T10:30:38.3086483Z 
android-emulator	Run android-actions/setup-android@v3	2026-08-06T10:30:38.3087577Z 4.6 You agree that you are solely responsible for (and that Google has no responsibility to you or to any third party for) any breach of your obligations under this License Agreement, any applicable third party contract or Terms of Service, or any applicable law or regulation, and for the consequences (including any loss or damage which Google or any third party may suffer) of any such breach.
android-emulator	Run android-actions/setup-android@v3	2026-08-06T10:30:38.3089453Z 
android-emulator	Run android-actions/setup-android@v3	2026-08-06T10:30:38.3089629Z 5. Your Developer Credentials
android-emulator	Run android-actions/setup-android@v3	2026-08-06T10:30:38.3089821Z 
android-emulator	Run android-actions/setup-android@v3	2026-08-06T10:30:38.3090657Z 5.1 You agree that you are responsible for maintaining the confidentiality of any developer credentials that may be issued to you by Google or which you may choose yourself and that you will be solely responsible for all applications that are developed under your developer credentials.
android-emulator	Run android-actions/setup-android@v3	2026-08-06T10:30:38.3091541Z 
android-emulator	Run android-actions/setup-android@v3	2026-08-06T10:30:38.3091668Z 6. Privacy and Information
android-emulator	Run android-actions/setup-android@v3	2026-08-06T10:30:38.3091877Z 
android-emulator	Run android-actions/setup-android@v3	2026-08-06T10:30:38.3093304Z 6.1 In order to continually innovate and improve the Google TV Add-on, Google may collect certain usage statistics from the software including but not limited to a unique identifier, associated IP address, version number of the software, and information on which tools and/or services in the Google TV Add-on are being used and how they are being used. Before any of this information is collected, the Google TV Add-on will notify you and seek your consent. If you withhold consent, the information will not be collected.
android-emulator	Run android-actions/setup-android@v3	2026-08-06T10:30:38.3094954Z 
android-emulator	Run android-actions/setup-android@v3	2026-08-06T10:30:38.3095417Z 6.2 The data collected is examined in the aggregate to improve the Google TV Add-on and is maintained in accordance with Google's Privacy Policy.
android-emulator	Run android-actions/setup-android@v3	2026-08-06T10:30:38.3095886Z 
android-emulator	Run android-actions/setup-android@v3	2026-08-06T10:30:38.3096083Z 7. Third Party Applications for the Google TV Platform
android-emulator	Run android-actions/setup-android@v3	2026-08-06T10:30:38.3096326Z 
android-emulator	Run android-actions/setup-android@v3	2026-08-06T10:30:38.3098296Z 7.1 If you use the Google TV Add-on to run applications developed by a third party or that access data, content or resources provided by a third party, you agree that Google is not responsible for those applications, data, content, or resources. You understand that all data, content or resources which you may access through such third party applications are the sole responsibility of the person from which they originated and that Google is not liable for any loss or damage that you may experience as a result of the use or access of any of those third party applications, data, content, or resources.
android-emulator	Run android-actions/setup-android@v3	2026-08-06T10:30:38.3100052Z 
android-emulator	Run android-actions/setup-android@v3	2026-08-06T10:30:38.3101357Z 7.2 You should be aware the data, content, and resources presented to you through such a third party application may be protected by intellectual property rights which are owned by the providers (or by other persons or companies on their behalf). You may not modify, rent, lease, loan, sell, distribute or create derivative works based on these data, content, or resources (either in whole or in part) unless you have been specifically given permission to do so by the relevant owners.
android-emulator	Run android-actions/setup-android@v3	2026-08-06T10:30:38.3102794Z 
android-emulator	Run android-actions/setup-android@v3	2026-08-06T10:30:38.3103555Z 7.3 You acknowledge that your use of such third party applications, data, content, or resources may be subject to separate terms between you and the relevant third party. In that case, this License Agreement does not affect your legal relationship with these third parties.
android-emulator	Run android-actions/setup-android@v3	2026-08-06T10:30:38.3104389Z 
android-emulator	Run android-actions/setup-android@v3	2026-08-06T10:30:38.3104583Z 8. Using Google TV APIs
android-emulator	Run android-actions/setup-android@v3	2026-08-06T10:30:38.3104751Z 
android-emulator	Run android-actions/setup-android@v3	2026-08-06T10:30:38.3108168Z 8.1 If you use any Google TV API to retrieve data from Google, you acknowledge that the data (“Google TV API Content”) may be protected by intellectual property rights which are owned by Google or those parties that provide the data (or by other persons or companies on their behalf). Your use of any such API may be subject to additional Terms of Service. You may not modify, rent, lease, loan, sell, distribute or create derivative works based on this data (either in whole or in part) unless allowed by the relevant Terms of Service. Some portions of the Google TV API Content are licensed to Google by third parties, including but not limited to Tribune Media Services
android-emulator	Run android-actions/setup-android@v3	2026-08-06T10:30:38.3111304Z 
android-emulator	Run android-actions/setup-android@v3	2026-08-06T10:30:38.3112510Z 8.2 If you use any API to retrieve a user's data from Google, you acknowledge and agree that you shall retrieve data only with the user's explicit consent and only when, and for the limited purposes for which, the user has given you permission to do so.
android-emulator	Run android-actions/setup-android@v3	2026-08-06T10:30:38.3114140Z 
android-emulator	Run android-actions/setup-android@v3	2026-08-06T10:30:38.3114667Z 8.3 Except as explicitly permitted in Section 3 (Google TV Add-on License from Google), you must:
android-emulator	Run android-actions/setup-android@v3	2026-08-06T10:30:38.3115258Z 
android-emulator	Run android-actions/setup-android@v3	2026-08-06T10:30:38.3116206Z (a) not modify nor format the Google TV API Content except to the extent reasonably and technically necessary to optimize the display such Google TV API Content in your application;
android-emulator	Run android-actions/setup-android@v3	2026-08-06T10:30:38.3117295Z 
android-emulator	Run android-actions/setup-android@v3	2026-08-06T10:30:38.3118489Z (b) not edit the Google TV API Content in a manner that renders the Google TV API Content inaccurate of alters its inherent meaning (provided that displaying excerpts will not violate the foregoing); or
android-emulator	Run android-actions/setup-android@v3	2026-08-06T10:30:38.3119783Z 
android-emulator	Run android-actions/setup-android@v3	2026-08-06T10:30:38.3120246Z (c) not create any commercial audience measurement tool or service using the Google TV API Content
android-emulator	Run android-actions/setup-android@v3	2026-08-06T10:30:38.3120855Z 
android-emulator	Run android-actions/setup-android@v3	2026-08-06T10:30:38.3121107Z 9. Terminating this License Agreement
android-emulator	Run android-actions/setup-android@v3	2026-08-06T10:30:38.3121441Z 
android-emulator	Run android-actions/setup-android@v3	2026-08-06T10:30:38.3121888Z 9.1 This License Agreement will continue to apply until terminated by either you or Google as set out below.
android-emulator	Run android-actions/setup-android@v3	2026-08-06T10:30:38.3122697Z 
android-emulator	Run android-actions/setup-android@v3	2026-08-06T10:30:38.3123316Z 9.2 If you want to terminate this License Agreement, you may do so by ceasing your use of the Google TV Add-on and any relevant developer credentials.
android-emulator	Run android-actions/setup-android@v3	2026-08-06T10:30:38.3124161Z 
android-emulator	Run android-actions/setup-android@v3	2026-08-06T10:30:38.3124512Z 9.3 Google may at any time, terminate this License Agreement with you if:
android-emulator	Run android-actions/setup-android@v3	2026-08-06T10:30:38.3124927Z 
android-emulator	Run android-actions/setup-android@v3	2026-08-06T10:30:38.3125228Z (A) you have breached any provision of this License Agreement; or
android-emulator	Run android-actions/setup-android@v3	2026-08-06T10:30:38.3125580Z 
android-emulator	Run android-actions/setup-android@v3	2026-08-06T10:30:38.3125770Z (B) Google is required to do so by law; or
android-emulator	Run android-actions/setup-android@v3	2026-08-06T10:30:38.3125998Z 
android-emulator	Run android-actions/setup-android@v3	2026-08-06T10:30:38.3126577Z (C) the partner with whom Google offered certain parts of Google TV Add-on (such as APIs) to you has terminated its relationship with Google or ceased to offer certain parts of the Google TV Add-on to you; or
android-emulator	Run android-actions/setup-android@v3	2026-08-06T10:30:38.3127197Z 
android-emulator	Run android-actions/setup-android@v3	2026-08-06T10:30:38.3128579Z (D) Google decides to no longer providing the Google TV Add-on or certain parts of the Google TV Add-on to users in the country in which you are resident or from which you use the service, or the provision of the Google TV Add-on or certain Google TV Add-on services to you by Google is, in Google's sole discretion, no longer commercially viable.
android-emulator	Run android-actions/setup-android@v3	2026-08-06T10:30:38.3129605Z 
android-emulator	Run android-actions/setup-android@v3	2026-08-06T10:30:38.3130817Z 9.4 When this License Agreement comes to an end, all of the legal rights, obligations and liabilities that you and Google have benefited from, been subject to (or which have accrued over time whilst this License Agreement has been in force) or which are expressed to continue indefinitely, shall be unaffected by this cessation, and the provisions of paragraph 14.7 shall continue to apply to such rights, obligations and liabilities indefinitely.
android-emulator	Run android-actions/setup-android@v3	2026-08-06T10:30:38.3132911Z 
android-emulator	Run android-actions/setup-android@v3	2026-08-06T10:30:38.3133145Z 10. DISCLAIMER OF WARRANTIES
android-emulator	Run android-actions/setup-android@v3	2026-08-06T10:30:38.3133420Z 
android-emulator	Run android-actions/setup-android@v3	2026-08-06T10:30:38.3134411Z 10.1 YOU EXPRESSLY UNDERSTAND AND AGREE THAT YOUR USE OF THE GOOGLE TV ADD-ON IS AT YOUR SOLE RISK AND THAT THE GOOGLE TV ADD-ON IS PROVIDED "AS IS" AND "AS AVAILABLE" WITHOUT WARRANTY OF ANY KIND FROM GOOGLE.
android-emulator	Run android-actions/setup-android@v3	2026-08-06T10:30:38.3135482Z 
android-emulator	Run android-actions/setup-android@v3	2026-08-06T10:30:38.3136831Z 10.2 YOUR USE OF THE GOOGLE TV ADD-ON AND ANY MATERIAL DOWNLOADED OR OTHERWISE OBTAINED THROUGH THE USE OF THE GOOGLE TV ADD-ON IS AT YOUR OWN DISCRETION AND RISK AND YOU ARE SOLELY RESPONSIBLE FOR ANY DAMAGE TO YOUR COMPUTER SYSTEM OR OTHER DEVICE OR LOSS OF DATA THAT RESULTS FROM SUCH USE.
android-emulator	Run android-actions/setup-android@v3	2026-08-06T10:30:38.3138607Z 
android-emulator	Run android-actions/setup-android@v3	2026-08-06T10:30:38.3139539Z 10.3 GOOGLE FURTHER EXPRESSLY DISCLAIMS ALL WARRANTIES AND CONDITIONS OF ANY KIND, WHETHER EXPRESS OR IMPLIED, INCLUDING, BUT NOT LIMITED TO THE IMPLIED WARRANTIES AND CONDITIONS OF MERCHANTABILITY, FITNESS FOR A PARTICULAR PURPOSE AND NON-INFRINGEMENT.
android-emulator	Run android-actions/setup-android@v3	2026-08-06T10:30:38.3140442Z 
android-emulator	Run android-actions/setup-android@v3	2026-08-06T10:30:38.3140585Z 11. LIMITATION OF LIABILITY
android-emulator	Run android-actions/setup-android@v3	2026-08-06T10:30:38.3140800Z 
android-emulator	Run android-actions/setup-android@v3	2026-08-06T10:30:38.3142006Z 11.1 YOU EXPRESSLY UNDERSTAND AND AGREE THAT GOOGLE, ITS SUBSIDIARIES AND AFFILIATES, AND ITS LICENSORS SHALL NOT BE LIABLE TO YOU UNDER ANY THEORY OF LIABILITY FOR ANY DIRECT, INDIRECT, INCIDENTAL, SPECIAL CONSEQUENTIAL OR EXEMPLARY DAMAGES THAT MAY BE INCURRED BY YOU, INCLUDING ANY LOSS OF DATA, WHETHER OR NOT GOOGLE OR ITS REPRESENTATIVES HAVE BEEN ADVISED OF OR SHOULD HAVE BEEN AWARE OF THE POSSIBILITY OF ANY SUCH LOSSES ARISING.
android-emulator	Run android-actions/setup-android@v3	2026-08-06T10:30:38.3143500Z 
android-emulator	Run android-actions/setup-android@v3	2026-08-06T10:30:38.3143664Z 12. Indemnification
android-emulator	Run android-actions/setup-android@v3	2026-08-06T10:30:38.3143836Z 
android-emulator	Run android-actions/setup-android@v3	2026-08-06T10:30:38.3145928Z 12.1 To the maximum extent permitted by law, you agree to defend, indemnify and hold harmless Google, its affiliates and their respective directors, officers, employees and agents from and against any and all claims, actions, suits or proceedings, as well as any and all losses, liabilities, damages, costs and expenses (including reasonable attorneys fees) arising out of or accruing from (a) your use of the Google TV Add-on, (b) any application you develop on the Google TV Add-on that infringes any copyright, trademark, trade secret, trade dress, patent or other intellectual property right of any person or defames any person or violates their rights of publicity or privacy, and (c) any non-compliance by you with this License Agreement.
android-emulator	Run android-actions/setup-android@v3	2026-08-06T10:30:38.3149042Z 
android-emulator	Run android-actions/setup-android@v3	2026-08-06T10:30:38.3149192Z 13. Changes to the License Agreement
android-emulator	Run android-actions/setup-android@v3	2026-08-06T10:30:38.3149442Z 
android-emulator	Run android-actions/setup-android@v3	2026-08-06T10:30:38.3149761Z 13.1 Google may make changes to the License Agreement as it distributes new versions of the Google TV Add-on.
android-emulator	Run android-actions/setup-android@v3	2026-08-06T10:30:38.3150171Z 
android-emulator	Run android-actions/setup-android@v3	2026-08-06T10:30:38.3150327Z 14. General Legal Terms
android-emulator	Run android-actions/setup-android@v3	2026-08-06T10:30:38.3150494Z 
android-emulator	Run android-actions/setup-android@v3	2026-08-06T10:30:38.3151490Z 14.1 This License Agreement constitute the whole legal agreement between you and Google and govern your use of the Google TV Add-on (excluding any services which Google may provide to you under a separate written agreement), and completely replace any prior agreements between you and Google in relation to the Google TV Add-on.
android-emulator	Run android-actions/setup-android@v3	2026-08-06T10:30:38.3152506Z 
android-emulator	Run android-actions/setup-android@v3	2026-08-06T10:30:38.3153431Z 14.2 You agree that if Google does not exercise or enforce any legal right or remedy which is contained in this License Agreement (or which Google has the benefit of under any applicable law), this will not be taken to be a formal waiver of Google's rights and that those rights or remedies will still be available to Google.
android-emulator	Run android-actions/setup-android@v3	2026-08-06T10:30:38.3154420Z 
android-emulator	Run android-actions/setup-android@v3	2026-08-06T10:30:38.3155372Z 14.3 If any court of law, having the jurisdiction to decide on this matter, rules that any provision of this License Agreement is invalid, then that provision will be removed from this License Agreement without affecting the rest of this License Agreement. The remaining provisions of this License Agreement will continue to be valid and enforceable.
android-emulator	Run android-actions/setup-android@v3	2026-08-06T10:30:38.3156458Z 
android-emulator	Run android-actions/setup-android@v3	2026-08-06T10:30:38.3158364Z 14.4 You acknowledge and agree that Google’s API data licensors and each member of the group of companies of which Google is the parent shall be third party beneficiaries to this License Agreement and that such other companies shall be entitled to directly enforce, and rely upon, any provision of this License Agreement that confers a benefit on (or rights in favor of) them. Other than this, no other person or company shall be third party beneficiaries to this License Agreement.
android-emulator	Run android-actions/setup-android@v3	2026-08-06T10:30:38.3161766Z 
android-emulator	Run android-actions/setup-android@v3	2026-08-06T10:30:38.3162598Z 14.5 EXPORT RESTRICTIONS. THE GOOGLE TV ADD-ON IS SUBJECT TO UNITED STATES EXPORT LAWS AND REGULATIONS. YOU MUST COMPLY WITH ALL DOMESTIC AND INTERNATIONAL EXPORT LAWS AND REGULATIONS THAT APPLY TO THE GOOGLE TV ADD-ON. THESE LAWS INCLUDE RESTRICTIONS ON DESTINATIONS, END USERS AND END USE.
android-emulator	Run android-actions/setup-android@v3	2026-08-06T10:30:38.3163504Z 
android-emulator	Run android-actions/setup-android@v3	2026-08-06T10:30:38.3164465Z 14.6 The rights granted in this License Agreement may not be assigned or transferred by either you or Google without the prior written approval of the other party. Neither you nor Google shall be permitted to delegate their responsibilities or obligations under this License Agreement without the prior written approval of the other party.
android-emulator	Run android-actions/setup-android@v3	2026-08-06T10:30:38.3165523Z 
android-emulator	Run android-actions/setup-android@v3	2026-08-06T10:30:38.3167073Z 14.7 This License Agreement, and your relationship with Google under this License Agreement, shall be governed by the laws of the State of California without regard to its conflict of laws provisions. You and Google agree to submit to the exclusive jurisdiction of the courts located within the county of Santa Clara, California to resolve any legal matter arising from this License Agreement. Notwithstanding this, you agree that Google shall still be allowed to apply for injunctive remedies (or an equivalent type of urgent legal relief) in any jurisdiction.
android-emulator	Run android-actions/setup-android@v3	2026-08-06T10:30:38.3169725Z 
android-emulator	Run android-actions/setup-android@v3	2026-08-06T10:30:38.3170049Z 
android-emulator	Run android-actions/setup-android@v3	2026-08-06T10:30:38.3170246Z August 15, 2011
android-emulator	Run android-actions/setup-android@v3	2026-08-06T10:30:38.3170614Z ---------------------------------------
android-emulator	Run android-actions/setup-android@v3	2026-08-06T10:30:38.3170957Z Accept? (y/N): 
android-emulator	Run android-actions/setup-android@v3	2026-08-06T10:30:38.3171315Z 2/6: License android-googlexr-license:
android-emulator	Run android-actions/setup-android@v3	2026-08-06T10:30:38.3171672Z ---------------------------------------
android-emulator	Run android-actions/setup-android@v3	2026-08-06T10:30:38.3172568Z To get started with the Android XR Emulator System Image SDK, you must agree to the following terms and conditions. As described below, please note that this is a preview, emulated version of the Android XR OS, subject to change, that you use at your own risk.
android-emulator	Run android-actions/setup-android@v3	2026-08-06T10:30:38.3173350Z 
android-emulator	Run android-actions/setup-android@v3	2026-08-06T10:30:38.3173546Z This is the Android XR Emulator System Image SDK License Agreement
android-emulator	Run android-actions/setup-android@v3	2026-08-06T10:30:38.3173946Z 
android-emulator	Run android-actions/setup-android@v3	2026-08-06T10:30:38.3174085Z 1. Introduction
android-emulator	Run android-actions/setup-android@v3	2026-08-06T10:30:38.3174272Z 
android-emulator	Run android-actions/setup-android@v3	2026-08-06T10:30:38.3175491Z 1.1 The Android Android XR Emulator System Image SDK (referred to in the License Agreement as the "SDK" and specifically including the Android system files,, packaged APIs, library files (if and when they are made available), and Google applications and APIs add-ons) is licensed to you subject to the terms of the License Agreement. The License Agreement forms a legally binding contract between you and Google in relation to your use of the SDK.
android-emulator	Run android-actions/setup-android@v3	2026-08-06T10:30:38.3176732Z 
android-emulator	Run android-actions/setup-android@v3	2026-08-06T10:30:38.3177369Z 1.2 "Android" means the Android software stack for devices, as made available under the Android Open Source Project, which is located at the following URL: https://source.android.com/, as updated from time to time.
android-emulator	Run android-actions/setup-android@v3	2026-08-06T10:30:38.3178342Z 
android-emulator	Run android-actions/setup-android@v3	2026-08-06T10:30:38.3179192Z 1.3 "Google" means Google LLC, organized under the laws of the State of Delaware, USA, and operating under the laws of the USA with principal place of business at 1600 Amphitheatre Parkway, Mountain View, CA 94043, USA.
android-emulator	Run android-actions/setup-android@v3	2026-08-06T10:30:38.3180229Z 
android-emulator	Run android-actions/setup-android@v3	2026-08-06T10:30:38.3180416Z 2. Accepting this License Agreement
android-emulator	Run android-actions/setup-android@v3	2026-08-06T10:30:38.3180733Z 
android-emulator	Run android-actions/setup-android@v3	2026-08-06T10:30:38.3181316Z 2.1 In order to use the SDK, you must first agree to the License Agreement. You may not use the SDK if you do not accept the License Agreement.
android-emulator	Run android-actions/setup-android@v3	2026-08-06T10:30:38.3182085Z 
android-emulator	Run android-actions/setup-android@v3	2026-08-06T10:30:38.3182534Z 2.2 By clicking to accept and/or using this SDK, you hereby agree to the terms of the License Agreement.
android-emulator	Run android-actions/setup-android@v3	2026-08-06T10:30:38.3183088Z 
android-emulator	Run android-actions/setup-android@v3	2026-08-06T10:30:38.3184198Z 2.3 You may not use the SDK and may not accept the License Agreement if you are a person barred from receiving the SDK under the laws of the United States or other countries, including the country in which you are resident or from which you use the SDK.
android-emulator	Run android-actions/setup-android@v3	2026-08-06T10:30:38.3185384Z 
android-emulator	Run android-actions/setup-android@v3	2026-08-06T10:30:38.3187089Z 2.4 If you are agreeing to be bound by the License Agreement on behalf of your employer or other entity, you represent and warrant that you have full legal authority to bind your employer or such entity to the License Agreement. If you do not have the requisite authority, you may not accept the License Agreement or use the SDK on behalf of your employer or other entity.
android-emulator	Run android-actions/setup-android@v3	2026-08-06T10:30:38.3189215Z 
android-emulator	Run android-actions/setup-android@v3	2026-08-06T10:30:38.3189407Z 3. SDK License from Google
android-emulator	Run android-actions/setup-android@v3	2026-08-06T10:30:38.3189695Z 
android-emulator	Run android-actions/setup-android@v3	2026-08-06T10:30:38.3190721Z 3.1 Subject to the terms of the License Agreement, Google grants you a limited, worldwide, royalty-free, non-assignable, non-exclusive, and non-sublicensable license to use the SDK solely to develop applications for Android XR.
android-emulator	Run android-actions/setup-android@v3	2026-08-06T10:30:38.3191903Z 
android-emulator	Run android-actions/setup-android@v3	2026-08-06T10:30:38.3193122Z 3.2 You may not use this SDK to develop applications for other platforms or to develop another SDK. You are of course free to develop applications for other platforms provided that this SDK is not used for that purpose.
android-emulator	Run android-actions/setup-android@v3	2026-08-06T10:30:38.3194225Z 
android-emulator	Run android-actions/setup-android@v3	2026-08-06T10:30:38.3195987Z 3.3 You agree that Google or third parties own all legal right, title and interest in and to the SDK, including any Intellectual Property Rights that subsist in the SDK. "Intellectual Property Rights" means any and all rights under patent law, copyright law, trade secret law, trademark law, and any and all other proprietary rights. Google reserves all rights not expressly granted to you.
android-emulator	Run android-actions/setup-android@v3	2026-08-06T10:30:38.3198099Z 
android-emulator	Run android-actions/setup-android@v3	2026-08-06T10:30:38.3200635Z 3.4 You may not use the SDK for any purpose not expressly permitted by the License Agreement. Except to the extent required by applicable third party licenses, you may not (a) copy (except for backup purposes), modify, adapt, redistribute, decompile, reverse engineer, disassemble, or create derivative works of the SDK or any part of the SDK; or (b) load any part of the SDK onto a mobile handset or any other hardware device except a personal computer, combine any part of the SDK with other software, or distribute any software or device incorporating a part of the SDK.
android-emulator	Run android-actions/setup-android@v3	2026-08-06T10:30:38.3203371Z 
android-emulator	Run android-actions/setup-android@v3	2026-08-06T10:30:38.3205267Z 3.5 Use, reproduction and distribution of components of the SDK licensed under an open source software license are governed solely by the terms of that open source software license and not the License Agreement. You agree to remain a licensee in good standing in regard to such open source software licenses under all the rights granted and to refrain from any actions that may terminate, suspend, or breach such rights.
android-emulator	Run android-actions/setup-android@v3	2026-08-06T10:30:38.3207306Z 
android-emulator	Run android-actions/setup-android@v3	2026-08-06T10:30:38.3209288Z 3.6 You agree that the form and nature of the SDK that Google provides may change without prior notice to you and that future versions of the SDK may be incompatible with applications developed on previous versions of the SDK. You agree that Google may stop (permanently or temporarily) providing the SDK (or any features within the SDK) to you or to users generally at Google's sole discretion, without prior notice to you.
android-emulator	Run android-actions/setup-android@v3	2026-08-06T10:30:38.3211299Z 
android-emulator	Run android-actions/setup-android@v3	2026-08-06T10:30:38.3212080Z 3.7 Nothing in the License Agreement gives you a right to use any of Google's trade names, trademarks, service marks, logos, domain names, or other distinctive brand features.
android-emulator	Run android-actions/setup-android@v3	2026-08-06T10:30:38.3212991Z 
android-emulator	Run android-actions/setup-android@v3	2026-08-06T10:30:38.3213731Z 3.8 You agree that you will not remove, obscure, or alter any proprietary rights notices (including copyright and trademark notices) that may be affixed to or contained within the SDK.
android-emulator	Run android-actions/setup-android@v3	2026-08-06T10:30:38.3214767Z 
android-emulator	Run android-actions/setup-android@v3	2026-08-06T10:30:38.3214933Z 4. Use of the SDK by You
android-emulator	Run android-actions/setup-android@v3	2026-08-06T10:30:38.3215229Z 
android-emulator	Run android-actions/setup-android@v3	2026-08-06T10:30:38.3216481Z 4.1 Google agrees that it obtains no right, title or interest from you (or your licensors) under the License Agreement in or to any software applications that you develop using the SDK, including any intellectual property rights that subsist in those applications.
android-emulator	Run android-actions/setup-android@v3	2026-08-06T10:30:38.3217752Z 
android-emulator	Run android-actions/setup-android@v3	2026-08-06T10:30:38.3219473Z 4.2 You agree to use the SDK and write applications only for purposes that are permitted by (a) the License Agreement and (b) any applicable law, regulation or generally accepted practices or guidelines in the relevant jurisdictions (including any laws regarding the export of data or software to and from the United States or other relevant countries).
android-emulator	Run android-actions/setup-android@v3	2026-08-06T10:30:38.3221179Z 
android-emulator	Run android-actions/setup-android@v3	2026-08-06T10:30:38.3224763Z 4.3 You agree that if you use the SDK to develop applications for general public users, you will protect the privacy and legal rights of those users. If the users provide you with user names, passwords, or other login information or personal information, you must make the users aware that the information will be available to your application, and you must provide legally adequate privacy notice and protection for those users. If your application stores personal or sensitive information provided by users, it must do so securely. If the user provides your application with Google Account information, your application may only use that information to access the user's Google Account when, and for the limited purposes for which, the user has given you permission to do so.
android-emulator	Run android-actions/setup-android@v3	2026-08-06T10:30:38.3228783Z 
android-emulator	Run android-actions/setup-android@v3	2026-08-06T10:30:38.3230401Z 4.4 You agree that you will not engage in any activity with the SDK, including the development or distribution of an application, that interferes with, disrupts, damages, or accesses in an unauthorized manner the servers, networks, or other properties or services of any third party including, but not limited to, Google or any mobile communications carrier.
android-emulator	Run android-actions/setup-android@v3	2026-08-06T10:30:38.3232182Z 
android-emulator	Run android-actions/setup-android@v3	2026-08-06T10:30:38.3233640Z 4.5 You agree that you are solely responsible for (and that Google has no responsibility to you or to any third party for) any data, content, or resources that you create, transmit or display through Android and/or applications for Android, and for the consequences of your actions (including any loss or damage which Google may suffer) by doing so.
android-emulator	Run android-actions/setup-android@v3	2026-08-06T10:30:38.3235289Z 
android-emulator	Run android-actions/setup-android@v3	2026-08-06T10:30:38.3236963Z 4.6 You agree that you are solely responsible for (and that Google has no responsibility to you or to any third party for) any breach of your obligations under the License Agreement, any applicable third party contract or Terms of Service, or any applicable law or regulation, and for the consequences (including any loss or damage which Google or any third party may suffer) of any such breach.
android-emulator	Run android-actions/setup-android@v3	2026-08-06T10:30:38.3239212Z 
android-emulator	Run android-actions/setup-android@v3	2026-08-06T10:30:38.3240569Z 4.7 The SDK is in development, and your testing and feedback are an important part of the development process. By using the SDK, you acknowledge that implementation of some features are still under development and that you should not rely on the SDK having the full functionality of a stable release.
android-emulator	Run android-actions/setup-android@v3	2026-08-06T10:30:38.3242038Z 
android-emulator	Run android-actions/setup-android@v3	2026-08-06T10:30:38.3242319Z 5. Your Developer Credentials
android-emulator	Run android-actions/setup-android@v3	2026-08-06T10:30:38.3242584Z 
android-emulator	Run android-actions/setup-android@v3	2026-08-06T10:30:38.3243900Z 5.1 You agree that you are responsible for maintaining the confidentiality of any developer credentials that may be issued to you by Google or which you may choose yourself and that you will be solely responsible for all applications that are developed under your developer credentials.
android-emulator	Run android-actions/setup-android@v3	2026-08-06T10:30:38.3245264Z 
android-emulator	Run android-actions/setup-android@v3	2026-08-06T10:30:38.3245428Z 6. Privacy and Information
android-emulator	Run android-actions/setup-android@v3	2026-08-06T10:30:38.3245727Z 
android-emulator	Run android-actions/setup-android@v3	2026-08-06T10:30:38.3247590Z 6.1 In order to continually innovate and improve the SDK, Google may collect certain usage statistics from the software including but not limited to a unique identifier, associated IP address, version number of the software, and information on which tools and/or services in the SDK are being used and how they are being used. Before any of this information is collected, the SDK will notify you and seek your consent. If you withhold consent, the information will not be collected.
android-emulator	Run android-actions/setup-android@v3	2026-08-06T10:30:38.3249701Z 
android-emulator	Run android-actions/setup-android@v3	2026-08-06T10:30:38.3250541Z 6.2 The data collected is examined in the aggregate to improve the SDK and is maintained in accordance with Google's Privacy Policy, which is located at the following URL: https://policies.google.com/privacy
android-emulator	Run android-actions/setup-android@v3	2026-08-06T10:30:38.3251176Z 
android-emulator	Run android-actions/setup-android@v3	2026-08-06T10:30:38.3251555Z 6.3 Anonymized and aggregated sets of the data may be shared with Google partners to improve the SDK.
android-emulator	Run android-actions/setup-android@v3	2026-08-06T10:30:38.3251906Z 
android-emulator	Run android-actions/setup-android@v3	2026-08-06T10:30:38.3252067Z 7. Third Party Applications
android-emulator	Run android-actions/setup-android@v3	2026-08-06T10:30:38.3252244Z 
android-emulator	Run android-actions/setup-android@v3	2026-08-06T10:30:38.3253831Z 7.1 If you use the SDK to run applications developed by a third party or that access data, content or resources provided by a third party, you agree that Google is not responsible for those applications, data, content, or resources. You understand that all data, content or resources which you may access through such third party applications are the sole responsibility of the person from which they originated and that Google is not liable for any loss or damage that you may experience as a result of the use or access of any of those third party applications, data, content, or resources.
android-emulator	Run android-actions/setup-android@v3	2026-08-06T10:30:38.3255595Z 
android-emulator	Run android-actions/setup-android@v3	2026-08-06T10:30:38.3256884Z 7.2 You should be aware that the data, content, and resources presented to you through such a third party application may be protected by intellectual property rights which are owned by the providers (or by other persons or companies on their behalf). You may not modify, rent, lease, loan, sell, distribute or create derivative works based on these data, content, or resources (either in whole or in part) unless you have been specifically given permission to do so by the relevant owners.
android-emulator	Run android-actions/setup-android@v3	2026-08-06T10:30:38.3259258Z 
android-emulator	Run android-actions/setup-android@v3	2026-08-06T10:30:38.3260038Z 7.3 You acknowledge that your use of such third party applications, data, content, or resources may be subject to separate terms between you and the relevant third party. In that case, the License Agreement does not affect your legal relationship with these third parties.
android-emulator	Run android-actions/setup-android@v3	2026-08-06T10:30:38.3260884Z 
android-emulator	Run android-actions/setup-android@v3	2026-08-06T10:30:38.3261020Z 8. Using Android APIs
android-emulator	Run android-actions/setup-android@v3	2026-08-06T10:30:38.3261221Z 
android-emulator	Run android-actions/setup-android@v3	2026-08-06T10:30:38.3261362Z 8.1 Google Data APIs
android-emulator	Run android-actions/setup-android@v3	2026-08-06T10:30:38.3261553Z 
android-emulator	Run android-actions/setup-android@v3	2026-08-06T10:30:38.3263117Z 8.1.1 If you use any API to retrieve data from Google, you acknowledge that the data may be protected by intellectual property rights which are owned by Google or those parties that provide the data (or by other persons or companies on their behalf). Your use of any such API may be subject to additional Terms of Service. You may not modify, rent, lease, loan, sell, distribute or create derivative works based on this data (either in whole or in part) unless allowed by the relevant Terms of Service.
android-emulator	Run android-actions/setup-android@v3	2026-08-06T10:30:38.3264631Z 
android-emulator	Run android-actions/setup-android@v3	2026-08-06T10:30:38.3267021Z 8.1.2 If you use any API to retrieve a user's data from Google, you acknowledge and agree that you shall retrieve data only with the user's explicit consent and only when, and for the limited purposes for which, the user has given you permission to do so. If you use the Android Recognition Service API, documented at the following URL: https://developer.android.com/reference/android/speech/RecognitionService, as updated from time to time, you acknowledge that the use of the API is subject to the Data Processing Addendum for Products where Google is a Data Processor, which is located at the following URL: https://privacy.google.com/businesses/gdprprocessorterms/, as updated from time to time. By clicking to accept, you hereby agree to the terms of the Data Processing Addendum for Products where Google is a Data Processor.
android-emulator	Run android-actions/setup-android@v3	2026-08-06T10:30:38.3269543Z 
android-emulator	Run android-actions/setup-android@v3	2026-08-06T10:30:38.3269689Z 9. Terminating this License Agreement
android-emulator	Run android-actions/setup-android@v3	2026-08-06T10:30:38.3269929Z 
android-emulator	Run android-actions/setup-android@v3	2026-08-06T10:30:38.3270239Z 9.1 The License Agreement will continue to apply until terminated by either you or Google as set out below.
android-emulator	Run android-actions/setup-android@v3	2026-08-06T10:30:38.3270665Z 
android-emulator	Run android-actions/setup-android@v3	2026-08-06T10:30:38.3271013Z 9.2 If you want to terminate the License Agreement, you may do so by ceasing your use of the SDK and any relevant developer credentials.
android-emulator	Run android-actions/setup-android@v3	2026-08-06T10:30:38.3271481Z 
android-emulator	Run android-actions/setup-android@v3	2026-08-06T10:30:38.3273397Z 9.3 Google may at any time, terminate the License Agreement with you if: (A) you have breached any provision of the License Agreement; or (B) Google is required to do so by law; or (C) the partner with whom Google offered certain parts of SDK (such as APIs) to you has terminated its relationship with Google or ceased to offer certain parts of the SDK to you; or (D) Google decides to no longer provide the SDK or certain parts of the SDK to users in the country in which you are resident or from which you use the service, or the provision of the SDK or certain SDK services to you by Google is, in Google's sole discretion, no longer commercially viable.
android-emulator	Run android-actions/setup-android@v3	2026-08-06T10:30:38.3275225Z 
android-emulator	Run android-actions/setup-android@v3	2026-08-06T10:30:38.3276444Z 9.4 When the License Agreement comes to an end, all of the legal rights, obligations and liabilities that you and Google have benefited from, been subject to (or which have accrued over time whilst the License Agreement has been in force) or which are expressed to continue indefinitely, shall be unaffected by this cessation, and the provisions of paragraph 14.7 shall continue to apply to such rights, obligations and liabilities indefinitely.
android-emulator	Run android-actions/setup-android@v3	2026-08-06T10:30:38.3278109Z 
android-emulator	Run android-actions/setup-android@v3	2026-08-06T10:30:38.3278247Z 10. DISCLAIMER OF WARRANTIES
android-emulator	Run android-actions/setup-android@v3	2026-08-06T10:30:38.3278477Z 
android-emulator	Run android-actions/setup-android@v3	2026-08-06T10:30:38.3279026Z 10.1 YOU EXPRESSLY UNDERSTAND AND AGREE THAT YOUR USE OF THE SDK IS AT YOUR SOLE RISK AND THAT THE SDK IS PROVIDED "AS IS" AND "AS AVAILABLE" WITHOUT WARRANTY OF ANY KIND FROM GOOGLE.
android-emulator	Run android-actions/setup-android@v3	2026-08-06T10:30:38.3279599Z 
android-emulator	Run android-actions/setup-android@v3	2026-08-06T10:30:38.3280343Z 10.2 YOUR USE OF THE SDK AND ANY MATERIAL DOWNLOADED OR OTHERWISE OBTAINED THROUGH THE USE OF THE SDK IS AT YOUR OWN DISCRETION AND RISK AND YOU ARE SOLELY RESPONSIBLE FOR ANY DAMAGE TO YOUR COMPUTER SYSTEM OR OTHER DEVICE OR LOSS OF DATA THAT RESULTS FROM SUCH USE.
android-emulator	Run android-actions/setup-android@v3	2026-08-06T10:30:38.3281184Z 
android-emulator	Run android-actions/setup-android@v3	2026-08-06T10:30:38.3282181Z 10.3 GOOGLE FURTHER EXPRESSLY DISCLAIMS ALL WARRANTIES AND CONDITIONS OF ANY KIND, WHETHER EXPRESS OR IMPLIED, INCLUDING, BUT NOT LIMITED TO THE IMPLIED WARRANTIES AND CONDITIONS OF MERCHANTABILITY, FITNESS FOR A PARTICULAR PURPOSE AND NON-INFRINGEMENT.
android-emulator	Run android-actions/setup-android@v3	2026-08-06T10:30:38.3283035Z 
android-emulator	Run android-actions/setup-android@v3	2026-08-06T10:30:38.3283160Z 11. LIMITATION OF LIABILITY
android-emulator	Run android-actions/setup-android@v3	2026-08-06T10:30:38.3283368Z 
android-emulator	Run android-actions/setup-android@v3	2026-08-06T10:30:38.3284568Z 11.1 YOU EXPRESSLY UNDERSTAND AND AGREE THAT GOOGLE, ITS SUBSIDIARIES AND AFFILIATES, AND ITS LICENSORS SHALL NOT BE LIABLE TO YOU UNDER ANY THEORY OF LIABILITY FOR ANY DIRECT, INDIRECT, INCIDENTAL, SPECIAL, CONSEQUENTIAL OR EXEMPLARY DAMAGES THAT MAY BE INCURRED BY YOU, INCLUDING ANY LOSS OF DATA, WHETHER OR NOT GOOGLE OR ITS REPRESENTATIVES HAVE BEEN ADVISED OF OR SHOULD HAVE BEEN AWARE OF THE POSSIBILITY OF ANY SUCH LOSSES ARISING.
android-emulator	Run android-actions/setup-android@v3	2026-08-06T10:30:38.3285867Z 
android-emulator	Run android-actions/setup-android@v3	2026-08-06T10:30:38.3286019Z 12. Indemnification
android-emulator	Run android-actions/setup-android@v3	2026-08-06T10:30:38.3286173Z 
android-emulator	Run android-actions/setup-android@v3	2026-08-06T10:30:38.3288297Z 12.1 To the maximum extent permitted by law, you agree to defend, indemnify and hold harmless Google, its affiliates and their respective directors, officers, employees and agents from and against any and all claims, actions, suits or proceedings, as well as any and all losses, liabilities, damages, costs and expenses (including reasonable attorneys fees) arising out of or accruing from (a) your use of the SDK, (b) any application you develop on the SDK that infringes any copyright, trademark, trade secret, trade dress, patent or other intellectual property right of any person or defames any person or violates their rights of publicity or privacy, and (c) any non-compliance by you with the License Agreement.
android-emulator	Run android-actions/setup-android@v3	2026-08-06T10:30:38.3290255Z 
android-emulator	Run android-actions/setup-android@v3	2026-08-06T10:30:38.3290410Z 13. Changes to the License Agreement
android-emulator	Run android-actions/setup-android@v3	2026-08-06T10:30:38.3290647Z 
android-emulator	Run android-actions/setup-android@v3	2026-08-06T10:30:38.3291269Z 13.1 Google may make changes to the License Agreement as it distributes new versions of the SDK. When these changes are made, Google will make a new version of the License Agreement available on the website where the SDK is made available.
android-emulator	Run android-actions/setup-android@v3	2026-08-06T10:30:38.3291987Z 
android-emulator	Run android-actions/setup-android@v3	2026-08-06T10:30:38.3292100Z 14. General Legal Terms
android-emulator	Run android-actions/setup-android@v3	2026-08-06T10:30:38.3292321Z 
android-emulator	Run android-actions/setup-android@v3	2026-08-06T10:30:38.3293184Z 14.1 The License Agreement constitutes the whole legal agreement between you and Google and governs your use of the SDK (excluding any services which Google may provide to you under a separate written agreement), and completely replaces any prior agreements between you and Google in relation to the SDK.
android-emulator	Run android-actions/setup-android@v3	2026-08-06T10:30:38.3294058Z 
android-emulator	Run android-actions/setup-android@v3	2026-08-06T10:30:38.3294922Z 14.2 You agree that if Google does not exercise or enforce any legal right or remedy which is contained in the License Agreement (or which Google has the benefit of under any applicable law), this will not be taken to be a formal waiver of Google's rights and that those rights or remedies will still be available to Google.
android-emulator	Run android-actions/setup-android@v3	2026-08-06T10:30:38.3295849Z 
android-emulator	Run android-actions/setup-android@v3	2026-08-06T10:30:38.3296781Z 14.3 If any court of law, having the jurisdiction to decide on this matter, rules that any provision of the License Agreement is invalid, then that provision will be removed from the License Agreement without affecting the rest of the License Agreement. The remaining provisions of the License Agreement will continue to be valid and enforceable.
android-emulator	Run android-actions/setup-android@v3	2026-08-06T10:30:38.3298000Z 
android-emulator	Run android-actions/setup-android@v3	2026-08-06T10:30:38.3299170Z 14.4 You acknowledge and agree that each member of the group of companies of which Google is the parent shall be third party beneficiaries to the License Agreement and that such other companies shall be entitled to directly enforce, and rely upon, any provision of the License Agreement that confers a benefit on (or rights in favor of) them. Other than this, no other person or company shall be third party beneficiaries to the License Agreement.
android-emulator	Run android-actions/setup-android@v3	2026-08-06T10:30:38.3300538Z 
android-emulator	Run android-actions/setup-android@v3	2026-08-06T10:30:38.3301279Z 14.5 EXPORT RESTRICTIONS. THE SDK IS SUBJECT TO UNITED STATES EXPORT LAWS AND REGULATIONS. YOU MUST COMPLY WITH ALL DOMESTIC AND INTERNATIONAL EXPORT LAWS AND REGULATIONS THAT APPLY TO THE SDK. THESE LAWS INCLUDE RESTRICTIONS ON DESTINATIONS, END USERS AND END USE.
android-emulator	Run android-actions/setup-android@v3	2026-08-06T10:30:38.3302065Z 
android-emulator	Run android-actions/setup-android@v3	2026-08-06T10:30:38.3303024Z 14.6 The rights granted in the License Agreement may not be assigned or transferred by either you or Google without the prior written approval of the other party. Neither you nor Google shall be permitted to delegate their responsibilities or obligations under the License Agreement without the prior written approval of the other party.
android-emulator	Run android-actions/setup-android@v3	2026-08-06T10:30:38.3304040Z 
android-emulator	Run android-actions/setup-android@v3	2026-08-06T10:30:38.3305541Z 14.7 The License Agreement, and your relationship with Google under the License Agreement, shall be governed by the laws of the State of California without regard to its conflict of laws provisions. You and Google agree to submit to the exclusive jurisdiction of the courts located within the county of Santa Clara, California to resolve any legal matter arising from the License Agreement. Notwithstanding this, you agree that Google shall still be allowed to apply for injunctive remedies (or an equivalent type of urgent legal relief) in any jurisdiction.
android-emulator	Run android-actions/setup-android@v3	2026-08-06T10:30:38.3307288Z ---------------------------------------
android-emulator	Run android-actions/setup-android@v3	2026-08-06T10:30:38.3307649Z Accept? (y/N): 
android-emulator	Run android-actions/setup-android@v3	2026-08-06T10:30:38.3308086Z 3/6: License android-sdk-arm-dbt-license:
android-emulator	Run android-actions/setup-android@v3	2026-08-06T10:30:38.3308481Z ---------------------------------------
android-emulator	Run android-actions/setup-android@v3	2026-08-06T10:30:38.3308961Z Terms and Conditions
android-emulator	Run android-actions/setup-android@v3	2026-08-06T10:30:38.3309114Z 
android-emulator	Run android-actions/setup-android@v3	2026-08-06T10:30:38.3309328Z This is the Android Software Development Kit License Agreement
android-emulator	Run android-actions/setup-android@v3	2026-08-06T10:30:38.3309595Z 
android-emulator	Run android-actions/setup-android@v3	2026-08-06T10:30:38.3309739Z 1. Introduction
android-emulator	Run android-actions/setup-android@v3	2026-08-06T10:30:38.3309902Z 
android-emulator	Run android-actions/setup-android@v3	2026-08-06T10:30:38.3310895Z 1.1 The Android Software Development Kit (referred to in the License Agreement as the "SDK" and specifically including the Android system files, packaged APIs, and Google APIs add-ons) is licensed to you subject to the terms of the License Agreement. The License Agreement forms a legally binding contract between you and Google in relation to your use of the SDK.
android-emulator	Run android-actions/setup-android@v3	2026-08-06T10:30:38.3311967Z 
android-emulator	Run android-actions/setup-android@v3	2026-08-06T10:30:38.3312559Z 1.2 "Android" means the Android software stack for devices, as made available under the Android Open Source Project, which is located at the following URL: http://source.android.com/, as updated from time to time.
android-emulator	Run android-actions/setup-android@v3	2026-08-06T10:30:38.3313231Z 
android-emulator	Run android-actions/setup-android@v3	2026-08-06T10:30:38.3314183Z 1.3 A "compatible implementation" means any Android device that (i) complies with the Android Compatibility Definition document, which can be found at the Android compatibility website (http://source.android.com/compatibility) and which may be updated from time to time; and (ii) successfully passes the Android Compatibility Test Suite (CTS).
android-emulator	Run android-actions/setup-android@v3	2026-08-06T10:30:38.3315214Z 
android-emulator	Run android-actions/setup-android@v3	2026-08-06T10:30:38.3315671Z 1.4 "Google" means Google Inc., a Delaware corporation with principal place of business at 1600 Amphitheatre Parkway, Mountain View, CA 94043, United States.
android-emulator	Run android-actions/setup-android@v3	2026-08-06T10:30:38.3316177Z 
android-emulator	Run android-actions/setup-android@v3	2026-08-06T10:30:38.3316181Z 
android-emulator	Run android-actions/setup-android@v3	2026-08-06T10:30:38.3316362Z 2. Accepting the License Agreement
android-emulator	Run android-actions/setup-android@v3	2026-08-06T10:30:38.3316549Z 
android-emulator	Run android-actions/setup-android@v3	2026-08-06T10:30:38.3316954Z 2.1 In order to use the SDK, you must first agree to the License Agreement. You may not use the SDK if you do not accept the License Agreement.
android-emulator	Run android-actions/setup-android@v3	2026-08-06T10:30:38.3317494Z 
android-emulator	Run android-actions/setup-android@v3	2026-08-06T10:30:38.3317730Z 2.2 By clicking to accept, you hereby agree to the terms of the License Agreement.
android-emulator	Run android-actions/setup-android@v3	2026-08-06T10:30:38.3318170Z 
android-emulator	Run android-actions/setup-android@v3	2026-08-06T10:30:38.3318827Z 2.3 You may not use the SDK and may not accept the License Agreement if you are a person barred from receiving the SDK under the laws of the United States or other countries, including the country in which you are resident or from which you use the SDK.
android-emulator	Run android-actions/setup-android@v3	2026-08-06T10:30:38.3319583Z 
android-emulator	Run android-actions/setup-android@v3	2026-08-06T10:30:38.3320535Z 2.4 If you are agreeing to be bound by the License Agreement on behalf of your employer or other entity, you represent and warrant that you have full legal authority to bind your employer or such entity to the License Agreement. If you do not have the requisite authority, you may not accept the License Agreement or use the SDK on behalf of your employer or other entity.
android-emulator	Run android-actions/setup-android@v3	2026-08-06T10:30:38.3321709Z 
android-emulator	Run android-actions/setup-android@v3	2026-08-06T10:30:38.3321714Z 
android-emulator	Run android-actions/setup-android@v3	2026-08-06T10:30:38.3321865Z 3. SDK License from Google
android-emulator	Run android-actions/setup-android@v3	2026-08-06T10:30:38.3322046Z 
android-emulator	Run android-actions/setup-android@v3	2026-08-06T10:30:38.3322832Z 3.1 Subject to the terms of the License Agreement, Google grants you a limited, worldwide, royalty-free, non-assignable, non-exclusive, and non-sublicensable license to use the SDK solely to develop applications for compatible implementations of Android.
android-emulator	Run android-actions/setup-android@v3	2026-08-06T10:30:38.3323665Z 
android-emulator	Run android-actions/setup-android@v3	2026-08-06T10:30:38.3324598Z 3.2 You may not use this SDK to develop applications for other platforms (including non-compatible implementations of Android) or to develop another SDK. You are of course free to develop applications for other platforms, including non-compatible implementations of Android, provided that this SDK is not used for that purpose.
android-emulator	Run android-actions/setup-android@v3	2026-08-06T10:30:38.3325592Z 
android-emulator	Run android-actions/setup-android@v3	2026-08-06T10:30:38.3326715Z 3.3 You agree that Google or third parties own all legal right, title and interest in and to the SDK, including any Intellectual Property Rights that subsist in the SDK. "Intellectual Property Rights" means any and all rights under patent law, copyright law, trade secret law, trademark law, and any and all other proprietary rights. Google reserves all rights not expressly granted to you.
android-emulator	Run android-actions/setup-android@v3	2026-08-06T10:30:38.3327982Z 
android-emulator	Run android-actions/setup-android@v3	2026-08-06T10:30:38.3328941Z 3.4 You may not use the SDK for any purpose not expressly permitted by the License Agreement. Except to the extent required by applicable third party licenses, you may not copy (except for backup purposes), modify, adapt, redistribute, decompile, reverse engineer, disassemble, or create derivative works of the SDK or any part of the SDK.
android-emulator	Run android-actions/setup-android@v3	2026-08-06T10:30:38.3329959Z 
android-emulator	Run android-actions/setup-android@v3	2026-08-06T10:30:38.3330547Z 3.5 Use, reproduction and distribution of components of the SDK licensed under an open source software license are governed solely by the terms of that open source software license and not the License Agreement.
android-emulator	Run android-actions/setup-android@v3	2026-08-06T10:30:38.3331215Z 
android-emulator	Run android-actions/setup-android@v3	2026-08-06T10:30:38.3332312Z 3.6 You agree that the form and nature of the SDK that Google provides may change without prior notice to you and that future versions of the SDK may be incompatible with applications developed on previous versions of the SDK. You agree that Google may stop (permanently or temporarily) providing the SDK (or any features within the SDK) to you or to users generally at Google's sole discretion, without prior notice to you.
android-emulator	Run android-actions/setup-android@v3	2026-08-06T10:30:38.3333535Z 
android-emulator	Run android-actions/setup-android@v3	2026-08-06T10:30:38.3334023Z 3.7 Nothing in the License Agreement gives you a right to use any of Google's trade names, trademarks, service marks, logos, domain names, or other distinctive brand features.
android-emulator	Run android-actions/setup-android@v3	2026-08-06T10:30:38.3334604Z 
android-emulator	Run android-actions/setup-android@v3	2026-08-06T10:30:38.3335145Z 3.8 You agree that you will not remove, obscure, or alter any proprietary rights notices (including copyright and trademark notices) that may be affixed to or contained within the SDK.
android-emulator	Run android-actions/setup-android@v3	2026-08-06T10:30:38.3335739Z 
android-emulator	Run android-actions/setup-android@v3	2026-08-06T10:30:38.3335744Z 
android-emulator	Run android-actions/setup-android@v3	2026-08-06T10:30:38.3335934Z 4. Use of the SDK by You
android-emulator	Run android-actions/setup-android@v3	2026-08-06T10:30:38.3336117Z 
android-emulator	Run android-actions/setup-android@v3	2026-08-06T10:30:38.3336878Z 4.1 Google agrees that it obtains no right, title or interest from you (or your licensors) under the License Agreement in or to any software applications that you develop using the SDK, including any intellectual property rights that subsist in those applications.
android-emulator	Run android-actions/setup-android@v3	2026-08-06T10:30:38.3337761Z 
android-emulator	Run android-actions/setup-android@v3	2026-08-06T10:30:38.3338866Z 4.2 You agree to use the SDK and write applications only for purposes that are permitted by (a) the License Agreement and (b) any applicable law, regulation or generally accepted practices or guidelines in the relevant jurisdictions (including any laws regarding the export of data or software to and from the United States or other relevant countries).
android-emulator	Run android-actions/setup-android@v3	2026-08-06T10:30:38.3339941Z 
android-emulator	Run android-actions/setup-android@v3	2026-08-06T10:30:38.3342175Z 4.3 You agree that if you use the SDK to develop applications for general public users, you will protect the privacy and legal rights of those users. If the users provide you with user names, passwords, or other login information or personal information, you must make the users aware that the information will be available to your application, and you must provide legally adequate privacy notice and protection for those users. If your application stores personal or sensitive information provided by users, it must do so securely. If the user provides your application with Google Account information, your application may only use that information to access the user's Google Account when, and for the limited purposes for which, the user has given you permission to do so.
android-emulator	Run android-actions/setup-android@v3	2026-08-06T10:30:38.3344388Z 
android-emulator	Run android-actions/setup-android@v3	2026-08-06T10:30:38.3345442Z 4.4 You agree that you will not engage in any activity with the SDK, including the development or distribution of an application, that interferes with, disrupts, damages, or accesses in an unauthorized manner the servers, networks, or other properties or services of any third party including, but not limited to, Google or any mobile communications carrier.
android-emulator	Run android-actions/setup-android@v3	2026-08-06T10:30:38.3346522Z 
android-emulator	Run android-actions/setup-android@v3	2026-08-06T10:30:38.3347470Z 4.5 You agree that you are solely responsible for (and that Google has no responsibility to you or to any third party for) any data, content, or resources that you create, transmit or display through Android and/or applications for Android, and for the consequences of your actions (including any loss or damage which Google may suffer) by doing so.
android-emulator	Run android-actions/setup-android@v3	2026-08-06T10:30:38.3348670Z 
android-emulator	Run android-actions/setup-android@v3	2026-08-06T10:30:38.3349766Z 4.6 You agree that you are solely responsible for (and that Google has no responsibility to you or to any third party for) any breach of your obligations under the License Agreement, any applicable third party contract or Terms of Service, or any applicable law or regulation, and for the consequences (including any loss or damage which Google or any third party may suffer) of any such breach.
android-emulator	Run android-actions/setup-android@v3	2026-08-06T10:30:38.3350922Z 
android-emulator	Run android-actions/setup-android@v3	2026-08-06T10:30:38.3352306Z 4.7 This software enables the execution of intellectual property owned by Arm Limited. You agree that your use of the software, that allows execution of ARM Instruction Set Architecture (“ISA”) compliant executables for application development and debug only on x86 desktop, laptop, customer on-premise servers, and customer-procured cloud-based environments.
android-emulator	Run android-actions/setup-android@v3	2026-08-06T10:30:38.3353491Z 
android-emulator	Run android-actions/setup-android@v3	2026-08-06T10:30:38.3353618Z 5. Your Developer Credentials
android-emulator	Run android-actions/setup-android@v3	2026-08-06T10:30:38.3353837Z 
android-emulator	Run android-actions/setup-android@v3	2026-08-06T10:30:38.3354645Z 5.1 You agree that you are responsible for maintaining the confidentiality of any developer credentials that may be issued to you by Google or which you may choose yourself and that you will be solely responsible for all applications that are developed under your developer credentials.
android-emulator	Run android-actions/setup-android@v3	2026-08-06T10:30:38.3355531Z 
android-emulator	Run android-actions/setup-android@v3	2026-08-06T10:30:38.3355716Z 6. Privacy and Information
android-emulator	Run android-actions/setup-android@v3	2026-08-06T10:30:38.3355890Z 
android-emulator	Run android-actions/setup-android@v3	2026-08-06T10:30:38.3357238Z 6.1 In order to continually innovate and improve the SDK, Google may collect certain usage statistics from the software including but not limited to a unique identifier, associated IP address, version number of the software, and information on which tools and/or services in the SDK are being used and how they are being used. Before any of this information is collected, the SDK will notify you and seek your consent. If you withhold consent, the information will not be collected.
android-emulator	Run android-actions/setup-android@v3	2026-08-06T10:30:38.3358985Z 
android-emulator	Run android-actions/setup-android@v3	2026-08-06T10:30:38.3359377Z 6.2 The data collected is examined in the aggregate to improve the SDK and is maintained in accordance with Google's Privacy Policy.
android-emulator	Run android-actions/setup-android@v3	2026-08-06T10:30:38.3359896Z 
android-emulator	Run android-actions/setup-android@v3	2026-08-06T10:30:38.3359901Z 
android-emulator	Run android-actions/setup-android@v3	2026-08-06T10:30:38.3360026Z 7. Third Party Applications
android-emulator	Run android-actions/setup-android@v3	2026-08-06T10:30:38.3360261Z 
android-emulator	Run android-actions/setup-android@v3	2026-08-06T10:30:38.3361898Z 7.1 If you use the SDK to run applications developed by a third party or that access data, content or resources provided by a third party, you agree that Google is not responsible for those applications, data, content, or resources. You understand that all data, content or resources which you may access through such third party applications are the sole responsibility of the person from which they originated and that Google is not liable for any loss or damage that you may experience as a result of the use or access of any of those third party applications, data, content, or resources.
android-emulator	Run android-actions/setup-android@v3	2026-08-06T10:30:38.3363662Z 
android-emulator	Run android-actions/setup-android@v3	2026-08-06T10:30:38.3364989Z 7.2 You should be aware the data, content, and resources presented to you through such a third party application may be protected by intellectual property rights which are owned by the providers (or by other persons or companies on their behalf). You may not modify, rent, lease, loan, sell, distribute or create derivative works based on these data, content, or resources (either in whole or in part) unless you have been specifically given permission to do so by the relevant owners.
android-emulator	Run android-actions/setup-android@v3	2026-08-06T10:30:38.3366393Z 
android-emulator	Run android-actions/setup-android@v3	2026-08-06T10:30:38.3367448Z 7.3 You acknowledge that your use of such third party applications, data, content, or resources may be subject to separate terms between you and the relevant third party. In that case, the License Agreement does not affect your legal relationship with these third parties.
android-emulator	Run android-actions/setup-android@v3	2026-08-06T10:30:38.3368428Z 
android-emulator	Run android-actions/setup-android@v3	2026-08-06T10:30:38.3368436Z 
android-emulator	Run android-actions/setup-android@v3	2026-08-06T10:30:38.3368541Z 8. Using Android APIs
android-emulator	Run android-actions/setup-android@v3	2026-08-06T10:30:38.3368773Z 
android-emulator	Run android-actions/setup-android@v3	2026-08-06T10:30:38.3368915Z 8.1 Google Data APIs
android-emulator	Run android-actions/setup-android@v3	2026-08-06T10:30:38.3369146Z 
android-emulator	Run android-actions/setup-android@v3	2026-08-06T10:30:38.3370961Z 8.1.1 If you use any API to retrieve data from Google, you acknowledge that the data may be protected by intellectual property rights which are owned by Google or those parties that provide the data (or by other persons or companies on their behalf). Your use of any such API may be subject to additional Terms of Service. You may not modify, rent, lease, loan, sell, distribute or create derivative works based on this data (either in whole or in part) unless allowed by the relevant Terms of Service.
android-emulator	Run android-actions/setup-android@v3	2026-08-06T10:30:38.3372447Z 
android-emulator	Run android-actions/setup-android@v3	2026-08-06T10:30:38.3374879Z 8.1.2 If you use any API to retrieve a user's data from Google, you acknowledge and agree that you shall retrieve data only with the user's explicit consent and only when, and for the limited purposes for which, the user has given you permission to do so. If you use the Android Recognition Service API, documented at the following URL: https://developer.android.com/reference/android/speech/RecognitionService, as updated from time to time, you acknowledge that the use of the API is subject to the Data Processing Addendum for Products where Google is a Data Processor, which is located at the following URL: https://privacy.google.com/businesses/gdprprocessorterms/, as updated from time to time. By clicking to accept, you hereby agree to the terms of the Data Processing Addendum for Products where Google is a Data Processor.
android-emulator	Run android-actions/setup-android@v3	2026-08-06T10:30:38.3377543Z 
android-emulator	Run android-actions/setup-android@v3	2026-08-06T10:30:38.3377552Z 
android-emulator	Run android-actions/setup-android@v3	2026-08-06T10:30:38.3377721Z 9. Terminating the License Agreement
android-emulator	Run android-actions/setup-android@v3	2026-08-06T10:30:38.3378077Z 
android-emulator	Run android-actions/setup-android@v3	2026-08-06T10:30:38.3378426Z 9.1 The License Agreement will continue to apply until terminated by either you or Google as set out below.
android-emulator	Run android-actions/setup-android@v3	2026-08-06T10:30:38.3378835Z 
android-emulator	Run android-actions/setup-android@v3	2026-08-06T10:30:38.3379219Z 9.2 If you want to terminate the License Agreement, you may do so by ceasing your use of the SDK and any relevant developer credentials.
android-emulator	Run android-actions/setup-android@v3	2026-08-06T10:30:38.3379640Z 
android-emulator	Run android-actions/setup-android@v3	2026-08-06T10:30:38.3381449Z 9.3 Google may at any time, terminate the License Agreement with you if: (A) you have breached any provision of the License Agreement; or (B) Google is required to do so by law; or (C) the partner with whom Google offered certain parts of SDK (such as APIs) to you has terminated its relationship with Google or ceased to offer certain parts of the SDK to you; or (D) Google decides to no longer provide the SDK or certain parts of the SDK to users in the country in which you are resident or from which you use the service, or the provision of the SDK or certain SDK services to you by Google is, in Google's sole discretion, no longer commercially viable.
android-emulator	Run android-actions/setup-android@v3	2026-08-06T10:30:38.3383717Z 
android-emulator	Run android-actions/setup-android@v3	2026-08-06T10:30:38.3384909Z 9.4 When the License Agreement comes to an end, all of the legal rights, obligations and liabilities that you and Google have benefited from, been subject to (or which have accrued over time whilst the License Agreement has been in force) or which are expressed to continue indefinitely, shall be unaffected by this cessation, and the provisions of paragraph 14.7 shall continue to apply to such rights, obligations and liabilities indefinitely.
android-emulator	Run android-actions/setup-android@v3	2026-08-06T10:30:38.3386203Z 
android-emulator	Run android-actions/setup-android@v3	2026-08-06T10:30:38.3386207Z 
android-emulator	Run android-actions/setup-android@v3	2026-08-06T10:30:38.3386361Z 10. DISCLAIMER OF WARRANTIES
android-emulator	Run android-actions/setup-android@v3	2026-08-06T10:30:38.3386532Z 
android-emulator	Run android-actions/setup-android@v3	2026-08-06T10:30:38.3387061Z 10.1 YOU EXPRESSLY UNDERSTAND AND AGREE THAT YOUR USE OF THE SDK IS AT YOUR SOLE RISK AND THAT THE SDK IS PROVIDED "AS IS" AND "AS AVAILABLE" WITHOUT WARRANTY OF ANY KIND FROM GOOGLE.
android-emulator	Run android-actions/setup-android@v3	2026-08-06T10:30:38.3387651Z 
android-emulator	Run android-actions/setup-android@v3	2026-08-06T10:30:38.3388479Z 10.2 YOUR USE OF THE SDK AND ANY MATERIAL DOWNLOADED OR OTHERWISE OBTAINED THROUGH THE USE OF THE SDK IS AT YOUR OWN DISCRETION AND RISK AND YOU ARE SOLELY RESPONSIBLE FOR ANY DAMAGE TO YOUR COMPUTER SYSTEM OR OTHER DEVICE OR LOSS OF DATA THAT RESULTS FROM SUCH USE.
android-emulator	Run android-actions/setup-android@v3	2026-08-06T10:30:38.3389302Z 
android-emulator	Run android-actions/setup-android@v3	2026-08-06T10:30:38.3389987Z 10.3 GOOGLE FURTHER EXPRESSLY DISCLAIMS ALL WARRANTIES AND CONDITIONS OF ANY KIND, WHETHER EXPRESS OR IMPLIED, INCLUDING, BUT NOT LIMITED TO THE IMPLIED WARRANTIES AND CONDITIONS OF MERCHANTABILITY, FITNESS FOR A PARTICULAR PURPOSE AND NON-INFRINGEMENT.
android-emulator	Run android-actions/setup-android@v3	2026-08-06T10:30:38.3390802Z 
android-emulator	Run android-actions/setup-android@v3	2026-08-06T10:30:38.3390806Z 
android-emulator	Run android-actions/setup-android@v3	2026-08-06T10:30:38.3391012Z 11. LIMITATION OF LIABILITY
android-emulator	Run android-actions/setup-android@v3	2026-08-06T10:30:38.3391212Z 
android-emulator	Run android-actions/setup-android@v3	2026-08-06T10:30:38.3393206Z 11.1 YOU EXPRESSLY UNDERSTAND AND AGREE THAT GOOGLE, ITS SUBSIDIARIES AND AFFILIATES, AND ITS LICENSORS SHALL NOT BE LIABLE TO YOU UNDER ANY THEORY OF LIABILITY FOR ANY DIRECT, INDIRECT, INCIDENTAL, SPECIAL, CONSEQUENTIAL OR EXEMPLARY DAMAGES THAT MAY BE INCURRED BY YOU, INCLUDING ANY LOSS OF DATA, WHETHER OR NOT GOOGLE OR ITS REPRESENTATIVES HAVE BEEN ADVISED OF OR SHOULD HAVE BEEN AWARE OF THE POSSIBILITY OF ANY SUCH LOSSES ARISING.
android-emulator	Run android-actions/setup-android@v3	2026-08-06T10:30:38.3395681Z 
android-emulator	Run android-actions/setup-android@v3	2026-08-06T10:30:38.3395707Z 
android-emulator	Run android-actions/setup-android@v3	2026-08-06T10:30:38.3395898Z 12. Indemnification
android-emulator	Run android-actions/setup-android@v3	2026-08-06T10:30:38.3396105Z 
android-emulator	Run android-actions/setup-android@v3	2026-08-06T10:30:38.3398100Z 12.1 To the maximum extent permitted by law, you agree to defend, indemnify and hold harmless Google, its affiliates and their respective directors, officers, employees and agents from and against any and all claims, actions, suits or proceedings, as well as any and all losses, liabilities, damages, costs and expenses (including reasonable attorneys fees) arising out of or accruing from (a) your use of the SDK, (b) any application you develop on the SDK that infringes any copyright, trademark, trade secret, trade dress, patent or other intellectual property right of any person or defames any person or violates their rights of publicity or privacy, and (c) any non-compliance by you with the License Agreement.
android-emulator	Run android-actions/setup-android@v3	2026-08-06T10:30:38.3400116Z 
android-emulator	Run android-actions/setup-android@v3	2026-08-06T10:30:38.3400121Z 
android-emulator	Run android-actions/setup-android@v3	2026-08-06T10:30:38.3400277Z 13. Changes to the License Agreement
android-emulator	Run android-actions/setup-android@v3	2026-08-06T10:30:38.3400487Z 
android-emulator	Run android-actions/setup-android@v3	2026-08-06T10:30:38.3401149Z 13.1 Google may make changes to the License Agreement as it distributes new versions of the SDK. When these changes are made, Google will make a new version of the License Agreement available on the website where the SDK is made available.
android-emulator	Run android-actions/setup-android@v3	2026-08-06T10:30:38.3401937Z 
android-emulator	Run android-actions/setup-android@v3	2026-08-06T10:30:38.3401941Z 
android-emulator	Run android-actions/setup-android@v3	2026-08-06T10:30:38.3402114Z 14. General Legal Terms
android-emulator	Run android-actions/setup-android@v3	2026-08-06T10:30:38.3402292Z 
android-emulator	Run android-actions/setup-android@v3	2026-08-06T10:30:38.3403116Z 14.1 The License Agreement constitutes the whole legal agreement between you and Google and governs your use of the SDK (excluding any services which Google may provide to you under a separate written agreement), and completely replaces any prior agreements between you and Google in relation to the SDK.
android-emulator	Run android-actions/setup-android@v3	2026-08-06T10:30:38.3404036Z 
android-emulator	Run android-actions/setup-android@v3	2026-08-06T10:30:38.3404866Z 14.2 You agree that if Google does not exercise or enforce any legal right or remedy which is contained in the License Agreement (or which Google has the benefit of under any applicable law), this will not be taken to be a formal waiver of Google's rights and that those rights or remedies will still be available to Google.
android-emulator	Run android-actions/setup-android@v3	2026-08-06T10:30:38.3405907Z 
android-emulator	Run android-actions/setup-android@v3	2026-08-06T10:30:38.3406843Z 14.3 If any court of law, having the jurisdiction to decide on this matter, rules that any provision of the License Agreement is invalid, then that provision will be removed from the License Agreement without affecting the rest of the License Agreement. The remaining provisions of the License Agreement will continue to be valid and enforceable.
android-emulator	Run android-actions/setup-android@v3	2026-08-06T10:30:38.3408173Z 
android-emulator	Run android-actions/setup-android@v3	2026-08-06T10:30:38.3409936Z 14.4 You acknowledge and agree that each member of the group of companies of which Google is the parent shall be third party beneficiaries to the License Agreement and that such other companies shall be entitled to directly enforce, and rely upon, any provision of the License Agreement that confers a benefit on (or rights in favor of) them. Other than this, no other person or company shall be third party beneficiaries to the License Agreement.
android-emulator	Run android-actions/setup-android@v3	2026-08-06T10:30:38.3411595Z 
android-emulator	Run android-actions/setup-android@v3	2026-08-06T10:30:38.3412348Z 14.5 EXPORT RESTRICTIONS. THE SDK IS SUBJECT TO UNITED STATES EXPORT LAWS AND REGULATIONS. YOU MUST COMPLY WITH ALL DOMESTIC AND INTERNATIONAL EXPORT LAWS AND REGULATIONS THAT APPLY TO THE SDK. THESE LAWS INCLUDE RESTRICTIONS ON DESTINATIONS, END USERS AND END USE.
android-emulator	Run android-actions/setup-android@v3	2026-08-06T10:30:38.3413162Z 
android-emulator	Run android-actions/setup-android@v3	2026-08-06T10:30:38.3414084Z 14.6 The rights granted in the License Agreement may not be assigned or transferred by either you or Google without the prior written approval of the other party. Neither you nor Google shall be permitted to delegate their responsibilities or obligations under the License Agreement without the prior written approval of the other party.
android-emulator	Run android-actions/setup-android@v3	2026-08-06T10:30:38.3415086Z 
android-emulator	Run android-actions/setup-android@v3	2026-08-06T10:30:38.3416553Z 14.7 The License Agreement, and your relationship with Google under the License Agreement, shall be governed by the laws of the State of California without regard to its conflict of laws provisions. You and Google agree to submit to the exclusive jurisdiction of the courts located within the county of Santa Clara, California to resolve any legal matter arising from the License Agreement. Notwithstanding this, you agree that Google shall still be allowed to apply for injunctive remedies (or an equivalent type of urgent legal relief) in any jurisdiction.
android-emulator	Run android-actions/setup-android@v3	2026-08-06T10:30:38.3418303Z 
android-emulator	Run android-actions/setup-android@v3	2026-08-06T10:30:38.3418312Z 
android-emulator	Run android-actions/setup-android@v3	2026-08-06T10:30:38.3418464Z January 16, 2019
android-emulator	Run android-actions/setup-android@v3	2026-08-06T10:30:38.3418807Z ---------------------------------------
android-emulator	Run android-actions/setup-android@v3	2026-08-06T10:30:38.3419144Z Accept? (y/N): 
android-emulator	Run android-actions/setup-android@v3	2026-08-06T10:30:38.3419475Z 4/6: License android-sdk-preview-license:
android-emulator	Run android-actions/setup-android@v3	2026-08-06T10:30:38.3419836Z ---------------------------------------
android-emulator	Run android-actions/setup-android@v3	2026-08-06T10:30:38.3421058Z To get started with the Android SDK Preview, you must agree to the following terms and conditions. As described below, please note that this is a preview version of the Android SDK, subject to change, that you use at your own risk. The Android SDK Preview is not a stable release, and may contain errors and defects that can result in serious damage to your computer systems, devices and data.
android-emulator	Run android-actions/setup-android@v3	2026-08-06T10:30:38.3422209Z 
android-emulator	Run android-actions/setup-android@v3	2026-08-06T10:30:38.3422446Z This is the Android SDK Preview License Agreement (the "License Agreement").
android-emulator	Run android-actions/setup-android@v3	2026-08-06T10:30:38.3422769Z 
android-emulator	Run android-actions/setup-android@v3	2026-08-06T10:30:38.3422875Z 1. Introduction
android-emulator	Run android-actions/setup-android@v3	2026-08-06T10:30:38.3423109Z 
android-emulator	Run android-actions/setup-android@v3	2026-08-06T10:30:38.3424528Z 1.1 The Android SDK Preview (referred to in the License Agreement as the “Preview” and specifically including the Android system files, packaged APIs, and Preview library files, if and when they are made available) is licensed to you subject to the terms of the License Agreement. The License Agreement forms a legally binding contract between you and Google in relation to your use of the Preview.
android-emulator	Run android-actions/setup-android@v3	2026-08-06T10:30:38.3425755Z 
android-emulator	Run android-actions/setup-android@v3	2026-08-06T10:30:38.3426376Z 1.2 "Android" means the Android software stack for devices, as made available under the Android Open Source Project, which is located at the following URL: http://source.android.com/, as updated from time to time.
android-emulator	Run android-actions/setup-android@v3	2026-08-06T10:30:38.3427111Z 
android-emulator	Run android-actions/setup-android@v3	2026-08-06T10:30:38.3427575Z 1.3 "Google" means Google Inc., a Delaware corporation with principal place of business at 1600 Amphitheatre Parkway, Mountain View, CA 94043, United States.
android-emulator	Run android-actions/setup-android@v3	2026-08-06T10:30:38.3428252Z 
android-emulator	Run android-actions/setup-android@v3	2026-08-06T10:30:38.3428440Z 2. Accepting the License Agreement
android-emulator	Run android-actions/setup-android@v3	2026-08-06T10:30:38.3428681Z 
android-emulator	Run android-actions/setup-android@v3	2026-08-06T10:30:38.3429089Z 2.1 In order to use the Preview, you must first agree to the License Agreement. You may not use the Preview if you do not accept the License Agreement.
android-emulator	Run android-actions/setup-android@v3	2026-08-06T10:30:38.3429598Z 
android-emulator	Run android-actions/setup-android@v3	2026-08-06T10:30:38.3429909Z 2.2 By clicking to accept and/or using the Preview, you hereby agree to the terms of the License Agreement.
android-emulator	Run android-actions/setup-android@v3	2026-08-06T10:30:38.3430325Z 
android-emulator	Run android-actions/setup-android@v3	2026-08-06T10:30:38.3431033Z 2.3 You may not use the Preview and may not accept the License Agreement if you are a person barred from receiving the Preview under the laws of the United States or other countries including the country in which you are resident or from which you use the Preview.
android-emulator	Run android-actions/setup-android@v3	2026-08-06T10:30:38.3431865Z 
android-emulator	Run android-actions/setup-android@v3	2026-08-06T10:30:38.3433102Z 2.4 If you will use the Preview internally within your company or organization you agree to be bound by the License Agreement on behalf of your employer or other entity, and you represent and warrant that you have full legal authority to bind your employer or such entity to the License Agreement. If you do not have the requisite authority, you may not accept the License Agreement or use the Preview on behalf of your employer or other entity.
android-emulator	Run android-actions/setup-android@v3	2026-08-06T10:30:38.3434406Z 
android-emulator	Run android-actions/setup-android@v3	2026-08-06T10:30:38.3434577Z 3. Preview License from Google
android-emulator	Run android-actions/setup-android@v3	2026-08-06T10:30:38.3434760Z 
android-emulator	Run android-actions/setup-android@v3	2026-08-06T10:30:38.3435708Z 3.1 Subject to the terms of the License Agreement, Google grants you a royalty-free, non-assignable, non-exclusive, non-sublicensable, limited, revocable license to use the Preview, personally or internally within your company or organization, solely to develop applications to run on the Android platform.
android-emulator	Run android-actions/setup-android@v3	2026-08-06T10:30:38.3436681Z 
android-emulator	Run android-actions/setup-android@v3	2026-08-06T10:30:38.3437948Z 3.2 You agree that Google or third parties owns all legal right, title and interest in and to the Preview, including any Intellectual Property Rights that subsist in the Preview. "Intellectual Property Rights" means any and all rights under patent law, copyright law, trade secret law, trademark law, and any and all other proprietary rights. Google reserves all rights not expressly granted to you.
android-emulator	Run android-actions/setup-android@v3	2026-08-06T10:30:38.3439194Z 
android-emulator	Run android-actions/setup-android@v3	2026-08-06T10:30:38.3440871Z 3.3 You may not use the Preview for any purpose not expressly permitted by the License Agreement. Except to the extent required by applicable third party licenses, you may not: (a) copy (except for backup purposes), modify, adapt, redistribute, decompile, reverse engineer, disassemble, or create derivative works of the Preview or any part of the Preview; or (b) load any part of the Preview onto a mobile handset or any other hardware device except a personal computer, combine any part of the Preview with other software, or distribute any software or device incorporating a part of the Preview.
android-emulator	Run android-actions/setup-android@v3	2026-08-06T10:30:38.3442584Z 
android-emulator	Run android-actions/setup-android@v3	2026-08-06T10:30:38.3443312Z 3.4 You agree that you will not take any actions that may cause or result in the fragmentation of Android, including but not limited to distributing, participating in the creation of, or promoting in any way a software development kit derived from the Preview.
android-emulator	Run android-actions/setup-android@v3	2026-08-06T10:30:38.3444228Z 
android-emulator	Run android-actions/setup-android@v3	2026-08-06T10:30:38.3445347Z 3.5 Use, reproduction and distribution of components of the Preview licensed under an open source software license are governed solely by the terms of that open source software license and not the License Agreement. You agree to remain a licensee in good standing in regard to such open source software licenses under all the rights granted and to refrain from any actions that may terminate, suspend, or breach such rights.
android-emulator	Run android-actions/setup-android@v3	2026-08-06T10:30:38.3446564Z 
android-emulator	Run android-actions/setup-android@v3	2026-08-06T10:30:38.3447932Z 3.6 You agree that the form and nature of the Preview that Google provides may change without prior notice to you and that future versions of the Preview may be incompatible with applications developed on previous versions of the Preview. You agree that Google may stop (permanently or temporarily) providing the Preview (or any features within the Preview) to you or to users generally at Google's sole discretion, without prior notice to you.
android-emulator	Run android-actions/setup-android@v3	2026-08-06T10:30:38.3449168Z 
android-emulator	Run android-actions/setup-android@v3	2026-08-06T10:30:38.3449762Z 3.7 Nothing in the License Agreement gives you a right to use any of Google's trade names, trademarks, service marks, logos, domain names, or other distinctive brand features.
android-emulator	Run android-actions/setup-android@v3	2026-08-06T10:30:38.3450589Z 
android-emulator	Run android-actions/setup-android@v3	2026-08-06T10:30:38.3451352Z 3.8 You agree that you will not remove, obscure, or alter any proprietary rights notices (including copyright and trademark notices) that may be affixed to or contained within the Preview.
android-emulator	Run android-actions/setup-android@v3	2026-08-06T10:30:38.3451980Z 
android-emulator	Run android-actions/setup-android@v3	2026-08-06T10:30:38.3452087Z 4. Use of the Preview by You
android-emulator	Run android-actions/setup-android@v3	2026-08-06T10:30:38.3452342Z 
android-emulator	Run android-actions/setup-android@v3	2026-08-06T10:30:38.3453150Z 4.1 Google agrees that nothing in the License Agreement gives Google any right, title or interest from you (or your licensors) under the License Agreement in or to any software applications that you develop using the Preview, including any intellectual property rights that subsist in those applications.
android-emulator	Run android-actions/setup-android@v3	2026-08-06T10:30:38.3454054Z 
android-emulator	Run android-actions/setup-android@v3	2026-08-06T10:30:38.3455045Z 4.2 You agree to use the Preview and write applications only for purposes that are permitted by (a) the License Agreement, and (b) any applicable law, regulation or generally accepted practices or guidelines in the relevant jurisdictions (including any laws regarding the export of data or software to and from the United States or other relevant countries).
android-emulator	Run android-actions/setup-android@v3	2026-08-06T10:30:38.3456047Z 
android-emulator	Run android-actions/setup-android@v3	2026-08-06T10:30:38.3458211Z 4.3 You agree that if you use the Preview to develop applications, you will protect the privacy and legal rights of users. If users provide you with user names, passwords, or other login information or personal information, you must make the users aware that the information will be available to your application, and you must provide legally adequate privacy notice and protection for those users. If your application stores personal or sensitive information provided by users, it must do so securely. If users provide you with Google Account information, your application may only use that information to access the user's Google Account when, and for the limited purposes for which, each user has given you permission to do so.
android-emulator	Run android-actions/setup-android@v3	2026-08-06T10:30:38.3460263Z 
android-emulator	Run android-actions/setup-android@v3	2026-08-06T10:30:38.3461071Z 4.4 You agree that you will not engage in any activity with the Preview, including the development or distribution of an application, that interferes with, disrupts, damages, or accesses in an unauthorized manner the servers, networks, or other properties or services of Google or any third party.
android-emulator	Run android-actions/setup-android@v3	2026-08-06T10:30:38.3462000Z 
android-emulator	Run android-actions/setup-android@v3	2026-08-06T10:30:38.3462961Z 4.5 You agree that you are solely responsible for (and that Google has no responsibility to you or to any third party for) any data, content, or resources that you create, transmit or display through Android and/or applications for Android, and for the consequences of your actions (including any loss or damage which Google may suffer) by doing so.
android-emulator	Run android-actions/setup-android@v3	2026-08-06T10:30:38.3464014Z 
android-emulator	Run android-actions/setup-android@v3	2026-08-06T10:30:38.3465037Z 4.6 You agree that you are solely responsible for (and that Google has no responsibility to you or to any third party for) any breach of your obligations under the License Agreement, any applicable third party contract or Terms of Service, or any applicable law or regulation, and for the consequences (including any loss or damage which Google or any third party may suffer) of any such breach.
android-emulator	Run android-actions/setup-android@v3	2026-08-06T10:30:38.3466242Z 
android-emulator	Run android-actions/setup-android@v3	2026-08-06T10:30:38.3467542Z 4.7 The Preview is in development, and your testing and feedback are an important part of the development process. By using the Preview, you acknowledge that implementation of some features are still under development and that you should not rely on the Preview having the full functionality of a stable release. You agree not to publicly distribute or ship any application using this Preview as this Preview will no longer be supported after the official Android SDK is released.
android-emulator	Run android-actions/setup-android@v3	2026-08-06T10:30:38.3469100Z 
android-emulator	Run android-actions/setup-android@v3	2026-08-06T10:30:38.3469304Z 5. Your Developer Credentials
android-emulator	Run android-actions/setup-android@v3	2026-08-06T10:30:38.3469487Z 
android-emulator	Run android-actions/setup-android@v3	2026-08-06T10:30:38.3470277Z 5.1 You agree that you are responsible for maintaining the confidentiality of any developer credentials that may be issued to you by Google or which you may choose yourself and that you will be solely responsible for all applications that are developed under your developer credentials.
android-emulator	Run android-actions/setup-android@v3	2026-08-06T10:30:38.3471149Z 
android-emulator	Run android-actions/setup-android@v3	2026-08-06T10:30:38.3471287Z 6. Privacy and Information
android-emulator	Run android-actions/setup-android@v3	2026-08-06T10:30:38.3471502Z 
android-emulator	Run android-actions/setup-android@v3	2026-08-06T10:30:38.3473407Z 6.1 In order to continually innovate and improve the Preview, Google may collect certain usage statistics from the software including but not limited to a unique identifier, associated IP address, version number of the software, and information on which tools and/or services in the Preview are being used and how they are being used. Before any of this information is collected, the Preview will notify you and seek your consent. If you withhold consent, the information will not be collected.
android-emulator	Run android-actions/setup-android@v3	2026-08-06T10:30:38.3475596Z 
android-emulator	Run android-actions/setup-android@v3	2026-08-06T10:30:38.3476423Z 6.2 The data collected is examined in the aggregate to improve the Preview and is maintained in accordance with Google's Privacy Policy located at http://www.google.com/policies/privacy/.
android-emulator	Run android-actions/setup-android@v3	2026-08-06T10:30:38.3477410Z 
android-emulator	Run android-actions/setup-android@v3	2026-08-06T10:30:38.3477672Z 7. Third Party Applications
android-emulator	Run android-actions/setup-android@v3	2026-08-06T10:30:38.3478107Z 
android-emulator	Run android-actions/setup-android@v3	2026-08-06T10:30:38.3480839Z 7.1 If you use the Preview to run applications developed by a third party or that access data, content or resources provided by a third party, you agree that Google is not responsible for those applications, data, content, or resources. You understand that all data, content or resources which you may access through such third party applications are the sole responsibility of the person from which they originated and that Google is not liable for any loss or damage that you may experience as a result of the use or access of any of those third party applications, data, content, or resources.
android-emulator	Run android-actions/setup-android@v3	2026-08-06T10:30:38.3483596Z 
android-emulator	Run android-actions/setup-android@v3	2026-08-06T10:30:38.3485749Z 7.2 You should be aware the data, content, and resources presented to you through such a third party application may be protected by intellectual property rights which are owned by the providers (or by other persons or companies on their behalf). You may not modify, rent, lease, loan, sell, distribute or create derivative works based on these data, content, or resources (either in whole or in part) unless you have been specifically given permission to do so by the relevant owners.
android-emulator	Run android-actions/setup-android@v3	2026-08-06T10:30:38.3488120Z 
android-emulator	Run android-actions/setup-android@v3	2026-08-06T10:30:38.3488889Z 7.3 You acknowledge that your use of such third party applications, data, content, or resources may be subject to separate terms between you and the relevant third party.
android-emulator	Run android-actions/setup-android@v3	2026-08-06T10:30:38.3489625Z 
android-emulator	Run android-actions/setup-android@v3	2026-08-06T10:30:38.3489764Z 8. Using Google APIs
android-emulator	Run android-actions/setup-android@v3	2026-08-06T10:30:38.3489958Z 
android-emulator	Run android-actions/setup-android@v3	2026-08-06T10:30:38.3490145Z 8.1 Google APIs
android-emulator	Run android-actions/setup-android@v3	2026-08-06T10:30:38.3490286Z 
android-emulator	Run android-actions/setup-android@v3	2026-08-06T10:30:38.3491605Z 8.1.1 If you use any API to retrieve data from Google, you acknowledge that the data may be protected by intellectual property rights which are owned by Google or those parties that provide the data (or by other persons or companies on their behalf). Your use of any such API may be subject to additional Terms of Service. You may not modify, rent, lease, loan, sell, distribute or create derivative works based on this data (either in whole or in part) unless allowed by the relevant Terms of Service.
android-emulator	Run android-actions/setup-android@v3	2026-08-06T10:30:38.3493155Z 
android-emulator	Run android-actions/setup-android@v3	2026-08-06T10:30:38.3493846Z 8.1.2 If you use any API to retrieve a user's data from Google, you acknowledge and agree that you shall retrieve data only with the user's explicit consent and only when, and for the limited purposes for which, the user has given you permission to do so.
android-emulator	Run android-actions/setup-android@v3	2026-08-06T10:30:38.3494706Z 
android-emulator	Run android-actions/setup-android@v3	2026-08-06T10:30:38.3495712Z 9. Terminating the License Agreement
android-emulator	Run android-actions/setup-android@v3	2026-08-06T10:30:38.3495908Z 
android-emulator	Run android-actions/setup-android@v3	2026-08-06T10:30:38.3496251Z 9.1 the License Agreement will continue to apply until terminated by either you or Google as set out below.
android-emulator	Run android-actions/setup-android@v3	2026-08-06T10:30:38.3496639Z 
android-emulator	Run android-actions/setup-android@v3	2026-08-06T10:30:38.3497046Z 9.2 If you want to terminate the License Agreement, you may do so by ceasing your use of the Preview and any relevant developer credentials.
android-emulator	Run android-actions/setup-android@v3	2026-08-06T10:30:38.3497476Z 
android-emulator	Run android-actions/setup-android@v3	2026-08-06T10:30:38.3497931Z 9.3 Google may at any time, terminate the License Agreement, with or without cause, upon notice to you.
android-emulator	Run android-actions/setup-android@v3	2026-08-06T10:30:38.3498321Z 
android-emulator	Run android-actions/setup-android@v3	2026-08-06T10:30:38.3499220Z 9.4 The License Agreement will automatically terminate without notice or other action upon the earlier of: (A) when Google ceases to provide the Preview or certain parts of the Preview to users in the country in which you are resident or from which you use the service; and (B) Google issues a final release version of the Android SDK.
android-emulator	Run android-actions/setup-android@v3	2026-08-06T10:30:38.3500199Z 
android-emulator	Run android-actions/setup-android@v3	2026-08-06T10:30:38.3500845Z 9.5 When the License Agreement is terminated, the license granted to you in the License Agreement will terminate, you will immediately cease all use of the Preview, and the provisions of paragraphs 10, 11, 12 and 14 shall survive indefinitely.
android-emulator	Run android-actions/setup-android@v3	2026-08-06T10:30:38.3501612Z 
android-emulator	Run android-actions/setup-android@v3	2026-08-06T10:30:38.3501722Z 10. DISCLAIMERS
android-emulator	Run android-actions/setup-android@v3	2026-08-06T10:30:38.3501914Z 
android-emulator	Run android-actions/setup-android@v3	2026-08-06T10:30:38.3502453Z 10.1 YOU EXPRESSLY UNDERSTAND AND AGREE THAT YOUR USE OF THE PREVIEW IS AT YOUR SOLE RISK AND THAT THE PREVIEW IS PROVIDED "AS IS" AND "AS AVAILABLE" WITHOUT WARRANTY OF ANY KIND FROM GOOGLE.
android-emulator	Run android-actions/setup-android@v3	2026-08-06T10:30:38.3503018Z 
android-emulator	Run android-actions/setup-android@v3	2026-08-06T10:30:38.3504532Z 10.2 YOUR USE OF THE PREVIEW AND ANY MATERIAL DOWNLOADED OR OTHERWISE OBTAINED THROUGH THE USE OF THE PREVIEW IS AT YOUR OWN DISCRETION AND RISK AND YOU ARE SOLELY RESPONSIBLE FOR ANY DAMAGE TO YOUR COMPUTER SYSTEM OR OTHER DEVICE OR LOSS OF DATA THAT RESULTS FROM SUCH USE. WITHOUT LIMITING THE FOREGOING, YOU UNDERSTAND THAT THE PREVIEW IS NOT A STABLE RELEASE AND MAY CONTAIN ERRORS, DEFECTS AND SECURITY VULNERABILITIES THAT CAN RESULT IN SIGNIFICANT DAMAGE, INCLUDING THE COMPLETE, IRRECOVERABLE LOSS OF USE OF YOUR COMPUTER SYSTEM OR OTHER DEVICE.
android-emulator	Run android-actions/setup-android@v3	2026-08-06T10:30:38.3506062Z 
android-emulator	Run android-actions/setup-android@v3	2026-08-06T10:30:38.3506760Z 10.3 GOOGLE FURTHER EXPRESSLY DISCLAIMS ALL WARRANTIES AND CONDITIONS OF ANY KIND, WHETHER EXPRESS OR IMPLIED, INCLUDING, BUT NOT LIMITED TO THE IMPLIED WARRANTIES AND CONDITIONS OF MERCHANTABILITY, FITNESS FOR A PARTICULAR PURPOSE AND NON-INFRINGEMENT.
android-emulator	Run android-actions/setup-android@v3	2026-08-06T10:30:38.3507568Z 
android-emulator	Run android-actions/setup-android@v3	2026-08-06T10:30:38.3507688Z 11. LIMITATION OF LIABILITY
android-emulator	Run android-actions/setup-android@v3	2026-08-06T10:30:38.3508051Z 
android-emulator	Run android-actions/setup-android@v3	2026-08-06T10:30:38.3509225Z 11.1 YOU EXPRESSLY UNDERSTAND AND AGREE THAT GOOGLE, ITS SUBSIDIARIES AND AFFILIATES, AND ITS LICENSORS SHALL NOT BE LIABLE TO YOU UNDER ANY THEORY OF LIABILITY FOR ANY DIRECT, INDIRECT, INCIDENTAL, SPECIAL, CONSEQUENTIAL OR EXEMPLARY DAMAGES THAT MAY BE INCURRED BY YOU, INCLUDING ANY LOSS OF DATA, WHETHER OR NOT GOOGLE OR ITS REPRESENTATIVES HAVE BEEN ADVISED OF OR SHOULD HAVE BEEN AWARE OF THE POSSIBILITY OF ANY SUCH LOSSES ARISING.
android-emulator	Run android-actions/setup-android@v3	2026-08-06T10:30:38.3510523Z 
android-emulator	Run android-actions/setup-android@v3	2026-08-06T10:30:38.3510685Z 12. Indemnification
android-emulator	Run android-actions/setup-android@v3	2026-08-06T10:30:38.3510835Z 
android-emulator	Run android-actions/setup-android@v3	2026-08-06T10:30:38.3513142Z 12.1 To the maximum extent permitted by law, you agree to defend, indemnify and hold harmless Google, its affiliates and their respective directors, officers, employees and agents from and against any and all claims, actions, suits or proceedings, as well as any and all losses, liabilities, damages, costs and expenses (including reasonable attorneys’ fees) arising out of or accruing from (a) your use of the Preview, (b) any application you develop on the Preview that infringes any Intellectual Property Rights of any person or defames any person or violates their rights of publicity or privacy, and (c) any non-compliance by you of the License Agreement.
android-emulator	Run android-actions/setup-android@v3	2026-08-06T10:30:38.3515063Z 
android-emulator	Run android-actions/setup-android@v3	2026-08-06T10:30:38.3515207Z 13. Changes to the License Agreement
android-emulator	Run android-actions/setup-android@v3	2026-08-06T10:30:38.3515530Z 
android-emulator	Run android-actions/setup-android@v3	2026-08-06T10:30:38.3516165Z 13.1 Google may make changes to the License Agreement as it distributes new versions of the Preview. When these changes are made, Google will make a new version of the License Agreement available on the website where the Preview is made available.
android-emulator	Run android-actions/setup-android@v3	2026-08-06T10:30:38.3521362Z 
android-emulator	Run android-actions/setup-android@v3	2026-08-06T10:30:38.3521567Z 14. General Legal Terms
android-emulator	Run android-actions/setup-android@v3	2026-08-06T10:30:38.3521887Z 
android-emulator	Run android-actions/setup-android@v3	2026-08-06T10:30:38.3523495Z 14.1 the License Agreement constitutes the whole legal agreement between you and Google and governs your use of the Preview (excluding any services which Google may provide to you under a separate written agreement), and completely replaces any prior agreements between you and Google in relation to the Preview.
android-emulator	Run android-actions/setup-android@v3	2026-08-06T10:30:38.3525078Z 
android-emulator	Run android-actions/setup-android@v3	2026-08-06T10:30:38.3526554Z 14.2 You agree that if Google does not exercise or enforce any legal right or remedy which is contained in the License Agreement (or which Google has the benefit of under any applicable law), this will not be taken to be a formal waiver of Google's rights and that those rights or remedies will still be available to Google.
android-emulator	Run android-actions/setup-android@v3	2026-08-06T10:30:38.3528350Z 
android-emulator	Run android-actions/setup-android@v3	2026-08-06T10:30:38.3529912Z 14.3 If any court of law, having the jurisdiction to decide on this matter, rules that any provision of the License Agreement is invalid, then that provision will be removed from the License Agreement without affecting the rest of the License Agreement. The remaining provisions of the License Agreement will continue to be valid and enforceable.
android-emulator	Run android-actions/setup-android@v3	2026-08-06T10:30:38.3531727Z 
android-emulator	Run android-actions/setup-android@v3	2026-08-06T10:30:38.3533739Z 14.4 You acknowledge and agree that each member of the group of companies of which Google is the parent shall be third party beneficiaries to the License Agreement and that such other companies shall be entitled to directly enforce, and rely upon, any provision of the License Agreement that confers a benefit on (or rights in favor of) them. Other than this, no other person or company shall be third party beneficiaries to the License Agreement.
android-emulator	Run android-actions/setup-android@v3	2026-08-06T10:30:38.3535655Z 
android-emulator	Run android-actions/setup-android@v3	2026-08-06T10:30:38.3536861Z 14.5 EXPORT RESTRICTIONS. THE PREVIEW IS SUBJECT TO UNITED STATES EXPORT LAWS AND REGULATIONS. YOU MUST COMPLY WITH ALL DOMESTIC AND INTERNATIONAL EXPORT LAWS AND REGULATIONS THAT APPLY TO THE PREVIEW. THESE LAWS INCLUDE RESTRICTIONS ON DESTINATIONS, END USERS AND END USE.
android-emulator	Run android-actions/setup-android@v3	2026-08-06T10:30:38.3538531Z 
android-emulator	Run android-actions/setup-android@v3	2026-08-06T10:30:38.3539941Z 14.6 The License Agreement may not be assigned or transferred by you without the prior written approval of Google, and any attempted assignment without such approval will be void. You shall not delegate your responsibilities or obligations under the License Agreement without the prior written approval of Google.
android-emulator	Run android-actions/setup-android@v3	2026-08-06T10:30:38.3541674Z 
android-emulator	Run android-actions/setup-android@v3	2026-08-06T10:30:38.3544532Z 14.7 The License Agreement, and your relationship with Google under the License Agreement, shall be governed by the laws of the State of California without regard to its conflict of laws provisions. You and Google agree to submit to the exclusive jurisdiction of the courts located within the county of Santa Clara, California to resolve any legal matter arising from the License Agreement. Notwithstanding this, you agree that Google shall still be allowed to apply for injunctive remedies (or an equivalent type of urgent legal relief) in any jurisdiction.
android-emulator	Run android-actions/setup-android@v3	2026-08-06T10:30:38.3547940Z 
android-emulator	Run android-actions/setup-android@v3	2026-08-06T10:30:38.3548196Z June 2014.
android-emulator	Run android-actions/setup-android@v3	2026-08-06T10:30:38.3548618Z ---------------------------------------
android-emulator	Run android-actions/setup-android@v3	2026-08-06T10:30:38.3549303Z Accept? (y/N): 
android-emulator	Run android-actions/setup-android@v3	2026-08-06T10:30:38.3549782Z 5/6: License google-gdk-license:
android-emulator	Run android-actions/setup-android@v3	2026-08-06T10:30:38.3550322Z ---------------------------------------
android-emulator	Run android-actions/setup-android@v3	2026-08-06T10:30:38.3550947Z This is a Developer Preview of the GDK that is subject to change.
android-emulator	Run android-actions/setup-android@v3	2026-08-06T10:30:38.3551408Z 
android-emulator	Run android-actions/setup-android@v3	2026-08-06T10:30:38.3551623Z Terms and Conditions
android-emulator	Run android-actions/setup-android@v3	2026-08-06T10:30:38.3551896Z 
android-emulator	Run android-actions/setup-android@v3	2026-08-06T10:30:38.3552124Z This is the Glass Development Kit License Agreement.
android-emulator	Run android-actions/setup-android@v3	2026-08-06T10:30:38.3552557Z 
android-emulator	Run android-actions/setup-android@v3	2026-08-06T10:30:38.3552732Z 1. Introduction
android-emulator	Run android-actions/setup-android@v3	2026-08-06T10:30:38.3552996Z 
android-emulator	Run android-actions/setup-android@v3	2026-08-06T10:30:38.3554956Z 1.1 The Glass Development Kit (referred to in this License Agreement as the "GDK" and specifically including the Android system files, packaged APIs, and GDK library files, if and when they are made available) is licensed to you subject to the terms of this License Agreement. This License Agreement forms a legally binding contract between you and Google in relation to your use of the GDK.
android-emulator	Run android-actions/setup-android@v3	2026-08-06T10:30:38.3556942Z 
android-emulator	Run android-actions/setup-android@v3	2026-08-06T10:30:38.3557295Z 1.2 "Glass" means Glass devices and the Glass software stack for use on Glass devices.
android-emulator	Run android-actions/setup-android@v3	2026-08-06T10:30:38.3558017Z 
android-emulator	Run android-actions/setup-android@v3	2026-08-06T10:30:38.3558028Z 
android-emulator	Run android-actions/setup-android@v3	2026-08-06T10:30:38.3559069Z 1.3 "Android" means the Android software stack for devices, as made available under the Android Open Source Project, which is located at the following URL: http://source.android.com/, as updated from time to time.
android-emulator	Run android-actions/setup-android@v3	2026-08-06T10:30:38.3560173Z 
android-emulator	Run android-actions/setup-android@v3	2026-08-06T10:30:38.3560919Z 1.4 "Google" means Google Inc., a Delaware corporation with principal place of business at 1600 Amphitheatre Parkway, Mountain View, CA 94043, United States.
android-emulator	Run android-actions/setup-android@v3	2026-08-06T10:30:38.3561798Z 
android-emulator	Run android-actions/setup-android@v3	2026-08-06T10:30:38.3562064Z 2. Accepting this License Agreement
android-emulator	Run android-actions/setup-android@v3	2026-08-06T10:30:38.3562437Z 
android-emulator	Run android-actions/setup-android@v3	2026-08-06T10:30:38.3563032Z 2.1 In order to use the GDK, you must first agree to this License Agreement. You may not use the GDK if you do not accept this License Agreement.
android-emulator	Run android-actions/setup-android@v3	2026-08-06T10:30:38.3563809Z 
android-emulator	Run android-actions/setup-android@v3	2026-08-06T10:30:38.3564139Z 2.2 By clicking to accept, you hereby agree to the terms of this License Agreement.
android-emulator	Run android-actions/setup-android@v3	2026-08-06T10:30:38.3564717Z 
android-emulator	Run android-actions/setup-android@v3	2026-08-06T10:30:38.3565813Z 2.3 You may not use the GDK and may not accept the License Agreement if you are a person barred from receiving the GDK under the laws of the United States or other countries including the country in which you are resident or from which you use the GDK.
android-emulator	Run android-actions/setup-android@v3	2026-08-06T10:30:38.3567094Z 
android-emulator	Run android-actions/setup-android@v3	2026-08-06T10:30:38.3568841Z 2.4 If you are agreeing to be bound by this License Agreement on behalf of your employer or other entity, you represent and warrant that you have full legal authority to bind your employer or such entity to this License Agreement. If you do not have the requisite authority, you may not accept the License Agreement or use the GDK on behalf of your employer or other entity.
android-emulator	Run android-actions/setup-android@v3	2026-08-06T10:30:38.3570662Z 
android-emulator	Run android-actions/setup-android@v3	2026-08-06T10:30:38.3570917Z 3. GDK License from Google
android-emulator	Run android-actions/setup-android@v3	2026-08-06T10:30:38.3571170Z 
android-emulator	Run android-actions/setup-android@v3	2026-08-06T10:30:38.3572372Z 3.1 Subject to the terms of this License Agreement, Google grants you a limited, worldwide, royalty-free, non-assignable and non-exclusive license to use the GDK solely to develop applications to run on the Glass platform for Glass devices.
android-emulator	Run android-actions/setup-android@v3	2026-08-06T10:30:38.3573657Z 
android-emulator	Run android-actions/setup-android@v3	2026-08-06T10:30:38.3575415Z 3.2 You agree that Google or third parties own all legal right, title and interest in and to the GDK, including any Intellectual Property Rights that subsist in the GDK. "Intellectual Property Rights" means any and all rights under patent law, copyright law, trade secret law, trademark law, and any and all other proprietary rights. Google reserves all rights not expressly granted to you.
android-emulator	Run android-actions/setup-android@v3	2026-08-06T10:30:38.3577378Z 
android-emulator	Run android-actions/setup-android@v3	2026-08-06T10:30:38.3580326Z 3.3 You may not use the GDK for any purpose not expressly permitted by this License Agreement. Except to the extent required by applicable third party licenses, you may not: (a) copy (except for backup purposes), modify, adapt, redistribute, decompile, reverse engineer, disassemble, or create derivative works of the GDK or any part of the GDK; or (b) load any part of the GDK onto a mobile handset or wearable computing device or any other hardware device except a Glass device personal computer, combine any part of the GDK with other software, or distribute any software or device incorporating a part of the GDK.
android-emulator	Run android-actions/setup-android@v3	2026-08-06T10:30:38.3583677Z 
android-emulator	Run android-actions/setup-android@v3	2026-08-06T10:30:38.3584863Z 3.4 You agree that you will not take any actions that may cause or result in the fragmentation of Glass, including but not limited to distributing, participating in the creation of, or promoting in any way a software development kit derived from the GDK.
android-emulator	Run android-actions/setup-android@v3	2026-08-06T10:30:38.3586227Z 
android-emulator	Run android-actions/setup-android@v3	2026-08-06T10:30:38.3587189Z 3.5 Use, reproduction and distribution of components of the GDK licensed under an open source software license are governed solely by the terms of that open source software license and not this License Agreement.
android-emulator	Run android-actions/setup-android@v3	2026-08-06T10:30:38.3588451Z 
android-emulator	Run android-actions/setup-android@v3	2026-08-06T10:30:38.3590308Z 3.6 You agree that the form and nature of the GDK that Google provides may change without prior notice to you and that future versions of the GDK may be incompatible with applications developed on previous versions of the GDK. You agree that Google may stop (permanently or temporarily) providing the GDK (or any features within the GDK) to you or to users generally at Google's sole discretion, without prior notice to you.
android-emulator	Run android-actions/setup-android@v3	2026-08-06T10:30:38.3592650Z 
android-emulator	Run android-actions/setup-android@v3	2026-08-06T10:30:38.3593643Z 3.7 Nothing in this License Agreement gives you a right to use any of Google's trade names, trademarks, service marks, logos, domain names, or other distinctive brand features.
android-emulator	Run android-actions/setup-android@v3	2026-08-06T10:30:38.3594695Z 
android-emulator	Run android-actions/setup-android@v3	2026-08-06T10:30:38.3595697Z 3.8 You agree that you will not remove, obscure, or alter any proprietary rights notices (including copyright and trademark notices) that may be affixed to or contained within the GDK.
android-emulator	Run android-actions/setup-android@v3	2026-08-06T10:30:38.3596715Z 
android-emulator	Run android-actions/setup-android@v3	2026-08-06T10:30:38.3596767Z 
android-emulator	Run android-actions/setup-android@v3	2026-08-06T10:30:38.3598623Z 3.9 Your use of any Android system files, packaged APIs, or other components of the GDK which are part of the Android Software Development Kit is subject to the terms of the Android Software Development Kit License Agreement located at http://developer.android.com/sdk/terms.html. These terms are hereby incorporated by reference into this License Agreement.
android-emulator	Run android-actions/setup-android@v3	2026-08-06T10:30:38.3600573Z 
android-emulator	Run android-actions/setup-android@v3	2026-08-06T10:30:38.3600755Z 4. Use of the GDK by You
android-emulator	Run android-actions/setup-android@v3	2026-08-06T10:30:38.3601056Z 
android-emulator	Run android-actions/setup-android@v3	2026-08-06T10:30:38.3602294Z 4.1 Google agrees that it obtains no right, title or interest from you (or your licensors) under this License Agreement in or to any software applications that you develop using the GDK, including any intellectual property rights that subsist in those applications.
android-emulator	Run android-actions/setup-android@v3	2026-08-06T10:30:38.3603722Z 
android-emulator	Run android-actions/setup-android@v3	2026-08-06T10:30:38.3606325Z 4.2 You agree to use the GDK and write applications only for purposes that are permitted by (a) this License Agreement, (b) the Glass Platform Developer Policies (located at https://developers.google.com/glass/policies, and hereby incorporated into this License Agreement by reference), and (c) any applicable law, regulation or generally accepted practices or guidelines in the relevant jurisdictions (including any laws regarding the export of data or software to and from the United States or other relevant countries).
android-emulator	Run android-actions/setup-android@v3	2026-08-06T10:30:38.3609111Z 
android-emulator	Run android-actions/setup-android@v3	2026-08-06T10:30:38.3612815Z 4.3 You agree that if you use the GDK to develop applications for general public users, you will protect the privacy and legal rights of those users. If the users provide you with user names, passwords, or other login information or personal information, you must make the users aware that the information will be available to your application, and you must provide legally adequate privacy notice and protection for those users. If your application stores personal or sensitive information provided by users, it must do so securely. If the user provides your application with Google Account information, your application may only use that information to access the user's Google Account when, and for the limited purposes for which, the user has given you permission to do so.
android-emulator	Run android-actions/setup-android@v3	2026-08-06T10:30:38.3616776Z 
android-emulator	Run android-actions/setup-android@v3	2026-08-06T10:30:38.3618441Z 4.4 You agree that you will not engage in any activity with the GDK, including the development or distribution of an application, that interferes with, disrupts, damages, or accesses in an unauthorized manner the servers, networks, or other properties or services of any third party including, but not limited to, Google.
android-emulator	Run android-actions/setup-android@v3	2026-08-06T10:30:38.3620130Z 
android-emulator	Run android-actions/setup-android@v3	2026-08-06T10:30:38.3621786Z 4.5 You agree that you are solely responsible for (and that Google has no responsibility to you or to any third party for) any data, content, or resources that you create, transmit or display through Glass and/or applications for Glass, and for the consequences of your actions (including any loss or damage which Google may suffer) by doing so.
android-emulator	Run android-actions/setup-android@v3	2026-08-06T10:30:38.3623594Z 
android-emulator	Run android-actions/setup-android@v3	2026-08-06T10:30:38.3625389Z 4.6 You agree that you are solely responsible for (and that Google has no responsibility to you or to any third party for) any breach of your obligations under this License Agreement, any applicable third party contract or Terms of Service, or any applicable law or regulation, and for the consequences (including any loss or damage which Google or any third party may suffer) of any such breach.
android-emulator	Run android-actions/setup-android@v3	2026-08-06T10:30:38.3627342Z 
android-emulator	Run android-actions/setup-android@v3	2026-08-06T10:30:38.3627349Z 
android-emulator	Run android-actions/setup-android@v3	2026-08-06T10:30:38.3629485Z 4.7 The GDK is in development, and your testing and feedback are an important part of the development process. By using the GDK, you acknowledge that implementation of some features are still under development and that you should not rely on the GDK, Glass devices, Glass system software, Google Mirror API, or Glass services having the full functionality of a stable release.
android-emulator	Run android-actions/setup-android@v3	2026-08-06T10:30:38.3631216Z 
android-emulator	Run android-actions/setup-android@v3	2026-08-06T10:30:38.3631448Z 5. Your Developer Credentials
android-emulator	Run android-actions/setup-android@v3	2026-08-06T10:30:38.3631750Z 
android-emulator	Run android-actions/setup-android@v3	2026-08-06T10:30:38.3632971Z 5.1 You agree that you are responsible for maintaining the confidentiality of any developer credentials that may be issued to you by Google or which you may choose yourself and that you will be solely responsible for all applications that are developed under your developer credentials.
android-emulator	Run android-actions/setup-android@v3	2026-08-06T10:30:38.3634375Z 
android-emulator	Run android-actions/setup-android@v3	2026-08-06T10:30:38.3634541Z 6. Privacy and Information
android-emulator	Run android-actions/setup-android@v3	2026-08-06T10:30:38.3634830Z 
android-emulator	Run android-actions/setup-android@v3	2026-08-06T10:30:38.3634837Z 
android-emulator	Run android-actions/setup-android@v3	2026-08-06T10:30:38.3636861Z 6.1 In order to continually innovate and improve the GDK, Google may collect certain usage statistics from the software including but not limited to a unique identifier, associated IP address, version number of the software, and information on which tools and/or services in the GDK are being used and how they are being used. Before any of this information is collected, the GDK will notify you and seek your consent. If you withhold consent, the information will not be collected.
android-emulator	Run android-actions/setup-android@v3	2026-08-06T10:30:38.3639134Z 
android-emulator	Run android-actions/setup-android@v3	2026-08-06T10:30:38.3639840Z 6.2 The data collected is examined in the aggregate to improve the GDK and is maintained in accordance with Google's Privacy Policy.
android-emulator	Run android-actions/setup-android@v3	2026-08-06T10:30:38.3640535Z 
android-emulator	Run android-actions/setup-android@v3	2026-08-06T10:30:38.3640796Z 7. Third Party Applications
android-emulator	Run android-actions/setup-android@v3	2026-08-06T10:30:38.3641074Z 
android-emulator	Run android-actions/setup-android@v3	2026-08-06T10:30:38.3643572Z 7.1 If you use the GDK to run applications developed by a third party or that access data, content or resources provided by a third party, you agree that Google is not responsible for those applications, data, content, or resources. You understand that all data, content or resources which you may access through such third party applications are the sole responsibility of the person from which they originated and that Google is not liable for any loss or damage that you may experience as a result of the use or access of any of those third party applications, data, content, or resources.
android-emulator	Run android-actions/setup-android@v3	2026-08-06T10:30:38.3646276Z 
android-emulator	Run android-actions/setup-android@v3	2026-08-06T10:30:38.3648616Z 7.2 You should be aware the data, content, and resources presented to you through such a third party application may be protected by intellectual property rights which are owned by the providers (or by other persons or companies on their behalf). You may not modify, rent, lease, loan, sell, distribute or create derivative works based on these data, content, or resources (either in whole or in part) unless you have been specifically given permission to do so by the relevant owners.
android-emulator	Run android-actions/setup-android@v3	2026-08-06T10:30:38.3651616Z 
android-emulator	Run android-actions/setup-android@v3	2026-08-06T10:30:38.3652985Z 7.3 You acknowledge that your use of such third party applications, data, content, or resources may be subject to separate terms between you and the relevant third party. In that case, this License Agreement does not affect your legal relationship with these third parties.
android-emulator	Run android-actions/setup-android@v3	2026-08-06T10:30:38.3654365Z 
android-emulator	Run android-actions/setup-android@v3	2026-08-06T10:30:38.3654644Z 8. Using Google APIs
android-emulator	Run android-actions/setup-android@v3	2026-08-06T10:30:38.3655102Z 
android-emulator	Run android-actions/setup-android@v3	2026-08-06T10:30:38.3655271Z 8.1 Google APIs
android-emulator	Run android-actions/setup-android@v3	2026-08-06T10:30:38.3655536Z 
android-emulator	Run android-actions/setup-android@v3	2026-08-06T10:30:38.3657987Z 8.1.1 If you use any API to retrieve data from Google, you acknowledge that the data may be protected by intellectual property rights which are owned by Google or those parties that provide the data (or by other persons or companies on their behalf). Your use of any such API may be subject to additional Terms of Service. You may not modify, rent, lease, loan, sell, distribute or create derivative works based on this data (either in whole or in part) unless allowed by the relevant Terms of Service.
android-emulator	Run android-actions/setup-android@v3	2026-08-06T10:30:38.3660527Z 
android-emulator	Run android-actions/setup-android@v3	2026-08-06T10:30:38.3661747Z 8.1.2 If you use any API to retrieve a user's data from Google, you acknowledge and agree that you shall retrieve data only with the user's explicit consent and only when, and for the limited purposes for which, the user has given you permission to do so.
android-emulator	Run android-actions/setup-android@v3	2026-08-06T10:30:38.3663087Z 
android-emulator	Run android-actions/setup-android@v3	2026-08-06T10:30:38.3663320Z 9. Terminating this License Agreement
android-emulator	Run android-actions/setup-android@v3	2026-08-06T10:30:38.3663617Z 
android-emulator	Run android-actions/setup-android@v3	2026-08-06T10:30:38.3664227Z 9.1 This License Agreement will continue to apply until terminated by either you or Google as set out below.
android-emulator	Run android-actions/setup-android@v3	2026-08-06T10:30:38.3664863Z 
android-emulator	Run android-actions/setup-android@v3	2026-08-06T10:30:38.3665495Z 9.2 If you want to terminate this License Agreement, you may do so by ceasing your use of the GDK and any relevant developer credentials.
android-emulator	Run android-actions/setup-android@v3	2026-08-06T10:30:38.3666276Z 
android-emulator	Run android-actions/setup-android@v3	2026-08-06T10:30:38.3669253Z 9.3 Google may at any time, terminate this License Agreement with you if: (A) you have breached any provision of this License Agreement; or (B) Google is required to do so by law; or (C) the partner with whom Google offered certain parts of GDK (such as APIs) to you has terminated its relationship with Google or ceased to offer certain parts of the GDK to you; or (D) Google decides to no longer provide the GDK or certain parts of the GDK to users in the country in which you are resident or from which you use the service, or the provision of the GDK or certain GDK services to you by Google is, in Google's sole discretion, no longer commercially viable.
android-emulator	Run android-actions/setup-android@v3	2026-08-06T10:30:38.3672459Z 
android-emulator	Run android-actions/setup-android@v3	2026-08-06T10:30:38.3674602Z 9.4 When this License Agreement comes to an end, all of the legal rights, obligations and liabilities that you and Google have benefited from, been subject to (or which have accrued over time whilst this License Agreement has been in force) or which are expressed to continue indefinitely, shall be unaffected by this cessation, and the provisions of paragraph 14.7 shall continue to apply to such rights, obligations and liabilities indefinitely.
android-emulator	Run android-actions/setup-android@v3	2026-08-06T10:30:38.3676769Z 
android-emulator	Run android-actions/setup-android@v3	2026-08-06T10:30:38.3676981Z 10. DISCLAIMER OF WARRANTIES
android-emulator	Run android-actions/setup-android@v3	2026-08-06T10:30:38.3677221Z 
android-emulator	Run android-actions/setup-android@v3	2026-08-06T10:30:38.3678216Z 10.1 YOU EXPRESSLY UNDERSTAND AND AGREE THAT YOUR USE OF THE GDK IS AT YOUR SOLE RISK AND THAT THE GDK IS PROVIDED "AS IS" AND "AS AVAILABLE" WITHOUT WARRANTY OF ANY KIND FROM GOOGLE.
android-emulator	Run android-actions/setup-android@v3	2026-08-06T10:30:38.3679181Z 
android-emulator	Run android-actions/setup-android@v3	2026-08-06T10:30:38.3680355Z 10.2 YOUR USE OF THE GDK AND ANY MATERIAL DOWNLOADED OR OTHERWISE OBTAINED THROUGH THE USE OF THE GDK IS AT YOUR OWN DISCRETION AND RISK AND YOU ARE SOLELY RESPONSIBLE FOR ANY DAMAGE TO YOUR COMPUTER SYSTEM OR OTHER DEVICE OR LOSS OF DATA THAT RESULTS FROM SUCH USE.
android-emulator	Run android-actions/setup-android@v3	2026-08-06T10:30:38.3681695Z 
android-emulator	Run android-actions/setup-android@v3	2026-08-06T10:30:38.3682845Z 10.3 GOOGLE FURTHER EXPRESSLY DISCLAIMS ALL WARRANTIES AND CONDITIONS OF ANY KIND, WHETHER EXPRESS OR IMPLIED, INCLUDING, BUT NOT LIMITED TO THE IMPLIED WARRANTIES AND CONDITIONS OF MERCHANTABILITY, FITNESS FOR A PARTICULAR PURPOSE AND NON-INFRINGEMENT.
android-emulator	Run android-actions/setup-android@v3	2026-08-06T10:30:38.3684421Z 
android-emulator	Run android-actions/setup-android@v3	2026-08-06T10:30:38.3684639Z 11. LIMITATION OF LIABILITY
android-emulator	Run android-actions/setup-android@v3	2026-08-06T10:30:38.3684894Z 
android-emulator	Run android-actions/setup-android@v3	2026-08-06T10:30:38.3686864Z 11.1 YOU EXPRESSLY UNDERSTAND AND AGREE THAT GOOGLE, ITS SUBSIDIARIES AND AFFILIATES, AND ITS LICENSORS SHALL NOT BE LIABLE TO YOU UNDER ANY THEORY OF LIABILITY FOR ANY DIRECT, INDIRECT, INCIDENTAL, SPECIAL, CONSEQUENTIAL OR EXEMPLARY DAMAGES THAT MAY BE INCURRED BY YOU, INCLUDING ANY LOSS OF DATA, WHETHER OR NOT GOOGLE OR ITS REPRESENTATIVES HAVE BEEN ADVISED OF OR SHOULD HAVE BEEN AWARE OF THE POSSIBILITY OF ANY SUCH LOSSES ARISING.
android-emulator	Run android-actions/setup-android@v3	2026-08-06T10:30:38.3689280Z 
android-emulator	Run android-actions/setup-android@v3	2026-08-06T10:30:38.3689472Z 12. Indemnification
android-emulator	Run android-actions/setup-android@v3	2026-08-06T10:30:38.3689738Z 
android-emulator	Run android-actions/setup-android@v3	2026-08-06T10:30:38.3692808Z 12.1 To the maximum extent permitted by law, you agree to defend, indemnify and hold harmless Google, its affiliates and their respective directors, officers, employees and agents from and against any and all claims, actions, suits or proceedings, as well as any and all losses, liabilities, damages, costs and expenses (including reasonable attorneys fees) arising out of or accruing from (a) your use of the GDK, (b) any application you develop on the GDK that infringes any copyright, trademark, trade secret, trade dress, patent or other intellectual property right of any person or defames any person or violates their rights of publicity or privacy, and (c) any non-compliance by you with this License Agreement.
android-emulator	Run android-actions/setup-android@v3	2026-08-06T10:30:38.3696600Z 
android-emulator	Run android-actions/setup-android@v3	2026-08-06T10:30:38.3696849Z 13. Changes to the License Agreement
android-emulator	Run android-actions/setup-android@v3	2026-08-06T10:30:38.3697168Z 
android-emulator	Run android-actions/setup-android@v3	2026-08-06T10:30:38.3698397Z 13.1 Google may make changes to the License Agreement as it distributes new versions of the GDK. When these changes are made, Google will make a new version of the License Agreement available on the website where the GDK is made available.
android-emulator	Run android-actions/setup-android@v3	2026-08-06T10:30:38.3699633Z 
android-emulator	Run android-actions/setup-android@v3	2026-08-06T10:30:38.3699877Z 14. General Legal Terms
android-emulator	Run android-actions/setup-android@v3	2026-08-06T10:30:38.3700106Z 
android-emulator	Run android-actions/setup-android@v3	2026-08-06T10:30:38.3701655Z 14.1 This License Agreement constitutes the whole legal agreement between you and Google and governs your use of the GDK (excluding any services which Google may provide to you under a separate written agreement), and completely replaces any prior agreements between you and Google in relation to the GDK.
android-emulator	Run android-actions/setup-android@v3	2026-08-06T10:30:38.3703266Z 
android-emulator	Run android-actions/setup-android@v3	2026-08-06T10:30:38.3704758Z 14.2 You agree that if Google does not exercise or enforce any legal right or remedy which is contained in this License Agreement (or which Google has the benefit of under any applicable law), this will not be taken to be a formal waiver of Google's rights and that those rights or remedies will still be available to Google.
android-emulator	Run android-actions/setup-android@v3	2026-08-06T10:30:38.3706427Z 
android-emulator	Run android-actions/setup-android@v3	2026-08-06T10:30:38.3708286Z 14.3 If any court of law, having the jurisdiction to decide on this matter, rules that any provision of this License Agreement is invalid, then that provision will be removed from this License Agreement without affecting the rest of this License Agreement. The remaining provisions of this License Agreement will continue to be valid and enforceable.
android-emulator	Run android-actions/setup-android@v3	2026-08-06T10:30:38.3709886Z 
android-emulator	Run android-actions/setup-android@v3	2026-08-06T10:30:38.3711542Z 14.4 You acknowledge and agree that each member of the group of companies of which Google is the parent shall be third party beneficiaries to this License Agreement and that such other companies shall be entitled to directly enforce, and rely upon, any provision of this License Agreement that confers a benefit on (or rights in favor of) them. Other than this, no other person or company shall be third party beneficiaries to this License Agreement.
android-emulator	Run android-actions/setup-android@v3	2026-08-06T10:30:38.3713656Z 
android-emulator	Run android-actions/setup-android@v3	2026-08-06T10:30:38.3714826Z 14.5 EXPORT RESTRICTIONS. THE GDK IS SUBJECT TO UNITED STATES EXPORT LAWS AND REGULATIONS. YOU MUST COMPLY WITH ALL DOMESTIC AND INTERNATIONAL EXPORT LAWS AND REGULATIONS THAT APPLY TO THE GDK. THESE LAWS INCLUDE RESTRICTIONS ON DESTINATIONS, END USERS AND END USE.
android-emulator	Run android-actions/setup-android@v3	2026-08-06T10:30:38.3716347Z 
android-emulator	Run android-actions/setup-android@v3	2026-08-06T10:30:38.3718153Z 14.6 The rights granted in this License Agreement may not be assigned or transferred by either you or Google without the prior written approval of the other party. Neither you nor Google shall be permitted to delegate their responsibilities or obligations under this License Agreement without the prior written approval of the other party.
android-emulator	Run android-actions/setup-android@v3	2026-08-06T10:30:38.3720110Z 
android-emulator	Run android-actions/setup-android@v3	2026-08-06T10:30:38.3722845Z 14.7 This License Agreement, and your relationship with Google under this License Agreement, shall be governed by the laws of the State of California without regard to its conflict of laws provisions. You and Google agree to submit to the exclusive jurisdiction of the courts located within the county of Santa Clara, California to resolve any legal matter arising from this License Agreement. Notwithstanding this, you agree that Google shall still be allowed to apply for injunctive remedies (or an equivalent type of urgent legal relief) in any jurisdiction.
android-emulator	Run android-actions/setup-android@v3	2026-08-06T10:30:38.3730779Z 
android-emulator	Run android-actions/setup-android@v3	2026-08-06T10:30:38.3731077Z November 19, 2013
android-emulator	Run android-actions/setup-android@v3	2026-08-06T10:30:38.3731671Z ---------------------------------------
android-emulator	Run android-actions/setup-android@v3	2026-08-06T10:30:38.3732206Z Accept? (y/N): 
android-emulator	Run android-actions/setup-android@v3	2026-08-06T10:30:38.3732753Z 6/6: License mips-android-sysimage-license:
android-emulator	Run android-actions/setup-android@v3	2026-08-06T10:30:38.3733333Z ---------------------------------------
android-emulator	Run android-actions/setup-android@v3	2026-08-06T10:30:38.3736229Z MIPS Technologies, Inc. (“MIPS”) Internal Evaluation License Agreement for MIPS Android™ System Images for Android Software Development Kit (SDK): This Internal Evaluation License Agreement (this "Agreement") is entered into by and between MIPS and you (as an individual developer or a legal entity -- identified below as “Recipient”). MIPS shall make the Evaluation Software available to Recipient as described in accordance with the terms and conditions set forth below.
android-emulator	Run android-actions/setup-android@v3	2026-08-06T10:30:38.3738751Z 
android-emulator	Run android-actions/setup-android@v3	2026-08-06T10:30:38.3741060Z By clicking on the “Accept” button, downloading, installing, or otherwise using the Evaluation Materials (defined below), you agree to be bound by the terms of this Agreement effective as of the date you click “Accept” (the “Effective Date”), and if doing so on behalf of an entity, you represent that you are authorized to bind the entity to the terms and conditions of this Agreement. If you do not agree to be bound by the terms and conditions of this Agreement, do not download, install, or use the Evaluation Materials.
android-emulator	Run android-actions/setup-android@v3	2026-08-06T10:30:38.3743220Z 
android-emulator	Run android-actions/setup-android@v3	2026-08-06T10:30:38.3743534Z 1. DEFINITIONS. These terms shall have the following meanings:
android-emulator	Run android-actions/setup-android@v3	2026-08-06T10:30:38.3743996Z 
android-emulator	Run android-actions/setup-android@v3	2026-08-06T10:30:38.3744782Z 1.1 “MIPS” shall mean MIPS Technologies, Inc., a Delaware corporation having a principal place of business at: 955 East Arques Ave., Sunnyvale, CA 94085
android-emulator	Run android-actions/setup-android@v3	2026-08-06T10:30:38.3745562Z 
android-emulator	Run android-actions/setup-android@v3	2026-08-06T10:30:38.3746342Z 1.2 “Evaluation Software” shall mean MIPS Android™ emulator system images for Android Software Development Kit (SDK), as made available to Recipient.
android-emulator	Run android-actions/setup-android@v3	2026-08-06T10:30:38.3747151Z 
android-emulator	Run android-actions/setup-android@v3	2026-08-06T10:30:38.3748875Z 1.3 “Evaluation Materials" means, collectively, the Evaluation Software (in source and/or object code form) and documentation (including, without limitation, any design documents, specifications, reference manuals, and other related materials) related to the Evaluation Software as made available to Recipient.
android-emulator	Run android-actions/setup-android@v3	2026-08-06T10:30:38.3750951Z 
android-emulator	Run android-actions/setup-android@v3	2026-08-06T10:30:38.3757105Z 1.4 “Open Source Software” means any software that requires (as a condition of use, modification and/or distribution of such software) that such software or other software incorporated into, derived from or distributed with such software (a) be disclosed or distributed in source code form; or (b) be licensed by the user to third parties for the purpose of making and/or distributing derivative works; or (c) be redistributable at no charge. Open Source Software includes, without limitation, software licensed or distributed under any of the following licenses or distribution models, or licenses or distribution models substantially similar to any of the following: (a) GNU’s General Public License (GPL) or Lesser/Library GPL (LGPL), (b) the Artistic License (e.g., PERL), (c) the Mozilla Public License, (d) the Netscape Public License, (e) the Sun Community Source License (SCSL), (f) the Sun Industry Source License (SISL), (g) the Apache Software license and (h) the Common Public License (CPL).
android-emulator	Run android-actions/setup-android@v3	2026-08-06T10:30:38.3763610Z 
android-emulator	Run android-actions/setup-android@v3	2026-08-06T10:30:38.3765469Z 1.5 “Pre-Release Materials” means “alpha” or “beta” designated pre-release features, which may not be fully functional, which MIPS may substantially modify in producing any production version of the Evaluation Materials, and/or which is still under development by MIPS and/or MIPS’ suppliers.
android-emulator	Run android-actions/setup-android@v3	2026-08-06T10:30:38.3767319Z 
android-emulator	Run android-actions/setup-android@v3	2026-08-06T10:30:38.3770182Z 2. PURPOSE. MIPS desires to make the Evaluation Materials available to Recipient solely for Recipient's internal evaluation of the Evaluation Software to evaluate the desirability of cooperating with MIPS in developing products that are compatible with the Evaluation Software and/or to advise MIPS as to possible modifications to the Evaluation Software. Recipient may not disclose, distribute, modify (except to facilitate the above-mentioned internal evaluation), or make commercial use of the Evaluation Materials or any modifications of the Evaluation Materials.
android-emulator	Run android-actions/setup-android@v3	2026-08-06T10:30:38.3773112Z 
android-emulator	Run android-actions/setup-android@v3	2026-08-06T10:30:38.3775299Z THE EVALUATION MATERIALS ARE PROVIDED FOR EVALUATION PURPOSES ONLY AND MAY NOT BE MODIFIED (EXCEPT TO FACILITATE THE INTERNAL EVALUATION) OR DISTRIBUTED BY RECIPIENT OR INCORPORATED INTO RECIPIENT’S PRODUCTS OR SOFTWARE. PLEASE CONTACT A MIPS SALES REPRESENTATIVE TO LEARN ABOUT THE AVAILABILITY AND COST OF A COMMERCIAL VERSION OF THE EVALUATION SOFTWARE.
android-emulator	Run android-actions/setup-android@v3	2026-08-06T10:30:38.3777149Z 
android-emulator	Run android-actions/setup-android@v3	2026-08-06T10:30:38.3778700Z 3. TITLE. Title to the Evaluation Materials remains with MIPS or its suppliers. Recipient shall not mortgage, pledge or encumber the Evaluation Materials in any way. Recipient shall return all Evaluation Materials, keeping no copies, upon termination or expiration of this Agreement.
android-emulator	Run android-actions/setup-android@v3	2026-08-06T10:30:38.3780300Z 
android-emulator	Run android-actions/setup-android@v3	2026-08-06T10:30:38.3786586Z 4. LICENSE. MIPS grants Recipient a royalty-free, personal, nontransferable, nonexclusive license under its copyrights to use the Evaluation Software only for the purposes described in paragraph 2 above and only for a period beginning on the Effective Date and extending to the first anniversary of the Effective Date (the “Evaluation Period”). Unless otherwise communicated in writing by MIPS to Recipient, to the extent the Evaluation Software is provided in more than one delivery or release (each, a “Release”) the license grant in this Section 4 and the Evaluation Period shall apply to each Release, in which case the Evaluation Period shall begin on the date that the Release is made generally available and continue to the first anniversary of such date. Recipient may not make modifications to the Evaluation Software. Recipient shall not disassemble, reverse-engineer, or decompile any software that is not provided to Recipient in source code form.
android-emulator	Run android-actions/setup-android@v3	2026-08-06T10:30:38.3790215Z 
android-emulator	Run android-actions/setup-android@v3	2026-08-06T10:30:38.3790225Z 
android-emulator	Run android-actions/setup-android@v3	2026-08-06T10:30:38.3791215Z EXCEPT AS PROVIDED HEREIN, NO OTHER LICENSE, EXPRESS OR IMPLIED, BY ESTOPPEL OR OTHERWISE, TO ANY OTHER MIPS INTELLECTUAL PROPERTY RIGHTS IS GRANTED TO THE RECIPIENT. OTHER THAN AS EXPLICITLY SET FORTH IN PARAGRAPH 2 ABOVE, NO RIGHT TO COPY, TO REPRODUCE, TO MODIFY, OR TO CREATE DERIVATIVE WORKS OF, THE EVALUATION MATERIALS IS GRANTED HEREIN.
android-emulator	Run android-actions/setup-android@v3	2026-08-06T10:30:38.3792373Z 
android-emulator	Run android-actions/setup-android@v3	2026-08-06T10:30:38.3793188Z 5. NO OBLIGATION. Recipient shall have no duty to purchase or license any product from MIPS. MIPS and its suppliers shall have no obligation to provide support for, or develop a non-evaluation version of, the Evaluation Software or to license any version of it.
android-emulator	Run android-actions/setup-android@v3	2026-08-06T10:30:38.3794124Z 
android-emulator	Run android-actions/setup-android@v3	2026-08-06T10:30:38.3797506Z 6. MODIFICATIONS. This Agreement does not obligate Recipient to provide MIPS with comments or suggestions regarding Evaluation Materials. However, should Recipient provide MIPS with comments or suggestions for the modification, correction, improvement or enhancement of (a) the Evaluation Materials or (b) MIPS products or processes which may embody the Evaluation Materials, then Recipient agrees to grant and hereby grants to MIPS a non-exclusive, irrevocable, worldwide, fully paid-up, royalty-free license, with the right to sublicense MIPS’ licensees and customers, under Recipient’s Intellectual property rights, to use and disclose such comments and suggestions in any manner MIPS chooses and to display, perform, copy, make, have made, use, sell, offer to sell, import, and otherwise dispose of MIPS’ and its sublicensee’s products embodying such comments and suggestions in any manner and via any media MIPS chooses, without reference to the source.
android-emulator	Run android-actions/setup-android@v3	2026-08-06T10:30:38.3802348Z 
android-emulator	Run android-actions/setup-android@v3	2026-08-06T10:30:38.3804650Z 7. WARRANTY DISCLAIMER. MIPS AND ITS SUPPLIERS MAKE NO WARRANTIES WITH RESPECT TO EVALUATION MATERIALS, EITHER EXPRESS OR IMPLIED, INCLUDING ANY IMPLIED WARRANTIES OF MERCHANTABILITY OR FITNESS FOR A PARTICULAR PURPOSE, OR ANY IMPLIED WARRANTY OF NONINFRINGEMENT WITH RESPECT TO THIRD PARTY INTELLECTUAL PROPERTY. RECIPIENT ACKNOWLEDGES AND AGREES THAT THE EVALUATION MATERIALS ARE PROVIDED “AS IS,” WITHOUT WARRANTY OF ANY KIND.
android-emulator	Run android-actions/setup-android@v3	2026-08-06T10:30:38.3806904Z 
android-emulator	Run android-actions/setup-android@v3	2026-08-06T10:30:38.3809688Z 8. LIMITATION OF LIABILITY. MIPS AND ITS SUPPLIERS SHALL NOT BE LIABLE FOR ANY PROPERTY DAMAGE, PERSONAL INJURY, LOSS OF PROFITS, INTERRUPTION OF BUSINESS OR FOR ANY DIRECT, INDIRECT, SPECIAL, CONSEQUENTIAL OR INCIDENTAL DAMAGES, HOWEVER CAUSED OR ALLEGED, WHETHER FOR BREACH OF WARRANTY, CONTRACT, STRICT LIABILITY OR OTHERWISE, INCLUDING WITHOUT LIMITATION, UNDER TORT OR OTHER LEGAL THEORY. MIPS AND ITS SUPPLIERS DISCLAIM ANY AND ALL LIABILITY, INCLUDING LIABILITY FOR INFRINGEMENT OF ANY INTELLECTUAL PROPERTY RIGHTS OF ANY KIND RELATING TO THE EVALUATION MATERIALS.
android-emulator	Run android-actions/setup-android@v3	2026-08-06T10:30:38.3813145Z 
android-emulator	Run android-actions/setup-android@v3	2026-08-06T10:30:38.3814220Z 9. EXPIRATION. MIPS may terminate this Agreement immediately after a breach by Recipient or otherwise at MIPS’ reasonable discretion and upon five (5) business days’ notice to Recipient.
android-emulator	Run android-actions/setup-android@v3	2026-08-06T10:30:38.3815289Z 
android-emulator	Run android-actions/setup-android@v3	2026-08-06T10:30:38.3815442Z 10. GENERAL.
android-emulator	Run android-actions/setup-android@v3	2026-08-06T10:30:38.3815685Z 
android-emulator	Run android-actions/setup-android@v3	2026-08-06T10:30:38.3820523Z 10.1 Controlling Law. This Agreement shall be governed by California law excluding its choice of law rules. With the exception of MIPS’ rights to enforce its intellectual property rights and any confidentiality obligations under this Agreement or any licenses distributed with the Evaluation Materials, all disputes and any claims arising under or relating to this Agreement shall be subject to the exclusive jurisdiction and venue of the state and federal courts located in Santa Clara County, California. Each party hereby agrees to jurisdiction and venue in the courts set forth in the preceding sentence. The parties agree that the United Nations Convention on Contracts for the International Sale of Goods is specifically excluded from application to this Agreement. The parties consent to the personal jurisdiction of the above courts.
android-emulator	Run android-actions/setup-android@v3	2026-08-06T10:30:38.3825612Z 
android-emulator	Run android-actions/setup-android@v3	2026-08-06T10:30:38.3828081Z 10.2 Remedies. Recipient acknowledges and agrees that any breach of confidentiality obligations under this Agreement or any licenses distributed with the Evaluation Materials, as well as any disclosure, commercialization, or public use of the Evaluation Materials, would cause irreparable injury to MIPS, and therefore Recipient agrees to consent to, and hereby consents to, the grant of an injunction by any court of competent jurisdiction in the event of an actual or threatened breach.
android-emulator	Run android-actions/setup-android@v3	2026-08-06T10:30:38.3830794Z 
android-emulator	Run android-actions/setup-android@v3	2026-08-06T10:30:38.3833603Z 10.3 Assignment. Recipient may not delegate, assign or transfer this Agreement, the license granted or any of Recipient’s rights, obligations, or duties hereunder, expressly, by implication, by operation of law, by way of merger (regardless of whether Recipient is the surviving entity) or acquisition, or otherwise and any attempt to do so, without MIPS’ express prior written consent, shall be ineffective, null and void. MIPS may freely assign this Agreement, and its rights and obligations hereunder, in its sole discretion.
android-emulator	Run android-actions/setup-android@v3	2026-08-06T10:30:38.3836524Z 
android-emulator	Run android-actions/setup-android@v3	2026-08-06T10:30:38.3839023Z 10.4 Entire Agreement. This Agreement constitutes the entire agreement between Recipient and MIPS and supersedes in their entirety any and all oral or written agreements previously existing between Recipient and MIPS with respect to the subject matter hereof. This Agreement may only be amended or supplemented by a writing that refers explicitly to this Agreement and that is signed or otherwise accepted by duly authorized representatives of Recipient and MIPS.
android-emulator	Run android-actions/setup-android@v3	2026-08-06T10:30:38.3841487Z 
android-emulator	Run android-actions/setup-android@v3	2026-08-06T10:30:38.3843618Z 10.5 Severability. In the event that any provision of this Agreement is finally adjudicated to be unenforceable or invalid under any applicable law, such unenforceability or invalidity shall not render this Agreement unenforceable or invalid as a whole, and, in such event, such unenforceable or invalid provision shall be interpreted so as to best accomplish the objectives of such provision within the limits of applicable law or applicable court decisions.
android-emulator	Run android-actions/setup-android@v3	2026-08-06T10:30:38.3845654Z 
android-emulator	Run android-actions/setup-android@v3	2026-08-06T10:30:38.3852519Z 10.6 Export Regulations / Export Control. Recipient shall not export, either directly or indirectly, any product, service or technical data or system incorporating the Evaluation Materials without first obtaining any required license or other necessary approval from the U.S. Department of Commerce or any other governing agency or department of the United States Government. In the event any product is exported from the United States or re-exported from a foreign destination by Recipient, Recipient shall ensure that the distribution and export/re-export or import of the product is in compliance with all applicable laws, regulations, orders, or other restrictions of the U.S. Export Administration Regulations and the appropriate foreign government. Recipient agrees that neither it nor any of its subsidiaries will export/re-export any technical data, process, product, or service, directly or indirectly, to any country for which the United States government or any agency thereof or the foreign government from where it is shipping requires an export license, or other governmental approval, without first obtaining such license or approval. Recipient also agrees to implement measures to ensure that foreign national employees are authorized to receive any information controlled by U.S. export control laws. An export is "deemed" to take place when information is released to a foreign national wherever located.
android-emulator	Run android-actions/setup-android@v3	2026-08-06T10:30:38.3860070Z 
android-emulator	Run android-actions/setup-android@v3	2026-08-06T10:30:38.3863389Z 10.7 Special Terms for Pre-Release Materials. If so indicated in the description of the Evaluation Software, the Evaluation Software may contain Pre-Release Materials. Recipient hereby understands, acknowledges and agrees that: (i) Pre-Release Materials may not be fully tested and may contain bugs or errors; (ii) Pre-Release materials are not suitable for commercial release in their current state; (iii) regulatory approvals for Pre-Release Materials (such as UL or FCC) have not been obtained, and Pre-Release Materials may therefore not be certified for use in certain countries or environments or may not be suitable for certain applications and (iv) MIPS can provide no assurance that it will ever produce or make generally available a production version of the Pre-Release Materials . MIPS is not under any obligation to develop and/or release or offer for sale or license a final product based upon the Pre-Release Materials and may unilaterally elect to abandon the Pre-Release Materials or any such development platform at any time and without any obligation or liability whatsoever to Recipient or any other person.
android-emulator	Run android-actions/setup-android@v3	2026-08-06T10:30:38.3866780Z 
android-emulator	Run android-actions/setup-android@v3	2026-08-06T10:30:38.3867583Z ANY PRE-RELEASE MATERIALS ARE NON-QUALIFIED AND, AS SUCH, ARE PROVIDED “AS IS” AND “AS AVAILABLE”, POSSIBLY WITH FAULTS, AND WITHOUT REPRESENTATION OR WARRANTY OF ANY KIND.
android-emulator	Run android-actions/setup-android@v3	2026-08-06T10:30:38.3868353Z 
android-emulator	Run android-actions/setup-android@v3	2026-08-06T10:30:38.3870141Z 10.8 Open Source Software. In the event Open Source software is included with Evaluation Software, such Open Source software is licensed pursuant to the applicable Open Source software license agreement identified in the Open Source software comments in the applicable source code file(s) and/or file header as indicated in the Evaluation Software. Additional detail may be available (where applicable) in the accompanying on-line documentation. With respect to the Open Source software, nothing in this Agreement limits any rights under, or grants rights that supersede, the terms of any applicable Open Source software license agreement.
android-emulator	Run android-actions/setup-android@v3	2026-08-06T10:30:38.3872307Z ---------------------------------------
android-emulator	Run android-actions/setup-android@v3	2026-08-06T10:30:38.3872688Z Accept? (y/N): All SDK package licenses accepted
android-emulator	Run android-actions/setup-android@v3	2026-08-06T10:30:38.3872955Z 
android-emulator	Run android-actions/setup-android@v3	2026-08-06T10:30:38.3873224Z [command]/usr/local/lib/android/sdk/cmdline-tools/16.0/bin/sdkmanager tools
android-emulator	Run android-actions/setup-android@v3	2026-08-06T10:30:39.0057497Z Loading package information...                                                  
android-emulator	Run android-actions/setup-android@v3	2026-08-06T10:30:39.0929558Z Loading local repository...                                                     
android-emulator	Run android-actions/setup-android@v3	2026-08-06T10:30:39.0932367Z [                                       ] 3% Loading local repository...        
android-emulator	Run android-actions/setup-android@v3	2026-08-06T10:30:39.1023639Z [                                       ] 3% Fetch remote repository...         
android-emulator	Run android-actions/setup-android@v3	2026-08-06T10:30:39.3033114Z [=                                      ] 3% Fetch remote repository...         
android-emulator	Run android-actions/setup-android@v3	2026-08-06T10:30:39.3851104Z [=                                      ] 4% Fetch remote repository...         
android-emulator	Run android-actions/setup-android@v3	2026-08-06T10:30:39.4295935Z [=                                      ] 5% Fetch remote repository...         
android-emulator	Run android-actions/setup-android@v3	2026-08-06T10:30:39.4730920Z [==                                     ] 5% Fetch remote repository...         
android-emulator	Run android-actions/setup-android@v3	2026-08-06T10:30:39.5371925Z [==                                     ] 6% Fetch remote repository...         
android-emulator	Run android-actions/setup-android@v3	2026-08-06T10:30:39.6119406Z [==                                     ] 7% Fetch remote repository...         
android-emulator	Run android-actions/setup-android@v3	2026-08-06T10:30:39.6128993Z [==                                     ] 7% Computing updates...               
android-emulator	Run android-actions/setup-android@v3	2026-08-06T10:30:39.6249082Z [===                                    ] 8% Computing updates...               
android-emulator	Run android-actions/setup-android@v3	2026-08-06T10:30:39.6406710Z [===                                    ] 10% Computing updates...              
android-emulator	Run android-actions/setup-android@v3	2026-08-06T10:30:39.9591254Z [===                                    ] 10% Installing Android Emulator       
android-emulator	Run android-actions/setup-android@v3	2026-08-06T10:30:40.1069899Z [===                                    ] 10% Downloading emulator-linux_x64-159
android-emulator	Run android-actions/setup-android@v3	2026-08-06T10:30:40.2697362Z [====                                   ] 10% Downloading emulator-linux_x64-159
android-emulator	Run android-actions/setup-android@v3	2026-08-06T10:30:40.4590848Z [====                                   ] 11% Downloading emulator-linux_x64-159
android-emulator	Run android-actions/setup-android@v3	2026-08-06T10:30:40.6543156Z [====                                   ] 12% Downloading emulator-linux_x64-159
android-emulator	Run android-actions/setup-android@v3	2026-08-06T10:30:40.8235816Z [=====                                  ] 13% Downloading emulator-linux_x64-159
android-emulator	Run android-actions/setup-android@v3	2026-08-06T10:30:40.9735063Z [=====                                  ] 14% Downloading emulator-linux_x64-159
android-emulator	Run android-actions/setup-android@v3	2026-08-06T10:30:41.0682353Z [=====                                  ] 15% Downloading emulator-linux_x64-159
android-emulator	Run android-actions/setup-android@v3	2026-08-06T10:30:41.1456900Z [======                                 ] 15% Downloading emulator-linux_x64-159
android-emulator	Run android-actions/setup-android@v3	2026-08-06T10:30:41.3314900Z [======                                 ] 16% Downloading emulator-linux_x64-159
android-emulator	Run android-actions/setup-android@v3	2026-08-06T10:30:41.5165665Z [======                                 ] 17% Downloading emulator-linux_x64-159
android-emulator	Run android-actions/setup-android@v3	2026-08-06T10:30:41.6945761Z [=======                                ] 18% Downloading emulator-linux_x64-159
android-emulator	Run android-actions/setup-android@v3	2026-08-06T10:30:41.8985033Z [=======                                ] 19% Downloading emulator-linux_x64-159
android-emulator	Run android-actions/setup-android@v3	2026-08-06T10:30:41.9863046Z [=======                                ] 20% Downloading emulator-linux_x64-159
android-emulator	Run android-actions/setup-android@v3	2026-08-06T10:30:42.0875123Z [========                               ] 20% Downloading emulator-linux_x64-159
android-emulator	Run android-actions/setup-android@v3	2026-08-06T10:30:42.2099505Z [========                               ] 21% Downloading emulator-linux_x64-159
android-emulator	Run android-actions/setup-android@v3	2026-08-06T10:30:42.2766167Z [========                               ] 21% Unzipping...                      
android-emulator	Run android-actions/setup-android@v3	2026-08-06T10:30:42.2768913Z [========                               ] 21% Unzipping... emulator/            
android-emulator	Run android-actions/setup-android@v3	2026-08-06T10:30:42.2769927Z [========                               ] 21% Unzipping... emulator/resources/  
android-emulator	Run android-actions/setup-android@v3	2026-08-06T10:30:42.3371162Z [========                               ] 21% Unzipping... emulator/qsn         
android-emulator	Run android-actions/setup-android@v3	2026-08-06T10:30:42.4067441Z [========                               ] 21% Unzipping... emulator/emulator    
android-emulator	Run android-actions/setup-android@v3	2026-08-06T10:30:42.4409209Z [========                               ] 21% Unzipping... emulator/netsimd     
android-emulator	Run android-actions/setup-android@v3	2026-08-06T10:30:42.5349364Z [========                               ] 22% Unzipping... emulator/netsimd     
android-emulator	Run android-actions/setup-android@v3	2026-08-06T10:30:42.5350778Z [========                               ] 22% Unzipping... emulator/bin64/      
android-emulator	Run android-actions/setup-android@v3	2026-08-06T10:30:42.5351705Z [========                               ] 22% Unzipping... emulator/qemu/       
android-emulator	Run android-actions/setup-android@v3	2026-08-06T10:30:42.5354610Z [========                               ] 22% Unzipping... emulator/NOTICE.txt  
android-emulator	Run android-actions/setup-android@v3	2026-08-06T10:30:42.5599694Z [========                               ] 22% Unzipping... emulator/crashpad_han
android-emulator	Run android-actions/setup-android@v3	2026-08-06T10:30:42.5601599Z [========                               ] 22% Unzipping... emulator/source.prope
android-emulator	Run android-actions/setup-android@v3	2026-08-06T10:30:42.6326795Z [========                               ] 22% Unzipping... emulator/nimble_bridg
android-emulator	Run android-actions/setup-android@v3	2026-08-06T10:30:42.6328182Z [========                               ] 22% Unzipping... emulator/LICENSE     
android-emulator	Run android-actions/setup-android@v3	2026-08-06T10:30:42.6329225Z [========                               ] 22% Unzipping... emulator/lib/        
android-emulator	Run android-actions/setup-android@v3	2026-08-06T10:30:42.6428209Z [========                               ] 22% Unzipping... emulator/qemu-img    
android-emulator	Run android-actions/setup-android@v3	2026-08-06T10:30:42.6429723Z [========                               ] 22% Unzipping... emulator/include/    
android-emulator	Run android-actions/setup-android@v3	2026-08-06T10:30:42.6431558Z [========                               ] 22% Unzipping... emulator/NOTICE.csv  
android-emulator	Run android-actions/setup-android@v3	2026-08-06T10:30:42.6432942Z [========                               ] 22% Unzipping... emulator/lib64/      
android-emulator	Run android-actions/setup-android@v3	2026-08-06T10:30:42.6624994Z [========                               ] 22% Unzipping... emulator/emulator-che
android-emulator	Run android-actions/setup-android@v3	2026-08-06T10:30:42.6865462Z [========                               ] 22% Unzipping... emulator/crashreport 
android-emulator	Run android-actions/setup-android@v3	2026-08-06T10:30:42.6866238Z [========                               ] 22% Unzipping... emulator/mksdcard    
android-emulator	Run android-actions/setup-android@v3	2026-08-06T10:30:42.7079372Z [========                               ] 22% Unzipping... emulator/resources/To
android-emulator	Run android-actions/setup-android@v3	2026-08-06T10:30:42.7088767Z [========                               ] 22% Unzipping... emulator/resources/de
android-emulator	Run android-actions/setup-android@v3	2026-08-06T10:30:42.7243350Z [========                               ] 22% Unzipping... emulator/resources/To
android-emulator	Run android-actions/setup-android@v3	2026-08-06T10:30:42.7244530Z [========                               ] 22% Unzipping... emulator/resources/ma
android-emulator	Run android-actions/setup-android@v3	2026-08-06T10:30:42.7275464Z [========                               ] 22% Unzipping... emulator/resources/de
android-emulator	Run android-actions/setup-android@v3	2026-08-06T10:30:42.7276716Z [========                               ] 22% Unzipping... emulator/resources/sk
android-emulator	Run android-actions/setup-android@v3	2026-08-06T10:30:42.7318502Z [========                               ] 22% Unzipping... emulator/resources/de
android-emulator	Run android-actions/setup-android@v3	2026-08-06T10:30:42.7319648Z [========                               ] 22% Unzipping... emulator/resources/ma
android-emulator	Run android-actions/setup-android@v3	2026-08-06T10:30:42.7334407Z [========                               ] 22% Unzipping... emulator/resources/po
android-emulator	Run android-actions/setup-android@v3	2026-08-06T10:30:42.8067408Z [========                               ] 22% Unzipping... emulator/resources/ma
android-emulator	Run android-actions/setup-android@v3	2026-08-06T10:30:42.8113346Z [========                               ] 22% Unzipping... emulator/resources/sk
android-emulator	Run android-actions/setup-android@v3	2026-08-06T10:30:42.8143458Z [========                               ] 22% Unzipping... emulator/resources/ma
android-emulator	Run android-actions/setup-android@v3	2026-08-06T10:30:42.8182134Z [========                               ] 22% Unzipping... emulator/bin64/e2fsck
android-emulator	Run android-actions/setup-android@v3	2026-08-06T10:30:42.8233939Z [========                               ] 22% Unzipping... emulator/bin64/fsck.e
android-emulator	Run android-actions/setup-android@v3	2026-08-06T10:30:42.8264553Z [========                               ] 22% Unzipping... emulator/bin64/tune2f
android-emulator	Run android-actions/setup-android@v3	2026-08-06T10:30:42.8283102Z [========                               ] 22% Unzipping... emulator/bin64/resize
android-emulator	Run android-actions/setup-android@v3	2026-08-06T10:30:42.8317404Z [========                               ] 22% Unzipping... emulator/bin64/mkfs.e
android-emulator	Run android-actions/setup-android@v3	2026-08-06T10:30:42.8436083Z [========                               ] 22% Unzipping... emulator/qemu/linux-x
android-emulator	Run android-actions/setup-android@v3	2026-08-06T10:30:43.3196095Z [=========                              ] 23% Unzipping... emulator/qemu/linux-x
android-emulator	Run android-actions/setup-android@v3	2026-08-06T10:30:43.8261681Z [=========                              ] 24% Unzipping... emulator/qemu/linux-x
android-emulator	Run android-actions/setup-android@v3	2026-08-06T10:30:44.0648496Z [=========                              ] 25% Unzipping... emulator/qemu/linux-x
android-emulator	Run android-actions/setup-android@v3	2026-08-06T10:30:44.3462969Z [==========                             ] 25% Unzipping... emulator/qemu/linux-x
android-emulator	Run android-actions/setup-android@v3	2026-08-06T10:30:44.3466763Z [==========                             ] 25% Unzipping... emulator/lib/emulator
android-emulator	Run android-actions/setup-android@v3	2026-08-06T10:30:44.3468829Z [==========                             ] 25% Unzipping... emulator/lib/rtc_serv
android-emulator	Run android-actions/setup-android@v3	2026-08-06T10:30:44.3472126Z [==========                             ] 25% Unzipping... emulator/lib/advanced
android-emulator	Run android-actions/setup-android@v3	2026-08-06T10:30:44.3473286Z [==========                             ] 25% Unzipping... emulator/lib/cmake/  
android-emulator	Run android-actions/setup-android@v3	2026-08-06T10:30:44.3477566Z [==========                             ] 25% Unzipping... emulator/lib/emulator
android-emulator	Run android-actions/setup-android@v3	2026-08-06T10:30:44.3480214Z [==========                             ] 25% Unzipping... emulator/lib/control_
android-emulator	Run android-actions/setup-android@v3	2026-08-06T10:30:44.3480833Z [==========                             ] 25% Unzipping... emulator/lib/emulated
android-emulator	Run android-actions/setup-android@v3	2026-08-06T10:30:44.3482308Z [==========                             ] 25% Unzipping... emulator/lib/rtc_serv
android-emulator	Run android-actions/setup-android@v3	2026-08-06T10:30:44.3484601Z [==========                             ] 25% Unzipping... emulator/lib/emu-orig
android-emulator	Run android-actions/setup-android@v3	2026-08-06T10:30:44.3487619Z [==========                             ] 25% Unzipping... emulator/lib/hardware
android-emulator	Run android-actions/setup-android@v3	2026-08-06T10:30:44.3488680Z [==========                             ] 25% Unzipping... emulator/lib/pkgconfi
android-emulator	Run android-actions/setup-android@v3	2026-08-06T10:30:44.3489361Z [==========                             ] 25% Unzipping... emulator/lib/pc-bios/
android-emulator	Run android-actions/setup-android@v3	2026-08-06T10:30:44.3491214Z [==========                             ] 25% Unzipping... emulator/lib/snapshot
android-emulator	Run android-actions/setup-android@v3	2026-08-06T10:30:44.3493700Z [==========                             ] 25% Unzipping... emulator/lib/adb_serv
android-emulator	Run android-actions/setup-android@v3	2026-08-06T10:30:44.3501198Z [==========                             ] 25% Unzipping... emulator/lib/hostapd.
android-emulator	Run android-actions/setup-android@v3	2026-08-06T10:30:44.3502059Z [==========                             ] 25% Unzipping... emulator/lib/grpc_end
android-emulator	Run android-actions/setup-android@v3	2026-08-06T10:30:44.3520689Z [==========                             ] 25% Unzipping... emulator/lib/ca-bundl
android-emulator	Run android-actions/setup-android@v3	2026-08-06T10:30:44.3523581Z [==========                             ] 25% Unzipping... emulator/lib/ui_contr
android-emulator	Run android-actions/setup-android@v3	2026-08-06T10:30:44.3526946Z [==========                             ] 25% Unzipping... emulator/lib/snapshot
android-emulator	Run android-actions/setup-android@v3	2026-08-06T10:30:44.3531865Z [==========                             ] 25% Unzipping... emulator/lib/ice_conf
android-emulator	Run android-actions/setup-android@v3	2026-08-06T10:30:44.3691649Z [==========                             ] 25% Unzipping... emulator/lib/libflatb
android-emulator	Run android-actions/setup-android@v3	2026-08-06T10:30:44.4825915Z [==========                             ] 26% Unzipping... emulator/lib/libflatb
android-emulator	Run android-actions/setup-android@v3	2026-08-06T10:30:44.4834003Z [==========                             ] 26% Unzipping... emulator/lib/emulator
android-emulator	Run android-actions/setup-android@v3	2026-08-06T10:30:44.4836238Z [==========                             ] 26% Unzipping... emulator/lib/waterfal
android-emulator	Run android-actions/setup-android@v3	2026-08-06T10:30:44.4839856Z [==========                             ] 26% Unzipping... emulator/lib/emulated
android-emulator	Run android-actions/setup-android@v3	2026-08-06T10:30:44.4853179Z [==========                             ] 26% Unzipping... emulator/lib/cmake/fl
android-emulator	Run android-actions/setup-android@v3	2026-08-06T10:30:44.4854716Z [==========                             ] 26% Unzipping... emulator/lib/pkgconfi
android-emulator	Run android-actions/setup-android@v3	2026-08-06T10:30:44.5038649Z [==========                             ] 26% Unzipping... emulator/lib/pc-bios/
android-emulator	Run android-actions/setup-android@v3	2026-08-06T10:30:44.5599542Z [==========                             ] 26% Unzipping... emulator/include/flat
android-emulator	Run android-actions/setup-android@v3	2026-08-06T10:30:44.5682665Z [==========                             ] 26% Unzipping... emulator/lib64/libgli
android-emulator	Run android-actions/setup-android@v3	2026-08-06T10:30:44.5831531Z [==========                             ] 26% Unzipping... emulator/lib64/libpro
android-emulator	Run android-actions/setup-android@v3	2026-08-06T10:30:44.5832832Z [==========                             ] 26% Unzipping... emulator/lib64/qt/   
android-emulator	Run android-actions/setup-android@v3	2026-08-06T10:30:44.6315026Z [==========                             ] 26% Unzipping... emulator/lib64/liband
android-emulator	Run android-actions/setup-android@v3	2026-08-06T10:30:44.7131493Z [==========                             ] 26% Unzipping... emulator/lib64/libgfx
android-emulator	Run android-actions/setup-android@v3	2026-08-06T10:30:44.7132540Z [==========                             ] 26% Unzipping... emulator/lib64/gles_l
android-emulator	Run android-actions/setup-android@v3	2026-08-06T10:30:44.7141983Z [==========                             ] 26% Unzipping... emulator/lib64/liband
android-emulator	Run android-actions/setup-android@v3	2026-08-06T10:30:44.7143228Z [==========                             ] 26% Unzipping... emulator/lib64/vulkan
android-emulator	Run android-actions/setup-android@v3	2026-08-06T10:30:44.7143952Z [==========                             ] 26% Unzipping... emulator/lib64/gles_s
android-emulator	Run android-actions/setup-android@v3	2026-08-06T10:30:44.7144619Z [==========                             ] 26% Unzipping... emulator/lib64/libemu
android-emulator	Run android-actions/setup-android@v3	2026-08-06T10:30:44.7292071Z [==========                             ] 26% Unzipping... emulator/lib64/libpro
android-emulator	Run android-actions/setup-android@v3	2026-08-06T10:30:44.9819356Z [==========                             ] 26% Unzipping... emulator/lib64/liband
android-emulator	Run android-actions/setup-android@v3	2026-08-06T10:30:44.9839617Z [==========                             ] 26% Unzipping... emulator/lib64/libtcm
android-emulator	Run android-actions/setup-android@v3	2026-08-06T10:30:44.9842225Z [==========                             ] 26% Unzipping... emulator/lib64/libima
android-emulator	Run android-actions/setup-android@v3	2026-08-06T10:30:44.9918904Z [==========                             ] 26% Unzipping... emulator/lib64/libc++
android-emulator	Run android-actions/setup-android@v3	2026-08-06T10:30:45.0615221Z [==========                             ] 26% Unzipping... emulator/lib64/liband
android-emulator	Run android-actions/setup-android@v3	2026-08-06T10:30:45.0681874Z [==========                             ] 26% Unzipping... emulator/lib64/libabs
android-emulator	Run android-actions/setup-android@v3	2026-08-06T10:30:45.0682924Z [==========                             ] 26% Unzipping... emulator/lib64/gles_a
android-emulator	Run android-actions/setup-android@v3	2026-08-06T10:30:45.0778786Z [==========                             ] 26% Unzipping... emulator/lib64/libsha
android-emulator	Run android-actions/setup-android@v3	2026-08-06T10:30:45.0855860Z [==========                             ] 26% Unzipping... emulator/lib64/libc++
android-emulator	Run android-actions/setup-android@v3	2026-08-06T10:30:45.0856625Z [==========                             ] 26% Unzipping... emulator/lib64/qt/res
android-emulator	Run android-actions/setup-android@v3	2026-08-06T10:30:45.0857462Z [==========                             ] 26% Unzipping... emulator/lib64/qt/lib
android-emulator	Run android-actions/setup-android@v3	2026-08-06T10:30:45.0858309Z [==========                             ] 26% Unzipping... emulator/lib64/qt/tra
android-emulator	Run android-actions/setup-android@v3	2026-08-06T10:30:45.0858936Z [==========                             ] 26% Unzipping... emulator/lib64/qt/plu
android-emulator	Run android-actions/setup-android@v3	2026-08-06T10:30:45.0874866Z [==========                             ] 26% Unzipping... emulator/lib64/qt/res
android-emulator	Run android-actions/setup-android@v3	2026-08-06T10:30:45.1937413Z [==========                             ] 27% Unzipping... emulator/lib64/qt/res
android-emulator	Run android-actions/setup-android@v3	2026-08-06T10:30:45.3186102Z [==========                             ] 27% Unzipping... emulator/lib64/qt/lib
android-emulator	Run android-actions/setup-android@v3	2026-08-06T10:30:45.8441200Z [===========                            ] 28% Unzipping... emulator/lib64/qt/lib
android-emulator	Run android-actions/setup-android@v3	2026-08-06T10:30:46.3230102Z [===========                            ] 29% Unzipping... emulator/lib64/qt/lib
android-emulator	Run android-actions/setup-android@v3	2026-08-06T10:30:48.1032008Z [===========                            ] 30% Unzipping... emulator/lib64/qt/lib
android-emulator	Run android-actions/setup-android@v3	2026-08-06T10:30:48.4827352Z [============                           ] 30% Unzipping... emulator/lib64/qt/lib
android-emulator	Run android-actions/setup-android@v3	2026-08-06T10:30:48.5439539Z [============                           ] 30% Unzipping... emulator/lib64/qt/tra
android-emulator	Run android-actions/setup-android@v3	2026-08-06T10:30:48.6622849Z [============                           ] 31% Unzipping... emulator/lib64/qt/tra
android-emulator	Run android-actions/setup-android@v3	2026-08-06T10:30:48.6749461Z [============                           ] 31% Unzipping... emulator/lib64/qt/plu
android-emulator	Run android-actions/setup-android@v3	2026-08-06T10:30:48.7725464Z [============                           ] 31% Unzipping... emulator/lib64/gles_l
android-emulator	Run android-actions/setup-android@v3	2026-08-06T10:30:49.0179043Z [============                           ] 31% Unzipping... emulator/lib64/vulkan
android-emulator	Run android-actions/setup-android@v3	2026-08-06T10:30:49.7993612Z [============                           ] 32% Unzipping... emulator/lib64/vulkan
android-emulator	Run android-actions/setup-android@v3	2026-08-06T10:30:49.8816825Z [============                           ] 32% Unzipping... emulator/lib64/gles_s
android-emulator	Run android-actions/setup-android@v3	2026-08-06T10:30:50.0186093Z [============                           ] 32% Unzipping... emulator/lib64/gles_a
android-emulator	Run android-actions/setup-android@v3	2026-08-06T10:30:50.1112339Z [=============                          ] 33% Unzipping... emulator/lib64/gles_a
android-emulator	Run android-actions/setup-android@v3	2026-08-06T10:30:50.4301580Z [=====================                  ] 55% Unzipping... emulator/lib64/gles_a
android-emulator	Run android-actions/setup-android@v3	2026-08-06T10:30:50.5120266Z [=====================                  ] 55% Installing Android SDK Tools emula
android-emulator	Run android-actions/setup-android@v3	2026-08-06T10:30:50.5325561Z [=====================                  ] 55% Downloading sdk-tools-linux-433379
android-emulator	Run android-actions/setup-android@v3	2026-08-06T10:30:50.5612402Z [======================                 ] 55% Downloading sdk-tools-linux-433379
android-emulator	Run android-actions/setup-android@v3	2026-08-06T10:30:50.6422306Z [======================                 ] 56% Downloading sdk-tools-linux-433379
android-emulator	Run android-actions/setup-android@v3	2026-08-06T10:30:50.7225582Z [======================                 ] 57% Downloading sdk-tools-linux-433379
android-emulator	Run android-actions/setup-android@v3	2026-08-06T10:30:50.8139407Z [=======================                ] 58% Downloading sdk-tools-linux-433379
android-emulator	Run android-actions/setup-android@v3	2026-08-06T10:30:50.8818212Z [=======================                ] 59% Downloading sdk-tools-linux-433379
android-emulator	Run android-actions/setup-android@v3	2026-08-06T10:30:50.9243314Z [=======================                ] 60% Downloading sdk-tools-linux-433379
android-emulator	Run android-actions/setup-android@v3	2026-08-06T10:30:50.9643221Z [========================               ] 60% Downloading sdk-tools-linux-433379
android-emulator	Run android-actions/setup-android@v3	2026-08-06T10:30:51.0412417Z [========================               ] 61% Downloading sdk-tools-linux-433379
android-emulator	Run android-actions/setup-android@v3	2026-08-06T10:30:51.1298523Z [========================               ] 62% Downloading sdk-tools-linux-433379
android-emulator	Run android-actions/setup-android@v3	2026-08-06T10:30:51.2135604Z [=========================              ] 63% Downloading sdk-tools-linux-433379
android-emulator	Run android-actions/setup-android@v3	2026-08-06T10:30:51.2976815Z [=========================              ] 64% Downloading sdk-tools-linux-433379
android-emulator	Run android-actions/setup-android@v3	2026-08-06T10:30:51.3356959Z [=========================              ] 65% Downloading sdk-tools-linux-433379
android-emulator	Run android-actions/setup-android@v3	2026-08-06T10:30:51.3880527Z [==========================             ] 65% Downloading sdk-tools-linux-433379
android-emulator	Run android-actions/setup-android@v3	2026-08-06T10:30:51.4440070Z [==========================             ] 66% Downloading sdk-tools-linux-433379
android-emulator	Run android-actions/setup-android@v3	2026-08-06T10:30:51.4867524Z [==========================             ] 66% Unzipping... emulator/lib64/gles_a
android-emulator	Run android-actions/setup-android@v3	2026-08-06T10:30:51.4869120Z [==========================             ] 66% Unzipping... tools/               
android-emulator	Run android-actions/setup-android@v3	2026-08-06T10:30:51.4869895Z [==========================             ] 66% Unzipping... tools/proguard/      
android-emulator	Run android-actions/setup-android@v3	2026-08-06T10:30:51.4898746Z [==========================             ] 66% Unzipping... tools/proguard/licens
android-emulator	Run android-actions/setup-android@v3	2026-08-06T10:30:51.4899786Z [==========================             ] 66% Unzipping... tools/proguard/lib/  
android-emulator	Run android-actions/setup-android@v3	2026-08-06T10:30:51.4923823Z [==========================             ] 66% Unzipping... tools/proguard/lib/pr
android-emulator	Run android-actions/setup-android@v3	2026-08-06T10:30:51.4926447Z [==========================             ] 66% Unzipping... tools/proguard/lib/re
android-emulator	Run android-actions/setup-android@v3	2026-08-06T10:30:51.4938415Z [==========================             ] 66% Unzipping... tools/proguard/lib/pr
android-emulator	Run android-actions/setup-android@v3	2026-08-06T10:30:51.4940998Z [==========================             ] 66% Unzipping... tools/proguard/ant/  
android-emulator	Run android-actions/setup-android@v3	2026-08-06T10:30:51.4941919Z [==========================             ] 66% Unzipping... tools/proguard/ant/ta
android-emulator	Run android-actions/setup-android@v3	2026-08-06T10:30:51.4943373Z [==========================             ] 66% Unzipping... tools/proguard/docs/ 
android-emulator	Run android-actions/setup-android@v3	2026-08-06T10:30:51.4944215Z [==========================             ] 66% Unzipping... tools/proguard/docs/f
android-emulator	Run android-actions/setup-android@v3	2026-08-06T10:30:51.4954535Z [==========================             ] 66% Unzipping... tools/proguard/docs/s
android-emulator	Run android-actions/setup-android@v3	2026-08-06T10:30:51.4956706Z [==========================             ] 66% Unzipping... tools/proguard/docs/d
android-emulator	Run android-actions/setup-android@v3	2026-08-06T10:30:51.4959852Z [==========================             ] 66% Unzipping... tools/proguard/docs/s
android-emulator	Run android-actions/setup-android@v3	2026-08-06T10:30:51.4964050Z [==========================             ] 66% Unzipping... tools/proguard/docs/F
android-emulator	Run android-actions/setup-android@v3	2026-08-06T10:30:51.4969240Z [==========================             ] 66% Unzipping... tools/proguard/docs/s
android-emulator	Run android-actions/setup-android@v3	2026-08-06T10:30:51.4971700Z [==========================             ] 66% Unzipping... tools/proguard/docs/l
android-emulator	Run android-actions/setup-android@v3	2026-08-06T10:30:51.4976967Z [==========================             ] 66% Unzipping... tools/proguard/docs/s
android-emulator	Run android-actions/setup-android@v3	2026-08-06T10:30:51.4983429Z [==========================             ] 66% Unzipping... tools/proguard/docs/d
android-emulator	Run android-actions/setup-android@v3	2026-08-06T10:30:51.4989276Z [==========================             ] 66% Unzipping... tools/proguard/docs/s
android-emulator	Run android-actions/setup-android@v3	2026-08-06T10:30:51.4992006Z [==========================             ] 66% Unzipping... tools/proguard/docs/r
android-emulator	Run android-actions/setup-android@v3	2026-08-06T10:30:51.4994167Z [==========================             ] 66% Unzipping... tools/proguard/docs/d
android-emulator	Run android-actions/setup-android@v3	2026-08-06T10:30:51.4996399Z [==========================             ] 66% Unzipping... tools/proguard/docs/t
android-emulator	Run android-actions/setup-android@v3	2026-08-06T10:30:51.4998731Z [==========================             ] 66% Unzipping... tools/proguard/docs/f
android-emulator	Run android-actions/setup-android@v3	2026-08-06T10:30:51.5004394Z [==========================             ] 66% Unzipping... tools/proguard/docs/s
android-emulator	Run android-actions/setup-android@v3	2026-08-06T10:30:51.5006500Z [==========================             ] 66% Unzipping... tools/proguard/docs/t
android-emulator	Run android-actions/setup-android@v3	2026-08-06T10:30:51.5007444Z [==========================             ] 66% Unzipping... tools/proguard/docs/i
android-emulator	Run android-actions/setup-android@v3	2026-08-06T10:30:51.5013481Z [==========================             ] 66% Unzipping... tools/proguard/docs/s
android-emulator	Run android-actions/setup-android@v3	2026-08-06T10:30:51.5015331Z [==========================             ] 66% Unzipping... tools/proguard/docs/m
android-emulator	Run android-actions/setup-android@v3	2026-08-06T10:30:51.5019243Z [==========================             ] 66% Unzipping... tools/proguard/docs/s
android-emulator	Run android-actions/setup-android@v3	2026-08-06T10:30:51.5023127Z [==========================             ] 66% Unzipping... tools/proguard/docs/q
android-emulator	Run android-actions/setup-android@v3	2026-08-06T10:30:51.5026609Z [==========================             ] 66% Unzipping... tools/proguard/docs/G
android-emulator	Run android-actions/setup-android@v3	2026-08-06T10:30:51.5027480Z [==========================             ] 66% Unzipping... tools/proguard/docs/t
android-emulator	Run android-actions/setup-android@v3	2026-08-06T10:30:51.5043689Z [==========================             ] 66% Unzipping... tools/proguard/docs/s
android-emulator	Run android-actions/setup-android@v3	2026-08-06T10:30:51.5078532Z [==========================             ] 66% Unzipping... tools/proguard/docs/m
android-emulator	Run android-actions/setup-android@v3	2026-08-06T10:30:51.5080306Z [==========================             ] 66% Unzipping... tools/proguard/docs/s
android-emulator	Run android-actions/setup-android@v3	2026-08-06T10:30:51.5082845Z [==========================             ] 66% Unzipping... tools/proguard/docs/G
android-emulator	Run android-actions/setup-android@v3	2026-08-06T10:30:51.5084291Z [==========================             ] 66% Unzipping... tools/proguard/docs/c
android-emulator	Run android-actions/setup-android@v3	2026-08-06T10:30:51.5088152Z [==========================             ] 66% Unzipping... tools/proguard/docs/a
android-emulator	Run android-actions/setup-android@v3	2026-08-06T10:30:51.5094737Z [==========================             ] 66% Unzipping... tools/proguard/docs/s
android-emulator	Run android-actions/setup-android@v3	2026-08-06T10:30:51.5095867Z [==========================             ] 66% Unzipping... tools/proguard/docs/d
android-emulator	Run android-actions/setup-android@v3	2026-08-06T10:30:51.5129107Z [==========================             ] 66% Unzipping... tools/proguard/exampl
android-emulator	Run android-actions/setup-android@v3	2026-08-06T10:30:51.5129890Z [==========================             ] 66% Unzipping... tools/proguard/bin/  
android-emulator	Run android-actions/setup-android@v3	2026-08-06T10:30:51.5131128Z [==========================             ] 66% Unzipping... tools/proguard/bin/pr
android-emulator	Run android-actions/setup-android@v3	2026-08-06T10:30:51.5132312Z [==========================             ] 66% Unzipping... tools/proguard/bin/re
android-emulator	Run android-actions/setup-android@v3	2026-08-06T10:30:51.5133803Z [==========================             ] 66% Unzipping... tools/proguard/README
android-emulator	Run android-actions/setup-android@v3	2026-08-06T10:30:51.5137259Z [==========================             ] 66% Unzipping... tools/proguard/progua
android-emulator	Run android-actions/setup-android@v3	2026-08-06T10:30:51.5138130Z [==========================             ] 66% Unzipping... tools/lib/           
android-emulator	Run android-actions/setup-android@v3	2026-08-06T10:30:51.5185278Z [==========================             ] 66% Unzipping... tools/lib/bcpkix-jdk1
android-emulator	Run android-actions/setup-android@v3	2026-08-06T10:30:51.5208727Z [==========================             ] 66% Unzipping... tools/lib/org-eclipse
android-emulator	Run android-actions/setup-android@v3	2026-08-06T10:30:51.5229042Z [==========================             ] 66% Unzipping... tools/lib/manifest-me
android-emulator	Run android-actions/setup-android@v3	2026-08-06T10:30:51.5230170Z [==========================             ] 66% Unzipping... tools/lib/jcommander-
android-emulator	Run android-actions/setup-android@v3	2026-08-06T10:30:51.5233918Z [==========================             ] 66% Unzipping... tools/lib/gson-2.3.ja
android-emulator	Run android-actions/setup-android@v3	2026-08-06T10:30:51.5246219Z [==========================             ] 66% Unzipping... tools/lib/ddms-26.0.0
android-emulator	Run android-actions/setup-android@v3	2026-08-06T10:30:51.5247369Z [==========================             ] 66% Unzipping... tools/lib/asm-tree-5.
android-emulator	Run android-actions/setup-android@v3	2026-08-06T10:30:51.5302926Z [==========================             ] 66% Unzipping... tools/lib/uast-26.0.0
android-emulator	Run android-actions/setup-android@v3	2026-08-06T10:30:51.5312745Z [==========================             ] 66% Unzipping... tools/lib/dexlib2-2.2
android-emulator	Run android-actions/setup-android@v3	2026-08-06T10:30:51.5362042Z [==========================             ] 67% Unzipping... tools/lib/dexlib2-2.2
android-emulator	Run android-actions/setup-android@v3	2026-08-06T10:30:51.5363438Z [==========================             ] 67% Unzipping... tools/lib/android.el 
android-emulator	Run android-actions/setup-android@v3	2026-08-06T10:30:51.5368971Z [==========================             ] 67% Unzipping... tools/lib/apkanalyzer
android-emulator	Run android-actions/setup-android@v3	2026-08-06T10:30:51.5526553Z [==========================             ] 67% Unzipping... tools/lib/guava-22.0.
android-emulator	Run android-actions/setup-android@v3	2026-08-06T10:30:51.5560163Z [==========================             ] 67% Unzipping... tools/lib/lint-api-26
android-emulator	Run android-actions/setup-android@v3	2026-08-06T10:30:51.5570120Z [==========================             ] 67% Unzipping... tools/lib/baksmali-2.
android-emulator	Run android-actions/setup-android@v3	2026-08-06T10:30:51.5573259Z [==========================             ] 67% Unzipping... tools/lib/shared.jar 
android-emulator	Run android-actions/setup-android@v3	2026-08-06T10:30:51.5579761Z [==========================             ] 67% Unzipping... tools/lib/jsr305-1.3.
android-emulator	Run android-actions/setup-android@v3	2026-08-06T10:30:51.5608368Z [==========================             ] 67% Unzipping... tools/lib/httpclient-
android-emulator	Run android-actions/setup-android@v3	2026-08-06T10:30:51.5750366Z [==========================             ] 67% Unzipping... tools/lib/ecj-4.6.1.j
android-emulator	Run android-actions/setup-android@v3	2026-08-06T10:30:51.5755630Z [==========================             ] 67% Unzipping... tools/lib/jobb-26.0.0
android-emulator	Run android-actions/setup-android@v3	2026-08-06T10:30:51.5777499Z [==========================             ] 67% Unzipping... tools/lib/jcommon-1.0
android-emulator	Run android-actions/setup-android@v3	2026-08-06T10:30:51.5781940Z [==========================             ] 67% Unzipping... tools/lib/kxml2-2.3.0
android-emulator	Run android-actions/setup-android@v3	2026-08-06T10:30:51.5872132Z [==========================             ] 67% Unzipping... tools/lib/jfreechart-
android-emulator	Run android-actions/setup-android@v3	2026-08-06T10:30:51.5878573Z [==========================             ] 67% Unzipping... tools/lib/common-26.0
android-emulator	Run android-actions/setup-android@v3	2026-08-06T10:30:51.5948711Z [==========================             ] 67% Unzipping... tools/lib/lint-checks
android-emulator	Run android-actions/setup-android@v3	2026-08-06T10:30:51.6098930Z [==========================             ] 67% Unzipping... tools/lib/kotlin-refl
android-emulator	Run android-actions/setup-android@v3	2026-08-06T10:30:51.6104588Z [==========================             ] 67% Unzipping... tools/lib/builder-mod
android-emulator	Run android-actions/setup-android@v3	2026-08-06T10:30:51.6150188Z [==========================             ] 67% Unzipping... tools/lib/sdklib-26.0
android-emulator	Run android-actions/setup-android@v3	2026-08-06T10:30:51.6157330Z [==========================             ] 67% Unzipping... tools/lib/layoutlib-a
android-emulator	Run android-actions/setup-android@v3	2026-08-06T10:30:51.6160204Z [==========================             ] 67% Unzipping... tools/lib/annotations
android-emulator	Run android-actions/setup-android@v3	2026-08-06T10:30:51.6166944Z [==========================             ] 67% Unzipping... tools/lib/fat32lib.ja
android-emulator	Run android-actions/setup-android@v3	2026-08-06T10:30:51.6171184Z [==========================             ] 67% Unzipping... tools/lib/jsr305-3.0.
android-emulator	Run android-actions/setup-android@v3	2026-08-06T10:30:51.6245019Z [==========================             ] 67% Unzipping... tools/lib/org-eclipse
android-emulator	Run android-actions/setup-android@v3	2026-08-06T10:30:51.6245930Z [==========================             ] 67% Unzipping... tools/lib/error_prone
android-emulator	Run android-actions/setup-android@v3	2026-08-06T10:30:51.6258679Z [==========================             ] 67% Unzipping... tools/lib/org-eclipse
android-emulator	Run android-actions/setup-android@v3	2026-08-06T10:30:51.6259590Z [==========================             ] 67% Unzipping... tools/lib/animal-snif
android-emulator	Run android-actions/setup-android@v3	2026-08-06T10:30:51.6300198Z [==========================             ] 67% Unzipping... tools/lib/asset-studi
android-emulator	Run android-actions/setup-android@v3	2026-08-06T10:30:51.6333102Z [===========================            ] 68% Unzipping... tools/lib/asset-studi
android-emulator	Run android-actions/setup-android@v3	2026-08-06T10:30:51.6347543Z [===========================            ] 68% Unzipping... tools/lib/repository-
android-emulator	Run android-actions/setup-android@v3	2026-08-06T10:30:51.6352556Z [===========================            ] 68% Unzipping... tools/lib/dvlib-26.0.
android-emulator	Run android-actions/setup-android@v3	2026-08-06T10:30:51.6389795Z [===========================            ] 68% Unzipping... tools/lib/jsilver-1.0
android-emulator	Run android-actions/setup-android@v3	2026-08-06T10:30:51.6393935Z [===========================            ] 68% Unzipping... tools/lib/asm-5.1.jar
android-emulator	Run android-actions/setup-android@v3	2026-08-06T10:30:51.6395777Z [===========================            ] 68% Unzipping... tools/lib/devices.xml
android-emulator	Run android-actions/setup-android@v3	2026-08-06T10:30:51.6398918Z [===========================            ] 68% Unzipping... tools/lib/asm-analysi
android-emulator	Run android-actions/setup-android@v3	2026-08-06T10:30:51.6426583Z [===========================            ] 68% Unzipping... tools/lib/hierarchyvi
android-emulator	Run android-actions/setup-android@v3	2026-08-06T10:30:51.6435223Z [===========================            ] 68% Unzipping... tools/lib/monkeyrunne
android-emulator	Run android-actions/setup-android@v3	2026-08-06T10:30:51.6443189Z [===========================            ] 68% Unzipping... tools/lib/uiautomator
android-emulator	Run android-actions/setup-android@v3	2026-08-06T10:30:51.6443924Z [===========================            ] 68% Unzipping... tools/lib/archquery-2
android-emulator	Run android-actions/setup-android@v3	2026-08-06T10:30:51.6447630Z [===========================            ] 68% Unzipping... tools/lib/chimpchat-2
android-emulator	Run android-actions/setup-android@v3	2026-08-06T10:30:51.6450065Z [===========================            ] 68% Unzipping... tools/lib/explainer.j
android-emulator	Run android-actions/setup-android@v3	2026-08-06T10:30:51.6477311Z [===========================            ] 68% Unzipping... tools/lib/ddmlib-26.0
android-emulator	Run android-actions/setup-android@v3	2026-08-06T10:30:51.6480554Z [===========================            ] 68% Unzipping... tools/lib/swtmenubar-
android-emulator	Run android-actions/setup-android@v3	2026-08-06T10:30:51.6565038Z [===========================            ] 68% Unzipping... tools/lib/osgi-4.0.0.
android-emulator	Run android-actions/setup-android@v3	2026-08-06T10:30:51.6566148Z [===========================            ] 68% Unzipping... tools/lib/x86_64/    
android-emulator	Run android-actions/setup-android@v3	2026-08-06T10:30:51.6672879Z [===========================            ] 68% Unzipping... tools/lib/x86_64/swt.
android-emulator	Run android-actions/setup-android@v3	2026-08-06T10:30:51.7143720Z [===========================            ] 68% Unzipping... tools/lib/monitor-x86
android-emulator	Run android-actions/setup-android@v3	2026-08-06T10:30:51.8073192Z [===========================            ] 69% Unzipping... tools/lib/monitor-x86
android-emulator	Run android-actions/setup-android@v3	2026-08-06T10:30:51.9002234Z [===========================            ] 70% Unzipping... tools/lib/monitor-x86
android-emulator	Run android-actions/setup-android@v3	2026-08-06T10:30:51.9454337Z [============================           ] 70% Unzipping... tools/lib/monitor-x86
android-emulator	Run android-actions/setup-android@v3	2026-08-06T10:30:52.1532597Z [============================           ] 71% Unzipping... tools/lib/monitor-x86
android-emulator	Run android-actions/setup-android@v3	2026-08-06T10:30:52.1533484Z [============================           ] 71% Unzipping... tools/lib/httpmime-4.
android-emulator	Run android-actions/setup-android@v3	2026-08-06T10:30:52.1534313Z [============================           ] 71% Unzipping... tools/lib/annotations
android-emulator	Run android-actions/setup-android@v3	2026-08-06T10:30:52.1550316Z [============================           ] 71% Unzipping... tools/lib/lint-26.0.0
android-emulator	Run android-actions/setup-android@v3	2026-08-06T10:30:52.1556824Z [============================           ] 71% Unzipping... tools/lib/apkanalyzer
android-emulator	Run android-actions/setup-android@v3	2026-08-06T10:30:52.1564023Z [============================           ] 71% Unzipping... tools/lib/binary-reso
android-emulator	Run android-actions/setup-android@v3	2026-08-06T10:30:52.1571811Z [============================           ] 71% Unzipping... tools/lib/jopt-simple
android-emulator	Run android-actions/setup-android@v3	2026-08-06T10:30:52.1577664Z [============================           ] 71% Unzipping... tools/lib/util-2.2.1.
android-emulator	Run android-actions/setup-android@v3	2026-08-06T10:30:52.1602970Z [============================           ] 71% Unzipping... tools/lib/ddmuilib-26
android-emulator	Run android-actions/setup-android@v3	2026-08-06T10:30:52.1622227Z [============================           ] 72% Unzipping... tools/lib/ddmuilib-26
android-emulator	Run android-actions/setup-android@v3	2026-08-06T10:30:52.1680822Z [============================           ] 72% Unzipping... tools/lib/sdk-common-
android-emulator	Run android-actions/setup-android@v3	2026-08-06T10:30:52.1693889Z [============================           ] 72% Unzipping... tools/lib/traceview-2
android-emulator	Run android-actions/setup-android@v3	2026-08-06T10:30:52.1710093Z [============================           ] 72% Unzipping... tools/lib/httpcore-4.
android-emulator	Run android-actions/setup-android@v3	2026-08-06T10:30:52.1712186Z [============================           ] 72% Unzipping... tools/lib/screenshot2
android-emulator	Run android-actions/setup-android@v3	2026-08-06T10:30:52.1726853Z [============================           ] 72% Unzipping... tools/lib/commons-cod
android-emulator	Run android-actions/setup-android@v3	2026-08-06T10:30:52.1728159Z [============================           ] 72% Unzipping... tools/lib/proguard-pr
android-emulator	Run android-actions/setup-android@v3	2026-08-06T10:30:52.2468783Z [============================           ] 72% Unzipping... tools/lib/jython-stan
android-emulator	Run android-actions/setup-android@v3	2026-08-06T10:30:52.2523489Z [=============================          ] 73% Unzipping... tools/lib/jython-stan
android-emulator	Run android-actions/setup-android@v3	2026-08-06T10:30:52.2526758Z [=============================          ] 73% Unzipping... tools/lib/annotations
android-emulator	Run android-actions/setup-android@v3	2026-08-06T10:30:52.2534213Z [=============================          ] 73% Unzipping... tools/lib/commons-log
android-emulator	Run android-actions/setup-android@v3	2026-08-06T10:30:52.2618648Z [=============================          ] 73% Unzipping... tools/lib/protobuf-ja
android-emulator	Run android-actions/setup-android@v3	2026-08-06T10:30:52.2623382Z [=============================          ] 73% Unzipping... tools/lib/fakeadbserv
android-emulator	Run android-actions/setup-android@v3	2026-08-06T10:30:52.2817047Z [=============================          ] 73% Unzipping... tools/lib/bcprov-jdk1
android-emulator	Run android-actions/setup-android@v3	2026-08-06T10:30:52.2818407Z [=============================          ] 73% Unzipping... tools/lib/x86/       
android-emulator	Run android-actions/setup-android@v3	2026-08-06T10:30:52.2902719Z [=============================          ] 73% Unzipping... tools/lib/x86/swt.jar
android-emulator	Run android-actions/setup-android@v3	2026-08-06T10:30:52.2959814Z [=============================          ] 73% Unzipping... tools/lib/kotlin-stdl
android-emulator	Run android-actions/setup-android@v3	2026-08-06T10:30:52.2989692Z [=============================          ] 73% Unzipping... tools/lib/commons-com
android-emulator	Run android-actions/setup-android@v3	2026-08-06T10:30:52.3038528Z [=============================          ] 73% Unzipping... tools/lib/lombok-ast-
android-emulator	Run android-actions/setup-android@v3	2026-08-06T10:30:52.3075504Z [=============================          ] 73% Unzipping... tools/lib/trove4j-201
android-emulator	Run android-actions/setup-android@v3	2026-08-06T10:30:52.3388805Z [=============================          ] 73% Unzipping... tools/lib/intellij-co
android-emulator	Run android-actions/setup-android@v3	2026-08-06T10:30:52.3574922Z [=============================          ] 74% Unzipping... tools/lib/intellij-co
android-emulator	Run android-actions/setup-android@v3	2026-08-06T10:30:52.3592333Z [=============================          ] 74% Unzipping... tools/lib/jimfs-1.1.j
android-emulator	Run android-actions/setup-android@v3	2026-08-06T10:30:52.3593326Z [=============================          ] 74% Unzipping... tools/lib/j2objc-anno
android-emulator	Run android-actions/setup-android@v3	2026-08-06T10:30:52.3597601Z [=============================          ] 74% Unzipping... tools/lib/jfreechart-
android-emulator	Run android-actions/setup-android@v3	2026-08-06T10:30:52.4436939Z [=============================          ] 74% Unzipping... tools/lib/monitor-x86
android-emulator	Run android-actions/setup-android@v3	2026-08-06T10:30:52.4918797Z [=============================          ] 75% Unzipping... tools/lib/monitor-x86
android-emulator	Run android-actions/setup-android@v3	2026-08-06T10:30:52.5382301Z [==============================         ] 75% Unzipping... tools/lib/monitor-x86
android-emulator	Run android-actions/setup-android@v3	2026-08-06T10:30:52.6891450Z [==============================         ] 76% Unzipping... tools/lib/monitor-x86
android-emulator	Run android-actions/setup-android@v3	2026-08-06T10:30:52.9010291Z [==============================         ] 77% Unzipping... tools/lib/monitor-x86
android-emulator	Run android-actions/setup-android@v3	2026-08-06T10:30:52.9013838Z [==============================         ] 77% Unzipping... tools/lib/generator.j
android-emulator	Run android-actions/setup-android@v3	2026-08-06T10:30:52.9014940Z [==============================         ] 77% Unzipping... tools/source.properti
android-emulator	Run android-actions/setup-android@v3	2026-08-06T10:30:52.9015774Z [==============================         ] 77% Unzipping... tools/bin/           
android-emulator	Run android-actions/setup-android@v3	2026-08-06T10:30:52.9016509Z [==============================         ] 77% Unzipping... tools/bin/avdmanager 
android-emulator	Run android-actions/setup-android@v3	2026-08-06T10:30:52.9018562Z [==============================         ] 77% Unzipping... tools/bin/jobb       
android-emulator	Run android-actions/setup-android@v3	2026-08-06T10:30:52.9019666Z [==============================         ] 77% Unzipping... tools/bin/uiautomator
android-emulator	Run android-actions/setup-android@v3	2026-08-06T10:30:52.9021846Z [==============================         ] 77% Unzipping... tools/bin/apkanalyzer
android-emulator	Run android-actions/setup-android@v3	2026-08-06T10:30:52.9022800Z [==============================         ] 77% Unzipping... tools/bin/monkeyrunne
android-emulator	Run android-actions/setup-android@v3	2026-08-06T10:30:52.9023963Z [==============================         ] 77% Unzipping... tools/bin/archquery  
android-emulator	Run android-actions/setup-android@v3	2026-08-06T10:30:52.9025358Z [==============================         ] 77% Unzipping... tools/bin/sdkmanager 
android-emulator	Run android-actions/setup-android@v3	2026-08-06T10:30:52.9026773Z [==============================         ] 77% Unzipping... tools/bin/lint       
android-emulator	Run android-actions/setup-android@v3	2026-08-06T10:30:52.9028234Z [==============================         ] 77% Unzipping... tools/bin/screenshot2
android-emulator	Run android-actions/setup-android@v3	2026-08-06T10:30:52.9053772Z [==============================         ] 77% Unzipping... tools/NOTICE.txt     
android-emulator	Run android-actions/setup-android@v3	2026-08-06T10:30:52.9097495Z [==============================         ] 77% Unzipping... tools/emulator       
android-emulator	Run android-actions/setup-android@v3	2026-08-06T10:30:52.9128060Z [==============================         ] 77% Unzipping... tools/emulator-check 
android-emulator	Run android-actions/setup-android@v3	2026-08-06T10:30:52.9129004Z [==============================         ] 77% Unzipping... tools/monitor        
android-emulator	Run android-actions/setup-android@v3	2026-08-06T10:30:52.9130868Z [==============================         ] 77% Unzipping... tools/android        
android-emulator	Run android-actions/setup-android@v3	2026-08-06T10:30:52.9133385Z [==============================         ] 77% Unzipping... tools/mksdcard       
android-emulator	Run android-actions/setup-android@v3	2026-08-06T10:30:52.9134221Z [==============================         ] 77% Unzipping... tools/support/       
android-emulator	Run android-actions/setup-android@v3	2026-08-06T10:30:52.9139763Z [==============================         ] 77% Unzipping... tools/support/typos-d
android-emulator	Run android-actions/setup-android@v3	2026-08-06T10:30:52.9142727Z [==============================         ] 77% Unzipping... tools/support/typos-e
android-emulator	Run android-actions/setup-android@v3	2026-08-06T10:30:52.9143689Z [==============================         ] 77% Unzipping... tools/support/annotat
android-emulator	Run android-actions/setup-android@v3	2026-08-06T10:30:52.9151906Z [==============================         ] 77% Unzipping... tools/support/typos-e
android-emulator	Run android-actions/setup-android@v3	2026-08-06T10:30:52.9154750Z [==============================         ] 77% Unzipping... tools/support/typos-t
android-emulator	Run android-actions/setup-android@v3	2026-08-06T10:30:52.9159213Z [==============================         ] 77% Unzipping... tools/support/typos-p
android-emulator	Run android-actions/setup-android@v3	2026-08-06T10:30:52.9162196Z [==============================         ] 77% Unzipping... tools/support/typos-i
android-emulator	Run android-actions/setup-android@v3	2026-08-06T10:30:52.9164662Z [==============================         ] 77% Unzipping... tools/support/typos-n
android-emulator	Run android-actions/setup-android@v3	2026-08-06T10:30:52.9167963Z [==============================         ] 77% Unzipping... tools/support/typos-h
android-emulator	Run android-actions/setup-android@v3	2026-08-06T10:30:52.9354355Z [==============================         ] 78% Unzipping... tools/support/typos-h
android-emulator	Run android-actions/setup-android@v3	2026-08-06T10:30:52.9355133Z [=======================================] 100% Unzipping... tools/support/typos-
android-emulator	Run android-actions/setup-android@v3	2026-08-06T10:30:52.9408444Z 
android-emulator	Run android-actions/setup-android@v3	2026-08-06T10:30:52.9493475Z [command]/usr/local/lib/android/sdk/cmdline-tools/16.0/bin/sdkmanager platform-tools
android-emulator	Run android-actions/setup-android@v3	2026-08-06T10:30:53.6449075Z Loading package information...                                                  
android-emulator	Run android-actions/setup-android@v3	2026-08-06T10:30:53.7340217Z Loading local repository...                                                     
android-emulator	Run android-actions/setup-android@v3	2026-08-06T10:30:53.7344099Z [                                       ] 3% Loading local repository...        
android-emulator	Run android-actions/setup-android@v3	2026-08-06T10:30:53.7439943Z [                                       ] 3% Fetch remote repository...         
android-emulator	Run android-actions/setup-android@v3	2026-08-06T10:30:53.9352773Z [=                                      ] 3% Fetch remote repository...         
android-emulator	Run android-actions/setup-android@v3	2026-08-06T10:30:54.0078322Z [=                                      ] 4% Fetch remote repository...         
android-emulator	Run android-actions/setup-android@v3	2026-08-06T10:30:54.0259606Z [=                                      ] 5% Fetch remote repository...         
android-emulator	Run android-actions/setup-android@v3	2026-08-06T10:30:54.0516853Z [==                                     ] 5% Fetch remote repository...         
android-emulator	Run android-actions/setup-android@v3	2026-08-06T10:30:54.1023944Z [==                                     ] 6% Fetch remote repository...         
android-emulator	Run android-actions/setup-android@v3	2026-08-06T10:30:54.1629219Z [==                                     ] 7% Fetch remote repository...         
android-emulator	Run android-actions/setup-android@v3	2026-08-06T10:30:54.1659183Z [==                                     ] 7% Computing updates...               
android-emulator	Run android-actions/setup-android@v3	2026-08-06T10:30:54.1738917Z [===                                    ] 8% Computing updates...               
android-emulator	Run android-actions/setup-android@v3	2026-08-06T10:30:54.1828691Z [===                                    ] 10% Computing updates...              
android-emulator	Run android-actions/setup-android@v3	2026-08-06T10:30:54.4376434Z [===                                    ] 10% Installing Android SDK Platform-To
android-emulator	Run android-actions/setup-android@v3	2026-08-06T10:30:54.4539633Z [===                                    ] 10% Downloading platform-tools_r37.0.1
android-emulator	Run android-actions/setup-android@v3	2026-08-06T10:30:54.4780149Z [====                                   ] 10% Downloading platform-tools_r37.0.1
android-emulator	Run android-actions/setup-android@v3	2026-08-06T10:30:54.5149121Z [====                                   ] 11% Downloading platform-tools_r37.0.1
android-emulator	Run android-actions/setup-android@v3	2026-08-06T10:30:54.5390295Z [====                                   ] 12% Downloading platform-tools_r37.0.1
android-emulator	Run android-actions/setup-android@v3	2026-08-06T10:30:54.5544493Z [=====                                  ] 13% Downloading platform-tools_r37.0.1
android-emulator	Run android-actions/setup-android@v3	2026-08-06T10:30:54.5653102Z [=====                                  ] 14% Downloading platform-tools_r37.0.1
android-emulator	Run android-actions/setup-android@v3	2026-08-06T10:30:54.5730182Z [=====                                  ] 15% Downloading platform-tools_r37.0.1
android-emulator	Run android-actions/setup-android@v3	2026-08-06T10:30:54.5769508Z [======                                 ] 15% Downloading platform-tools_r37.0.1
android-emulator	Run android-actions/setup-android@v3	2026-08-06T10:30:54.5846734Z [======                                 ] 16% Downloading platform-tools_r37.0.1
android-emulator	Run android-actions/setup-android@v3	2026-08-06T10:30:54.5927697Z [======                                 ] 17% Downloading platform-tools_r37.0.1
android-emulator	Run android-actions/setup-android@v3	2026-08-06T10:30:54.6003062Z [=======                                ] 18% Downloading platform-tools_r37.0.1
android-emulator	Run android-actions/setup-android@v3	2026-08-06T10:30:54.6107613Z [=======                                ] 19% Downloading platform-tools_r37.0.1
android-emulator	Run android-actions/setup-android@v3	2026-08-06T10:30:54.6150312Z [=======                                ] 20% Downloading platform-tools_r37.0.1
android-emulator	Run android-actions/setup-android@v3	2026-08-06T10:30:54.6186586Z [========                               ] 20% Downloading platform-tools_r37.0.1
android-emulator	Run android-actions/setup-android@v3	2026-08-06T10:30:54.6316095Z [========                               ] 21% Downloading platform-tools_r37.0.1
android-emulator	Run android-actions/setup-android@v3	2026-08-06T10:30:54.6388964Z [========                               ] 22% Downloading platform-tools_r37.0.1
android-emulator	Run android-actions/setup-android@v3	2026-08-06T10:30:54.6452000Z [=========                              ] 23% Downloading platform-tools_r37.0.1
android-emulator	Run android-actions/setup-android@v3	2026-08-06T10:30:54.6541312Z [=========                              ] 24% Downloading platform-tools_r37.0.1
android-emulator	Run android-actions/setup-android@v3	2026-08-06T10:30:54.6585843Z [=========                              ] 25% Downloading platform-tools_r37.0.1
android-emulator	Run android-actions/setup-android@v3	2026-08-06T10:30:54.6618056Z [==========                             ] 25% Downloading platform-tools_r37.0.1
android-emulator	Run android-actions/setup-android@v3	2026-08-06T10:30:54.6694032Z [==========                             ] 26% Downloading platform-tools_r37.0.1
android-emulator	Run android-actions/setup-android@v3	2026-08-06T10:30:54.6767554Z [==========                             ] 27% Downloading platform-tools_r37.0.1
android-emulator	Run android-actions/setup-android@v3	2026-08-06T10:30:54.6871648Z [===========                            ] 28% Downloading platform-tools_r37.0.1
android-emulator	Run android-actions/setup-android@v3	2026-08-06T10:30:54.6942357Z [===========                            ] 29% Downloading platform-tools_r37.0.1
android-emulator	Run android-actions/setup-android@v3	2026-08-06T10:30:54.6982186Z [===========                            ] 30% Downloading platform-tools_r37.0.1
android-emulator	Run android-actions/setup-android@v3	2026-08-06T10:30:54.7035324Z [============                           ] 30% Downloading platform-tools_r37.0.1
android-emulator	Run android-actions/setup-android@v3	2026-08-06T10:30:54.7099749Z [============                           ] 31% Downloading platform-tools_r37.0.1
android-emulator	Run android-actions/setup-android@v3	2026-08-06T10:30:54.7179520Z [============                           ] 32% Downloading platform-tools_r37.0.1
android-emulator	Run android-actions/setup-android@v3	2026-08-06T10:30:54.7186772Z [============                           ] 33% Downloading platform-tools_r37.0.1
android-emulator	Run android-actions/setup-android@v3	2026-08-06T10:30:54.7519274Z [============                           ] 33% Unzipping...                      
android-emulator	Run android-actions/setup-android@v3	2026-08-06T10:30:54.7538939Z [============                           ] 33% Unzipping... platform-tools/NOTICE
android-emulator	Run android-actions/setup-android@v3	2026-08-06T10:30:54.7647133Z [=============                          ] 33% Unzipping... platform-tools/NOTICE
android-emulator	Run android-actions/setup-android@v3	2026-08-06T10:30:54.7664114Z [=============                          ] 33% Unzipping... platform-tools/adb   
android-emulator	Run android-actions/setup-android@v3	2026-08-06T10:30:54.7754312Z [=============                          ] 34% Unzipping... platform-tools/adb   
android-emulator	Run android-actions/setup-android@v3	2026-08-06T10:30:54.7824511Z [=============                          ] 35% Unzipping... platform-tools/adb   
android-emulator	Run android-actions/setup-android@v3	2026-08-06T10:30:54.7840529Z [==============                         ] 35% Unzipping... platform-tools/adb   
android-emulator	Run android-actions/setup-android@v3	2026-08-06T10:30:54.7934969Z [==============                         ] 36% Unzipping... platform-tools/adb   
android-emulator	Run android-actions/setup-android@v3	2026-08-06T10:30:54.8027073Z [==============                         ] 37% Unzipping... platform-tools/adb   
android-emulator	Run android-actions/setup-android@v3	2026-08-06T10:30:54.8113750Z [===============                        ] 38% Unzipping... platform-tools/adb   
android-emulator	Run android-actions/setup-android@v3	2026-08-06T10:30:54.8203927Z [===============                        ] 39% Unzipping... platform-tools/adb   
android-emulator	Run android-actions/setup-android@v3	2026-08-06T10:30:54.8268677Z [===============                        ] 40% Unzipping... platform-tools/adb   
android-emulator	Run android-actions/setup-android@v3	2026-08-06T10:30:54.8292482Z [================                       ] 40% Unzipping... platform-tools/adb   
android-emulator	Run android-actions/setup-android@v3	2026-08-06T10:30:54.8375902Z [================                       ] 41% Unzipping... platform-tools/adb   
android-emulator	Run android-actions/setup-android@v3	2026-08-06T10:30:54.8463039Z [================                       ] 42% Unzipping... platform-tools/adb   
android-emulator	Run android-actions/setup-android@v3	2026-08-06T10:30:54.8515564Z [=================                      ] 43% Unzipping... platform-tools/adb   
android-emulator	Run android-actions/setup-android@v3	2026-08-06T10:30:54.8583433Z [=================                      ] 44% Unzipping... platform-tools/adb   
android-emulator	Run android-actions/setup-android@v3	2026-08-06T10:30:54.8607041Z [=================                      ] 44% Unzipping... platform-tools/etc1to
android-emulator	Run android-actions/setup-android@v3	2026-08-06T10:30:54.8640378Z [=================                      ] 45% Unzipping... platform-tools/etc1to
android-emulator	Run android-actions/setup-android@v3	2026-08-06T10:30:54.8668962Z [=================                      ] 45% Unzipping... platform-tools/fastbo
android-emulator	Run android-actions/setup-android@v3	2026-08-06T10:30:54.8689465Z [==================                     ] 45% Unzipping... platform-tools/fastbo
android-emulator	Run android-actions/setup-android@v3	2026-08-06T10:30:54.8784946Z [==================                     ] 46% Unzipping... platform-tools/fastbo
android-emulator	Run android-actions/setup-android@v3	2026-08-06T10:30:54.8875102Z [==================                     ] 47% Unzipping... platform-tools/fastbo
android-emulator	Run android-actions/setup-android@v3	2026-08-06T10:30:54.8894172Z [===================                    ] 48% Unzipping... platform-tools/fastbo
android-emulator	Run android-actions/setup-android@v3	2026-08-06T10:30:54.8900286Z [===================                    ] 48% Unzipping... platform-tools/hprof-
android-emulator	Run android-actions/setup-android@v3	2026-08-06T10:30:54.8962516Z [===================                    ] 48% Unzipping... platform-tools/lib64/
android-emulator	Run android-actions/setup-android@v3	2026-08-06T10:30:54.9024256Z [===================                    ] 49% Unzipping... platform-tools/lib64/
android-emulator	Run android-actions/setup-android@v3	2026-08-06T10:30:54.9059166Z [===================                    ] 49% Unzipping... platform-tools/make_f
android-emulator	Run android-actions/setup-android@v3	2026-08-06T10:30:54.9092222Z [===================                    ] 50% Unzipping... platform-tools/make_f
android-emulator	Run android-actions/setup-android@v3	2026-08-06T10:30:54.9106909Z [===================                    ] 50% Unzipping... platform-tools/mke2fs
android-emulator	Run android-actions/setup-android@v3	2026-08-06T10:30:54.9154163Z [====================                   ] 50% Unzipping... platform-tools/mke2fs
android-emulator	Run android-actions/setup-android@v3	2026-08-06T10:30:54.9196087Z [====================                   ] 51% Unzipping... platform-tools/mke2fs
android-emulator	Run android-actions/setup-android@v3	2026-08-06T10:30:54.9206970Z [====================                   ] 51% Unzipping... platform-tools/source
android-emulator	Run android-actions/setup-android@v3	2026-08-06T10:30:54.9245930Z [====================                   ] 51% Unzipping... platform-tools/sqlite
android-emulator	Run android-actions/setup-android@v3	2026-08-06T10:30:54.9329088Z [====================                   ] 52% Unzipping... platform-tools/sqlite
android-emulator	Run android-actions/setup-android@v3	2026-08-06T10:30:54.9424296Z [=====================                  ] 53% Unzipping... platform-tools/sqlite
android-emulator	Run android-actions/setup-android@v3	2026-08-06T10:30:54.9510485Z [=====================                  ] 54% Unzipping... platform-tools/sqlite
android-emulator	Run android-actions/setup-android@v3	2026-08-06T10:30:54.9930984Z [=====================                  ] 55% Unzipping... platform-tools/sqlite
android-emulator	Run android-actions/setup-android@v3	2026-08-06T10:30:54.9933908Z [=======================================] 100% Unzipping... platform-tools/sqlit
android-emulator	Run android-actions/setup-android@v3	2026-08-06T10:30:55.0889368Z 
android-emulator	Run gradle/actions/setup-gradle@v4	﻿2026-08-06T10:30:55.1349846Z Node 20 is being deprecated. This workflow is running with Node 24 by default. If you need to temporarily use Node 20, you can set the ACTIONS_ALLOW_USE_UNSECURE_NODE_VERSION=true environment variable. For more information see: https://github.blog/changelog/2025-09-19-deprecation-of-node-20-on-github-actions-runners/
android-emulator	Run gradle/actions/setup-gradle@v4	2026-08-06T10:30:55.1351105Z ##[group]Run gradle/actions/setup-gradle@v4
android-emulator	Run gradle/actions/setup-gradle@v4	2026-08-06T10:30:55.1351493Z with:
android-emulator	Run gradle/actions/setup-gradle@v4	2026-08-06T10:30:55.1351823Z   cache-disabled: false
android-emulator	Run gradle/actions/setup-gradle@v4	2026-08-06T10:30:55.1352120Z   cache-read-only: true
android-emulator	Run gradle/actions/setup-gradle@v4	2026-08-06T10:30:55.1352481Z   cache-write-only: false
android-emulator	Run gradle/actions/setup-gradle@v4	2026-08-06T10:30:55.1352816Z   cache-overwrite-existing: false
android-emulator	Run gradle/actions/setup-gradle@v4	2026-08-06T10:30:55.1353192Z   cache-cleanup: on-success
android-emulator	Run gradle/actions/setup-gradle@v4	2026-08-06T10:30:55.1353603Z   gradle-home-cache-includes: caches
android-emulator	Run gradle/actions/setup-gradle@v4	notifications
android-emulator	Run gradle/actions/setup-gradle@v4	
android-emulator	Run gradle/actions/setup-gradle@v4	2026-08-06T10:30:55.1354012Z   add-job-summary: always
android-emulator	Run gradle/actions/setup-gradle@v4	2026-08-06T10:30:55.1354374Z   add-job-summary-as-pr-comment: never
android-emulator	Run gradle/actions/setup-gradle@v4	2026-08-06T10:30:55.1354745Z   dependency-graph: disabled
android-emulator	Run gradle/actions/setup-gradle@v4	2026-08-06T10:30:55.1355114Z   dependency-graph-report-dir: dependency-graph-reports
android-emulator	Run gradle/actions/setup-gradle@v4	2026-08-06T10:30:55.1355742Z   dependency-graph-continue-on-failure: true
android-emulator	Run gradle/actions/setup-gradle@v4	2026-08-06T10:30:55.1356091Z   build-scan-publish: false
android-emulator	Run gradle/actions/setup-gradle@v4	2026-08-06T10:30:55.1356444Z   validate-wrappers: true
android-emulator	Run gradle/actions/setup-gradle@v4	2026-08-06T10:30:55.1356770Z   allow-snapshot-wrappers: false
android-emulator	Run gradle/actions/setup-gradle@v4	2026-08-06T10:30:55.1357127Z   gradle-home-cache-strict-match: false
android-emulator	Run gradle/actions/setup-gradle@v4	2026-08-06T10:30:55.1357521Z   workflow-job-context: null
android-emulator	Run gradle/actions/setup-gradle@v4	2026-08-06T10:30:55.1360110Z   github-token: ***
android-emulator	Run gradle/actions/setup-gradle@v4	2026-08-06T10:30:55.1360434Z env:
android-emulator	Run gradle/actions/setup-gradle@v4	2026-08-06T10:30:55.1360806Z   JAVA_HOME: /opt/hostedtoolcache/Java_Temurin-Hotspot_jdk/17.0.19-10/x64
android-emulator	Run gradle/actions/setup-gradle@v4	2026-08-06T10:30:55.1361340Z   JAVA_HOME_17_X64: /opt/hostedtoolcache/Java_Temurin-Hotspot_jdk/17.0.19-10/x64
android-emulator	Run gradle/actions/setup-gradle@v4	2026-08-06T10:30:55.1361826Z   ANDROID_HOME: /usr/local/lib/android/sdk
android-emulator	Run gradle/actions/setup-gradle@v4	2026-08-06T10:30:55.1362197Z   ANDROID_SDK_ROOT: /usr/local/lib/android/sdk
android-emulator	Run gradle/actions/setup-gradle@v4	2026-08-06T10:30:55.1362566Z ##[endgroup]
android-emulator	Run gradle/actions/setup-gradle@v4	2026-08-06T10:30:55.5148571Z Merged default JDK locations into /home/runner/.m2/toolchains.xml
android-emulator	Run gradle/actions/setup-gradle@v4	2026-08-06T10:30:55.5151476Z ##[group]Restore Gradle state from cache
android-emulator	Run gradle/actions/setup-gradle@v4	2026-08-06T10:30:55.6404652Z Cache hit for restore-key: gradle-home-v1|Linux-X64|android-emulator[b8a35c2f917259958c9abe8f2ff1b5ff]-46a56a3e25e7cc2d0e41dfd92dcf06b1fe6a6440
android-emulator	Run gradle/actions/setup-gradle@v4	2026-08-06T10:30:56.0864421Z Received 1027682 of 1027682 (100.0%), 3.0 MBs/sec
android-emulator	Run gradle/actions/setup-gradle@v4	2026-08-06T10:30:56.0866036Z Cache Size: ~1 MB (1027682 B)
android-emulator	Run gradle/actions/setup-gradle@v4	2026-08-06T10:30:56.0891472Z [command]/usr/bin/tar -xf /home/runner/work/_temp/2fbb5365-fc23-4547-8083-c7e6f4b725f1/cache.tzst -P -C /home/runner/work/wrtmonitor/wrtmonitor --use-compress-program unzstd
android-emulator	Run gradle/actions/setup-gradle@v4	2026-08-06T10:30:56.1451509Z Cache restored successfully
android-emulator	Run gradle/actions/setup-gradle@v4	2026-08-06T10:30:56.1456478Z Restored cache entry with key gradle-home-v1|Linux-X64|android-emulator[b8a35c2f917259958c9abe8f2ff1b5ff]-9d81f5fe71a883b7b63845878056e99fc2919cb1 to /home/runner/.gradle/caches,/home/runner/.gradle/notifications,/home/runner/.gradle/.setup-gradle in 629ms
android-emulator	Run gradle/actions/setup-gradle@v4	2026-08-06T10:30:56.2561069Z Cache hit for: gradle-instrumented-jars-v1-75ce37944e25ace26488f72e0915161c
android-emulator	Run gradle/actions/setup-gradle@v4	2026-08-06T10:30:56.2587391Z Cache hit for: gradle-generated-gradle-jars-v1-26cfecc158c44513d188405a5d2d0d9c
android-emulator	Run gradle/actions/setup-gradle@v4	2026-08-06T10:30:56.2643098Z Cache hit for: gradle-dependencies-v1-ab58611847c742e569acda709097f9a1
android-emulator	Run gradle/actions/setup-gradle@v4	2026-08-06T10:30:56.2785106Z Cache hit for: gradle-wrapper-zips-v1-df6ecc383658ce44d9cbac4d1bfd12bf
android-emulator	Run gradle/actions/setup-gradle@v4	2026-08-06T10:30:56.2896322Z Cache hit for: gradle-groovy-dsl-v1-bf68646dbabc48cc36586323aff29301
android-emulator	Run gradle/actions/setup-gradle@v4	2026-08-06T10:30:56.2966243Z Cache hit for: gradle-transforms-v1-147853c8d8e16886f3dc7d69497fabc1
android-emulator	Run gradle/actions/setup-gradle@v4	2026-08-06T10:30:56.2993511Z Cache hit for: gradle-kotlin-dsl-v1-cf1cabdf50161185b21fe5471221f4c2
android-emulator	Run gradle/actions/setup-gradle@v4	2026-08-06T10:30:56.5017073Z Received 199093 of 199093 (100.0%), 1.8 MBs/sec
android-emulator	Run gradle/actions/setup-gradle@v4	2026-08-06T10:30:56.5018100Z Cache Size: ~0 MB (199093 B)
android-emulator	Run gradle/actions/setup-gradle@v4	2026-08-06T10:30:56.5119399Z [command]/usr/bin/tar -xf /home/runner/work/_temp/b96209e3-f791-4d42-a6fb-41985ef4b076/cache.tzst -P -C /home/runner/work/wrtmonitor/wrtmonitor --use-compress-program unzstd
android-emulator	Run gradle/actions/setup-gradle@v4	2026-08-06T10:30:56.5438449Z Cache restored successfully
android-emulator	Run gradle/actions/setup-gradle@v4	2026-08-06T10:30:56.5480239Z Restored cache entry with key gradle-groovy-dsl-v1-bf68646dbabc48cc36586323aff29301 to /home/runner/.gradle/caches/*/groovy-dsl/*/ in 400ms
android-emulator	Run gradle/actions/setup-gradle@v4	2026-08-06T10:30:56.5726663Z Received 122148 of 122148 (100.0%), 0.6 MBs/sec
android-emulator	Run gradle/actions/setup-gradle@v4	2026-08-06T10:30:56.5727489Z Cache Size: ~0 MB (122148 B)
android-emulator	Run gradle/actions/setup-gradle@v4	2026-08-06T10:30:56.5825884Z [command]/usr/bin/tar -xf /home/runner/work/_temp/1b8647af-3497-4aec-ac5d-f589cd1ad881/cache.tzst -P -C /home/runner/work/wrtmonitor/wrtmonitor --use-compress-program unzstd
android-emulator	Run gradle/actions/setup-gradle@v4	2026-08-06T10:30:56.5918241Z Cache restored successfully
android-emulator	Run gradle/actions/setup-gradle@v4	2026-08-06T10:30:56.5920300Z Restored cache entry with key gradle-instrumented-jars-v1-75ce37944e25ace26488f72e0915161c to /home/runner/.gradle/caches/jars-*/*/ in 445ms
android-emulator	Run gradle/actions/setup-gradle@v4	2026-08-06T10:30:56.6340444Z Received 111243 of 111243 (100.0%), 0.5 MBs/sec
android-emulator	Run gradle/actions/setup-gradle@v4	2026-08-06T10:30:56.6341297Z Cache Size: ~0 MB (111243 B)
android-emulator	Run gradle/actions/setup-gradle@v4	2026-08-06T10:30:56.6380242Z [command]/usr/bin/tar -xf /home/runner/work/_temp/a0789039-c3c4-4feb-bdc9-9d69b8bcabf5/cache.tzst -P -C /home/runner/work/wrtmonitor/wrtmonitor --use-compress-program unzstd
android-emulator	Run gradle/actions/setup-gradle@v4	2026-08-06T10:30:56.7693638Z Cache restored successfully
android-emulator	Run gradle/actions/setup-gradle@v4	2026-08-06T10:30:56.7725318Z Restored cache entry with key gradle-kotlin-dsl-v1-cf1cabdf50161185b21fe5471221f4c2 to /home/runner/.gradle/caches/*/kotlin-dsl/accessors/*/,/home/runner/.gradle/caches/*/kotlin-dsl/scripts/*/ in 626ms
android-emulator	Run gradle/actions/setup-gradle@v4	2026-08-06T10:30:57.0490822Z Received 39619894 of 39619894 (100.0%), 55.2 MBs/sec
android-emulator	Run gradle/actions/setup-gradle@v4	2026-08-06T10:30:57.0492175Z Cache Size: ~38 MB (39619894 B)
android-emulator	Run gradle/actions/setup-gradle@v4	2026-08-06T10:30:57.0637249Z [command]/usr/bin/tar -xf /home/runner/work/_temp/84dffbf8-2a6f-407f-b6af-09b257778c00/cache.tzst -P -C /home/runner/work/wrtmonitor/wrtmonitor --use-compress-program unzstd
android-emulator	Run gradle/actions/setup-gradle@v4	2026-08-06T10:30:57.3939274Z Received 92274688 of 292545256 (31.5%), 87.5 MBs/sec
android-emulator	Run gradle/actions/setup-gradle@v4	2026-08-06T10:30:57.4079062Z Cache restored successfully
android-emulator	Run gradle/actions/setup-gradle@v4	2026-08-06T10:30:57.4083153Z Received 96468992 of 135435224 (71.2%), 91.9 MBs/sec
android-emulator	Run gradle/actions/setup-gradle@v4	2026-08-06T10:30:57.4154614Z Restored cache entry with key gradle-generated-gradle-jars-v1-26cfecc158c44513d188405a5d2d0d9c to /home/runner/.gradle/caches/8.9/generated-gradle-jars/gradle-api-8.9.jar in 1269ms
android-emulator	Run gradle/actions/setup-gradle@v4	2026-08-06T10:30:57.4289876Z Received 58720256 of 257440479 (22.8%), 55.3 MBs/sec
android-emulator	Run gradle/actions/setup-gradle@v4	2026-08-06T10:30:57.6835970Z Received 135435224 of 135435224 (100.0%), 101.2 MBs/sec
android-emulator	Run gradle/actions/setup-gradle@v4	2026-08-06T10:30:57.6838024Z Cache Size: ~129 MB (135435224 B)
android-emulator	Run gradle/actions/setup-gradle@v4	2026-08-06T10:30:57.6885059Z [command]/usr/bin/tar -xf /home/runner/work/_temp/af7b4a66-5004-4038-b5bf-67cab0db328f/cache.tzst -P -C /home/runner/work/wrtmonitor/wrtmonitor --use-compress-program unzstd
android-emulator	Run gradle/actions/setup-gradle@v4	2026-08-06T10:30:57.8759820Z Cache restored successfully
android-emulator	Run gradle/actions/setup-gradle@v4	2026-08-06T10:30:57.8813435Z Restored cache entry with key gradle-wrapper-zips-v1-df6ecc383658ce44d9cbac4d1bfd12bf to /home/runner/.gradle/wrapper/dists/gradle-8.9-bin/90cnw93cvbtalezasaz0blq0a in 1735ms
android-emulator	Run gradle/actions/setup-gradle@v4	2026-08-06T10:30:58.3941144Z Received 268435456 of 292545256 (91.8%), 127.6 MBs/sec
android-emulator	Run gradle/actions/setup-gradle@v4	2026-08-06T10:30:58.4319674Z Received 155189248 of 257440479 (60.3%), 73.4 MBs/sec
android-emulator	Run gradle/actions/setup-gradle@v4	2026-08-06T10:30:58.4922516Z Received 292545256 of 292545256 (100.0%), 132.6 MBs/sec
android-emulator	Run gradle/actions/setup-gradle@v4	2026-08-06T10:30:58.4924083Z Cache Size: ~279 MB (292545256 B)
android-emulator	Run gradle/actions/setup-gradle@v4	2026-08-06T10:30:58.4982265Z [command]/usr/bin/tar -xf /home/runner/work/_temp/9e2e6d7f-40e2-4b18-a450-22c26ba3e02b/cache.tzst -P -C /home/runner/work/wrtmonitor/wrtmonitor --use-compress-program unzstd
android-emulator	Run gradle/actions/setup-gradle@v4	2026-08-06T10:30:58.9069746Z Cache restored successfully
android-emulator	Run gradle/actions/setup-gradle@v4	2026-08-06T10:30:58.9209139Z Restored cache entry with key gradle-dependencies-v1-ab58611847c742e569acda709097f9a1 to /home/runner/.gradle/caches/modules-*/files-*/*/*/*/* in 2774ms
android-emulator	Run gradle/actions/setup-gradle@v4	2026-08-06T10:30:58.9831321Z Received 257440479 of 257440479 (100.0%), 95.7 MBs/sec
android-emulator	Run gradle/actions/setup-gradle@v4	2026-08-06T10:30:58.9832419Z Cache Size: ~246 MB (257440479 B)
android-emulator	Run gradle/actions/setup-gradle@v4	2026-08-06T10:30:58.9855533Z [command]/usr/bin/tar -xf /home/runner/work/_temp/778a8c2e-e8b8-4b61-ab1a-423b0bf06833/cache.tzst -P -C /home/runner/work/wrtmonitor/wrtmonitor --use-compress-program unzstd
android-emulator	Run gradle/actions/setup-gradle@v4	2026-08-06T10:31:01.1027466Z Cache restored successfully
android-emulator	Run gradle/actions/setup-gradle@v4	2026-08-06T10:31:01.1119789Z Restored cache entry with key gradle-transforms-v1-147853c8d8e16886f3dc7d69497fabc1 to /home/runner/.gradle/caches/transforms-4/*/,/home/runner/.gradle/caches/*/transforms/*/ in 4964ms
android-emulator	Run gradle/actions/setup-gradle@v4	2026-08-06T10:31:01.1249469Z ##[endgroup]
android-emulator	Run gradle/actions/setup-gradle@v4	2026-08-06T10:31:01.1391546Z ##[group]All Gradle Wrapper jars are valid
android-emulator	Run gradle/actions/setup-gradle@v4	2026-08-06T10:31:01.1394191Z ✓ Found known Gradle Wrapper JAR files:
android-emulator	Run gradle/actions/setup-gradle@v4	2026-08-06T10:31:01.1395762Z   498495120a03b9a6ab5d155f5de3c8f0d986a449153702fb80fc80e134484f17 gradle/wrapper/gradle-wrapper.jar
android-emulator	Run gradle/actions/setup-gradle@v4	2026-08-06T10:31:01.1668301Z ##[endgroup]
android-emulator	Run chmod +x ./gradlew	﻿2026-08-06T10:31:01.1970130Z ##[group]Run chmod +x ./gradlew
android-emulator	Run chmod +x ./gradlew	2026-08-06T10:31:01.1970753Z ^[[36;1mchmod +x ./gradlew^[[0m
android-emulator	Run chmod +x ./gradlew	2026-08-06T10:31:01.2003360Z shell: /usr/bin/bash -e {0}
android-emulator	Run chmod +x ./gradlew	2026-08-06T10:31:01.2003923Z env:
android-emulator	Run chmod +x ./gradlew	2026-08-06T10:31:01.2004422Z   JAVA_HOME: /opt/hostedtoolcache/Java_Temurin-Hotspot_jdk/17.0.19-10/x64
android-emulator	Run chmod +x ./gradlew	2026-08-06T10:31:01.2005086Z   JAVA_HOME_17_X64: /opt/hostedtoolcache/Java_Temurin-Hotspot_jdk/17.0.19-10/x64
android-emulator	Run chmod +x ./gradlew	2026-08-06T10:31:01.2005629Z   ANDROID_HOME: /usr/local/lib/android/sdk
android-emulator	Run chmod +x ./gradlew	2026-08-06T10:31:01.2006176Z   ANDROID_SDK_ROOT: /usr/local/lib/android/sdk
android-emulator	Run chmod +x ./gradlew	2026-08-06T10:31:01.2006649Z   GRADLE_ACTION_ID: gradle/actions/setup-gradle
android-emulator	Run chmod +x ./gradlew	2026-08-06T10:31:01.2007152Z   GRADLE_USER_HOME: /home/runner/.gradle
android-emulator	Run chmod +x ./gradlew	2026-08-06T10:31:01.2007592Z   GRADLE_BUILD_ACTION_SETUP_COMPLETED: true
android-emulator	Run chmod +x ./gradlew	2026-08-06T10:31:01.2008225Z   GRADLE_BUILD_ACTION_CACHE_RESTORED: true
android-emulator	Run chmod +x ./gradlew	2026-08-06T10:31:01.2008817Z   DEVELOCITY_INJECTION_INIT_SCRIPT_NAME: gradle-actions.inject-develocity.init.gradle
android-emulator	Run chmod +x ./gradlew	2026-08-06T10:31:01.2009547Z   DEVELOCITY_INJECTION_CUSTOM_VALUE: gradle-actions
android-emulator	Run chmod +x ./gradlew	2026-08-06T10:31:01.2010245Z   GITHUB_DEPENDENCY_GRAPH_ENABLED: false
android-emulator	Run chmod +x ./gradlew	2026-08-06T10:31:01.2010670Z ##[endgroup]
android-emulator	Enable KVM	﻿2026-08-06T10:31:01.2685887Z ##[group]Run echo 'KERNEL=="kvm", GROUP="kvm", MODE="0666", OPTIONS+="static_node=kvm"' | sudo tee /etc/udev/rules.d/99-kvm4all.rules
android-emulator	Enable KVM	2026-08-06T10:31:01.2686932Z ^[[36;1mecho 'KERNEL=="kvm", GROUP="kvm", MODE="0666", OPTIONS+="static_node=kvm"' | sudo tee /etc/udev/rules.d/99-kvm4all.rules^[[0m
android-emulator	Enable KVM	2026-08-06T10:31:01.2687721Z ^[[36;1msudo udevadm control --reload-rules^[[0m
android-emulator	Enable KVM	2026-08-06T10:31:01.2688373Z ^[[36;1msudo udevadm trigger --name-match=kvm^[[0m
android-emulator	Enable KVM	2026-08-06T10:31:01.2717132Z shell: /usr/bin/bash -e {0}
android-emulator	Enable KVM	2026-08-06T10:31:01.2717663Z env:
android-emulator	Enable KVM	2026-08-06T10:31:01.2718240Z   JAVA_HOME: /opt/hostedtoolcache/Java_Temurin-Hotspot_jdk/17.0.19-10/x64
android-emulator	Enable KVM	2026-08-06T10:31:01.2718969Z   JAVA_HOME_17_X64: /opt/hostedtoolcache/Java_Temurin-Hotspot_jdk/17.0.19-10/x64
android-emulator	Enable KVM	2026-08-06T10:31:01.2719555Z   ANDROID_HOME: /usr/local/lib/android/sdk
android-emulator	Enable KVM	2026-08-06T10:31:01.2720029Z   ANDROID_SDK_ROOT: /usr/local/lib/android/sdk
android-emulator	Enable KVM	2026-08-06T10:31:01.2720504Z   GRADLE_ACTION_ID: gradle/actions/setup-gradle
android-emulator	Enable KVM	2026-08-06T10:31:01.2721020Z   GRADLE_USER_HOME: /home/runner/.gradle
android-emulator	Enable KVM	2026-08-06T10:31:01.2721621Z   GRADLE_BUILD_ACTION_SETUP_COMPLETED: true
android-emulator	Enable KVM	2026-08-06T10:31:01.2722067Z   GRADLE_BUILD_ACTION_CACHE_RESTORED: true
android-emulator	Enable KVM	2026-08-06T10:31:01.2722709Z   DEVELOCITY_INJECTION_INIT_SCRIPT_NAME: gradle-actions.inject-develocity.init.gradle
android-emulator	Enable KVM	2026-08-06T10:31:01.2723324Z   DEVELOCITY_INJECTION_CUSTOM_VALUE: gradle-actions
android-emulator	Enable KVM	2026-08-06T10:31:01.2723818Z   GITHUB_DEPENDENCY_GRAPH_ENABLED: false
android-emulator	Enable KVM	2026-08-06T10:31:01.2724218Z ##[endgroup]
android-emulator	Enable KVM	2026-08-06T10:31:01.3340236Z KERNEL=="kvm", GROUP="kvm", MODE="0666", OPTIONS+="static_node=kvm"
android-emulator	Run Android UI tests	﻿2026-08-06T10:31:01.3884535Z ##[group]Run ReactiveCircus/android-emulator-runner@v2
android-emulator	Run Android UI tests	2026-08-06T10:31:01.3885254Z with:
android-emulator	Run Android UI tests	2026-08-06T10:31:01.3885756Z   api-level: 35
android-emulator	Run Android UI tests	2026-08-06T10:31:01.3886248Z   arch: x86_64
android-emulator	Run Android UI tests	2026-08-06T10:31:01.3886800Z   disable-animations: true
android-emulator	Run Android UI tests	2026-08-06T10:31:01.3887458Z   script: ./gradlew :android:app:connectedDebugAndroidTest
android-emulator	Run Android UI tests	2026-08-06T10:31:01.3888362Z   target: default
android-emulator	Run Android UI tests	2026-08-06T10:31:01.3888892Z   cores: 2
android-emulator	Run Android UI tests	2026-08-06T10:31:01.3889384Z   avd-name: test
android-emulator	Run Android UI tests	2026-08-06T10:31:01.3889901Z   force-avd-creation: true
android-emulator	Run Android UI tests	2026-08-06T10:31:01.3890497Z   emulator-boot-timeout: 600
android-emulator	Run Android UI tests	2026-08-06T10:31:01.3891098Z   emulator-port: 5554
android-emulator	Run Android UI tests	2026-08-06T10:31:01.3891919Z   emulator-options: -no-window -gpu swiftshader_indirect -no-snapshot -noaudio -no-boot-anim
android-emulator	Run Android UI tests	2026-08-06T10:31:01.3892839Z   disable-spellchecker: false
android-emulator	Run Android UI tests	2026-08-06T10:31:01.3893466Z   disable-linux-hw-accel: auto
android-emulator	Run Android UI tests	2026-08-06T10:31:01.3894071Z   enable-hw-keyboard: false
android-emulator	Run Android UI tests	2026-08-06T10:31:01.3894658Z   channel: stable
android-emulator	Run Android UI tests	2026-08-06T10:31:01.3895134Z env:
android-emulator	Run Android UI tests	2026-08-06T10:31:01.3896002Z   JAVA_HOME: /opt/hostedtoolcache/Java_Temurin-Hotspot_jdk/17.0.19-10/x64
android-emulator	Run Android UI tests	2026-08-06T10:31:01.3896970Z   JAVA_HOME_17_X64: /opt/hostedtoolcache/Java_Temurin-Hotspot_jdk/17.0.19-10/x64
android-emulator	Run Android UI tests	2026-08-06T10:31:01.3897886Z   ANDROID_HOME: /usr/local/lib/android/sdk
android-emulator	Run Android UI tests	2026-08-06T10:31:01.3898638Z   ANDROID_SDK_ROOT: /usr/local/lib/android/sdk
android-emulator	Run Android UI tests	2026-08-06T10:31:01.3899351Z   GRADLE_ACTION_ID: gradle/actions/setup-gradle
android-emulator	Run Android UI tests	2026-08-06T10:31:01.3900033Z   GRADLE_USER_HOME: /home/runner/.gradle
android-emulator	Run Android UI tests	2026-08-06T10:31:01.3900663Z   GRADLE_BUILD_ACTION_SETUP_COMPLETED: true
android-emulator	Run Android UI tests	2026-08-06T10:31:01.3901321Z   GRADLE_BUILD_ACTION_CACHE_RESTORED: true
android-emulator	Run Android UI tests	2026-08-06T10:31:01.3902223Z   DEVELOCITY_INJECTION_INIT_SCRIPT_NAME: gradle-actions.inject-develocity.init.gradle
android-emulator	Run Android UI tests	2026-08-06T10:31:01.3903200Z   DEVELOCITY_INJECTION_CUSTOM_VALUE: gradle-actions
android-emulator	Run Android UI tests	2026-08-06T10:31:01.3903862Z   GITHUB_DEPENDENCY_GRAPH_ENABLED: false
android-emulator	Run Android UI tests	2026-08-06T10:31:01.3904540Z ##[endgroup]
android-emulator	Run Android UI tests	2026-08-06T10:31:01.4507322Z ##[group]Configure emulator
android-emulator	Run Android UI tests	2026-08-06T10:31:01.4509296Z API level: 35
android-emulator	Run Android UI tests	2026-08-06T10:31:01.4510008Z System image API level: 35
android-emulator	Run Android UI tests	2026-08-06T10:31:01.4510577Z target: default
android-emulator	Run Android UI tests	2026-08-06T10:31:01.4511281Z CPU architecture: x86_64
android-emulator	Run Android UI tests	2026-08-06T10:31:01.4512159Z Hardware profile: 
android-emulator	Run Android UI tests	2026-08-06T10:31:01.4513063Z Cores: 2
android-emulator	Run Android UI tests	2026-08-06T10:31:01.4513690Z RAM size: 
android-emulator	Run Android UI tests	2026-08-06T10:31:01.4514374Z Heap size: 
android-emulator	Run Android UI tests	2026-08-06T10:31:01.4515078Z SD card path or size: 
android-emulator	Run Android UI tests	2026-08-06T10:31:01.4515731Z Disk size: 
android-emulator	Run Android UI tests	2026-08-06T10:31:01.4516349Z AVD name: test
android-emulator	Run Android UI tests	2026-08-06T10:31:01.4517049Z force avd creation: true
android-emulator	Run Android UI tests	2026-08-06T10:31:01.4517904Z Emulator boot timeout: 600
android-emulator	Run Android UI tests	2026-08-06T10:31:01.4518687Z emulator port: 5554
android-emulator	Run Android UI tests	2026-08-06T10:31:01.4519793Z emulator options: -no-window -gpu swiftshader_indirect -no-snapshot -noaudio -no-boot-anim
android-emulator	Run Android UI tests	2026-08-06T10:31:01.4520869Z disable animations: true
android-emulator	Run Android UI tests	2026-08-06T10:31:01.4521629Z disable spellchecker: false
android-emulator	Run Android UI tests	2026-08-06T10:31:01.4522664Z disable Linux hardware acceleration: false
android-emulator	Run Android UI tests	2026-08-06T10:31:01.4523589Z enable hardware keyboard: false
android-emulator	Run Android UI tests	2026-08-06T10:31:01.4524307Z Channel: 0 (stable)
android-emulator	Run Android UI tests	2026-08-06T10:31:01.4524977Z Script:
android-emulator	Run Android UI tests	2026-08-06T10:31:01.4525719Z ./gradlew :android:app:connectedDebugAndroidTest
android-emulator	Run Android UI tests	2026-08-06T10:31:01.4526641Z Pre emulator launch script:
android-emulator	Run Android UI tests	2026-08-06T10:31:01.4527753Z ##[endgroup]
android-emulator	Run Android UI tests	2026-08-06T10:31:01.4528805Z ##[group]Install Android SDK
android-emulator	Run Android UI tests	2026-08-06T10:31:01.4558395Z [command]/usr/bin/sh -c \yes | sdkmanager --licenses > /dev/null
android-emulator	Run Android UI tests	2026-08-06T10:31:03.9738386Z Warning: This version only understands SDK XML versions up to 3 but an SDK XML file of version 4 was encountered. This can happen if you use versions of Android Studio and the command-line tools that were released at different times.
android-emulator	Run Android UI tests	2026-08-06T10:31:05.3376934Z Installing latest build tools, platform tools, and platform.
android-emulator	Run Android UI tests	2026-08-06T10:31:05.3389515Z [command]/usr/bin/sh -c \sdkmanager --install 'build-tools;37.0.0' platform-tools 'platforms;android-35'> /dev/null
android-emulator	Run Android UI tests	2026-08-06T10:31:05.8751224Z Warning: This version only understands SDK XML versions up to 3 but an SDK XML file of version 4 was encountered. This can happen if you use versions of Android Studio and the command-line tools that were released at different times.
android-emulator	Run Android UI tests	2026-08-06T10:31:06.5621158Z Installing latest emulator.
android-emulator	Run Android UI tests	2026-08-06T10:31:06.5632894Z [command]/usr/bin/sh -c \sdkmanager --install emulator --channel=0 > /dev/null
android-emulator	Run Android UI tests	2026-08-06T10:31:07.0988937Z Warning: This version only understands SDK XML versions up to 3 but an SDK XML file of version 4 was encountered. This can happen if you use versions of Android Studio and the command-line tools that were released at different times.
android-emulator	Run Android UI tests	2026-08-06T10:31:07.7563145Z Installing system images.
android-emulator	Run Android UI tests	2026-08-06T10:31:07.7575008Z [command]/usr/bin/sh -c \sdkmanager --install 'system-images;android-35;default;x86_64' --channel=0 > /dev/null
android-emulator	Run Android UI tests	2026-08-06T10:31:08.2991216Z Warning: This version only understands SDK XML versions up to 3 but an SDK XML file of version 4 was encountered. This can happen if you use versions of Android Studio and the command-line tools that were released at different times.
android-emulator	Run Android UI tests	2026-08-06T10:31:32.7686473Z ##[endgroup]
android-emulator	Run Android UI tests	2026-08-06T10:31:32.7687447Z ##[group]Create AVD
android-emulator	Run Android UI tests	2026-08-06T10:31:32.7690547Z Creating AVD.
android-emulator	Run Android UI tests	2026-08-06T10:31:32.7703325Z [command]/usr/bin/sh -c \echo no | avdmanager create avd --force -n test --package 'system-images;android-35;default;x86_64'
android-emulator	Run Android UI tests	2026-08-06T10:31:33.3710052Z Loading local repository...                                                     
android-emulator	Run Android UI tests	2026-08-06T10:31:33.3740551Z Warning: This version only understands SDK XML versions up to 3 but an SDK XML file of version 4 was encountered. This can happen if you use versions of Android Studio and the command-line tools that were released at different times.
android-emulator	Run Android UI tests	2026-08-06T10:31:33.4963567Z [=========                              ] 25% Loading local repository...       
android-emulator	Run Android UI tests	2026-08-06T10:31:33.4965293Z [=========                              ] 25% Fetch remote repository...        
android-emulator	Run Android UI tests	2026-08-06T10:31:33.4966462Z [=======================================] 100% Fetch remote repository...       
android-emulator	Run Android UI tests	2026-08-06T10:31:33.7321214Z Auto-selecting single ABI x86_64
android-emulator	Run Android UI tests	2026-08-06T10:31:33.8018902Z Do you wish to create a custom hardware profile? [no] [command]/usr/bin/sh -c \printf 'hw.cpu.ncore=2\n' >> /home/runner/.android/avd/test.avd/config.ini
android-emulator	Run Android UI tests	2026-08-06T10:31:33.8040027Z ##[endgroup]
android-emulator	Run Android UI tests	2026-08-06T10:31:33.8041588Z ##[group]Launch Emulator
android-emulator	Run Android UI tests	2026-08-06T10:31:33.8042310Z Starting emulator.
android-emulator	Run Android UI tests	2026-08-06T10:31:33.8057312Z [command]/usr/bin/sh -c \/usr/local/lib/android/sdk/emulator/emulator -port 5554 -avd test -no-window -gpu swiftshader_indirect -no-snapshot -noaudio -no-boot-anim &
android-emulator	Run Android UI tests	2026-08-06T10:31:33.8161110Z INFO         | Android emulator version 37.1.11.0 (build_id 15917651) (CL:N/A)
android-emulator	Run Android UI tests	2026-08-06T10:31:33.8162018Z INFO         | Graphics backend: gfxstream
android-emulator	Run Android UI tests	2026-08-06T10:31:33.8163004Z INFO         | Found systemPath /usr/local/lib/android/sdk/system-images/android-35/default/x86_64/
android-emulator	Run Android UI tests	2026-08-06T10:31:33.8571448Z INFO         | Saving last run QEMU version for the AVD to 2
android-emulator	Run Android UI tests	2026-08-06T10:31:33.8573127Z INFO         | Increasing RAM size to 2560MB
android-emulator	Run Android UI tests	2026-08-06T10:31:33.8574331Z ##############################################################################
android-emulator	Run Android UI tests	2026-08-06T10:31:33.8575476Z ##                        WARNING - ACTION REQUIRED                         ##
android-emulator	Run Android UI tests	2026-08-06T10:31:33.8577065Z ##  Consider using the '-metrics-collection' flag to help improve the       ##
android-emulator	Run Android UI tests	2026-08-06T10:31:33.8578375Z ##  emulator by sending anonymized usage data. Or use the '-no-metrics'     ##
android-emulator	Run Android UI tests	2026-08-06T10:31:33.8579541Z ##  flag to bypass this warning and turn off the metrics collection.        ##
android-emulator	Run Android UI tests	2026-08-06T10:31:33.8580685Z ##  In a future release this warning will turn into a one-time blocking     ##
android-emulator	Run Android UI tests	2026-08-06T10:31:33.8581916Z ##  prompt to ask for explicit user input regarding metrics collection.     ##
android-emulator	Run Android UI tests	2026-08-06T10:31:33.8582953Z ##                                                                          ##
android-emulator	Run Android UI tests	2026-08-06T10:31:33.8583986Z ##  Please see '-help-metrics-collection' for more details. You can use     ##
android-emulator	Run Android UI tests	2026-08-06T10:31:33.8585179Z ##  '-metrics-to-file' or '-metrics-to-console' flags to see what type of   ##
android-emulator	Run Android UI tests	2026-08-06T10:31:33.8586534Z ##  data is being collected by emulator as part of usage statistics.        ##
android-emulator	Run Android UI tests	2026-08-06T10:31:33.8587403Z ##############################################################################
android-emulator	Run Android UI tests	2026-08-06T10:31:33.8588220Z INFO         | Guest GLES Driver: Auto (ext controls)
android-emulator	Run Android UI tests	2026-08-06T10:31:33.8589340Z INFO         | emuglConfig_init: vulkan_mode_selected:swiftshader gles_mode_selected:swiftshader
android-emulator	Run Android UI tests	2026-08-06T10:31:33.8590003Z INFO         | Checking system compatibility:
android-emulator	Run Android UI tests	2026-08-06T10:31:33.8590554Z INFO         |   Checking: hasSufficientDiskSpace
android-emulator	Run Android UI tests	2026-08-06T10:31:33.8591129Z INFO         |      Ok: Disk space requirements to run avd: `test` are met
android-emulator	Run Android UI tests	2026-08-06T10:31:33.8591725Z INFO         |   Checking: hasSufficientHwGpu
android-emulator	Run Android UI tests	2026-08-06T10:31:33.8592280Z INFO         |      Ok: Hardware GPU compatibility checks are not required
android-emulator	Run Android UI tests	2026-08-06T10:31:33.8592915Z INFO         |   Checking: hasSufficientSystem
android-emulator	Run Android UI tests	2026-08-06T10:31:33.8593492Z INFO         |      Ok: System requirements to run avd: `test` are met
android-emulator	Run Android UI tests	2026-08-06T10:31:33.8594542Z WARNING      | Feature QuickbootFileBacked is disabled due to stability issues, if you really want that, the environment variable ANDROID_EMU_FORCE_QUICKBOOT_FILE_BACKED need to set to 1
android-emulator	Run Android UI tests	2026-08-06T10:31:34.1062600Z ERROR        | Unable to connect to adb daemon on port: 5037
android-emulator	Run Android UI tests	2026-08-06T10:31:34.1064314Z INFO         | Storing crashdata in: /tmp/android-runner/emu-crash-37.1.11.db, detection is enabled for process: 3057
android-emulator	Run Android UI tests	2026-08-06T10:31:34.1065163Z INFO         | Initializing gfxstream backend
android-emulator	Run Android UI tests	2026-08-06T10:31:34.1075580Z INFO         | startOpenglesRendererImpl: gpu info
android-emulator	Run Android UI tests	2026-08-06T10:31:34.1076401Z INFO         | 
android-emulator	Run Android UI tests	2026-08-06T10:31:34.1080143Z INFO         | initIcdPaths: ICD set to 'swiftshader', using Swiftshader ICD
android-emulator	Run Android UI tests	2026-08-06T10:31:34.1081480Z INFO         | Setting ICD filenames for the loader = /usr/local/lib/android/sdk/emulator/lib64/vulkan/vk_swiftshader_icd.json
android-emulator	Run Android UI tests	2026-08-06T10:31:34.1082696Z INFO         | SharedLibrary::open for [/usr/local/lib/android/sdk/emulator/qemu/linux-x86_64/lib64/vulkan/libvulkan.so]
android-emulator	Run Android UI tests	2026-08-06T10:31:34.1084133Z INFO         | SharedLibrary::open for [/usr/local/lib/android/sdk/emulator/qemu/linux-x86_64/lib64/vulkan/libvulkan.so.1]
android-emulator	Run Android UI tests	2026-08-06T10:31:34.1085084Z INFO         | SharedLibrary::open for [/usr/local/lib/android/sdk/emulator/lib64/vulkan/libvulkan.so]
android-emulator	Run Android UI tests	2026-08-06T10:31:34.1085983Z INFO         | Added library: /usr/local/lib/android/sdk/emulator/lib64/vulkan/libvulkan.so
android-emulator	Run Android UI tests	2026-08-06T10:31:34.1344267Z INFO         | Selecting Vulkan device: SwiftShader Device (Subzero), Version: 1.3.0
android-emulator	Run Android UI tests	2026-08-06T10:31:34.1345203Z INFO         | Using Vulkan externalMemoryMode: OpaqueFd for VkEmulation
android-emulator	Run Android UI tests	2026-08-06T10:31:34.1541508Z INFO         | SharedLibrary::open for [libX11]
android-emulator	Run Android UI tests	2026-08-06T10:31:34.1542660Z WARNING      | Could not open libX11.so, try libX11.so.6
android-emulator	Run Android UI tests	2026-08-06T10:31:34.1543928Z INFO         | SharedLibrary::open for [libX11.so.6]
android-emulator	Run Android UI tests	2026-08-06T10:31:34.1545150Z INFO         | SharedLibrary::open for [libX11-xcb]
android-emulator	Run Android UI tests	2026-08-06T10:31:34.1545968Z WARNING      | Could not open libX11-xcb.so, try libX11-xcb.so.1
android-emulator	Run Android UI tests	2026-08-06T10:31:34.1546647Z INFO         | SharedLibrary::open for [libX11-xcb.so.1]
android-emulator	Run Android UI tests	2026-08-06T10:31:34.1656308Z INFO         | Initializing VkEmulation features:
android-emulator	Run Android UI tests	2026-08-06T10:31:34.1657652Z INFO         |     glInteropSupported: false
android-emulator	Run Android UI tests	2026-08-06T10:31:34.1658660Z INFO         |     useDeferredCommands: true
android-emulator	Run Android UI tests	2026-08-06T10:31:34.1659555Z INFO         |     createResourceWithRequirements: true
android-emulator	Run Android UI tests	2026-08-06T10:31:34.1660417Z INFO         |     useVulkanComposition: false
android-emulator	Run Android UI tests	2026-08-06T10:31:34.1661222Z INFO         |     useVulkanNativeSwapchain: false
android-emulator	Run Android UI tests	2026-08-06T10:31:34.1662028Z INFO         |     enable guestRenderDoc: false
android-emulator	Run Android UI tests	2026-08-06T10:31:34.1662947Z INFO         |     ASTC LDR emulation mode: Gpu
android-emulator	Run Android UI tests	2026-08-06T10:31:34.1663762Z INFO         |     enable ETC2 emulation: true
android-emulator	Run Android UI tests	2026-08-06T10:31:34.1664564Z INFO         |     enable Ycbcr emulation: false
android-emulator	Run Android UI tests	2026-08-06T10:31:34.1665392Z INFO         |     guestVulkanOnly: false
android-emulator	Run Android UI tests	2026-08-06T10:31:34.1666604Z INFO         |     useDedicatedAllocations: false
android-emulator	Run Android UI tests	2026-08-06T10:31:34.1667490Z INFO         |     guestVulkanMaxApiVersion: 1.3.0
android-emulator	Run Android UI tests	2026-08-06T10:31:34.1668511Z INFO         |     enableProtectedMemoryEmulation: false
android-emulator	Run Android UI tests	2026-08-06T10:31:34.1704506Z INFO         | Graphics Adapter Vendor Google (Google Inc.)
android-emulator	Run Android UI tests	2026-08-06T10:31:34.1705504Z INFO         | Graphics Adapter Android Emulator OpenGL ES Translator (Google SwiftShader)
android-emulator	Run Android UI tests	2026-08-06T10:31:34.1706608Z INFO         | Graphics API Version OpenGL ES 3.0 (OpenGL ES 3.0 SwiftShader 4.0.0.1)
android-emulator	Run Android UI tests	2026-08-06T10:31:34.1709470Z INFO         | Graphics API Extensions GL_OES_EGL_sync GL_OES_EGL_image GL_OES_EGL_image_external GL_OES_depth24 GL_OES_depth32 GL_OES_element_index_uint GL_OES_texture_float GL_OES_texture_float_linear GL_OES_compressed_paletted_texture GL_OES_compressed_ETC1_RGB8_texture GL_OES_depth_texture GL_OES_texture_half_float GL_OES_texture_half_float_linear GL_OES_packed_depth_stencil GL_OES_vertex_half_float GL_OES_standard_derivatives GL_OES_texture_npot GL_OES_rgb8_rgba8 GL_EXT_color_buffer_float GL_EXT_color_buffer_half_float GL_EXT_texture_format_BGRA8888 GL_APPLE_texture_format_BGRA8888 
android-emulator	Run Android UI tests	2026-08-06T10:31:34.1712104Z INFO         | Graphics Device Extensions N/A
android-emulator	Run Android UI tests	2026-08-06T10:31:34.1712754Z INFO         | Disabling sparse binding feature support
android-emulator	Run Android UI tests	2026-08-06T10:31:34.1774117Z INFO         | Sending adb public key [QAAAAMUL6IjzxHLh1Jbd0j3VBdrOHTOi5Re9xy/thG5lQllM2d75g5sZwM9tgBIrnUl12+rLxQGRl0n3iBnLJK/60XszCr8If4K6Vk1vbEVRZA+7AX4s8xrbpWkYun2b6pim85W5zgk1NC6s3ncB7YJEb5LXJi9SX2bIAbwAxdZbsZ5Rdz0I2/8E4vPy120V2cxQvhpaTeTOLUdrK6U2XhCAkpgdG2+Fm/056FpdYD4hV1uoMFmPpgw+3uI4xErkrf+yZiY/TBbDcB6hXhlmvUkeO7eKXkECH2RokJJzTC7JewoNL494Hk8cr4c3YfmzKs5/eFDY0nSVXsFXKeztq5U3XJFuiEO/Q/mdljz2ZphKvhXBZHI0+tZ5hdoF28sJFaBXFBx/O3k9fpxXvvvbFa0Ab6DL+NLL5mncwiEJtEtEf1aypjL0ImOpKxWnlJailkGY/1m1VcGA8rQ9qUNGBNZReZrv4NLE8UA/qhzFx9zGYoqQ9Szmo2a8WP0HJiU92QEuN3ipBXGIK2ypZJq0ghPOOTn26MdlqjacLbJt1JERpuV2tAIwCcg2uXoWDD9iC2QGzwpX/xYNns2Ktzc7pbi1Zw0xKe456kzBkdAs0i2RShL0UNM61yWNKF0bzfbXIU1GDkad1dweaen6Fm9du3fvjx0XArwgSP8SU263Ug01eNDB4XzJuwEAAQA= runner@unknown]
android-emulator	Run Android UI tests	2026-08-06T10:31:34.1778968Z INFO         | Userspace boot properties:
android-emulator	Run Android UI tests	2026-08-06T10:31:34.1779789Z INFO         |   androidboot.boot_devices=pci0000:00/0000:00:03.0 pci0000:00/0000:00:06.0
android-emulator	Run Android UI tests	2026-08-06T10:31:34.1780617Z INFO         |   androidboot.dalvik.vm.heapsize=576m
android-emulator	Run Android UI tests	2026-08-06T10:31:34.1781309Z INFO         |   androidboot.debug.hwui.renderer=skiagl
android-emulator	Run Android UI tests	2026-08-06T10:31:34.1781944Z INFO         |   androidboot.debug.sf.nobootanimation=1
android-emulator	Run Android UI tests	2026-08-06T10:31:34.1782541Z INFO         |   androidboot.hardware=ranchu
android-emulator	Run Android UI tests	2026-08-06T10:31:34.1783151Z INFO         |   androidboot.hardware.gltransport=pipe
android-emulator	Run Android UI tests	2026-08-06T10:31:34.1783759Z INFO         |   androidboot.hardware.vulkan=ranchu
android-emulator	Run Android UI tests	2026-08-06T10:31:34.2041522Z INFO         |   androidboot.logcat=*:V
android-emulator	Run Android UI tests	2026-08-06T10:31:34.2042863Z INFO         |   androidboot.opengles.version=196608
android-emulator	Run Android UI tests	2026-08-06T10:31:34.2043668Z INFO         |   androidboot.qemu=1
android-emulator	Run Android UI tests	2026-08-06T10:31:34.2048996Z INFO         |   androidboot.qemu.adb.pubkey=QAAAAMUL6IjzxHLh1Jbd0j3VBdrOHTOi5Re9xy/thG5lQllM2d75g5sZwM9tgBIrnUl12+rLxQGRl0n3iBnLJK/60XszCr8If4K6Vk1vbEVRZA+7AX4s8xrbpWkYun2b6pim85W5zgk1NC6s3ncB7YJEb5LXJi9SX2bIAbwAxdZbsZ5Rdz0I2/8E4vPy120V2cxQvhpaTeTOLUdrK6U2XhCAkpgdG2+Fm/056FpdYD4hV1uoMFmPpgw+3uI4xErkrf+yZiY/TBbDcB6hXhlmvUkeO7eKXkECH2RokJJzTC7JewoNL494Hk8cr4c3YfmzKs5/eFDY0nSVXsFXKeztq5U3XJFuiEO/Q/mdljz2ZphKvhXBZHI0+tZ5hdoF28sJFaBXFBx/O3k9fpxXvvvbFa0Ab6DL+NLL5mncwiEJtEtEf1aypjL0ImOpKxWnlJailkGY/1m1VcGA8rQ9qUNGBNZReZrv4NLE8UA/qhzFx9zGYoqQ9Szmo2a8WP0HJiU92QEuN3ipBXGIK2ypZJq0ghPOOTn26MdlqjacLbJt1JERpuV2tAIwCcg2uXoWDD9iC2QGzwpX/xYNns2Ktzc7pbi1Zw0xKe456kzBkdAs0i2RShL0UNM61yWNKF0bzfbXIU1GDkad1dweaen6Fm9du3fvjx0XArwgSP8SU263Ug01eNDB4XzJuwEAAQA= runner@unknown
android-emulator	Run Android UI tests	2026-08-06T10:31:34.2053340Z INFO         |   androidboot.qemu.avd_name=test
android-emulator	Run Android UI tests	2026-08-06T10:31:34.2054259Z INFO         |   androidboot.qemu.camera_hq_edge_processing=0
android-emulator	Run Android UI tests	2026-08-06T10:31:34.2055126Z INFO         |   androidboot.qemu.camera_protocol_ver=1
android-emulator	Run Android UI tests	2026-08-06T10:31:34.2056158Z INFO         |   androidboot.qemu.cpuvulkan.version=4206592
android-emulator	Run Android UI tests	2026-08-06T10:31:34.2056888Z INFO         |   androidboot.qemu.gltransport.drawFlushInterval=800
android-emulator	Run Android UI tests	2026-08-06T10:31:34.2057594Z INFO         |   androidboot.qemu.gltransport.name=pipe
android-emulator	Run Android UI tests	2026-08-06T10:31:34.2058515Z INFO         |   androidboot.qemu.hwcodec.avcdec=2
android-emulator	Run Android UI tests	2026-08-06T10:31:34.2059344Z INFO         |   androidboot.qemu.hwcodec.hevcdec=2
android-emulator	Run Android UI tests	2026-08-06T10:31:34.2060169Z INFO         |   androidboot.qemu.hwcodec.vpxdec=2
android-emulator	Run Android UI tests	2026-08-06T10:31:34.2061051Z INFO         |   androidboot.qemu.settings.system.screen_off_timeout=2147483647
android-emulator	Run Android UI tests	2026-08-06T10:31:34.2061756Z INFO         |   androidboot.qemu.skin=320x640
android-emulator	Run Android UI tests	2026-08-06T10:31:34.2062337Z INFO         |   androidboot.qemu.virtiowifi=1
android-emulator	Run Android UI tests	2026-08-06T10:31:34.2062894Z INFO         |   androidboot.qemu.vsync=60
android-emulator	Run Android UI tests	2026-08-06T10:31:34.2063479Z INFO         |   androidboot.serialno=EMULATOR37X1X11X0
android-emulator	Run Android UI tests	2026-08-06T10:31:34.2064540Z INFO         |   androidboot.vbmeta.digest=602b0c809848f3be570a96601071931225108ec3b3739d99a1dc41db38efe83c
android-emulator	Run Android UI tests	2026-08-06T10:31:34.2065597Z INFO         |   androidboot.vbmeta.hash_alg=sha256
android-emulator	Run Android UI tests	2026-08-06T10:31:34.2066327Z INFO         |   androidboot.vbmeta.size=6720
android-emulator	Run Android UI tests	2026-08-06T10:31:34.2067020Z INFO         |   androidboot.veritymode=enforcing
android-emulator	Run Android UI tests	2026-08-06T10:31:34.2068624Z WARNING: cannnot unmap ptr 0x7ff924801000 as it is in the protected range from 0x7ff884800000 to 0x7ff924a00000
android-emulator	Run Android UI tests	2026-08-06T10:31:34.2181134Z INFO         | Monitoring duration of emulator setup.
android-emulator	Run Android UI tests	2026-08-06T10:31:37.2062704Z INFO         | Activated packet streamer for bluetooth emulation
android-emulator	Run Android UI tests	2026-08-06T10:31:37.2063576Z INFO         | Successfully initialized netsim WiFi
android-emulator	Run Android UI tests	2026-08-06T10:31:37.2114916Z INFO         | Setting display: 0 configuration to: 320x640, dpi: 160x160 
android-emulator	Run Android UI tests	2026-08-06T10:31:37.2115555Z INFO         | setDisplayActiveConfig: id:0, 320x640
android-emulator	Run Android UI tests	2026-08-06T10:31:37.2116486Z INFO         | emulatorSetupEnvironment: Environment scene is not required
android-emulator	Run Android UI tests	2026-08-06T10:31:37.2194441Z USER_INFO    | Emulator is performing a full startup. This may take upto two minutes, or more.
android-emulator	Run Android UI tests	2026-08-06T10:31:37.2196019Z WARNING      | Failed to process .ini file /home/runner/.android/emu-update-last-check.ini for reading.
android-emulator	Run Android UI tests	2026-08-06T10:31:37.2932863Z WARNING      | Failed to process .ini file /home/runner/.android/emu-update-last-check.ini for reading.
android-emulator	Run Android UI tests	2026-08-06T10:31:43.8110352Z [command]/usr/local/lib/android/sdk/platform-tools/adb -s emulator-5554 shell getprop sys.boot_completed
android-emulator	Run Android UI tests	2026-08-06T10:31:43.8145709Z * daemon not running; starting now at tcp:5037
android-emulator	Run Android UI tests	2026-08-06T10:31:43.8171447Z * daemon started successfully
android-emulator	Run Android UI tests	2026-08-06T10:31:43.8176261Z adb: device offline
android-emulator	Run Android UI tests	2026-08-06T10:31:43.8181419Z The process '/usr/local/lib/android/sdk/platform-tools/adb' failed with exit code 1
android-emulator	Run Android UI tests	2026-08-06T10:31:45.8232114Z [command]/usr/local/lib/android/sdk/platform-tools/adb -s emulator-5554 shell getprop sys.boot_completed
android-emulator	Run Android UI tests	2026-08-06T10:31:45.8274786Z adb: device offline
android-emulator	Run Android UI tests	2026-08-06T10:31:45.8284788Z The process '/usr/local/lib/android/sdk/platform-tools/adb' failed with exit code 1
android-emulator	Run Android UI tests	2026-08-06T10:31:47.8320634Z [command]/usr/local/lib/android/sdk/platform-tools/adb -s emulator-5554 shell getprop sys.boot_completed
android-emulator	Run Android UI tests	2026-08-06T10:31:47.8359612Z adb: device offline
android-emulator	Run Android UI tests	2026-08-06T10:31:47.8363943Z The process '/usr/local/lib/android/sdk/platform-tools/adb' failed with exit code 1
android-emulator	Run Android UI tests	2026-08-06T10:31:49.8419992Z [command]/usr/local/lib/android/sdk/platform-tools/adb -s emulator-5554 shell getprop sys.boot_completed
android-emulator	Run Android UI tests	2026-08-06T10:31:49.8656749Z 
android-emulator	Run Android UI tests	2026-08-06T10:31:51.8724579Z [command]/usr/local/lib/android/sdk/platform-tools/adb -s emulator-5554 shell getprop sys.boot_completed
android-emulator	Run Android UI tests	2026-08-06T10:31:51.8907651Z 
android-emulator	Run Android UI tests	2026-08-06T10:31:53.8969781Z [command]/usr/local/lib/android/sdk/platform-tools/adb -s emulator-5554 shell getprop sys.boot_completed
android-emulator	Run Android UI tests	2026-08-06T10:31:53.9546688Z 
android-emulator	Run Android UI tests	2026-08-06T10:31:55.9574634Z [command]/usr/local/lib/android/sdk/platform-tools/adb -s emulator-5554 shell getprop sys.boot_completed
android-emulator	Run Android UI tests	2026-08-06T10:31:55.9799357Z 
android-emulator	Run Android UI tests	2026-08-06T10:31:57.9834401Z [command]/usr/local/lib/android/sdk/platform-tools/adb -s emulator-5554 shell getprop sys.boot_completed
android-emulator	Run Android UI tests	2026-08-06T10:31:58.0050829Z 
android-emulator	Run Android UI tests	2026-08-06T10:32:00.0097531Z [command]/usr/local/lib/android/sdk/platform-tools/adb -s emulator-5554 shell getprop sys.boot_completed
android-emulator	Run Android UI tests	2026-08-06T10:32:00.0359573Z 
android-emulator	Run Android UI tests	2026-08-06T10:32:02.0396343Z [command]/usr/local/lib/android/sdk/platform-tools/adb -s emulator-5554 shell getprop sys.boot_completed
android-emulator	Run Android UI tests	2026-08-06T10:32:02.0762980Z 
android-emulator	Run Android UI tests	2026-08-06T10:32:04.0810337Z [command]/usr/local/lib/android/sdk/platform-tools/adb -s emulator-5554 shell getprop sys.boot_completed
android-emulator	Run Android UI tests	2026-08-06T10:32:04.1142064Z 1
android-emulator	Run Android UI tests	2026-08-06T10:32:04.1148791Z Emulator booted.
android-emulator	Run Android UI tests	2026-08-06T10:32:04.1174546Z [command]/usr/local/lib/android/sdk/platform-tools/adb -s emulator-5554 shell input keyevent 82
android-emulator	Run Android UI tests	2026-08-06T10:32:04.2605785Z INFO         | Boot completed in 30420 ms
android-emulator	Run Android UI tests	2026-08-06T10:32:04.2609341Z INFO         | Increasing screen off timeout, logcat buffer size to 2M.
android-emulator	Run Android UI tests	2026-08-06T10:32:04.2753349Z Disabling animations.
android-emulator	Run Android UI tests	2026-08-06T10:32:04.2773134Z [command]/usr/local/lib/android/sdk/platform-tools/adb -s emulator-5554 shell settings put global window_animation_scale 0.0
android-emulator	Run Android UI tests	2026-08-06T10:32:04.3659906Z [command]/usr/local/lib/android/sdk/platform-tools/adb -s emulator-5554 shell settings put global transition_animation_scale 0.0
android-emulator	Run Android UI tests	2026-08-06T10:32:04.4609763Z [command]/usr/local/lib/android/sdk/platform-tools/adb -s emulator-5554 shell settings put global animator_duration_scale 0.0
android-emulator	Run Android UI tests	2026-08-06T10:32:04.5559392Z ##[endgroup]
android-emulator	Run Android UI tests	2026-08-06T10:32:04.5588546Z [command]/usr/bin/sh -c ./gradlew :android:app:connectedDebugAndroidTest
android-emulator	Run Android UI tests	2026-08-06T10:32:05.8535874Z Starting a Gradle Daemon (subsequent builds will be faster)
android-emulator	Run Android UI tests	2026-08-06T10:32:21.3559987Z > Task :android:app:checkKotlinGradlePluginConfigurationErrors
android-emulator	Run Android UI tests	2026-08-06T10:32:21.3579699Z > Task :android:app:preBuild UP-TO-DATE
android-emulator	Run Android UI tests	2026-08-06T10:32:21.3619079Z > Task :android:app:preDebugBuild UP-TO-DATE
android-emulator	Run Android UI tests	2026-08-06T10:32:21.8529128Z > Task :android:app:generateDebugResValues
android-emulator	Run Android UI tests	2026-08-06T10:32:21.8558912Z > Task :android:app:checkDebugAarMetadata
android-emulator	Run Android UI tests	2026-08-06T10:32:21.9495767Z > Task :android:app:mapDebugSourceSetPaths
android-emulator	Run Android UI tests	2026-08-06T10:32:21.9496746Z > Task :android:app:generateDebugResources
android-emulator	Run Android UI tests	2026-08-06T10:32:24.0504607Z > Task :android:app:packageDebugResources
android-emulator	Run Android UI tests	2026-08-06T10:32:24.1497253Z > Task :android:app:mergeDebugResources
android-emulator	Run Android UI tests	2026-08-06T10:32:25.7496650Z > Task :android:app:createDebugCompatibleScreenManifests
android-emulator	Run Android UI tests	2026-08-06T10:32:25.7528774Z > Task :android:app:extractDeepLinksDebug
android-emulator	Run Android UI tests	2026-08-06T10:32:25.8495103Z > Task :android:app:parseDebugLocalResources
android-emulator	Run Android UI tests	2026-08-06T10:32:26.0499559Z > Task :android:app:processDebugMainManifest
android-emulator	Run Android UI tests	2026-08-06T10:32:26.1497328Z > Task :android:app:processDebugManifest
android-emulator	Run Android UI tests	2026-08-06T10:32:26.1510521Z > Task :android:app:processDebugManifestForPackage
android-emulator	Run Android UI tests	2026-08-06T10:32:26.1511332Z > Task :android:app:javaPreCompileDebug
android-emulator	Run Android UI tests	2026-08-06T10:32:26.3512699Z > Task :android:app:preDebugAndroidTestBuild SKIPPED
android-emulator	Run Android UI tests	2026-08-06T10:32:26.4539204Z > Task :android:app:checkDebugAndroidTestAarMetadata
android-emulator	Run Android UI tests	2026-08-06T10:32:26.4568997Z > Task :android:app:generateDebugAndroidTestResValues
android-emulator	Run Android UI tests	2026-08-06T10:32:26.4589337Z > Task :android:app:mapDebugAndroidTestSourceSetPaths
android-emulator	Run Android UI tests	2026-08-06T10:32:26.4616775Z > Task :android:app:generateDebugAndroidTestResources
android-emulator	Run Android UI tests	2026-08-06T10:32:26.7508246Z > Task :android:app:processDebugAndroidTestManifest
android-emulator	Run Android UI tests	2026-08-06T10:32:26.7538767Z > Task :android:app:javaPreCompileDebugAndroidTest
android-emulator	Run Android UI tests	2026-08-06T10:32:26.8511514Z > Task :android:app:mergeDebugShaders
android-emulator	Run Android UI tests	2026-08-06T10:32:26.8538997Z > Task :android:app:compileDebugShaders NO-SOURCE
android-emulator	Run Android UI tests	2026-08-06T10:32:26.8558187Z > Task :android:app:generateDebugAssets UP-TO-DATE
android-emulator	Run Android UI tests	2026-08-06T10:32:26.8581902Z > Task :android:app:mergeDebugAndroidTestResources
android-emulator	Run Android UI tests	2026-08-06T10:32:26.9548951Z > Task :android:app:mergeDebugAssets
android-emulator	Run Android UI tests	2026-08-06T10:32:27.0495682Z > Task :android:app:processDebugResources
android-emulator	Run Android UI tests	2026-08-06T10:32:27.0547661Z > Task :android:app:desugarDebugFileDependencies
android-emulator	Run Android UI tests	2026-08-06T10:32:27.0567451Z > Task :android:app:compressDebugAssets
android-emulator	Run Android UI tests	2026-08-06T10:32:27.2504879Z > Task :android:app:processDebugAndroidTestResources
android-emulator	Run Android UI tests	2026-08-06T10:32:27.6515280Z > Task :android:app:mergeDebugJniLibFolders
android-emulator	Run Android UI tests	2026-08-06T10:32:27.7539619Z > Task :android:app:checkDebugDuplicateClasses
android-emulator	Run Android UI tests	2026-08-06T10:32:28.0597070Z > Task :android:app:mergeLibDexDebug
android-emulator	Run Android UI tests	2026-08-06T10:32:28.0655860Z > Task :android:app:mergeDebugNativeLibs
android-emulator	Run Android UI tests	2026-08-06T10:32:28.0730398Z > Task :android:app:validateSigningDebug
android-emulator	Run Android UI tests	2026-08-06T10:32:28.0761074Z > Task :android:app:writeDebugAppMetadata
android-emulator	Run Android UI tests	2026-08-06T10:32:28.1535734Z > Task :android:app:writeDebugSigningConfigVersions
android-emulator	Run Android UI tests	2026-08-06T10:32:28.1591692Z > Task :android:app:mergeDebugAndroidTestShaders
android-emulator	Run Android UI tests	2026-08-06T10:32:28.1638682Z > Task :android:app:compileDebugAndroidTestShaders NO-SOURCE
android-emulator	Run Android UI tests	2026-08-06T10:32:28.1729338Z > Task :android:app:generateDebugAndroidTestAssets UP-TO-DATE
android-emulator	Run Android UI tests	2026-08-06T10:32:28.2524308Z 
android-emulator	Run Android UI tests	2026-08-06T10:32:28.2525755Z > Task :android:app:stripDebugDebugSymbols
android-emulator	Run Android UI tests	2026-08-06T10:32:28.2550000Z Unable to strip the following libraries, packaging them as they are: libandroidx.graphics.path.so, libbarhopper_v3.so, libimage_processing_util_jni.so, libsurface_util_jni.so.
android-emulator	Run Android UI tests	2026-08-06T10:32:28.2574337Z 
android-emulator	Run Android UI tests	2026-08-06T10:32:28.2603610Z > Task :android:app:mergeDebugAndroidTestAssets
android-emulator	Run Android UI tests	2026-08-06T10:32:28.2629094Z > Task :android:app:compressDebugAndroidTestAssets
android-emulator	Run Android UI tests	2026-08-06T10:32:28.2658981Z > Task :android:app:desugarDebugAndroidTestFileDependencies
android-emulator	Run Android UI tests	2026-08-06T10:32:28.3518994Z > Task :android:app:checkDebugAndroidTestDuplicateClasses
android-emulator	Run Android UI tests	2026-08-06T10:32:28.3526444Z > Task :android:app:mergeDebugAndroidTestJniLibFolders
android-emulator	Run Android UI tests	2026-08-06T10:32:32.5508739Z > Task :android:app:mergeExtDexDebugAndroidTest
android-emulator	Run Android UI tests	2026-08-06T10:32:32.5559290Z > Task :android:app:mergeLibDexDebugAndroidTest
android-emulator	Run Android UI tests	2026-08-06T10:32:32.5588978Z > Task :android:app:mergeDebugAndroidTestNativeLibs NO-SOURCE
android-emulator	Run Android UI tests	2026-08-06T10:32:32.5648951Z > Task :android:app:stripDebugAndroidTestDebugSymbols NO-SOURCE
android-emulator	Run Android UI tests	2026-08-06T10:32:32.5688843Z > Task :android:app:validateSigningDebugAndroidTest
android-emulator	Run Android UI tests	2026-08-06T10:32:32.5774724Z > Task :android:app:writeDebugAndroidTestSigningConfigVersions
android-emulator	Run Android UI tests	2026-08-06T10:32:44.2509371Z > Task :android:app:mergeExtDexDebug
android-emulator	Run Android UI tests	2026-08-06T10:32:57.0549173Z > Task :android:app:compileDebugKotlin
android-emulator	Run Android UI tests	2026-08-06T10:33:15.6503022Z w: file:///home/runner/work/wrtmonitor/wrtmonitor/android/app/src/main/java/ru/wrtmonitor/app/data/RouterRepository.kt:124:62 The corresponding parameter in the supertype 'EventSourceListener' is named 't'. This may cause problems when calling this function with named arguments.
android-emulator	Run Android UI tests	2026-08-06T10:33:15.6520402Z w: file:///home/runner/work/wrtmonitor/wrtmonitor/android/app/src/main/java/ru/wrtmonitor/app/ui/screens/DeviceDetailScreen.kt:124:32 Unnecessary non-null assertion (!!) on a non-null receiver of type TelemetryDto
android-emulator	Run Android UI tests	2026-08-06T10:33:15.8496971Z 
android-emulator	Run Android UI tests	2026-08-06T10:33:15.8528884Z > Task :android:app:compileDebugJavaWithJavac NO-SOURCE
android-emulator	Run Android UI tests	2026-08-06T10:33:16.7504378Z > Task :android:app:bundleDebugClassesToCompileJar
android-emulator	Run Android UI tests	2026-08-06T10:33:23.4496360Z > Task :android:app:dexBuilderDebug
android-emulator	Run Android UI tests	2026-08-06T10:33:23.5493015Z > Task :android:app:mergeDebugGlobalSynthetics
android-emulator	Run Android UI tests	2026-08-06T10:33:23.6493806Z > Task :android:app:processDebugJavaRes
android-emulator	Run Android UI tests	2026-08-06T10:33:24.6529191Z > Task :android:app:mergeProjectDexDebug
android-emulator	Run Android UI tests	2026-08-06T10:33:24.8529099Z > Task :android:app:compileDebugAndroidTestKotlin
android-emulator	Run Android UI tests	2026-08-06T10:33:24.8542985Z > Task :android:app:compileDebugAndroidTestJavaWithJavac NO-SOURCE
android-emulator	Run Android UI tests	2026-08-06T10:33:24.9509118Z > Task :android:app:dexBuilderDebugAndroidTest
android-emulator	Run Android UI tests	2026-08-06T10:33:24.9534920Z > Task :android:app:mergeDebugAndroidTestGlobalSynthetics
android-emulator	Run Android UI tests	2026-08-06T10:33:24.9598843Z > Task :android:app:processDebugAndroidTestJavaRes
android-emulator	Run Android UI tests	2026-08-06T10:33:25.0509325Z > Task :android:app:mergeProjectDexDebugAndroidTest
android-emulator	Run Android UI tests	2026-08-06T10:33:25.2499414Z > Task :android:app:mergeDebugAndroidTestJavaResource
android-emulator	Run Android UI tests	2026-08-06T10:33:25.6528861Z > Task :android:app:mergeDebugJavaResource
android-emulator	Run Android UI tests	2026-08-06T10:33:25.7521632Z > Task :android:app:packageDebugAndroidTest
android-emulator	Run Android UI tests	2026-08-06T10:33:25.7531210Z > Task :android:app:createDebugAndroidTestApkListingFileRedirect
android-emulator	Run Android UI tests	2026-08-06T10:33:26.5513144Z > Task :android:app:packageDebug
android-emulator	Run Android UI tests	2026-08-06T10:33:26.5539402Z > Task :android:app:createDebugApkListingFileRedirect
android-emulator	Run Android UI tests	2026-08-06T10:33:26.7491499Z [EmulatorConsole]: Failed to start Emulator console for 5554
android-emulator	Run Android UI tests	2026-08-06T10:33:36.1494470Z 
android-emulator	Run Android UI tests	2026-08-06T10:33:36.1495633Z > Task :android:app:connectedDebugAndroidTest
android-emulator	Run Android UI tests	2026-08-06T10:33:36.1496574Z Starting 2 tests on emulator-5554 - 15
android-emulator	Run Android UI tests	2026-08-06T10:33:39.6491996Z 
android-emulator	Run Android UI tests	2026-08-06T10:33:39.6493143Z Finished 2 tests on emulator-5554 - 15
android-emulator	Run Android UI tests	2026-08-06T10:33:40.5501255Z gradle/actions: Writing build results to /home/runner/work/_temp/.gradle-actions/build-results/__ReactiveCircus_android-emulator-runner-1786012333753.json
android-emulator	Run Android UI tests	2026-08-06T10:33:40.5512081Z 
android-emulator	Run Android UI tests	2026-08-06T10:33:40.6469110Z BUILD SUCCESSFUL in 1m 35s
android-emulator	Run Android UI tests	2026-08-06T10:33:40.6485756Z 64 actionable tasks: 64 executed
android-emulator	Run Android UI tests	2026-08-06T10:33:40.9738110Z ##[group]Terminate Emulator
android-emulator	Run Android UI tests	2026-08-06T10:33:40.9754926Z [command]/usr/local/lib/android/sdk/platform-tools/adb -s emulator-5554 emu kill
android-emulator	Run Android UI tests	2026-08-06T10:33:40.9781851Z OK: killing emulator, bye bye
android-emulator	Run Android UI tests	2026-08-06T10:33:40.9782639Z OK
android-emulator	Run Android UI tests	2026-08-06T10:33:40.9785375Z ##[endgroup]
android-emulator	Run Android UI tests	2026-08-06T10:33:40.9786887Z INFO         | Wait for emulator (pid 3057) 20 seconds to shutdown gracefully before kill;you can set environment variable ANDROID_EMULATOR_WAIT_TIME_BEFORE_KILL(in seconds) to change the default value (20 seconds)
android-emulator	Run Android UI tests	2026-08-06T10:33:40.9788082Z 
android-emulator	Run Android UI tests	2026-08-06T10:33:40.9846667Z USER_INFO    | Snapshots have been disabled by the user, save request is ignored.
android-emulator	Run Android UI tests	2026-08-06T10:33:40.9851064Z INFO         | Saving snapshot 'default_boot' using 0 ms
android-emulator	Run Android UI tests	2026-08-06T10:33:41.2958360Z ERROR        | stop: Not implemented
android-emulator	Run Android UI tests	2026-08-06T10:33:41.2959190Z WARNING      | Emulator client has not yet been configured.. Call configure me first!
android-emulator	Run Android UI tests	2026-08-06T10:33:41.3074173Z INFO         | removeAll
android-emulator	Run Android UI tests	2026-08-06T10:33:41.3414279Z WARNING      | Netsim Wifi dns:///localhost:34395 is gone due to Stream removed (CANCELLED)
android-emulator	Post Run gradle/actions/setup-gradle@v4	﻿2026-08-06T10:33:42.0996624Z Node 20 is being deprecated. This workflow is running with Node 24 by default. If you need to temporarily use Node 20, you can set the ACTIONS_ALLOW_USE_UNSECURE_NODE_VERSION=true environment variable. For more information see: https://github.blog/changelog/2025-09-19-deprecation-of-node-20-on-github-actions-runners/
android-emulator	Post Run gradle/actions/setup-gradle@v4	2026-08-06T10:33:42.0997756Z Post job cleanup.
android-emulator	Post Run gradle/actions/setup-gradle@v4	2026-08-06T10:33:42.3293836Z In post-action step
android-emulator	Post Run gradle/actions/setup-gradle@v4	2026-08-06T10:33:42.3302790Z Cache is read-only: will not save state for use in subsequent builds.
android-emulator	Post Run gradle/actions/setup-gradle@v4	2026-08-06T10:33:42.3308145Z Generating Job Summary
android-emulator	Post Run gradle/actions/setup-gradle@v4	2026-08-06T10:33:42.3325291Z Completed post-action step
android-emulator	Post Run actions/setup-java@v4	﻿2026-08-06T10:33:42.3448179Z Node 20 is being deprecated. This workflow is running with Node 24 by default. If you need to temporarily use Node 20, you can set the ACTIONS_ALLOW_USE_UNSECURE_NODE_VERSION=true environment variable. For more information see: https://github.blog/changelog/2025-09-19-deprecation-of-node-20-on-github-actions-runners/
android-emulator	Post Run actions/setup-java@v4	2026-08-06T10:33:42.3449464Z Post job cleanup.
android-emulator	Post Run actions/setup-java@v4	2026-08-06T10:33:42.4827378Z (node:3629) [DEP0040] DeprecationWarning: The `punycode` module is deprecated. Please use a userland alternative instead.
android-emulator	Post Run actions/setup-java@v4	2026-08-06T10:33:42.4828805Z (Use `node --trace-deprecation ...` to show where the warning was created)
android-emulator	Post Run actions/checkout@v7	﻿2026-08-06T10:33:42.4987134Z Post job cleanup.
android-emulator	Post Run actions/checkout@v7	2026-08-06T10:33:42.5846989Z [command]/usr/bin/git version
android-emulator	Post Run actions/checkout@v7	2026-08-06T10:33:42.5884177Z git version 2.54.0
android-emulator	Post Run actions/checkout@v7	2026-08-06T10:33:42.5926334Z Temporarily overriding HOME='/home/runner/work/_temp/cb7502e2-8f77-45ed-85f1-75a081339dd6' before making global git config changes
android-emulator	Post Run actions/checkout@v7	2026-08-06T10:33:42.5928042Z Adding repository directory to the temporary git global config as a safe directory
android-emulator	Post Run actions/checkout@v7	2026-08-06T10:33:42.5932616Z [command]/usr/bin/git config --global --add safe.directory /home/runner/work/wrtmonitor/wrtmonitor
android-emulator	Post Run actions/checkout@v7	2026-08-06T10:33:42.5963100Z Removing SSH command configuration
android-emulator	Post Run actions/checkout@v7	2026-08-06T10:33:42.5970276Z [command]/usr/bin/git config --local --name-only --get-regexp core\.sshCommand
android-emulator	Post Run actions/checkout@v7	2026-08-06T10:33:42.6002941Z [command]/usr/bin/git submodule foreach --recursive sh -c "git config --local --name-only --get-regexp 'core\.sshCommand' && git config --local --unset-all 'core.sshCommand' || :"
android-emulator	Post Run actions/checkout@v7	2026-08-06T10:33:42.6213642Z Removing HTTP extra header
android-emulator	Post Run actions/checkout@v7	2026-08-06T10:33:42.6220849Z [command]/usr/bin/git config --local --name-only --get-regexp http\.https\:\/\/github\.com\/\.extraheader
android-emulator	Post Run actions/checkout@v7	2026-08-06T10:33:42.6251039Z [command]/usr/bin/git submodule foreach --recursive sh -c "git config --local --name-only --get-regexp 'http\.https\:\/\/github\.com\/\.extraheader' && git config --local --unset-all 'http.https://github.com/.extraheader' || :"
android-emulator	Post Run actions/checkout@v7	2026-08-06T10:33:42.6463376Z Removing includeIf entries pointing to credentials config files
android-emulator	Post Run actions/checkout@v7	2026-08-06T10:33:42.6470879Z [command]/usr/bin/git config --local --name-only --get-regexp ^includeIf\.gitdir:
android-emulator	Post Run actions/checkout@v7	2026-08-06T10:33:42.6504570Z includeif.gitdir:/home/runner/work/wrtmonitor/wrtmonitor/.git.path
android-emulator	Post Run actions/checkout@v7	2026-08-06T10:33:42.6515179Z includeif.gitdir:/home/runner/work/wrtmonitor/wrtmonitor/.git/worktrees/*.path
android-emulator	Post Run actions/checkout@v7	2026-08-06T10:33:42.6516087Z includeif.gitdir:/github/workspace/.git.path
android-emulator	Post Run actions/checkout@v7	2026-08-06T10:33:42.6516781Z includeif.gitdir:/github/workspace/.git/worktrees/*.path
android-emulator	Post Run actions/checkout@v7	2026-08-06T10:33:42.6524024Z [command]/usr/bin/git config --local --get-all includeif.gitdir:/home/runner/work/wrtmonitor/wrtmonitor/.git.path
android-emulator	Post Run actions/checkout@v7	2026-08-06T10:33:42.6537632Z /home/runner/work/_temp/git-credentials-0207857e-b686-4e3f-9a27-94475d259166.config
android-emulator	Post Run actions/checkout@v7	2026-08-06T10:33:42.6549909Z [command]/usr/bin/git config --local --unset includeif.gitdir:/home/runner/work/wrtmonitor/wrtmonitor/.git.path \/home\/runner\/work\/_temp\/git\-credentials\-0207857e\-b686\-4e3f\-9a27\-94475d259166\.config
android-emulator	Post Run actions/checkout@v7	2026-08-06T10:33:42.6582911Z [command]/usr/bin/git config --local --get-all includeif.gitdir:/home/runner/work/wrtmonitor/wrtmonitor/.git/worktrees/*.path
android-emulator	Post Run actions/checkout@v7	2026-08-06T10:33:42.6603900Z /home/runner/work/_temp/git-credentials-0207857e-b686-4e3f-9a27-94475d259166.config
android-emulator	Post Run actions/checkout@v7	2026-08-06T10:33:42.6621114Z [command]/usr/bin/git config --local --unset includeif.gitdir:/home/runner/work/wrtmonitor/wrtmonitor/.git/worktrees/*.path \/home\/runner\/work\/_temp\/git\-credentials\-0207857e\-b686\-4e3f\-9a27\-94475d259166\.config
android-emulator	Post Run actions/checkout@v7	2026-08-06T10:33:42.6652725Z [command]/usr/bin/git config --local --get-all includeif.gitdir:/github/workspace/.git.path
android-emulator	Post Run actions/checkout@v7	2026-08-06T10:33:42.6674461Z /github/runner_temp/git-credentials-0207857e-b686-4e3f-9a27-94475d259166.config
android-emulator	Post Run actions/checkout@v7	2026-08-06T10:33:42.6681786Z [command]/usr/bin/git config --local --unset includeif.gitdir:/github/workspace/.git.path \/github\/runner_temp\/git\-credentials\-0207857e\-b686\-4e3f\-9a27\-94475d259166\.config
android-emulator	Post Run actions/checkout@v7	2026-08-06T10:33:42.6711127Z [command]/usr/bin/git config --local --get-all includeif.gitdir:/github/workspace/.git/worktrees/*.path
android-emulator	Post Run actions/checkout@v7	2026-08-06T10:33:42.6740279Z /github/runner_temp/git-credentials-0207857e-b686-4e3f-9a27-94475d259166.config
android-emulator	Post Run actions/checkout@v7	2026-08-06T10:33:42.6745427Z [command]/usr/bin/git config --local --unset includeif.gitdir:/github/workspace/.git/worktrees/*.path \/github\/runner_temp\/git\-credentials\-0207857e\-b686\-4e3f\-9a27\-94475d259166\.config
android-emulator	Post Run actions/checkout@v7	2026-08-06T10:33:42.6797477Z [command]/usr/bin/git submodule foreach --recursive git config --local --show-origin --name-only --get-regexp remote.origin.url
android-emulator	Post Run actions/checkout@v7	2026-08-06T10:33:42.6997639Z Removing credentials config '/home/runner/work/_temp/git-credentials-0207857e-b686-4e3f-9a27-94475d259166.config'
android-emulator	Complete job	﻿2026-08-06T10:33:42.7130625Z Cleaning up orphan processes
android-emulator	Complete job	2026-08-06T10:33:42.7464220Z Terminate orphan process: pid (3170) (adb)
android-emulator	Complete job	2026-08-06T10:33:42.7547744Z Terminate orphan process: pid (3299) (java)
android-emulator	Complete job	2026-08-06T10:33:42.7629472Z Terminate orphan process: pid (3424) (java)
android-emulator	Complete job	2026-08-06T10:33:42.7712324Z Terminate orphan process: pid (3611) (emulator)
android-emulator	Complete job	2026-08-06T10:33:42.7756193Z ##[warning]Node.js 20 is deprecated. The following actions target Node.js 20 but are being forced to run on Node.js 24: actions/setup-java@v4, android-actions/setup-android@v3, gradle/actions/setup-gradle@v4. For more information see: https://github.blog/changelog/2025-09-19-deprecation-of-node-20-on-github-actions-runners/
agent-release-metadata	Set up job	﻿2026-08-06T10:30:22.3340123Z Current runner version: '2.336.0'
agent-release-metadata	Set up job	2026-08-06T10:30:22.3366335Z ##[group]Runner Image Provisioner
agent-release-metadata	Set up job	2026-08-06T10:30:22.3367261Z Hosted Compute Agent
agent-release-metadata	Set up job	2026-08-06T10:30:22.3368337Z Version: 20260707.563
agent-release-metadata	Set up job	2026-08-06T10:30:22.3369075Z Commit: 02667638d2b423fbc733a8e32a88b44996a3ba6e
agent-release-metadata	Set up job	2026-08-06T10:30:22.3369841Z Build Date: 2026-07-07T19:33:50Z
agent-release-metadata	Set up job	2026-08-06T10:30:22.3370613Z Worker ID: {c72bf05c-4bec-4726-a4b4-5cbcd8f99874}
agent-release-metadata	Set up job	2026-08-06T10:30:22.3371441Z Azure Region: westus
agent-release-metadata	Set up job	2026-08-06T10:30:22.3372136Z ##[endgroup]
agent-release-metadata	Set up job	2026-08-06T10:30:22.3373735Z ##[group]Operating System
agent-release-metadata	Set up job	2026-08-06T10:30:22.3374409Z Ubuntu
agent-release-metadata	Set up job	2026-08-06T10:30:22.3375059Z 24.04.4
agent-release-metadata	Set up job	2026-08-06T10:30:22.3375594Z LTS
agent-release-metadata	Set up job	2026-08-06T10:30:22.3376245Z ##[endgroup]
agent-release-metadata	Set up job	2026-08-06T10:30:22.3376836Z ##[group]Runner Image
agent-release-metadata	Set up job	2026-08-06T10:30:22.3377898Z Image: ubuntu-24.04
agent-release-metadata	Set up job	2026-08-06T10:30:22.3378718Z Version: 20260720.247.2
agent-release-metadata	Set up job	2026-08-06T10:30:22.3379805Z Included Software: https://github.com/actions/runner-images/blob/ubuntu24/20260720.247/images/ubuntu/Ubuntu2404-Readme.md
agent-release-metadata	Set up job	2026-08-06T10:30:22.3382104Z Image Release: https://github.com/actions/runner-images/releases/tag/ubuntu24%2F20260720.247
agent-release-metadata	Set up job	2026-08-06T10:30:22.3383099Z ##[endgroup]
agent-release-metadata	Set up job	2026-08-06T10:30:22.3384365Z ##[group]GITHUB_TOKEN Permissions
agent-release-metadata	Set up job	2026-08-06T10:30:22.3386564Z Contents: read
agent-release-metadata	Set up job	2026-08-06T10:30:22.3387316Z Metadata: read
agent-release-metadata	Set up job	2026-08-06T10:30:22.3388280Z ##[endgroup]
agent-release-metadata	Set up job	2026-08-06T10:30:22.3390511Z Secret source: Actions
agent-release-metadata	Set up job	2026-08-06T10:30:22.3391653Z Prepare workflow directory
agent-release-metadata	Set up job	2026-08-06T10:30:22.3765075Z Prepare all required actions
agent-release-metadata	Set up job	2026-08-06T10:30:22.3839093Z Getting action download info
agent-release-metadata	Set up job	2026-08-06T10:30:22.7451758Z Download action repository 'actions/checkout@v7' (SHA:3d3c42e5aac5ba805825da76410c181273ba90b1)
agent-release-metadata	Set up job	2026-08-06T10:30:23.1768503Z Download action repository 'actions/setup-python@v6' (SHA:ece7cb06caefa5fff74198d8649806c4678c61a1)
agent-release-metadata	Set up job	2026-08-06T10:30:23.2514916Z Download action repository 'actions/upload-artifact@v7' (SHA:043fb46d1a93c77aae656e7c1c64a875d1fc6a0a)
agent-release-metadata	Set up job	2026-08-06T10:30:23.4327024Z Complete job name: agent-release-metadata
agent-release-metadata	Run actions/checkout@v7	﻿2026-08-06T10:30:23.5107837Z ##[group]Run actions/checkout@v7
agent-release-metadata	Run actions/checkout@v7	2026-08-06T10:30:23.5108804Z with:
agent-release-metadata	Run actions/checkout@v7	2026-08-06T10:30:23.5109282Z   repository: shurshick/wrtmonitor
agent-release-metadata	Run actions/checkout@v7	2026-08-06T10:30:23.5113254Z   token: ***
agent-release-metadata	Run actions/checkout@v7	2026-08-06T10:30:23.5113703Z   ssh-strict: true
agent-release-metadata	Run actions/checkout@v7	2026-08-06T10:30:23.5114149Z   ssh-user: git
agent-release-metadata	Run actions/checkout@v7	2026-08-06T10:30:23.5114603Z   persist-credentials: true
agent-release-metadata	Run actions/checkout@v7	2026-08-06T10:30:23.5115122Z   clean: true
agent-release-metadata	Run actions/checkout@v7	2026-08-06T10:30:23.5115580Z   sparse-checkout-cone-mode: true
agent-release-metadata	Run actions/checkout@v7	2026-08-06T10:30:23.5116106Z   fetch-depth: 1
agent-release-metadata	Run actions/checkout@v7	2026-08-06T10:30:23.5116551Z   fetch-tags: false
agent-release-metadata	Run actions/checkout@v7	2026-08-06T10:30:23.5117004Z   show-progress: true
agent-release-metadata	Run actions/checkout@v7	2026-08-06T10:30:23.5117654Z   lfs: false
agent-release-metadata	Run actions/checkout@v7	2026-08-06T10:30:23.5118095Z   submodules: false
agent-release-metadata	Run actions/checkout@v7	2026-08-06T10:30:23.5118559Z   set-safe-directory: true
agent-release-metadata	Run actions/checkout@v7	2026-08-06T10:30:23.5119070Z   allow-unsafe-pr-checkout: false
agent-release-metadata	Run actions/checkout@v7	2026-08-06T10:30:23.5119873Z ##[endgroup]
agent-release-metadata	Run actions/checkout@v7	2026-08-06T10:30:23.6154674Z Syncing repository: shurshick/wrtmonitor
agent-release-metadata	Run actions/checkout@v7	2026-08-06T10:30:23.6157184Z ##[group]Getting Git version info
agent-release-metadata	Run actions/checkout@v7	2026-08-06T10:30:23.6158381Z Working directory is '/home/runner/work/wrtmonitor/wrtmonitor'
agent-release-metadata	Run actions/checkout@v7	2026-08-06T10:30:23.6159791Z [command]/usr/bin/git version
agent-release-metadata	Run actions/checkout@v7	2026-08-06T10:30:23.6248705Z git version 2.54.0
agent-release-metadata	Run actions/checkout@v7	2026-08-06T10:30:23.6280313Z ##[endgroup]
agent-release-metadata	Run actions/checkout@v7	2026-08-06T10:30:23.6288261Z Temporarily overriding HOME='/home/runner/work/_temp/d931fc4c-e7e0-4e97-a95f-4e4adbf248d4' before making global git config changes
agent-release-metadata	Run actions/checkout@v7	2026-08-06T10:30:23.6290686Z Adding repository directory to the temporary git global config as a safe directory
agent-release-metadata	Run actions/checkout@v7	2026-08-06T10:30:23.6298216Z [command]/usr/bin/git config --global --add safe.directory /home/runner/work/wrtmonitor/wrtmonitor
agent-release-metadata	Run actions/checkout@v7	2026-08-06T10:30:23.6350156Z Deleting the contents of '/home/runner/work/wrtmonitor/wrtmonitor'
agent-release-metadata	Run actions/checkout@v7	2026-08-06T10:30:23.6353220Z ##[group]Determining repository object format
agent-release-metadata	Run actions/checkout@v7	2026-08-06T10:30:23.6354920Z ##[endgroup]
agent-release-metadata	Run actions/checkout@v7	2026-08-06T10:30:23.6355701Z ##[group]Initializing the repository
agent-release-metadata	Run actions/checkout@v7	2026-08-06T10:30:23.6360334Z [command]/usr/bin/git init /home/runner/work/wrtmonitor/wrtmonitor
agent-release-metadata	Run actions/checkout@v7	2026-08-06T10:30:23.6479739Z hint: Using 'master' as the name for the initial branch. This default branch name
agent-release-metadata	Run actions/checkout@v7	2026-08-06T10:30:23.6481500Z hint: will change to "main" in Git 3.0. To configure the initial branch name
agent-release-metadata	Run actions/checkout@v7	2026-08-06T10:30:23.6482536Z hint: to use in all of your new repositories, which will suppress this warning,
agent-release-metadata	Run actions/checkout@v7	2026-08-06T10:30:23.6483357Z hint: call:
agent-release-metadata	Run actions/checkout@v7	2026-08-06T10:30:23.6483799Z hint:
agent-release-metadata	Run actions/checkout@v7	2026-08-06T10:30:23.6484364Z hint: 	git config --global init.defaultBranch <name>
agent-release-metadata	Run actions/checkout@v7	2026-08-06T10:30:23.6485085Z hint:
agent-release-metadata	Run actions/checkout@v7	2026-08-06T10:30:23.6485755Z hint: Names commonly chosen instead of 'master' are 'main', 'trunk' and
agent-release-metadata	Run actions/checkout@v7	2026-08-06T10:30:23.6486850Z hint: 'development'. The just-created branch can be renamed via this command:
agent-release-metadata	Run actions/checkout@v7	2026-08-06T10:30:23.6487915Z hint:
agent-release-metadata	Run actions/checkout@v7	2026-08-06T10:30:23.6488409Z hint: 	git branch -m <name>
agent-release-metadata	Run actions/checkout@v7	2026-08-06T10:30:23.6488975Z hint:
agent-release-metadata	Run actions/checkout@v7	2026-08-06T10:30:23.6489711Z hint: Disable this message with "git config set advice.defaultBranchName false"
agent-release-metadata	Run actions/checkout@v7	2026-08-06T10:30:23.6497159Z Initialized empty Git repository in /home/runner/work/wrtmonitor/wrtmonitor/.git/
agent-release-metadata	Run actions/checkout@v7	2026-08-06T10:30:23.6509224Z [command]/usr/bin/git remote add origin https://github.com/shurshick/wrtmonitor
agent-release-metadata	Run actions/checkout@v7	2026-08-06T10:30:23.6554813Z ##[endgroup]
agent-release-metadata	Run actions/checkout@v7	2026-08-06T10:30:23.6556129Z ##[group]Disabling automatic garbage collection
agent-release-metadata	Run actions/checkout@v7	2026-08-06T10:30:23.6559109Z [command]/usr/bin/git config --local gc.auto 0
agent-release-metadata	Run actions/checkout@v7	2026-08-06T10:30:23.6601714Z ##[endgroup]
agent-release-metadata	Run actions/checkout@v7	2026-08-06T10:30:23.6603148Z ##[group]Setting up auth
agent-release-metadata	Run actions/checkout@v7	2026-08-06T10:30:23.6604188Z Removing SSH command configuration
agent-release-metadata	Run actions/checkout@v7	2026-08-06T10:30:23.6605860Z [command]/usr/bin/git config --local --name-only --get-regexp core\.sshCommand
agent-release-metadata	Run actions/checkout@v7	2026-08-06T10:30:23.6648648Z [command]/usr/bin/git submodule foreach --recursive sh -c "git config --local --name-only --get-regexp 'core\.sshCommand' && git config --local --unset-all 'core.sshCommand' || :"
agent-release-metadata	Run actions/checkout@v7	2026-08-06T10:30:23.7051177Z Removing HTTP extra header
agent-release-metadata	Run actions/checkout@v7	2026-08-06T10:30:23.7056944Z [command]/usr/bin/git config --local --name-only --get-regexp http\.https\:\/\/github\.com\/\.extraheader
agent-release-metadata	Run actions/checkout@v7	2026-08-06T10:30:23.7096906Z [command]/usr/bin/git submodule foreach --recursive sh -c "git config --local --name-only --get-regexp 'http\.https\:\/\/github\.com\/\.extraheader' && git config --local --unset-all 'http.https://github.com/.extraheader' || :"
agent-release-metadata	Run actions/checkout@v7	2026-08-06T10:30:23.7319287Z Removing includeIf entries pointing to credentials config files
agent-release-metadata	Run actions/checkout@v7	2026-08-06T10:30:23.7325243Z [command]/usr/bin/git config --local --name-only --get-regexp ^includeIf\.gitdir:
agent-release-metadata	Run actions/checkout@v7	2026-08-06T10:30:23.7363403Z [command]/usr/bin/git submodule foreach --recursive git config --local --show-origin --name-only --get-regexp remote.origin.url
agent-release-metadata	Run actions/checkout@v7	2026-08-06T10:30:23.7602612Z [command]/usr/bin/git config --file /home/runner/work/_temp/git-credentials-577d63ec-256e-4dab-ac0e-e7e139ed8fa1.config http.https://github.com/.extraheader AUTHORIZATION: basic ***
agent-release-metadata	Run actions/checkout@v7	2026-08-06T10:30:23.7645250Z [command]/usr/bin/git config --local includeIf.gitdir:/home/runner/work/wrtmonitor/wrtmonitor/.git.path /home/runner/work/_temp/git-credentials-577d63ec-256e-4dab-ac0e-e7e139ed8fa1.config
agent-release-metadata	Run actions/checkout@v7	2026-08-06T10:30:23.7680209Z [command]/usr/bin/git config --local includeIf.gitdir:/home/runner/work/wrtmonitor/wrtmonitor/.git/worktrees/*.path /home/runner/work/_temp/git-credentials-577d63ec-256e-4dab-ac0e-e7e139ed8fa1.config
agent-release-metadata	Run actions/checkout@v7	2026-08-06T10:30:23.7718968Z [command]/usr/bin/git config --local includeIf.gitdir:/github/workspace/.git.path /github/runner_temp/git-credentials-577d63ec-256e-4dab-ac0e-e7e139ed8fa1.config
agent-release-metadata	Run actions/checkout@v7	2026-08-06T10:30:23.7753235Z [command]/usr/bin/git config --local includeIf.gitdir:/github/workspace/.git/worktrees/*.path /github/runner_temp/git-credentials-577d63ec-256e-4dab-ac0e-e7e139ed8fa1.config
agent-release-metadata	Run actions/checkout@v7	2026-08-06T10:30:23.7785313Z ##[endgroup]
agent-release-metadata	Run actions/checkout@v7	2026-08-06T10:30:23.7786136Z ##[group]Fetching the repository
agent-release-metadata	Run actions/checkout@v7	2026-08-06T10:30:23.7793996Z [command]/usr/bin/git -c protocol.version=2 fetch --no-tags --prune --no-recurse-submodules --depth=1 origin +refs/tags/v0.35.0:refs/tags/v0.35.0
agent-release-metadata	Run actions/checkout@v7	2026-08-06T10:30:24.7986248Z From https://github.com/shurshick/wrtmonitor
agent-release-metadata	Run actions/checkout@v7	2026-08-06T10:30:24.7987080Z  * [new tag]         v0.35.0    -> v0.35.0
agent-release-metadata	Run actions/checkout@v7	2026-08-06T10:30:24.8029631Z [command]/usr/bin/git tag --list v0.35.0
agent-release-metadata	Run actions/checkout@v7	2026-08-06T10:30:24.8063195Z v0.35.0
agent-release-metadata	Run actions/checkout@v7	2026-08-06T10:30:24.8071929Z [command]/usr/bin/git rev-parse refs/tags/v0.35.0^{commit}
agent-release-metadata	Run actions/checkout@v7	2026-08-06T10:30:24.8099972Z 9d81f5fe71a883b7b63845878056e99fc2919cb1
agent-release-metadata	Run actions/checkout@v7	2026-08-06T10:30:24.8104597Z ##[endgroup]
agent-release-metadata	Run actions/checkout@v7	2026-08-06T10:30:24.8105692Z ##[group]Determining the checkout info
agent-release-metadata	Run actions/checkout@v7	2026-08-06T10:30:24.8106474Z ##[endgroup]
agent-release-metadata	Run actions/checkout@v7	2026-08-06T10:30:24.8109800Z [command]/usr/bin/git sparse-checkout disable
agent-release-metadata	Run actions/checkout@v7	2026-08-06T10:30:24.8159154Z [command]/usr/bin/git config --local --unset-all extensions.worktreeConfig
agent-release-metadata	Run actions/checkout@v7	2026-08-06T10:30:24.8193081Z ##[group]Checking out the ref
agent-release-metadata	Run actions/checkout@v7	2026-08-06T10:30:24.8196764Z [command]/usr/bin/git checkout --progress --force refs/tags/v0.35.0
agent-release-metadata	Run actions/checkout@v7	2026-08-06T10:30:24.8606465Z Note: switching to 'refs/tags/v0.35.0'.
agent-release-metadata	Run actions/checkout@v7	2026-08-06T10:30:24.8607237Z 
agent-release-metadata	Run actions/checkout@v7	2026-08-06T10:30:24.8608170Z You are in 'detached HEAD' state. You can look around, make experimental
agent-release-metadata	Run actions/checkout@v7	2026-08-06T10:30:24.8609530Z changes and commit them, and you can discard any commits you make in this
agent-release-metadata	Run actions/checkout@v7	2026-08-06T10:30:24.8610786Z state without impacting any branches by switching back to a branch.
agent-release-metadata	Run actions/checkout@v7	2026-08-06T10:30:24.8611327Z 
agent-release-metadata	Run actions/checkout@v7	2026-08-06T10:30:24.8611769Z If you want to create a new branch to retain commits you create, you may
agent-release-metadata	Run actions/checkout@v7	2026-08-06T10:30:24.8612552Z do so (now or later) by using -c with the switch command. Example:
agent-release-metadata	Run actions/checkout@v7	2026-08-06T10:30:24.8612999Z 
agent-release-metadata	Run actions/checkout@v7	2026-08-06T10:30:24.8613254Z   git switch -c <new-branch-name>
agent-release-metadata	Run actions/checkout@v7	2026-08-06T10:30:24.8613581Z 
agent-release-metadata	Run actions/checkout@v7	2026-08-06T10:30:24.8613828Z Or undo this operation with:
agent-release-metadata	Run actions/checkout@v7	2026-08-06T10:30:24.8614221Z 
agent-release-metadata	Run actions/checkout@v7	2026-08-06T10:30:24.8614602Z   git switch -
agent-release-metadata	Run actions/checkout@v7	2026-08-06T10:30:24.8615062Z 
agent-release-metadata	Run actions/checkout@v7	2026-08-06T10:30:24.8615731Z Turn off this advice by setting config variable advice.detachedHead to false
agent-release-metadata	Run actions/checkout@v7	2026-08-06T10:30:24.8616324Z 
agent-release-metadata	Run actions/checkout@v7	2026-08-06T10:30:24.8616808Z HEAD is now at 9d81f5f fix(agent): register agent.bash_script in capabilities and update contract
agent-release-metadata	Run actions/checkout@v7	2026-08-06T10:30:24.8619416Z ##[endgroup]
agent-release-metadata	Run actions/checkout@v7	2026-08-06T10:30:24.8668356Z [command]/usr/bin/git log -1 --format=%H
agent-release-metadata	Run actions/checkout@v7	2026-08-06T10:30:24.8700208Z 9d81f5fe71a883b7b63845878056e99fc2919cb1
agent-release-metadata	Run actions/setup-python@v6	﻿2026-08-06T10:30:24.9068626Z ##[group]Run actions/setup-python@v6
agent-release-metadata	Run actions/setup-python@v6	2026-08-06T10:30:24.9069243Z with:
agent-release-metadata	Run actions/setup-python@v6	2026-08-06T10:30:24.9069653Z   python-version: 3.12
agent-release-metadata	Run actions/setup-python@v6	2026-08-06T10:30:24.9070110Z   check-latest: false
agent-release-metadata	Run actions/setup-python@v6	2026-08-06T10:30:24.9073494Z   token: ***
agent-release-metadata	Run actions/setup-python@v6	2026-08-06T10:30:24.9073908Z   update-environment: true
agent-release-metadata	Run actions/setup-python@v6	2026-08-06T10:30:24.9074413Z   allow-prereleases: false
agent-release-metadata	Run actions/setup-python@v6	2026-08-06T10:30:24.9074846Z   freethreaded: false
agent-release-metadata	Run actions/setup-python@v6	2026-08-06T10:30:24.9075254Z ##[endgroup]
agent-release-metadata	Run actions/setup-python@v6	2026-08-06T10:30:25.0401448Z ##[group]Installed versions
agent-release-metadata	Run actions/setup-python@v6	2026-08-06T10:30:25.0505561Z Successfully set up CPython (3.12.13)
agent-release-metadata	Run actions/setup-python@v6	2026-08-06T10:30:25.0506754Z ##[endgroup]
agent-release-metadata	Run pip install -r backend/requirements.txt	﻿2026-08-06T10:30:25.0681229Z ##[group]Run pip install -r backend/requirements.txt
agent-release-metadata	Run pip install -r backend/requirements.txt	2026-08-06T10:30:25.0682416Z ^[[36;1mpip install -r backend/requirements.txt^[[0m
agent-release-metadata	Run pip install -r backend/requirements.txt	2026-08-06T10:30:25.0852629Z shell: /usr/bin/bash -e {0}
agent-release-metadata	Run pip install -r backend/requirements.txt	2026-08-06T10:30:25.0853567Z env:
agent-release-metadata	Run pip install -r backend/requirements.txt	2026-08-06T10:30:25.0854364Z   pythonLocation: /opt/hostedtoolcache/Python/3.12.13/x64
agent-release-metadata	Run pip install -r backend/requirements.txt	2026-08-06T10:30:25.0855587Z   PKG_CONFIG_PATH: /opt/hostedtoolcache/Python/3.12.13/x64/lib/pkgconfig
agent-release-metadata	Run pip install -r backend/requirements.txt	2026-08-06T10:30:25.0856771Z   Python_ROOT_DIR: /opt/hostedtoolcache/Python/3.12.13/x64
agent-release-metadata	Run pip install -r backend/requirements.txt	2026-08-06T10:30:25.0858122Z   Python2_ROOT_DIR: /opt/hostedtoolcache/Python/3.12.13/x64
agent-release-metadata	Run pip install -r backend/requirements.txt	2026-08-06T10:30:25.0859207Z   Python3_ROOT_DIR: /opt/hostedtoolcache/Python/3.12.13/x64
agent-release-metadata	Run pip install -r backend/requirements.txt	2026-08-06T10:30:25.0860317Z   LD_LIBRARY_PATH: /opt/hostedtoolcache/Python/3.12.13/x64/lib
agent-release-metadata	Run pip install -r backend/requirements.txt	2026-08-06T10:30:25.0861157Z ##[endgroup]
agent-release-metadata	Run pip install -r backend/requirements.txt	2026-08-06T10:30:28.5908264Z Collecting fastapi==0.140.0 (from -r /home/runner/work/wrtmonitor/wrtmonitor/backend/requirements-runtime.txt (line 1))
agent-release-metadata	Run pip install -r backend/requirements.txt	2026-08-06T10:30:28.6396560Z   Downloading fastapi-0.140.0-py3-none-any.whl.metadata (27 kB)
agent-release-metadata	Run pip install -r backend/requirements.txt	2026-08-06T10:30:28.6689109Z Collecting starlette==1.3.1 (from -r /home/runner/work/wrtmonitor/wrtmonitor/backend/requirements-runtime.txt (line 2))
agent-release-metadata	Run pip install -r backend/requirements.txt	2026-08-06T10:30:28.6714304Z   Downloading starlette-1.3.1-py3-none-any.whl.metadata (6.4 kB)
agent-release-metadata	Run pip install -r backend/requirements.txt	2026-08-06T10:30:28.6934158Z Collecting uvicorn==0.35.0 (from uvicorn[standard]==0.35.0->-r /home/runner/work/wrtmonitor/wrtmonitor/backend/requirements-runtime.txt (line 3))
agent-release-metadata	Run pip install -r backend/requirements.txt	2026-08-06T10:30:28.6958857Z   Downloading uvicorn-0.35.0-py3-none-any.whl.metadata (6.5 kB)
agent-release-metadata	Run pip install -r backend/requirements.txt	2026-08-06T10:30:28.8094540Z Collecting pydantic==2.11.7 (from -r /home/runner/work/wrtmonitor/wrtmonitor/backend/requirements-runtime.txt (line 4))
agent-release-metadata	Run pip install -r backend/requirements.txt	2026-08-06T10:30:28.8121647Z   Downloading pydantic-2.11.7-py3-none-any.whl.metadata (67 kB)
agent-release-metadata	Run pip install -r backend/requirements.txt	2026-08-06T10:30:29.0713829Z Collecting SQLAlchemy==2.0.43 (from -r /home/runner/work/wrtmonitor/wrtmonitor/backend/requirements-runtime.txt (line 5))
agent-release-metadata	Run pip install -r backend/requirements.txt	2026-08-06T10:30:29.0752202Z   Downloading sqlalchemy-2.0.43-cp312-cp312-manylinux_2_17_x86_64.manylinux2014_x86_64.whl.metadata (9.6 kB)
agent-release-metadata	Run pip install -r backend/requirements.txt	2026-08-06T10:30:29.0987921Z Collecting alembic==1.17.2 (from -r /home/runner/work/wrtmonitor/wrtmonitor/backend/requirements-runtime.txt (line 6))
agent-release-metadata	Run pip install -r backend/requirements.txt	2026-08-06T10:30:29.1019577Z   Downloading alembic-1.17.2-py3-none-any.whl.metadata (7.2 kB)
agent-release-metadata	Run pip install -r backend/requirements.txt	2026-08-06T10:30:29.1165917Z Collecting psycopg==3.3.4 (from psycopg[binary]==3.3.4->-r /home/runner/work/wrtmonitor/wrtmonitor/backend/requirements-runtime.txt (line 7))
agent-release-metadata	Run pip install -r backend/requirements.txt	2026-08-06T10:30:29.1191246Z   Downloading psycopg-3.3.4-py3-none-any.whl.metadata (4.3 kB)
agent-release-metadata	Run pip install -r backend/requirements.txt	2026-08-06T10:30:29.1407671Z Collecting argon2-cffi==25.1.0 (from -r /home/runner/work/wrtmonitor/wrtmonitor/backend/requirements-runtime.txt (line 8))
agent-release-metadata	Run pip install -r backend/requirements.txt	2026-08-06T10:30:29.1431680Z   Downloading argon2_cffi-25.1.0-py3-none-any.whl.metadata (4.1 kB)
agent-release-metadata	Run pip install -r backend/requirements.txt	2026-08-06T10:30:29.1577665Z Collecting PyJWT==2.13.0 (from -r /home/runner/work/wrtmonitor/wrtmonitor/backend/requirements-runtime.txt (line 9))
agent-release-metadata	Run pip install -r backend/requirements.txt	2026-08-06T10:30:29.1602445Z   Downloading pyjwt-2.13.0-py3-none-any.whl.metadata (3.4 kB)
agent-release-metadata	Run pip install -r backend/requirements.txt	2026-08-06T10:30:29.1786173Z Collecting python-multipart==0.0.31 (from -r /home/runner/work/wrtmonitor/wrtmonitor/backend/requirements-runtime.txt (line 10))
agent-release-metadata	Run pip install -r backend/requirements.txt	2026-08-06T10:30:29.1812902Z   Downloading python_multipart-0.0.31-py3-none-any.whl.metadata (2.1 kB)
agent-release-metadata	Run pip install -r backend/requirements.txt	2026-08-06T10:30:29.1939962Z Collecting jinja2==3.1.6 (from -r /home/runner/work/wrtmonitor/wrtmonitor/backend/requirements-runtime.txt (line 11))
agent-release-metadata	Run pip install -r backend/requirements.txt	2026-08-06T10:30:29.1964348Z   Downloading jinja2-3.1.6-py3-none-any.whl.metadata (2.9 kB)
agent-release-metadata	Run pip install -r backend/requirements.txt	2026-08-06T10:30:29.2083885Z Collecting pymanuf==2026.7.1 (from -r /home/runner/work/wrtmonitor/wrtmonitor/backend/requirements-runtime.txt (line 12))
agent-release-metadata	Run pip install -r backend/requirements.txt	2026-08-06T10:30:29.2113496Z   Downloading pymanuf-2026.7.1-py3-none-any.whl.metadata (4.5 kB)
agent-release-metadata	Run pip install -r backend/requirements.txt	2026-08-06T10:30:29.2266375Z Collecting segno==1.6.6 (from -r /home/runner/work/wrtmonitor/wrtmonitor/backend/requirements-runtime.txt (line 13))
agent-release-metadata	Run pip install -r backend/requirements.txt	2026-08-06T10:30:29.2325930Z   Downloading segno-1.6.6-py3-none-any.whl.metadata (7.7 kB)
agent-release-metadata	Run pip install -r backend/requirements.txt	2026-08-06T10:30:29.2562592Z Collecting pytest==9.0.3 (from -r backend/requirements.txt (line 2))
agent-release-metadata	Run pip install -r backend/requirements.txt	2026-08-06T10:30:29.2588625Z   Downloading pytest-9.0.3-py3-none-any.whl.metadata (7.6 kB)
agent-release-metadata	Run pip install -r backend/requirements.txt	2026-08-06T10:30:29.2751324Z Collecting httpx==0.28.1 (from -r backend/requirements.txt (line 3))
agent-release-metadata	Run pip install -r backend/requirements.txt	2026-08-06T10:30:29.2776048Z   Downloading httpx-0.28.1-py3-none-any.whl.metadata (7.1 kB)
agent-release-metadata	Run pip install -r backend/requirements.txt	2026-08-06T10:30:29.6183435Z Collecting ruff==0.12.12 (from -r backend/requirements.txt (line 4))
agent-release-metadata	Run pip install -r backend/requirements.txt	2026-08-06T10:30:29.6224475Z   Downloading ruff-0.12.12-py3-none-manylinux_2_17_x86_64.manylinux2014_x86_64.whl.metadata (25 kB)
agent-release-metadata	Run pip install -r backend/requirements.txt	2026-08-06T10:30:29.7984716Z Collecting cryptography (from -r backend/requirements.txt (line 5))
agent-release-metadata	Run pip install -r backend/requirements.txt	2026-08-06T10:30:29.8013467Z   Downloading cryptography-50.0.0-cp311-abi3-manylinux_2_34_x86_64.whl.metadata (4.3 kB)
agent-release-metadata	Run pip install -r backend/requirements.txt	2026-08-06T10:30:29.8200141Z Collecting typing-extensions>=4.8.0 (from fastapi==0.140.0->-r /home/runner/work/wrtmonitor/wrtmonitor/backend/requirements-runtime.txt (line 1))
agent-release-metadata	Run pip install -r backend/requirements.txt	2026-08-06T10:30:29.8227833Z   Downloading typing_extensions-4.16.0-py3-none-any.whl.metadata (3.3 kB)
agent-release-metadata	Run pip install -r backend/requirements.txt	2026-08-06T10:30:29.8323333Z Collecting typing-inspection>=0.4.2 (from fastapi==0.140.0->-r /home/runner/work/wrtmonitor/wrtmonitor/backend/requirements-runtime.txt (line 1))
agent-release-metadata	Run pip install -r backend/requirements.txt	2026-08-06T10:30:29.8346095Z   Downloading typing_inspection-0.4.2-py3-none-any.whl.metadata (2.6 kB)
agent-release-metadata	Run pip install -r backend/requirements.txt	2026-08-06T10:30:29.8441049Z Collecting annotated-doc>=0.0.2 (from fastapi==0.140.0->-r /home/runner/work/wrtmonitor/wrtmonitor/backend/requirements-runtime.txt (line 1))
agent-release-metadata	Run pip install -r backend/requirements.txt	2026-08-06T10:30:29.8465020Z   Downloading annotated_doc-0.0.5-py3-none-any.whl.metadata (6.5 kB)
agent-release-metadata	Run pip install -r backend/requirements.txt	2026-08-06T10:30:29.8638950Z Collecting anyio<5,>=3.6.2 (from starlette==1.3.1->-r /home/runner/work/wrtmonitor/wrtmonitor/backend/requirements-runtime.txt (line 2))
agent-release-metadata	Run pip install -r backend/requirements.txt	2026-08-06T10:30:29.8665577Z   Downloading anyio-4.14.2-py3-none-any.whl.metadata (4.6 kB)
agent-release-metadata	Run pip install -r backend/requirements.txt	2026-08-06T10:30:29.8846718Z Collecting click>=7.0 (from uvicorn==0.35.0->uvicorn[standard]==0.35.0->-r /home/runner/work/wrtmonitor/wrtmonitor/backend/requirements-runtime.txt (line 3))
agent-release-metadata	Run pip install -r backend/requirements.txt	2026-08-06T10:30:29.8873152Z   Downloading click-8.4.2-py3-none-any.whl.metadata (2.6 kB)
agent-release-metadata	Run pip install -r backend/requirements.txt	2026-08-06T10:30:29.8975306Z Collecting h11>=0.8 (from uvicorn==0.35.0->uvicorn[standard]==0.35.0->-r /home/runner/work/wrtmonitor/wrtmonitor/backend/requirements-runtime.txt (line 3))
agent-release-metadata	Run pip install -r backend/requirements.txt	2026-08-06T10:30:29.9005575Z   Downloading h11-0.16.0-py3-none-any.whl.metadata (8.3 kB)
agent-release-metadata	Run pip install -r backend/requirements.txt	2026-08-06T10:30:29.9118724Z Collecting annotated-types>=0.6.0 (from pydantic==2.11.7->-r /home/runner/work/wrtmonitor/wrtmonitor/backend/requirements-runtime.txt (line 4))
agent-release-metadata	Run pip install -r backend/requirements.txt	2026-08-06T10:30:29.9143187Z   Downloading annotated_types-0.8.0-py3-none-any.whl.metadata (15 kB)
agent-release-metadata	Run pip install -r backend/requirements.txt	2026-08-06T10:30:30.5476458Z Collecting pydantic-core==2.33.2 (from pydantic==2.11.7->-r /home/runner/work/wrtmonitor/wrtmonitor/backend/requirements-runtime.txt (line 4))
agent-release-metadata	Run pip install -r backend/requirements.txt	2026-08-06T10:30:30.5506006Z   Downloading pydantic_core-2.33.2-cp312-cp312-manylinux_2_17_x86_64.manylinux2014_x86_64.whl.metadata (6.8 kB)
agent-release-metadata	Run pip install -r backend/requirements.txt	2026-08-06T10:30:30.6861842Z Collecting greenlet>=1 (from SQLAlchemy==2.0.43->-r /home/runner/work/wrtmonitor/wrtmonitor/backend/requirements-runtime.txt (line 5))
agent-release-metadata	Run pip install -r backend/requirements.txt	2026-08-06T10:30:30.6890983Z   Downloading greenlet-3.5.4-cp312-cp312-manylinux_2_24_x86_64.manylinux_2_28_x86_64.whl.metadata (3.8 kB)
agent-release-metadata	Run pip install -r backend/requirements.txt	2026-08-06T10:30:30.7070533Z Collecting Mako (from alembic==1.17.2->-r /home/runner/work/wrtmonitor/wrtmonitor/backend/requirements-runtime.txt (line 6))
agent-release-metadata	Run pip install -r backend/requirements.txt	2026-08-06T10:30:30.7093881Z   Downloading mako-1.4.1-py3-none-any.whl.metadata (2.9 kB)
agent-release-metadata	Run pip install -r backend/requirements.txt	2026-08-06T10:30:30.7238977Z Collecting argon2-cffi-bindings (from argon2-cffi==25.1.0->-r /home/runner/work/wrtmonitor/wrtmonitor/backend/requirements-runtime.txt (line 8))
agent-release-metadata	Run pip install -r backend/requirements.txt	2026-08-06T10:30:30.7262345Z   Downloading argon2_cffi_bindings-25.1.0-cp39-abi3-manylinux_2_26_x86_64.manylinux_2_28_x86_64.whl.metadata (7.4 kB)
agent-release-metadata	Run pip install -r backend/requirements.txt	2026-08-06T10:30:30.7745143Z Collecting MarkupSafe>=2.0 (from jinja2==3.1.6->-r /home/runner/work/wrtmonitor/wrtmonitor/backend/requirements-runtime.txt (line 11))
agent-release-metadata	Run pip install -r backend/requirements.txt	2026-08-06T10:30:30.7772289Z   Downloading markupsafe-3.0.3-cp312-cp312-manylinux2014_x86_64.manylinux_2_17_x86_64.manylinux_2_28_x86_64.whl.metadata (2.7 kB)
agent-release-metadata	Run pip install -r backend/requirements.txt	2026-08-06T10:30:30.8005699Z Collecting requests (from pymanuf==2026.7.1->-r /home/runner/work/wrtmonitor/wrtmonitor/backend/requirements-runtime.txt (line 12))
agent-release-metadata	Run pip install -r backend/requirements.txt	2026-08-06T10:30:30.8031440Z   Downloading requests-2.34.2-py3-none-any.whl.metadata (4.8 kB)
agent-release-metadata	Run pip install -r backend/requirements.txt	2026-08-06T10:30:30.8143722Z Collecting iniconfig>=1.0.1 (from pytest==9.0.3->-r backend/requirements.txt (line 2))
agent-release-metadata	Run pip install -r backend/requirements.txt	2026-08-06T10:30:30.8171181Z   Downloading iniconfig-2.3.0-py3-none-any.whl.metadata (2.5 kB)
agent-release-metadata	Run pip install -r backend/requirements.txt	2026-08-06T10:30:30.8308246Z Collecting packaging>=22 (from pytest==9.0.3->-r backend/requirements.txt (line 2))
agent-release-metadata	Run pip install -r backend/requirements.txt	2026-08-06T10:30:30.8333063Z   Downloading packaging-26.3-py3-none-any.whl.metadata (3.5 kB)
agent-release-metadata	Run pip install -r backend/requirements.txt	2026-08-06T10:30:30.8444569Z Collecting pluggy<2,>=1.5 (from pytest==9.0.3->-r backend/requirements.txt (line 2))
agent-release-metadata	Run pip install -r backend/requirements.txt	2026-08-06T10:30:30.8468875Z   Downloading pluggy-1.6.0-py3-none-any.whl.metadata (4.8 kB)
agent-release-metadata	Run pip install -r backend/requirements.txt	2026-08-06T10:30:30.8636144Z Collecting pygments>=2.7.2 (from pytest==9.0.3->-r backend/requirements.txt (line 2))
agent-release-metadata	Run pip install -r backend/requirements.txt	2026-08-06T10:30:30.8659663Z   Downloading pygments-2.20.0-py3-none-any.whl.metadata (2.5 kB)
agent-release-metadata	Run pip install -r backend/requirements.txt	2026-08-06T10:30:30.8839451Z Collecting certifi (from httpx==0.28.1->-r backend/requirements.txt (line 3))
agent-release-metadata	Run pip install -r backend/requirements.txt	2026-08-06T10:30:30.8867718Z   Downloading certifi-2026.7.22-py3-none-any.whl.metadata (2.5 kB)
agent-release-metadata	Run pip install -r backend/requirements.txt	2026-08-06T10:30:30.9020343Z Collecting httpcore==1.* (from httpx==0.28.1->-r backend/requirements.txt (line 3))
agent-release-metadata	Run pip install -r backend/requirements.txt	2026-08-06T10:30:30.9045240Z   Downloading httpcore-1.0.9-py3-none-any.whl.metadata (21 kB)
agent-release-metadata	Run pip install -r backend/requirements.txt	2026-08-06T10:30:30.9188047Z Collecting idna (from httpx==0.28.1->-r backend/requirements.txt (line 3))
agent-release-metadata	Run pip install -r backend/requirements.txt	2026-08-06T10:30:30.9211710Z   Downloading idna-3.18-py3-none-any.whl.metadata (6.1 kB)
agent-release-metadata	Run pip install -r backend/requirements.txt	2026-08-06T10:30:31.0918242Z Collecting psycopg-binary==3.3.4 (from psycopg[binary]==3.3.4->-r /home/runner/work/wrtmonitor/wrtmonitor/backend/requirements-runtime.txt (line 7))
agent-release-metadata	Run pip install -r backend/requirements.txt	2026-08-06T10:30:31.0948197Z   Downloading psycopg_binary-3.3.4-cp312-cp312-manylinux2014_x86_64.manylinux_2_17_x86_64.whl.metadata (2.7 kB)
agent-release-metadata	Run pip install -r backend/requirements.txt	2026-08-06T10:30:31.1296091Z Collecting httptools>=0.6.3 (from uvicorn[standard]==0.35.0->-r /home/runner/work/wrtmonitor/wrtmonitor/backend/requirements-runtime.txt (line 3))
agent-release-metadata	Run pip install -r backend/requirements.txt	2026-08-06T10:30:31.1325137Z   Downloading httptools-0.8.0-cp312-cp312-manylinux1_x86_64.manylinux_2_28_x86_64.manylinux_2_5_x86_64.whl.metadata (3.5 kB)
agent-release-metadata	Run pip install -r backend/requirements.txt	2026-08-06T10:30:31.1468486Z Collecting python-dotenv>=0.13 (from uvicorn[standard]==0.35.0->-r /home/runner/work/wrtmonitor/wrtmonitor/backend/requirements-runtime.txt (line 3))
agent-release-metadata	Run pip install -r backend/requirements.txt	2026-08-06T10:30:31.1492271Z   Downloading python_dotenv-1.2.2-py3-none-any.whl.metadata (27 kB)
agent-release-metadata	Run pip install -r backend/requirements.txt	2026-08-06T10:30:31.1872899Z Collecting pyyaml>=5.1 (from uvicorn[standard]==0.35.0->-r /home/runner/work/wrtmonitor/wrtmonitor/backend/requirements-runtime.txt (line 3))
agent-release-metadata	Run pip install -r backend/requirements.txt	2026-08-06T10:30:31.1901221Z   Downloading pyyaml-6.0.3-cp312-cp312-manylinux2014_x86_64.manylinux_2_17_x86_64.manylinux_2_28_x86_64.whl.metadata (2.4 kB)
agent-release-metadata	Run pip install -r backend/requirements.txt	2026-08-06T10:30:31.2257072Z Collecting uvloop>=0.15.1 (from uvicorn[standard]==0.35.0->-r /home/runner/work/wrtmonitor/wrtmonitor/backend/requirements-runtime.txt (line 3))
agent-release-metadata	Run pip install -r backend/requirements.txt	2026-08-06T10:30:31.2285105Z   Downloading uvloop-0.22.1-cp312-cp312-manylinux2014_x86_64.manylinux_2_17_x86_64.manylinux_2_28_x86_64.whl.metadata (4.9 kB)
agent-release-metadata	Run pip install -r backend/requirements.txt	2026-08-06T10:30:31.2991635Z Collecting watchfiles>=0.13 (from uvicorn[standard]==0.35.0->-r /home/runner/work/wrtmonitor/wrtmonitor/backend/requirements-runtime.txt (line 3))
agent-release-metadata	Run pip install -r backend/requirements.txt	2026-08-06T10:30:31.3020661Z   Downloading watchfiles-1.2.0-cp312-cp312-manylinux_2_17_x86_64.manylinux2014_x86_64.whl.metadata (4.9 kB)
agent-release-metadata	Run pip install -r backend/requirements.txt	2026-08-06T10:30:31.3991159Z Collecting websockets>=10.4 (from uvicorn[standard]==0.35.0->-r /home/runner/work/wrtmonitor/wrtmonitor/backend/requirements-runtime.txt (line 3))
agent-release-metadata	Run pip install -r backend/requirements.txt	2026-08-06T10:30:31.4019743Z   Downloading websockets-17.0.1-cp312-cp312-manylinux1_x86_64.manylinux_2_28_x86_64.manylinux_2_5_x86_64.whl.metadata (6.3 kB)
agent-release-metadata	Run pip install -r backend/requirements.txt	2026-08-06T10:30:31.5084235Z Collecting cffi>=2.0.0 (from cryptography->-r backend/requirements.txt (line 5))
agent-release-metadata	Run pip install -r backend/requirements.txt	2026-08-06T10:30:31.5112737Z   Downloading cffi-2.1.1-cp312-cp312-manylinux2014_x86_64.manylinux_2_17_x86_64.whl.metadata (2.5 kB)
agent-release-metadata	Run pip install -r backend/requirements.txt	2026-08-06T10:30:31.5236196Z Collecting pycparser (from cffi>=2.0.0->cryptography->-r backend/requirements.txt (line 5))
agent-release-metadata	Run pip install -r backend/requirements.txt	2026-08-06T10:30:31.5260927Z   Downloading pycparser-3.0-py3-none-any.whl.metadata (8.2 kB)
agent-release-metadata	Run pip install -r backend/requirements.txt	2026-08-06T10:30:31.6370421Z Collecting charset_normalizer<4,>=2 (from requests->pymanuf==2026.7.1->-r /home/runner/work/wrtmonitor/wrtmonitor/backend/requirements-runtime.txt (line 12))
agent-release-metadata	Run pip install -r backend/requirements.txt	2026-08-06T10:30:31.6398137Z   Downloading charset_normalizer-3.4.9-cp312-cp312-manylinux2014_x86_64.manylinux_2_17_x86_64.manylinux_2_28_x86_64.whl.metadata (41 kB)
agent-release-metadata	Run pip install -r backend/requirements.txt	2026-08-06T10:30:31.6639695Z Collecting urllib3<3,>=1.26 (from requests->pymanuf==2026.7.1->-r /home/runner/work/wrtmonitor/wrtmonitor/backend/requirements-runtime.txt (line 12))
agent-release-metadata	Run pip install -r backend/requirements.txt	2026-08-06T10:30:31.6663694Z   Downloading urllib3-2.7.0-py3-none-any.whl.metadata (6.9 kB)
agent-release-metadata	Run pip install -r backend/requirements.txt	2026-08-06T10:30:31.6781798Z Downloading fastapi-0.140.0-py3-none-any.whl (130 kB)
agent-release-metadata	Run pip install -r backend/requirements.txt	2026-08-06T10:30:31.6835608Z Downloading starlette-1.3.1-py3-none-any.whl (73 kB)
agent-release-metadata	Run pip install -r backend/requirements.txt	2026-08-06T10:30:31.6882243Z Downloading uvicorn-0.35.0-py3-none-any.whl (66 kB)
agent-release-metadata	Run pip install -r backend/requirements.txt	2026-08-06T10:30:31.6930897Z Downloading pydantic-2.11.7-py3-none-any.whl (444 kB)
agent-release-metadata	Run pip install -r backend/requirements.txt	2026-08-06T10:30:31.7039498Z Downloading sqlalchemy-2.0.43-cp312-cp312-manylinux_2_17_x86_64.manylinux2014_x86_64.whl (3.3 MB)
agent-release-metadata	Run pip install -r backend/requirements.txt	2026-08-06T10:30:31.7210322Z    ━━━━━━━━━━━━━━━━━━━━━━━━━━━━━━━━━━━━━━━━ 3.3/3.3 MB 216.6 MB/s  0:00:00
agent-release-metadata	Run pip install -r backend/requirements.txt	2026-08-06T10:30:31.7253651Z Downloading alembic-1.17.2-py3-none-any.whl (248 kB)
agent-release-metadata	Run pip install -r backend/requirements.txt	2026-08-06T10:30:31.7302808Z Downloading psycopg-3.3.4-py3-none-any.whl (213 kB)
agent-release-metadata	Run pip install -r backend/requirements.txt	2026-08-06T10:30:31.7354332Z Downloading argon2_cffi-25.1.0-py3-none-any.whl (14 kB)
agent-release-metadata	Run pip install -r backend/requirements.txt	2026-08-06T10:30:31.7398122Z Downloading pyjwt-2.13.0-py3-none-any.whl (31 kB)
agent-release-metadata	Run pip install -r backend/requirements.txt	2026-08-06T10:30:31.7447200Z Downloading python_multipart-0.0.31-py3-none-any.whl (29 kB)
agent-release-metadata	Run pip install -r backend/requirements.txt	2026-08-06T10:30:31.7492388Z Downloading jinja2-3.1.6-py3-none-any.whl (134 kB)
agent-release-metadata	Run pip install -r backend/requirements.txt	2026-08-06T10:30:31.7550461Z Downloading pymanuf-2026.7.1-py3-none-any.whl (639 kB)
agent-release-metadata	Run pip install -r backend/requirements.txt	2026-08-06T10:30:31.7608307Z    ━━━━━━━━━━━━━━━━━━━━━━━━━━━━━━━━━━━━━━━━ 639.0/639.0 kB 122.7 MB/s  0:00:00
agent-release-metadata	Run pip install -r backend/requirements.txt	2026-08-06T10:30:31.7634055Z Downloading segno-1.6.6-py3-none-any.whl (76 kB)
agent-release-metadata	Run pip install -r backend/requirements.txt	2026-08-06T10:30:31.7683227Z Downloading pytest-9.0.3-py3-none-any.whl (375 kB)
agent-release-metadata	Run pip install -r backend/requirements.txt	2026-08-06T10:30:31.7738717Z Downloading httpx-0.28.1-py3-none-any.whl (73 kB)
agent-release-metadata	Run pip install -r backend/requirements.txt	2026-08-06T10:30:31.7785262Z Downloading ruff-0.12.12-py3-none-manylinux_2_17_x86_64.manylinux2014_x86_64.whl (13.3 MB)
agent-release-metadata	Run pip install -r backend/requirements.txt	2026-08-06T10:30:31.8190720Z    ━━━━━━━━━━━━━━━━━━━━━━━━━━━━━━━━━━━━━━━━ 13.3/13.3 MB 342.6 MB/s  0:00:00
agent-release-metadata	Run pip install -r backend/requirements.txt	2026-08-06T10:30:31.8219150Z Downloading psycopg_binary-3.3.4-cp312-cp312-manylinux2014_x86_64.manylinux_2_17_x86_64.whl (5.2 MB)
agent-release-metadata	Run pip install -r backend/requirements.txt	2026-08-06T10:30:31.8395226Z    ━━━━━━━━━━━━━━━━━━━━━━━━━━━━━━━━━━━━━━━━ 5.2/5.2 MB 342.6 MB/s  0:00:00
agent-release-metadata	Run pip install -r backend/requirements.txt	2026-08-06T10:30:31.8446645Z Downloading pydantic_core-2.33.2-cp312-cp312-manylinux_2_17_x86_64.manylinux2014_x86_64.whl (2.0 MB)
agent-release-metadata	Run pip install -r backend/requirements.txt	2026-08-06T10:30:31.8545981Z    ━━━━━━━━━━━━━━━━━━━━━━━━━━━━━━━━━━━━━━━━ 2.0/2.0 MB 227.4 MB/s  0:00:00
agent-release-metadata	Run pip install -r backend/requirements.txt	2026-08-06T10:30:31.8571186Z Downloading anyio-4.14.2-py3-none-any.whl (125 kB)
agent-release-metadata	Run pip install -r backend/requirements.txt	2026-08-06T10:30:31.8620225Z Downloading httpcore-1.0.9-py3-none-any.whl (78 kB)
agent-release-metadata	Run pip install -r backend/requirements.txt	2026-08-06T10:30:31.8667300Z Downloading pluggy-1.6.0-py3-none-any.whl (20 kB)
agent-release-metadata	Run pip install -r backend/requirements.txt	2026-08-06T10:30:31.8715582Z Downloading cryptography-50.0.0-cp311-abi3-manylinux_2_34_x86_64.whl (4.7 MB)
agent-release-metadata	Run pip install -r backend/requirements.txt	2026-08-06T10:30:31.8873403Z    ━━━━━━━━━━━━━━━━━━━━━━━━━━━━━━━━━━━━━━━━ 4.7/4.7 MB 334.6 MB/s  0:00:00
agent-release-metadata	Run pip install -r backend/requirements.txt	2026-08-06T10:30:31.8898200Z Downloading annotated_doc-0.0.5-py3-none-any.whl (5.3 kB)
agent-release-metadata	Run pip install -r backend/requirements.txt	2026-08-06T10:30:31.8942685Z Downloading annotated_types-0.8.0-py3-none-any.whl (13 kB)
agent-release-metadata	Run pip install -r backend/requirements.txt	2026-08-06T10:30:31.8987087Z Downloading cffi-2.1.1-cp312-cp312-manylinux2014_x86_64.manylinux_2_17_x86_64.whl (221 kB)
agent-release-metadata	Run pip install -r backend/requirements.txt	2026-08-06T10:30:31.9036494Z Downloading click-8.4.2-py3-none-any.whl (119 kB)
agent-release-metadata	Run pip install -r backend/requirements.txt	2026-08-06T10:30:31.9084076Z Downloading greenlet-3.5.4-cp312-cp312-manylinux_2_24_x86_64.manylinux_2_28_x86_64.whl (621 kB)
agent-release-metadata	Run pip install -r backend/requirements.txt	2026-08-06T10:30:31.9134928Z    ━━━━━━━━━━━━━━━━━━━━━━━━━━━━━━━━━━━━━━━━ 621.5/621.5 kB 124.6 MB/s  0:00:00
agent-release-metadata	Run pip install -r backend/requirements.txt	2026-08-06T10:30:31.9159301Z Downloading h11-0.16.0-py3-none-any.whl (37 kB)
agent-release-metadata	Run pip install -r backend/requirements.txt	2026-08-06T10:30:31.9204053Z Downloading httptools-0.8.0-cp312-cp312-manylinux1_x86_64.manylinux_2_28_x86_64.manylinux_2_5_x86_64.whl (523 kB)
agent-release-metadata	Run pip install -r backend/requirements.txt	2026-08-06T10:30:31.9266299Z Downloading idna-3.18-py3-none-any.whl (65 kB)
agent-release-metadata	Run pip install -r backend/requirements.txt	2026-08-06T10:30:31.9310164Z Downloading iniconfig-2.3.0-py3-none-any.whl (7.5 kB)
agent-release-metadata	Run pip install -r backend/requirements.txt	2026-08-06T10:30:31.9353043Z Downloading markupsafe-3.0.3-cp312-cp312-manylinux2014_x86_64.manylinux_2_17_x86_64.manylinux_2_28_x86_64.whl (22 kB)
agent-release-metadata	Run pip install -r backend/requirements.txt	2026-08-06T10:30:31.9399837Z Downloading packaging-26.3-py3-none-any.whl (129 kB)
agent-release-metadata	Run pip install -r backend/requirements.txt	2026-08-06T10:30:31.9448214Z Downloading pygments-2.20.0-py3-none-any.whl (1.2 MB)
agent-release-metadata	Run pip install -r backend/requirements.txt	2026-08-06T10:30:31.9516732Z    ━━━━━━━━━━━━━━━━━━━━━━━━━━━━━━━━━━━━━━━━ 1.2/1.2 MB 213.2 MB/s  0:00:00
agent-release-metadata	Run pip install -r backend/requirements.txt	2026-08-06T10:30:31.9542469Z Downloading python_dotenv-1.2.2-py3-none-any.whl (22 kB)
agent-release-metadata	Run pip install -r backend/requirements.txt	2026-08-06T10:30:31.9588106Z Downloading pyyaml-6.0.3-cp312-cp312-manylinux2014_x86_64.manylinux_2_17_x86_64.manylinux_2_28_x86_64.whl (807 kB)
agent-release-metadata	Run pip install -r backend/requirements.txt	2026-08-06T10:30:31.9643813Z    ━━━━━━━━━━━━━━━━━━━━━━━━━━━━━━━━━━━━━━━━ 807.9/807.9 kB 164.9 MB/s  0:00:00
agent-release-metadata	Run pip install -r backend/requirements.txt	2026-08-06T10:30:31.9666145Z Downloading typing_extensions-4.16.0-py3-none-any.whl (45 kB)
agent-release-metadata	Run pip install -r backend/requirements.txt	2026-08-06T10:30:31.9711651Z Downloading typing_inspection-0.4.2-py3-none-any.whl (14 kB)
agent-release-metadata	Run pip install -r backend/requirements.txt	2026-08-06T10:30:31.9759559Z Downloading uvloop-0.22.1-cp312-cp312-manylinux2014_x86_64.manylinux_2_17_x86_64.manylinux_2_28_x86_64.whl (4.4 MB)
agent-release-metadata	Run pip install -r backend/requirements.txt	2026-08-06T10:30:31.9900297Z    ━━━━━━━━━━━━━━━━━━━━━━━━━━━━━━━━━━━━━━━━ 4.4/4.4 MB 349.7 MB/s  0:00:00
agent-release-metadata	Run pip install -r backend/requirements.txt	2026-08-06T10:30:31.9924084Z Downloading watchfiles-1.2.0-cp312-cp312-manylinux_2_17_x86_64.manylinux2014_x86_64.whl (456 kB)
agent-release-metadata	Run pip install -r backend/requirements.txt	2026-08-06T10:30:31.9980212Z Downloading websockets-17.0.1-cp312-cp312-manylinux1_x86_64.manylinux_2_28_x86_64.manylinux_2_5_x86_64.whl (220 kB)
agent-release-metadata	Run pip install -r backend/requirements.txt	2026-08-06T10:30:32.0029974Z Downloading argon2_cffi_bindings-25.1.0-cp39-abi3-manylinux_2_26_x86_64.manylinux_2_28_x86_64.whl (87 kB)
agent-release-metadata	Run pip install -r backend/requirements.txt	2026-08-06T10:30:32.0076907Z Downloading certifi-2026.7.22-py3-none-any.whl (136 kB)
agent-release-metadata	Run pip install -r backend/requirements.txt	2026-08-06T10:30:32.0122958Z Downloading mako-1.4.1-py3-none-any.whl (80 kB)
agent-release-metadata	Run pip install -r backend/requirements.txt	2026-08-06T10:30:32.0167197Z Downloading pycparser-3.0-py3-none-any.whl (48 kB)
agent-release-metadata	Run pip install -r backend/requirements.txt	2026-08-06T10:30:32.0212217Z Downloading requests-2.34.2-py3-none-any.whl (73 kB)
agent-release-metadata	Run pip install -r backend/requirements.txt	2026-08-06T10:30:32.0257269Z Downloading charset_normalizer-3.4.9-cp312-cp312-manylinux2014_x86_64.manylinux_2_17_x86_64.manylinux_2_28_x86_64.whl (224 kB)
agent-release-metadata	Run pip install -r backend/requirements.txt	2026-08-06T10:30:32.0304662Z Downloading urllib3-2.7.0-py3-none-any.whl (131 kB)
agent-release-metadata	Run pip install -r backend/requirements.txt	2026-08-06T10:30:32.2294276Z Installing collected packages: websockets, uvloop, urllib3, typing-extensions, segno, ruff, pyyaml, python-multipart, python-dotenv, PyJWT, pygments, pycparser, psycopg-binary, pluggy, packaging, MarkupSafe, iniconfig, idna, httptools, h11, greenlet, click, charset_normalizer, certifi, annotated-types, annotated-doc, uvicorn, typing-inspection, SQLAlchemy, requests, pytest, pydantic-core, psycopg, Mako, jinja2, httpcore, cffi, anyio, watchfiles, starlette, pymanuf, pydantic, httpx, cryptography, argon2-cffi-bindings, alembic, fastapi, argon2-cffi
agent-release-metadata	Run pip install -r backend/requirements.txt	2026-08-06T10:30:37.2411912Z 
agent-release-metadata	Run pip install -r backend/requirements.txt	2026-08-06T10:30:37.2456558Z Successfully installed Mako-1.4.1 MarkupSafe-3.0.3 PyJWT-2.13.0 SQLAlchemy-2.0.43 alembic-1.17.2 annotated-doc-0.0.5 annotated-types-0.8.0 anyio-4.14.2 argon2-cffi-25.1.0 argon2-cffi-bindings-25.1.0 certifi-2026.7.22 cffi-2.1.1 charset_normalizer-3.4.9 click-8.4.2 cryptography-50.0.0 fastapi-0.140.0 greenlet-3.5.4 h11-0.16.0 httpcore-1.0.9 httptools-0.8.0 httpx-0.28.1 idna-3.18 iniconfig-2.3.0 jinja2-3.1.6 packaging-26.3 pluggy-1.6.0 psycopg-3.3.4 psycopg-binary-3.3.4 pycparser-3.0 pydantic-2.11.7 pydantic-core-2.33.2 pygments-2.20.0 pymanuf-2026.7.1 pytest-9.0.3 python-dotenv-1.2.2 python-multipart-0.0.31 pyyaml-6.0.3 requests-2.34.2 ruff-0.12.12 segno-1.6.6 starlette-1.3.1 typing-extensions-4.16.0 typing-inspection-0.4.2 urllib3-2.7.0 uvicorn-0.35.0 uvloop-0.22.1 watchfiles-1.2.0 websockets-17.0.1
agent-release-metadata	Run pip install -r backend/requirements.txt	2026-08-06T10:30:37.2464797Z 
agent-release-metadata	Run pip install -r backend/requirements.txt	2026-08-06T10:30:37.2465044Z [notice] A new release of pip is available: 26.1.2 -> 26.2.1
agent-release-metadata	Run pip install -r backend/requirements.txt	2026-08-06T10:30:37.2465596Z [notice] To update, run: pip install --upgrade pip
agent-release-metadata	Generate immutable agent manifest	﻿2026-08-06T10:30:37.4226809Z ##[group]Run python -c "from backend.app.services.openwrt_downloads import ensure_openwrt_download_metadata; ensure_openwrt_download_metadata()"
agent-release-metadata	Generate immutable agent manifest	2026-08-06T10:30:37.4228134Z ^[[36;1mpython -c "from backend.app.services.openwrt_downloads import ensure_openwrt_download_metadata; ensure_openwrt_download_metadata()"^[[0m
agent-release-metadata	Generate immutable agent manifest	2026-08-06T10:30:37.4275083Z shell: /usr/bin/bash -e {0}
agent-release-metadata	Generate immutable agent manifest	2026-08-06T10:30:37.4275338Z env:
agent-release-metadata	Generate immutable agent manifest	2026-08-06T10:30:37.4275605Z   pythonLocation: /opt/hostedtoolcache/Python/3.12.13/x64
agent-release-metadata	Generate immutable agent manifest	2026-08-06T10:30:37.4276056Z   PKG_CONFIG_PATH: /opt/hostedtoolcache/Python/3.12.13/x64/lib/pkgconfig
agent-release-metadata	Generate immutable agent manifest	2026-08-06T10:30:37.4276493Z   Python_ROOT_DIR: /opt/hostedtoolcache/Python/3.12.13/x64
agent-release-metadata	Generate immutable agent manifest	2026-08-06T10:30:37.4276873Z   Python2_ROOT_DIR: /opt/hostedtoolcache/Python/3.12.13/x64
agent-release-metadata	Generate immutable agent manifest	2026-08-06T10:30:37.4277253Z   Python3_ROOT_DIR: /opt/hostedtoolcache/Python/3.12.13/x64
agent-release-metadata	Generate immutable agent manifest	2026-08-06T10:30:37.4277835Z   LD_LIBRARY_PATH: /opt/hostedtoolcache/Python/3.12.13/x64/lib
agent-release-metadata	Generate immutable agent manifest	2026-08-06T10:30:37.4278155Z ##[endgroup]
agent-release-metadata	Sign and verify agent manifest	﻿2026-08-06T10:30:37.4716844Z ##[group]Run test -n "$OPENWRT_UPDATE_SIGNING_KEY_BASE64"
agent-release-metadata	Sign and verify agent manifest	2026-08-06T10:30:37.4717843Z ^[[36;1mtest -n "$OPENWRT_UPDATE_SIGNING_KEY_BASE64"^[[0m
agent-release-metadata	Sign and verify agent manifest	2026-08-06T10:30:37.4718415Z ^[[36;1mecho "$OPENWRT_UPDATE_SIGNING_KEY_BASE64" | base64 --decode > "$RUNNER_TEMP/openwrt-update-private.pem"^[[0m
agent-release-metadata	Sign and verify agent manifest	2026-08-06T10:30:37.4718991Z ^[[36;1mif [ -n "$OPENWRT_UPDATE_RSA_SIGNING_KEY_BASE64" ]; then^[[0m
agent-release-metadata	Sign and verify agent manifest	2026-08-06T10:30:37.4719603Z ^[[36;1m  echo "$OPENWRT_UPDATE_RSA_SIGNING_KEY_BASE64" | base64 --decode > "$RUNNER_TEMP/openwrt-update-rsa-private.pem"^[[0m
agent-release-metadata	Sign and verify agent manifest	2026-08-06T10:30:37.4720646Z ^[[36;1m  python scripts/sign_agent.py openwrt-agent/SHA256SUMS.txt --ed25519-key "$RUNNER_TEMP/openwrt-update-private.pem" --rsa-key "$RUNNER_TEMP/openwrt-update-rsa-private.pem"^[[0m
agent-release-metadata	Sign and verify agent manifest	2026-08-06T10:30:37.4721404Z ^[[36;1melse^[[0m
agent-release-metadata	Sign and verify agent manifest	2026-08-06T10:30:37.4721896Z ^[[36;1m  python scripts/sign_agent.py openwrt-agent/SHA256SUMS.txt --ed25519-key "$RUNNER_TEMP/openwrt-update-private.pem"^[[0m
agent-release-metadata	Sign and verify agent manifest	2026-08-06T10:30:37.4722435Z ^[[36;1mfi^[[0m
agent-release-metadata	Sign and verify agent manifest	2026-08-06T10:30:37.4722635Z ^[[36;1m# Verify signatures^[[0m
agent-release-metadata	Sign and verify agent manifest	2026-08-06T10:30:37.4723052Z ^[[36;1mbase64 --decode openwrt-agent/SHA256SUMS.sig > "$RUNNER_TEMP/verify.sig"^[[0m
agent-release-metadata	Sign and verify agent manifest	2026-08-06T10:30:37.4723889Z ^[[36;1mopenssl pkeyutl -verify -pubin -inkey openwrt-agent/update-ed25519-public-key.pem -rawin -in openwrt-agent/SHA256SUMS.txt -sigfile "$RUNNER_TEMP/verify.sig"^[[0m
agent-release-metadata	Sign and verify agent manifest	2026-08-06T10:30:37.4724666Z ^[[36;1mif [ -r openwrt-agent/SHA256SUMS.rsa.sig ]; then^[[0m
agent-release-metadata	Sign and verify agent manifest	2026-08-06T10:30:37.4725154Z ^[[36;1m  base64 --decode openwrt-agent/SHA256SUMS.rsa.sig > "$RUNNER_TEMP/verify-rsa.sig"^[[0m
agent-release-metadata	Sign and verify agent manifest	2026-08-06T10:30:37.4725961Z ^[[36;1m  openssl dgst -sha256 -verify openwrt-agent/update-rsa-public-key.pem -signature "$RUNNER_TEMP/verify-rsa.sig" openwrt-agent/SHA256SUMS.txt^[[0m
agent-release-metadata	Sign and verify agent manifest	2026-08-06T10:30:37.4726587Z ^[[36;1mfi^[[0m
agent-release-metadata	Sign and verify agent manifest	2026-08-06T10:30:37.4772988Z shell: /usr/bin/bash -e {0}
agent-release-metadata	Sign and verify agent manifest	2026-08-06T10:30:37.4773249Z env:
agent-release-metadata	Sign and verify agent manifest	2026-08-06T10:30:37.4773533Z   pythonLocation: /opt/hostedtoolcache/Python/3.12.13/x64
agent-release-metadata	Sign and verify agent manifest	2026-08-06T10:30:37.4773989Z   PKG_CONFIG_PATH: /opt/hostedtoolcache/Python/3.12.13/x64/lib/pkgconfig
agent-release-metadata	Sign and verify agent manifest	2026-08-06T10:30:37.4774438Z   Python_ROOT_DIR: /opt/hostedtoolcache/Python/3.12.13/x64
agent-release-metadata	Sign and verify agent manifest	2026-08-06T10:30:37.4774816Z   Python2_ROOT_DIR: /opt/hostedtoolcache/Python/3.12.13/x64
agent-release-metadata	Sign and verify agent manifest	2026-08-06T10:30:37.4775209Z   Python3_ROOT_DIR: /opt/hostedtoolcache/Python/3.12.13/x64
agent-release-metadata	Sign and verify agent manifest	2026-08-06T10:30:37.4775601Z   LD_LIBRARY_PATH: /opt/hostedtoolcache/Python/3.12.13/x64/lib
agent-release-metadata	Sign and verify agent manifest	2026-08-06T10:30:37.4776873Z   OPENWRT_UPDATE_SIGNING_KEY_BASE64: ***
agent-release-metadata	Sign and verify agent manifest	2026-08-06T10:30:37.4835503Z   OPENWRT_UPDATE_RSA_SIGNING_KEY_BASE64: ***
agent-release-metadata	Sign and verify agent manifest	2026-08-06T10:30:37.4835811Z ##[endgroup]
agent-release-metadata	Sign and verify agent manifest	2026-08-06T10:30:37.5944092Z Generated Ed25519 signature: openwrt-agent/SHA256SUMS.sig
agent-release-metadata	Sign and verify agent manifest	2026-08-06T10:30:37.5945119Z Generated RSA signature: openwrt-agent/SHA256SUMS.rsa.sig
agent-release-metadata	Sign and verify agent manifest	2026-08-06T10:30:37.6081525Z Signature Verified Successfully
agent-release-metadata	Sign and verify agent manifest	2026-08-06T10:30:37.6125690Z Verified OK
agent-release-metadata	Run actions/upload-artifact@v7	﻿2026-08-06T10:30:37.6199476Z ##[group]Run actions/upload-artifact@v7
agent-release-metadata	Run actions/upload-artifact@v7	2026-08-06T10:30:37.6199774Z with:
agent-release-metadata	Run actions/upload-artifact@v7	2026-08-06T10:30:37.6199972Z   name: signed-agent-metadata
agent-release-metadata	Run actions/upload-artifact@v7	2026-08-06T10:30:37.6200554Z   path: openwrt-agent/SHA256SUMS.txt
agent-release-metadata	Run actions/upload-artifact@v7	openwrt-agent/SHA256SUMS.sig
agent-release-metadata	Run actions/upload-artifact@v7	openwrt-agent/SHA256SUMS.rsa.sig
agent-release-metadata	Run actions/upload-artifact@v7	openwrt-agent/agent-version.txt
agent-release-metadata	Run actions/upload-artifact@v7	
agent-release-metadata	Run actions/upload-artifact@v7	2026-08-06T10:30:37.6201178Z   if-no-files-found: warn
agent-release-metadata	Run actions/upload-artifact@v7	2026-08-06T10:30:37.6201423Z   compression-level: 6
agent-release-metadata	Run actions/upload-artifact@v7	2026-08-06T10:30:37.6201635Z   overwrite: false
agent-release-metadata	Run actions/upload-artifact@v7	2026-08-06T10:30:37.6201843Z   include-hidden-files: false
agent-release-metadata	Run actions/upload-artifact@v7	2026-08-06T10:30:37.6202071Z   archive: true
agent-release-metadata	Run actions/upload-artifact@v7	2026-08-06T10:30:37.6202264Z env:
agent-release-metadata	Run actions/upload-artifact@v7	2026-08-06T10:30:37.6202511Z   pythonLocation: /opt/hostedtoolcache/Python/3.12.13/x64
agent-release-metadata	Run actions/upload-artifact@v7	2026-08-06T10:30:37.6202931Z   PKG_CONFIG_PATH: /opt/hostedtoolcache/Python/3.12.13/x64/lib/pkgconfig
agent-release-metadata	Run actions/upload-artifact@v7	2026-08-06T10:30:37.6203347Z   Python_ROOT_DIR: /opt/hostedtoolcache/Python/3.12.13/x64
agent-release-metadata	Run actions/upload-artifact@v7	2026-08-06T10:30:37.6203723Z   Python2_ROOT_DIR: /opt/hostedtoolcache/Python/3.12.13/x64
agent-release-metadata	Run actions/upload-artifact@v7	2026-08-06T10:30:37.6204098Z   Python3_ROOT_DIR: /opt/hostedtoolcache/Python/3.12.13/x64
agent-release-metadata	Run actions/upload-artifact@v7	2026-08-06T10:30:37.6204517Z   LD_LIBRARY_PATH: /opt/hostedtoolcache/Python/3.12.13/x64/lib
agent-release-metadata	Run actions/upload-artifact@v7	2026-08-06T10:30:37.6204832Z ##[endgroup]
agent-release-metadata	Run actions/upload-artifact@v7	2026-08-06T10:30:37.7908311Z Multiple search paths detected. Calculating the least common ancestor of all paths
agent-release-metadata	Run actions/upload-artifact@v7	2026-08-06T10:30:37.7910137Z The least common ancestor is /home/runner/work/wrtmonitor/wrtmonitor/openwrt-agent. This will be the root directory of the artifact
agent-release-metadata	Run actions/upload-artifact@v7	2026-08-06T10:30:37.7910794Z With the provided path, there will be 4 files uploaded
agent-release-metadata	Run actions/upload-artifact@v7	2026-08-06T10:30:37.7911292Z Artifact name is valid!
agent-release-metadata	Run actions/upload-artifact@v7	2026-08-06T10:30:37.7911531Z Root directory input is valid!
agent-release-metadata	Run actions/upload-artifact@v7	2026-08-06T10:30:38.1348214Z Uploading artifact: signed-agent-metadata.zip
agent-release-metadata	Run actions/upload-artifact@v7	2026-08-06T10:30:38.1426426Z Beginning upload of artifact content to blob storage
agent-release-metadata	Run actions/upload-artifact@v7	2026-08-06T10:30:38.4855405Z Uploaded bytes 2338
agent-release-metadata	Run actions/upload-artifact@v7	2026-08-06T10:30:38.5688396Z Finished uploading artifact content to blob storage!
agent-release-metadata	Run actions/upload-artifact@v7	2026-08-06T10:30:38.5689453Z SHA256 digest of uploaded artifact is b6f1df75c348f49301fe8945451cd5d664ff37a76899b00c35db3a6c4b9bcc5f
agent-release-metadata	Run actions/upload-artifact@v7	2026-08-06T10:30:38.5690303Z Finalizing artifact upload
agent-release-metadata	Run actions/upload-artifact@v7	2026-08-06T10:30:38.9386209Z Artifact signed-agent-metadata successfully finalized. Artifact ID 8964459419
agent-release-metadata	Run actions/upload-artifact@v7	2026-08-06T10:30:38.9387713Z Artifact signed-agent-metadata has been successfully uploaded! Final size is 2338 bytes. Artifact ID is 8964459419
agent-release-metadata	Run actions/upload-artifact@v7	2026-08-06T10:30:38.9390790Z Artifact download URL: https://github.com/shurshick/wrtmonitor/actions/runs/31093511230/artifacts/8964459419
agent-release-metadata	Post Run actions/setup-python@v6	﻿2026-08-06T10:30:38.9552030Z Post job cleanup.
agent-release-metadata	Post Run actions/checkout@v7	﻿2026-08-06T10:30:39.0902547Z Post job cleanup.
agent-release-metadata	Post Run actions/checkout@v7	2026-08-06T10:30:39.1760937Z [command]/usr/bin/git version
agent-release-metadata	Post Run actions/checkout@v7	2026-08-06T10:30:39.1812904Z git version 2.54.0
agent-release-metadata	Post Run actions/checkout@v7	2026-08-06T10:30:39.1849715Z Temporarily overriding HOME='/home/runner/work/_temp/e772864f-4a04-4fcd-9bc1-d73103332781' before making global git config changes
agent-release-metadata	Post Run actions/checkout@v7	2026-08-06T10:30:39.1851190Z Adding repository directory to the temporary git global config as a safe directory
agent-release-metadata	Post Run actions/checkout@v7	2026-08-06T10:30:39.1855612Z [command]/usr/bin/git config --global --add safe.directory /home/runner/work/wrtmonitor/wrtmonitor
agent-release-metadata	Post Run actions/checkout@v7	2026-08-06T10:30:39.1891534Z Removing SSH command configuration
agent-release-metadata	Post Run actions/checkout@v7	2026-08-06T10:30:39.1898636Z [command]/usr/bin/git config --local --name-only --get-regexp core\.sshCommand
agent-release-metadata	Post Run actions/checkout@v7	2026-08-06T10:30:39.1938148Z [command]/usr/bin/git submodule foreach --recursive sh -c "git config --local --name-only --get-regexp 'core\.sshCommand' && git config --local --unset-all 'core.sshCommand' || :"
agent-release-metadata	Post Run actions/checkout@v7	2026-08-06T10:30:39.2193626Z Removing HTTP extra header
agent-release-metadata	Post Run actions/checkout@v7	2026-08-06T10:30:39.2199920Z [command]/usr/bin/git config --local --name-only --get-regexp http\.https\:\/\/github\.com\/\.extraheader
agent-release-metadata	Post Run actions/checkout@v7	2026-08-06T10:30:39.2240442Z [command]/usr/bin/git submodule foreach --recursive sh -c "git config --local --name-only --get-regexp 'http\.https\:\/\/github\.com\/\.extraheader' && git config --local --unset-all 'http.https://github.com/.extraheader' || :"
agent-release-metadata	Post Run actions/checkout@v7	2026-08-06T10:30:39.2558943Z Removing includeIf entries pointing to credentials config files
agent-release-metadata	Post Run actions/checkout@v7	2026-08-06T10:30:39.2560229Z [command]/usr/bin/git config --local --name-only --get-regexp ^includeIf\.gitdir:
agent-release-metadata	Post Run actions/checkout@v7	2026-08-06T10:30:39.2616938Z includeif.gitdir:/home/runner/work/wrtmonitor/wrtmonitor/.git.path
agent-release-metadata	Post Run actions/checkout@v7	2026-08-06T10:30:39.2619893Z includeif.gitdir:/home/runner/work/wrtmonitor/wrtmonitor/.git/worktrees/*.path
agent-release-metadata	Post Run actions/checkout@v7	2026-08-06T10:30:39.2621047Z includeif.gitdir:/github/workspace/.git.path
agent-release-metadata	Post Run actions/checkout@v7	2026-08-06T10:30:39.2621870Z includeif.gitdir:/github/workspace/.git/worktrees/*.path
agent-release-metadata	Post Run actions/checkout@v7	2026-08-06T10:30:39.2624233Z [command]/usr/bin/git config --local --get-all includeif.gitdir:/home/runner/work/wrtmonitor/wrtmonitor/.git.path
agent-release-metadata	Post Run actions/checkout@v7	2026-08-06T10:30:39.2666816Z /home/runner/work/_temp/git-credentials-577d63ec-256e-4dab-ac0e-e7e139ed8fa1.config
agent-release-metadata	Post Run actions/checkout@v7	2026-08-06T10:30:39.2691010Z [command]/usr/bin/git config --local --unset includeif.gitdir:/home/runner/work/wrtmonitor/wrtmonitor/.git.path \/home\/runner\/work\/_temp\/git\-credentials\-577d63ec\-256e\-4dab\-ac0e\-e7e139ed8fa1\.config
agent-release-metadata	Post Run actions/checkout@v7	2026-08-06T10:30:39.2728680Z [command]/usr/bin/git config --local --get-all includeif.gitdir:/home/runner/work/wrtmonitor/wrtmonitor/.git/worktrees/*.path
agent-release-metadata	Post Run actions/checkout@v7	2026-08-06T10:30:39.2758279Z /home/runner/work/_temp/git-credentials-577d63ec-256e-4dab-ac0e-e7e139ed8fa1.config
agent-release-metadata	Post Run actions/checkout@v7	2026-08-06T10:30:39.2779510Z [command]/usr/bin/git config --local --unset includeif.gitdir:/home/runner/work/wrtmonitor/wrtmonitor/.git/worktrees/*.path \/home\/runner\/work\/_temp\/git\-credentials\-577d63ec\-256e\-4dab\-ac0e\-e7e139ed8fa1\.config
agent-release-metadata	Post Run actions/checkout@v7	2026-08-06T10:30:39.2820728Z [command]/usr/bin/git config --local --get-all includeif.gitdir:/github/workspace/.git.path
agent-release-metadata	Post Run actions/checkout@v7	2026-08-06T10:30:39.2852165Z /github/runner_temp/git-credentials-577d63ec-256e-4dab-ac0e-e7e139ed8fa1.config
agent-release-metadata	Post Run actions/checkout@v7	2026-08-06T10:30:39.2861059Z [command]/usr/bin/git config --local --unset includeif.gitdir:/github/workspace/.git.path \/github\/runner_temp\/git\-credentials\-577d63ec\-256e\-4dab\-ac0e\-e7e139ed8fa1\.config
agent-release-metadata	Post Run actions/checkout@v7	2026-08-06T10:30:39.2901723Z [command]/usr/bin/git config --local --get-all includeif.gitdir:/github/workspace/.git/worktrees/*.path
agent-release-metadata	Post Run actions/checkout@v7	2026-08-06T10:30:39.2930533Z /github/runner_temp/git-credentials-577d63ec-256e-4dab-ac0e-e7e139ed8fa1.config
agent-release-metadata	Post Run actions/checkout@v7	2026-08-06T10:30:39.2938616Z [command]/usr/bin/git config --local --unset includeif.gitdir:/github/workspace/.git/worktrees/*.path \/github\/runner_temp\/git\-credentials\-577d63ec\-256e\-4dab\-ac0e\-e7e139ed8fa1\.config
agent-release-metadata	Post Run actions/checkout@v7	2026-08-06T10:30:39.2978983Z [command]/usr/bin/git submodule foreach --recursive git config --local --show-origin --name-only --get-regexp remote.origin.url
agent-release-metadata	Post Run actions/checkout@v7	2026-08-06T10:30:39.3228683Z Removing credentials config '/home/runner/work/_temp/git-credentials-577d63ec-256e-4dab-ac0e-e7e139ed8fa1.config'
agent-release-metadata	Complete job	﻿2026-08-06T10:30:39.3396183Z Cleaning up orphan processes
docker	Set up job	﻿2026-08-06T10:30:46.2654005Z Current runner version: '2.336.0'
docker	Set up job	2026-08-06T10:30:46.2698735Z ##[group]Runner Image Provisioner
docker	Set up job	2026-08-06T10:30:46.2700346Z Hosted Compute Agent
docker	Set up job	2026-08-06T10:30:46.2701304Z Version: 20260707.563
docker	Set up job	2026-08-06T10:30:46.2702408Z Commit: 02667638d2b423fbc733a8e32a88b44996a3ba6e
docker	Set up job	2026-08-06T10:30:46.2703882Z Build Date: 2026-07-07T19:33:50Z
docker	Set up job	2026-08-06T10:30:46.2705027Z Worker ID: {b0a34662-fdac-4441-82bc-d5b3d860928a}
docker	Set up job	2026-08-06T10:30:46.2706325Z Azure Region: eastus
docker	Set up job	2026-08-06T10:30:46.2707264Z ##[endgroup]
docker	Set up job	2026-08-06T10:30:46.2709758Z ##[group]Operating System
docker	Set up job	2026-08-06T10:30:46.2710826Z Ubuntu
docker	Set up job	2026-08-06T10:30:46.2711743Z 24.04.4
docker	Set up job	2026-08-06T10:30:46.2712629Z LTS
docker	Set up job	2026-08-06T10:30:46.2713741Z ##[endgroup]
docker	Set up job	2026-08-06T10:30:46.2714783Z ##[group]Runner Image
docker	Set up job	2026-08-06T10:30:46.2715762Z Image: ubuntu-24.04
docker	Set up job	2026-08-06T10:30:46.2716794Z Version: 20260720.247.2
docker	Set up job	2026-08-06T10:30:46.2718511Z Included Software: https://github.com/actions/runner-images/blob/ubuntu24/20260720.247/images/ubuntu/Ubuntu2404-Readme.md
docker	Set up job	2026-08-06T10:30:46.2721678Z Image Release: https://github.com/actions/runner-images/releases/tag/ubuntu24%2F20260720.247
docker	Set up job	2026-08-06T10:30:46.2723714Z ##[endgroup]
docker	Set up job	2026-08-06T10:30:46.2725942Z ##[group]GITHUB_TOKEN Permissions
docker	Set up job	2026-08-06T10:30:46.2729137Z Contents: read
docker	Set up job	2026-08-06T10:30:46.2730253Z Metadata: read
docker	Set up job	2026-08-06T10:30:46.2731187Z Packages: write
docker	Set up job	2026-08-06T10:30:46.2732160Z ##[endgroup]
docker	Set up job	2026-08-06T10:30:46.2736653Z Secret source: Actions
docker	Set up job	2026-08-06T10:30:46.2738910Z Prepare workflow directory
docker	Set up job	2026-08-06T10:30:46.3498772Z Prepare all required actions
docker	Set up job	2026-08-06T10:30:46.3553678Z Getting action download info
docker	Set up job	2026-08-06T10:30:46.5091565Z Download action repository 'actions/checkout@v7' (SHA:3d3c42e5aac5ba805825da76410c181273ba90b1)
docker	Set up job	2026-08-06T10:30:46.7355878Z Download action repository 'actions/download-artifact@v7' (SHA:37930b1c2abaa49bbe596cd826c3c89aef350131)
docker	Set up job	2026-08-06T10:30:46.8752083Z Download action repository 'docker/setup-buildx-action@v3' (SHA:8d2750c68a42422c14e847fe6c8ac0403b4cbd6f)
docker	Set up job	2026-08-06T10:30:47.0924584Z Download action repository 'docker/login-action@v3' (SHA:c94ce9fb468520275223c153574b00df6fe4bcc9)
docker	Set up job	2026-08-06T10:30:47.3262885Z Download action repository 'docker/build-push-action@v6' (SHA:10e90e3645eae34f1e60eeb005ba3a3d33f178e8)
docker	Set up job	2026-08-06T10:30:47.6919014Z Complete job name: docker
docker	Run actions/checkout@v7	﻿2026-08-06T10:30:47.7871670Z ##[group]Run actions/checkout@v7
docker	Run actions/checkout@v7	2026-08-06T10:30:47.7873519Z with:
docker	Run actions/checkout@v7	2026-08-06T10:30:47.7874438Z   repository: shurshick/wrtmonitor
docker	Run actions/checkout@v7	2026-08-06T10:30:47.7884071Z   token: ***
docker	Run actions/checkout@v7	2026-08-06T10:30:47.7884918Z   ssh-strict: true
docker	Run actions/checkout@v7	2026-08-06T10:30:47.7885763Z   ssh-user: git
docker	Run actions/checkout@v7	2026-08-06T10:30:47.7886634Z   persist-credentials: true
docker	Run actions/checkout@v7	2026-08-06T10:30:47.7887583Z   clean: true
docker	Run actions/checkout@v7	2026-08-06T10:30:47.7888453Z   sparse-checkout-cone-mode: true
docker	Run actions/checkout@v7	2026-08-06T10:30:47.7889485Z   fetch-depth: 1
docker	Run actions/checkout@v7	2026-08-06T10:30:47.7890325Z   fetch-tags: false
docker	Run actions/checkout@v7	2026-08-06T10:30:47.7891204Z   show-progress: true
docker	Run actions/checkout@v7	2026-08-06T10:30:47.7892142Z   lfs: false
docker	Run actions/checkout@v7	2026-08-06T10:30:47.7892948Z   submodules: false
docker	Run actions/checkout@v7	2026-08-06T10:30:47.7894024Z   set-safe-directory: true
docker	Run actions/checkout@v7	2026-08-06T10:30:47.7895053Z   allow-unsafe-pr-checkout: false
docker	Run actions/checkout@v7	2026-08-06T10:30:47.7896456Z env:
docker	Run actions/checkout@v7	2026-08-06T10:30:47.7897338Z   IMAGE_NAME: ghcr.io/shurshick/wrtmonitor
docker	Run actions/checkout@v7	2026-08-06T10:30:47.7898422Z ##[endgroup]
docker	Run actions/checkout@v7	2026-08-06T10:30:47.9114569Z Syncing repository: shurshick/wrtmonitor
docker	Run actions/checkout@v7	2026-08-06T10:30:47.9118559Z ##[group]Getting Git version info
docker	Run actions/checkout@v7	2026-08-06T10:30:47.9120132Z Working directory is '/home/runner/work/wrtmonitor/wrtmonitor'
docker	Run actions/checkout@v7	2026-08-06T10:30:47.9122154Z [command]/usr/bin/git version
docker	Run actions/checkout@v7	2026-08-06T10:30:47.9246046Z git version 2.54.0
docker	Run actions/checkout@v7	2026-08-06T10:30:47.9272098Z ##[endgroup]
docker	Run actions/checkout@v7	2026-08-06T10:30:47.9285714Z Temporarily overriding HOME='/home/runner/work/_temp/1bfc6e73-a044-42f5-9e9c-188a66d6724d' before making global git config changes
docker	Run actions/checkout@v7	2026-08-06T10:30:47.9290139Z Adding repository directory to the temporary git global config as a safe directory
docker	Run actions/checkout@v7	2026-08-06T10:30:47.9294847Z [command]/usr/bin/git config --global --add safe.directory /home/runner/work/wrtmonitor/wrtmonitor
docker	Run actions/checkout@v7	2026-08-06T10:30:47.9352691Z Deleting the contents of '/home/runner/work/wrtmonitor/wrtmonitor'
docker	Run actions/checkout@v7	2026-08-06T10:30:47.9357515Z ##[group]Determining repository object format
docker	Run actions/checkout@v7	2026-08-06T10:30:47.9360604Z ##[endgroup]
docker	Run actions/checkout@v7	2026-08-06T10:30:47.9363049Z ##[group]Initializing the repository
docker	Run actions/checkout@v7	2026-08-06T10:30:47.9366077Z [command]/usr/bin/git init /home/runner/work/wrtmonitor/wrtmonitor
docker	Run actions/checkout@v7	2026-08-06T10:30:47.9518917Z hint: Using 'master' as the name for the initial branch. This default branch name
docker	Run actions/checkout@v7	2026-08-06T10:30:47.9522116Z hint: will change to "main" in Git 3.0. To configure the initial branch name
docker	Run actions/checkout@v7	2026-08-06T10:30:47.9525538Z hint: to use in all of your new repositories, which will suppress this warning,
docker	Run actions/checkout@v7	2026-08-06T10:30:47.9527972Z hint: call:
docker	Run actions/checkout@v7	2026-08-06T10:30:47.9529306Z hint:
docker	Run actions/checkout@v7	2026-08-06T10:30:47.9530977Z hint: 	git config --global init.defaultBranch <name>
docker	Run actions/checkout@v7	2026-08-06T10:30:47.9533062Z hint:
docker	Run actions/checkout@v7	2026-08-06T10:30:47.9535197Z hint: Names commonly chosen instead of 'master' are 'main', 'trunk' and
docker	Run actions/checkout@v7	2026-08-06T10:30:47.9538431Z hint: 'development'. The just-created branch can be renamed via this command:
docker	Run actions/checkout@v7	2026-08-06T10:30:47.9540560Z hint:
docker	Run actions/checkout@v7	2026-08-06T10:30:47.9541432Z hint: 	git branch -m <name>
docker	Run actions/checkout@v7	2026-08-06T10:30:47.9542382Z hint:
docker	Run actions/checkout@v7	2026-08-06T10:30:47.9544469Z hint: Disable this message with "git config set advice.defaultBranchName false"
docker	Run actions/checkout@v7	2026-08-06T10:30:47.9547496Z Initialized empty Git repository in /home/runner/work/wrtmonitor/wrtmonitor/.git/
docker	Run actions/checkout@v7	2026-08-06T10:30:47.9551181Z [command]/usr/bin/git remote add origin https://github.com/shurshick/wrtmonitor
docker	Run actions/checkout@v7	2026-08-06T10:30:47.9605666Z ##[endgroup]
docker	Run actions/checkout@v7	2026-08-06T10:30:47.9607502Z ##[group]Disabling automatic garbage collection
docker	Run actions/checkout@v7	2026-08-06T10:30:47.9609649Z [command]/usr/bin/git config --local gc.auto 0
docker	Run actions/checkout@v7	2026-08-06T10:30:47.9652087Z ##[endgroup]
docker	Run actions/checkout@v7	2026-08-06T10:30:47.9654386Z ##[group]Setting up auth
docker	Run actions/checkout@v7	2026-08-06T10:30:47.9655539Z Removing SSH command configuration
docker	Run actions/checkout@v7	2026-08-06T10:30:47.9659002Z [command]/usr/bin/git config --local --name-only --get-regexp core\.sshCommand
docker	Run actions/checkout@v7	2026-08-06T10:30:47.9711080Z [command]/usr/bin/git submodule foreach --recursive sh -c "git config --local --name-only --get-regexp 'core\.sshCommand' && git config --local --unset-all 'core.sshCommand' || :"
docker	Run actions/checkout@v7	2026-08-06T10:30:48.0140809Z Removing HTTP extra header
docker	Run actions/checkout@v7	2026-08-06T10:30:48.0147492Z [command]/usr/bin/git config --local --name-only --get-regexp http\.https\:\/\/github\.com\/\.extraheader
docker	Run actions/checkout@v7	2026-08-06T10:30:48.0189612Z [command]/usr/bin/git submodule foreach --recursive sh -c "git config --local --name-only --get-regexp 'http\.https\:\/\/github\.com\/\.extraheader' && git config --local --unset-all 'http.https://github.com/.extraheader' || :"
docker	Run actions/checkout@v7	2026-08-06T10:30:48.0418763Z Removing includeIf entries pointing to credentials config files
docker	Run actions/checkout@v7	2026-08-06T10:30:48.0424139Z [command]/usr/bin/git config --local --name-only --get-regexp ^includeIf\.gitdir:
docker	Run actions/checkout@v7	2026-08-06T10:30:48.0466091Z [command]/usr/bin/git submodule foreach --recursive git config --local --show-origin --name-only --get-regexp remote.origin.url
docker	Run actions/checkout@v7	2026-08-06T10:30:48.0721760Z [command]/usr/bin/git config --file /home/runner/work/_temp/git-credentials-15a48a52-027a-460d-b76a-fd93a235f9b6.config http.https://github.com/.extraheader AUTHORIZATION: basic ***
docker	Run actions/checkout@v7	2026-08-06T10:30:48.0771749Z [command]/usr/bin/git config --local includeIf.gitdir:/home/runner/work/wrtmonitor/wrtmonitor/.git.path /home/runner/work/_temp/git-credentials-15a48a52-027a-460d-b76a-fd93a235f9b6.config
docker	Run actions/checkout@v7	2026-08-06T10:30:48.0851067Z [command]/usr/bin/git config --local includeIf.gitdir:/home/runner/work/wrtmonitor/wrtmonitor/.git/worktrees/*.path /home/runner/work/_temp/git-credentials-15a48a52-027a-460d-b76a-fd93a235f9b6.config
docker	Run actions/checkout@v7	2026-08-06T10:30:48.0872345Z [command]/usr/bin/git config --local includeIf.gitdir:/github/workspace/.git.path /github/runner_temp/git-credentials-15a48a52-027a-460d-b76a-fd93a235f9b6.config
docker	Run actions/checkout@v7	2026-08-06T10:30:48.0926175Z [command]/usr/bin/git config --local includeIf.gitdir:/github/workspace/.git/worktrees/*.path /github/runner_temp/git-credentials-15a48a52-027a-460d-b76a-fd93a235f9b6.config
docker	Run actions/checkout@v7	2026-08-06T10:30:48.0970070Z ##[endgroup]
docker	Run actions/checkout@v7	2026-08-06T10:30:48.0972486Z ##[group]Fetching the repository
docker	Run actions/checkout@v7	2026-08-06T10:30:48.0979093Z [command]/usr/bin/git -c protocol.version=2 fetch --no-tags --prune --no-recurse-submodules --depth=1 origin +refs/tags/v0.35.0:refs/tags/v0.35.0
docker	Run actions/checkout@v7	2026-08-06T10:30:48.5611421Z From https://github.com/shurshick/wrtmonitor
docker	Run actions/checkout@v7	2026-08-06T10:30:48.5612165Z  * [new tag]         v0.35.0    -> v0.35.0
docker	Run actions/checkout@v7	2026-08-06T10:30:48.5655248Z [command]/usr/bin/git tag --list v0.35.0
docker	Run actions/checkout@v7	2026-08-06T10:30:48.5690572Z v0.35.0
docker	Run actions/checkout@v7	2026-08-06T10:30:48.5699475Z [command]/usr/bin/git rev-parse refs/tags/v0.35.0^{commit}
docker	Run actions/checkout@v7	2026-08-06T10:30:48.5730177Z 9d81f5fe71a883b7b63845878056e99fc2919cb1
docker	Run actions/checkout@v7	2026-08-06T10:30:48.5740452Z ##[endgroup]
docker	Run actions/checkout@v7	2026-08-06T10:30:48.5741385Z ##[group]Determining the checkout info
docker	Run actions/checkout@v7	2026-08-06T10:30:48.5742267Z ##[endgroup]
docker	Run actions/checkout@v7	2026-08-06T10:30:48.5749567Z [command]/usr/bin/git sparse-checkout disable
docker	Run actions/checkout@v7	2026-08-06T10:30:48.5793633Z [command]/usr/bin/git config --local --unset-all extensions.worktreeConfig
docker	Run actions/checkout@v7	2026-08-06T10:30:48.5828745Z ##[group]Checking out the ref
docker	Run actions/checkout@v7	2026-08-06T10:30:48.5834617Z [command]/usr/bin/git checkout --progress --force refs/tags/v0.35.0
docker	Run actions/checkout@v7	2026-08-06T10:30:48.6246540Z Note: switching to 'refs/tags/v0.35.0'.
docker	Run actions/checkout@v7	2026-08-06T10:30:48.6247555Z 
docker	Run actions/checkout@v7	2026-08-06T10:30:48.6248254Z You are in 'detached HEAD' state. You can look around, make experimental
docker	Run actions/checkout@v7	2026-08-06T10:30:48.6249686Z changes and commit them, and you can discard any commits you make in this
docker	Run actions/checkout@v7	2026-08-06T10:30:48.6250764Z state without impacting any branches by switching back to a branch.
docker	Run actions/checkout@v7	2026-08-06T10:30:48.6251344Z 
docker	Run actions/checkout@v7	2026-08-06T10:30:48.6251744Z If you want to create a new branch to retain commits you create, you may
docker	Run actions/checkout@v7	2026-08-06T10:30:48.6252657Z do so (now or later) by using -c with the switch command. Example:
docker	Run actions/checkout@v7	2026-08-06T10:30:48.6253476Z 
docker	Run actions/checkout@v7	2026-08-06T10:30:48.6253733Z   git switch -c <new-branch-name>
docker	Run actions/checkout@v7	2026-08-06T10:30:48.6254113Z 
docker	Run actions/checkout@v7	2026-08-06T10:30:48.6254321Z Or undo this operation with:
docker	Run actions/checkout@v7	2026-08-06T10:30:48.6254663Z 
docker	Run actions/checkout@v7	2026-08-06T10:30:48.6254851Z   git switch -
docker	Run actions/checkout@v7	2026-08-06T10:30:48.6255156Z 
docker	Run actions/checkout@v7	2026-08-06T10:30:48.6255604Z Turn off this advice by setting config variable advice.detachedHead to false
docker	Run actions/checkout@v7	2026-08-06T10:30:48.6256288Z 
docker	Run actions/checkout@v7	2026-08-06T10:30:48.6256856Z HEAD is now at 9d81f5f fix(agent): register agent.bash_script in capabilities and update contract
docker	Run actions/checkout@v7	2026-08-06T10:30:48.6265560Z ##[endgroup]
docker	Run actions/checkout@v7	2026-08-06T10:30:48.6329544Z [command]/usr/bin/git log -1 --format=%H
docker	Run actions/checkout@v7	2026-08-06T10:30:48.6361574Z 9d81f5fe71a883b7b63845878056e99fc2919cb1
docker	Run actions/download-artifact@v7	﻿2026-08-06T10:30:48.6594816Z ##[group]Run actions/download-artifact@v7
docker	Run actions/download-artifact@v7	2026-08-06T10:30:48.6595251Z with:
docker	Run actions/download-artifact@v7	2026-08-06T10:30:48.6595508Z   name: signed-agent-metadata
docker	Run actions/download-artifact@v7	2026-08-06T10:30:48.6595814Z   path: openwrt-agent
docker	Run actions/download-artifact@v7	2026-08-06T10:30:48.6596085Z   merge-multiple: false
docker	Run actions/download-artifact@v7	2026-08-06T10:30:48.6596373Z   repository: shurshick/wrtmonitor
docker	Run actions/download-artifact@v7	2026-08-06T10:30:48.6596676Z   run-id: 31093511230
docker	Run actions/download-artifact@v7	2026-08-06T10:30:48.6596923Z env:
docker	Run actions/download-artifact@v7	2026-08-06T10:30:48.6597180Z   IMAGE_NAME: ghcr.io/shurshick/wrtmonitor
docker	Run actions/download-artifact@v7	2026-08-06T10:30:48.6597502Z ##[endgroup]
docker	Run actions/download-artifact@v7	2026-08-06T10:30:48.8087949Z Downloading single artifact
docker	Run actions/download-artifact@v7	2026-08-06T10:30:48.8907942Z Preparing to download the following artifacts:
docker	Run actions/download-artifact@v7	2026-08-06T10:30:48.8909897Z - signed-agent-metadata (ID: 8964459419, Size: 2338, Expected Digest: sha256:b6f1df75c348f49301fe8945451cd5d664ff37a76899b00c35db3a6c4b9bcc5f)
docker	Run actions/download-artifact@v7	2026-08-06T10:30:49.0158835Z Redirecting to blob download url: https://productionresultssa17.blob.core.windows.net/actions-results/fd2c7fb9-52df-4016-a90d-4a2a09bec361/workflow-job-run-0d768afc-db2e-537d-ae25-d6b48be88abb/artifacts/0784478dcff8fb2748b22c1343292ca9114b911d46dcade220cd4262750b2946.zip
docker	Run actions/download-artifact@v7	2026-08-06T10:30:49.0162021Z Starting download of artifact to: /home/runner/work/wrtmonitor/wrtmonitor/openwrt-agent
docker	Run actions/download-artifact@v7	2026-08-06T10:30:49.0593019Z (node:2169) [DEP0005] DeprecationWarning: Buffer() is deprecated due to security and usability issues. Please use the Buffer.alloc(), Buffer.allocUnsafe(), or Buffer.from() methods instead.
docker	Run actions/download-artifact@v7	2026-08-06T10:30:49.0595458Z (Use `node --trace-deprecation ...` to show where the warning was created)
docker	Run actions/download-artifact@v7	2026-08-06T10:30:49.0666565Z SHA256 digest of downloaded artifact is b6f1df75c348f49301fe8945451cd5d664ff37a76899b00c35db3a6c4b9bcc5f
docker	Run actions/download-artifact@v7	2026-08-06T10:30:49.0668133Z Artifact download completed successfully.
docker	Run actions/download-artifact@v7	2026-08-06T10:30:49.0669055Z Total of 1 artifact(s) downloaded
docker	Run actions/download-artifact@v7	2026-08-06T10:30:49.0673126Z Download artifact has finished successfully
docker	Read release metadata	﻿2026-08-06T10:30:49.0824430Z ##[group]Run echo "RELEASE_VERSION=$(cat VERSION)" >> "$GITHUB_ENV"
docker	Read release metadata	2026-08-06T10:30:49.0825126Z ^[[36;1mecho "RELEASE_VERSION=$(cat VERSION)" >> "$GITHUB_ENV"^[[0m
docker	Read release metadata	2026-08-06T10:30:49.0825626Z ^[[36;1mecho "RELEASE_TAG=$(cat RELEASE_TAG)" >> "$GITHUB_ENV"^[[0m
docker	Read release metadata	2026-08-06T10:30:49.0875095Z shell: /usr/bin/bash -e {0}
docker	Read release metadata	2026-08-06T10:30:49.0875461Z env:
docker	Read release metadata	2026-08-06T10:30:49.0875735Z   IMAGE_NAME: ghcr.io/shurshick/wrtmonitor
docker	Read release metadata	2026-08-06T10:30:49.0876076Z ##[endgroup]
docker	Validate immutable image tag	﻿2026-08-06T10:30:49.1049452Z ##[group]Run test "$GITHUB_REF_NAME" = "$RELEASE_TAG"
docker	Validate immutable image tag	2026-08-06T10:30:49.1049976Z ^[[36;1mtest "$GITHUB_REF_NAME" = "$RELEASE_TAG"^[[0m
docker	Validate immutable image tag	2026-08-06T10:30:49.1095502Z shell: /usr/bin/bash -e {0}
docker	Validate immutable image tag	2026-08-06T10:30:49.1095835Z env:
docker	Validate immutable image tag	2026-08-06T10:30:49.1096127Z   IMAGE_NAME: ghcr.io/shurshick/wrtmonitor
docker	Validate immutable image tag	2026-08-06T10:30:49.1096471Z   RELEASE_VERSION: 0.35.0
docker	Validate immutable image tag	2026-08-06T10:30:49.1096754Z   RELEASE_TAG: v0.35.0
docker	Validate immutable image tag	2026-08-06T10:30:49.1097016Z ##[endgroup]
docker	Build release image	﻿2026-08-06T10:30:49.1199340Z ##[group]Run docker build \
docker	Build release image	2026-08-06T10:30:49.1199746Z ^[[36;1mdocker build \^[[0m
docker	Build release image	2026-08-06T10:30:49.1200082Z ^[[36;1m  -t "$IMAGE_NAME:$RELEASE_VERSION" \^[[0m
docker	Build release image	2026-08-06T10:30:49.1200452Z ^[[36;1m  -t "$IMAGE_NAME:canary" \^[[0m
docker	Build release image	2026-08-06T10:30:49.1200761Z ^[[36;1m  .^[[0m
docker	Build release image	2026-08-06T10:30:49.1245319Z shell: /usr/bin/bash -e {0}
docker	Build release image	2026-08-06T10:30:49.1245648Z env:
docker	Build release image	2026-08-06T10:30:49.1245919Z   IMAGE_NAME: ghcr.io/shurshick/wrtmonitor
docker	Build release image	2026-08-06T10:30:49.1246273Z   RELEASE_VERSION: 0.35.0
docker	Build release image	2026-08-06T10:30:49.1246583Z   RELEASE_TAG: v0.35.0
docker	Build release image	2026-08-06T10:30:49.1246850Z ##[endgroup]
docker	Build release image	2026-08-06T10:30:49.7823935Z #0 building with "default" instance using docker driver
docker	Build release image	2026-08-06T10:30:49.7824597Z 
docker	Build release image	2026-08-06T10:30:49.7824857Z #1 [internal] load build definition from Dockerfile
docker	Build release image	2026-08-06T10:30:49.7825371Z #1 transferring dockerfile: 1.07kB done
docker	Build release image	2026-08-06T10:30:49.7825783Z #1 DONE 0.0s
docker	Build release image	2026-08-06T10:30:49.7825966Z 
docker	Build release image	2026-08-06T10:30:49.7826211Z #2 [auth] library/python:pull token for registry-1.docker.io
docker	Build release image	2026-08-06T10:30:49.7826761Z #2 DONE 0.0s
docker	Build release image	2026-08-06T10:30:49.7826938Z 
docker	Build release image	2026-08-06T10:30:49.7827604Z #3 [internal] load metadata for docker.io/library/python:3.12-slim@sha256:57cd7c3a7a273101a6485ba99423ee568157882804b1124b4dd04266317710de
docker	Build release image	2026-08-06T10:30:49.9066203Z #3 DONE 0.3s
docker	Build release image	2026-08-06T10:30:50.0286300Z 
docker	Build release image	2026-08-06T10:30:50.0287136Z #4 [internal] load .dockerignore
docker	Build release image	2026-08-06T10:30:50.0287929Z #4 transferring context: 143B done
docker	Build release image	2026-08-06T10:30:50.0288509Z #4 DONE 0.0s
docker	Build release image	2026-08-06T10:30:50.0288750Z 
docker	Build release image	2026-08-06T10:30:50.0288906Z #5 [internal] load build context
docker	Build release image	2026-08-06T10:30:50.0289319Z #5 transferring context: 1.31MB 0.0s done
docker	Build release image	2026-08-06T10:30:50.0289723Z #5 DONE 0.1s
docker	Build release image	2026-08-06T10:30:50.0289901Z 
docker	Build release image	2026-08-06T10:30:50.0290495Z #6 [1/9] FROM docker.io/library/python:3.12-slim@sha256:57cd7c3a7a273101a6485ba99423ee568157882804b1124b4dd04266317710de
docker	Build release image	2026-08-06T10:30:50.0291683Z #6 resolve docker.io/library/python:3.12-slim@sha256:57cd7c3a7a273101a6485ba99423ee568157882804b1124b4dd04266317710de done
docker	Build release image	2026-08-06T10:30:50.0292727Z #6 sha256:062e450697faa5f02a3a74eba9864ee4d79bc9cfbd65769fc6cdff2c05c6a053 13.63MB / 29.78MB 0.1s
docker	Build release image	2026-08-06T10:30:50.0294704Z #6 sha256:98db2485a0d07a8914586b02387e3813aa7e9fed79ab252898d3e96e21c717ea 1.29MB / 1.29MB 0.1s done
docker	Build release image	2026-08-06T10:30:50.0296000Z #6 sha256:48347b15c85fd6dde9c5b0259f378fbaee3ce231b30a42f2f2bcc4ea0285cbc9 12.11MB / 12.11MB 0.1s done
docker	Build release image	2026-08-06T10:30:50.0297049Z #6 sha256:fd079632edc0ab4e9d10c77ec348d5057a976e6fc508e93855548096dec2ae1e 250B / 250B 0.1s done
docker	Build release image	2026-08-06T10:30:50.0297901Z #6 sha256:57cd7c3a7a273101a6485ba99423ee568157882804b1124b4dd04266317710de 10.37kB / 10.37kB done
docker	Build release image	2026-08-06T10:30:50.0298715Z #6 sha256:cab2dbf575e971934a81e4622f5aba17aa7929719bd7e31033a3a83b97fd0464 1.75kB / 1.75kB done
docker	Build release image	2026-08-06T10:30:50.0299797Z #6 sha256:25c5b8011a3425a140bf5fa73be0feabd3c0d5b323eecb19dc02437a368ae075 5.66kB / 5.66kB done
docker	Build release image	2026-08-06T10:30:50.2214792Z #6 sha256:062e450697faa5f02a3a74eba9864ee4d79bc9cfbd65769fc6cdff2c05c6a053 29.78MB / 29.78MB 0.2s done
docker	Build release image	2026-08-06T10:30:50.2235472Z #6 extracting sha256:062e450697faa5f02a3a74eba9864ee4d79bc9cfbd65769fc6cdff2c05c6a053 0.1s
docker	Build release image	2026-08-06T10:30:51.1822290Z #6 extracting sha256:062e450697faa5f02a3a74eba9864ee4d79bc9cfbd65769fc6cdff2c05c6a053 1.0s done
docker	Build release image	2026-08-06T10:30:51.1824102Z #6 extracting sha256:98db2485a0d07a8914586b02387e3813aa7e9fed79ab252898d3e96e21c717ea
docker	Build release image	2026-08-06T10:30:51.4441674Z #6 extracting sha256:98db2485a0d07a8914586b02387e3813aa7e9fed79ab252898d3e96e21c717ea 0.1s done
docker	Build release image	2026-08-06T10:30:54.0204897Z #6 extracting sha256:48347b15c85fd6dde9c5b0259f378fbaee3ce231b30a42f2f2bcc4ea0285cbc9
docker	Build release image	2026-08-06T10:30:54.6974726Z #6 extracting sha256:48347b15c85fd6dde9c5b0259f378fbaee3ce231b30a42f2f2bcc4ea0285cbc9 0.6s done
docker	Build release image	2026-08-06T10:30:54.6976321Z #6 extracting sha256:fd079632edc0ab4e9d10c77ec348d5057a976e6fc508e93855548096dec2ae1e
docker	Build release image	2026-08-06T10:30:54.8905059Z #6 extracting sha256:fd079632edc0ab4e9d10c77ec348d5057a976e6fc508e93855548096dec2ae1e done
docker	Build release image	2026-08-06T10:30:54.8906394Z #6 DONE 4.8s
docker	Build release image	2026-08-06T10:30:54.8906716Z 
docker	Build release image	2026-08-06T10:30:54.8907561Z #7 [2/9] WORKDIR /app
docker	Build release image	2026-08-06T10:30:54.8909638Z #7 DONE 0.0s
docker	Build release image	2026-08-06T10:30:54.8910062Z 
docker	Build release image	2026-08-06T10:30:54.8910706Z #8 [3/9] COPY backend/requirements-runtime.txt /app/backend/requirements-runtime.txt
docker	Build release image	2026-08-06T10:30:54.8911588Z #8 DONE 0.0s
docker	Build release image	2026-08-06T10:30:54.8911749Z 
docker	Build release image	2026-08-06T10:30:54.8912276Z #9 [4/9] RUN apt-get update     && apt-get install -y --no-install-recommends postgresql-client     && rm -rf /var/lib/apt/lists/*
docker	Build release image	2026-08-06T10:30:54.9197044Z #9 0.180 Hit:1 http://deb.debian.org/debian trixie InRelease
docker	Build release image	2026-08-06T10:30:54.9209013Z #9 0.180 Get:2 http://deb.debian.org/debian trixie-updates InRelease [47.3 kB]
docker	Build release image	2026-08-06T10:30:55.1387327Z #9 0.181 Get:3 http://deb.debian.org/debian-security trixie-security InRelease [43.4 kB]
docker	Build release image	2026-08-06T10:30:55.1388723Z #9 0.197 Get:4 http://deb.debian.org/debian trixie/main amd64 Packages [9673 kB]
docker	Build release image	2026-08-06T10:30:55.1389993Z #9 0.248 Get:5 http://deb.debian.org/debian trixie-updates/main amd64 Packages [4412 B]
docker	Build release image	2026-08-06T10:30:55.1390946Z #9 0.248 Get:6 http://deb.debian.org/debian-security trixie-security/main amd64 Packages [232 kB]
docker	Build release image	2026-08-06T10:30:55.6731987Z #9 0.933 Fetched 10000 kB in 1s (13.0 MB/s)
docker	Build release image	2026-08-06T10:30:56.2434591Z #9 0.933 Reading package lists...
docker	Build release image	2026-08-06T10:30:56.8204465Z #9 1.522 Reading package lists...
docker	Build release image	2026-08-06T10:30:56.9991573Z #9 2.089 Building dependency tree...
docker	Build release image	2026-08-06T10:30:56.9992600Z #9 2.259 Reading state information...
docker	Build release image	2026-08-06T10:30:57.2560870Z #9 2.516 The following additional packages will be installed:
docker	Build release image	2026-08-06T10:30:57.3725561Z #9 2.516   libcom-err2 libgdbm-compat4t64 libgssapi-krb5-2 libk5crypto3 libkeyutils1
docker	Build release image	2026-08-06T10:30:57.3727490Z #9 2.516   libkrb5-3 libkrb5support0 libldap2 libperl5.40 libpq5 libsasl2-2
docker	Build release image	2026-08-06T10:30:57.3728419Z #9 2.517   libsasl2-modules-db perl perl-modules-5.40 postgresql-client-17
docker	Build release image	2026-08-06T10:30:57.3729204Z #9 2.517   postgresql-client-common sensible-utils
docker	Build release image	2026-08-06T10:30:57.3729642Z #9 2.519 Suggested packages:
docker	Build release image	2026-08-06T10:30:57.3730243Z #9 2.519   krb5-doc krb5-user perl-doc libterm-readline-gnu-perl
docker	Build release image	2026-08-06T10:30:57.3732493Z #9 2.519   | libterm-readline-perl-perl make libtap-harness-archive-perl postgresql-17
docker	Build release image	2026-08-06T10:30:57.3733584Z #9 2.519   postgresql-doc-17
docker	Build release image	2026-08-06T10:30:57.3734141Z #9 2.519 Recommended packages:
docker	Build release image	2026-08-06T10:30:57.3734719Z #9 2.519   krb5-locales libldap-common libsasl2-modules
docker	Build release image	2026-08-06T10:30:57.3735588Z #9 2.632 The following NEW packages will be installed:
docker	Build release image	2026-08-06T10:30:57.6091486Z #9 2.633   libcom-err2 libgdbm-compat4t64 libgssapi-krb5-2 libk5crypto3 libkeyutils1
docker	Build release image	2026-08-06T10:30:57.6092643Z #9 2.633   libkrb5-3 libkrb5support0 libldap2 libperl5.40 libpq5 libsasl2-2
docker	Build release image	2026-08-06T10:30:57.6094727Z #9 2.634   libsasl2-modules-db perl perl-modules-5.40 postgresql-client
docker	Build release image	2026-08-06T10:30:57.6095636Z #9 2.634   postgresql-client-17 postgresql-client-common sensible-utils
docker	Build release image	2026-08-06T10:30:57.6096483Z #9 2.671 0 upgraded, 18 newly installed, 0 to remove and 0 not upgraded.
docker	Build release image	2026-08-06T10:30:57.6096999Z #9 2.671 Need to get 10.9 MB of archives.
docker	Build release image	2026-08-06T10:30:57.6097547Z #9 2.671 After this operation, 66.4 MB of additional disk space will be used.
docker	Build release image	2026-08-06T10:30:57.6098237Z #9 2.671 Get:1 http://deb.debian.org/debian trixie/main amd64 sensible-utils all 0.0.25 [25.0 kB]
docker	Build release image	2026-08-06T10:30:57.6099044Z #9 2.673 Get:2 http://deb.debian.org/debian trixie/main amd64 perl-modules-5.40 all 5.40.1-6 [3019 kB]
docker	Build release image	2026-08-06T10:30:57.6099809Z #9 2.688 Get:3 http://deb.debian.org/debian trixie/main amd64 libgdbm-compat4t64 amd64 1.24-2 [50.3 kB]
docker	Build release image	2026-08-06T10:30:57.6100484Z #9 2.688 Get:4 http://deb.debian.org/debian trixie/main amd64 libperl5.40 amd64 5.40.1-6 [4341 kB]
docker	Build release image	2026-08-06T10:30:57.6101111Z #9 2.703 Get:5 http://deb.debian.org/debian trixie/main amd64 perl amd64 5.40.1-6 [267 kB]
docker	Build release image	2026-08-06T10:30:57.6101749Z #9 2.705 Get:6 http://deb.debian.org/debian trixie/main amd64 libcom-err2 amd64 1.47.2-3+b11 [25.0 kB]
docker	Build release image	2026-08-06T10:30:57.6102441Z #9 2.705 Get:7 http://deb.debian.org/debian trixie/main amd64 libkrb5support0 amd64 1.21.3-5+deb13u1 [33.1 kB]
docker	Build release image	2026-08-06T10:30:57.6103796Z #9 2.706 Get:8 http://deb.debian.org/debian trixie/main amd64 libk5crypto3 amd64 1.21.3-5+deb13u1 [81.2 kB]
docker	Build release image	2026-08-06T10:30:57.6104459Z #9 2.706 Get:9 http://deb.debian.org/debian trixie/main amd64 libkeyutils1 amd64 1.6.3-6 [9456 B]
docker	Build release image	2026-08-06T10:30:57.6105111Z #9 2.707 Get:10 http://deb.debian.org/debian trixie/main amd64 libkrb5-3 amd64 1.21.3-5+deb13u1 [326 kB]
docker	Build release image	2026-08-06T10:30:57.6105794Z #9 2.708 Get:11 http://deb.debian.org/debian trixie/main amd64 libgssapi-krb5-2 amd64 1.21.3-5+deb13u1 [138 kB]
docker	Build release image	2026-08-06T10:30:57.6106516Z #9 2.709 Get:12 http://deb.debian.org/debian trixie/main amd64 libsasl2-modules-db amd64 2.1.28+dfsg1-9 [19.8 kB]
docker	Build release image	2026-08-06T10:30:57.6107220Z #9 2.709 Get:13 http://deb.debian.org/debian trixie/main amd64 libsasl2-2 amd64 2.1.28+dfsg1-9 [57.5 kB]
docker	Build release image	2026-08-06T10:30:57.6107860Z #9 2.710 Get:14 http://deb.debian.org/debian trixie/main amd64 libldap2 amd64 2.6.10+dfsg-1 [194 kB]
docker	Build release image	2026-08-06T10:30:57.6132845Z #9 2.711 Get:15 http://deb.debian.org/debian trixie/main amd64 libpq5 amd64 17.10-0+deb13u1 [230 kB]
docker	Build release image	2026-08-06T10:30:57.6134443Z #9 2.712 Get:16 http://deb.debian.org/debian trixie/main amd64 postgresql-client-common all 278 [47.1 kB]
docker	Build release image	2026-08-06T10:30:57.6135537Z #9 2.712 Get:17 http://deb.debian.org/debian trixie/main amd64 postgresql-client-17 amd64 17.10-0+deb13u1 [2052 kB]
docker	Build release image	2026-08-06T10:30:57.6136688Z #9 2.730 Get:18 http://deb.debian.org/debian trixie/main amd64 postgresql-client all 17+278 [14.0 kB]
docker	Build release image	2026-08-06T10:30:57.6137614Z #9 2.869 debconf: unable to initialize frontend: Dialog
docker	Build release image	2026-08-06T10:30:57.6138364Z #9 2.869 debconf: (TERM is not set, so the dialog frontend is not usable.)
docker	Build release image	2026-08-06T10:30:57.6139097Z #9 2.869 debconf: falling back to frontend: Readline
docker	Build release image	2026-08-06T10:30:57.7658420Z #9 2.870 debconf: unable to initialize frontend: Readline
docker	Build release image	2026-08-06T10:30:57.7667340Z #9 2.870 debconf: (Can't locate Term/ReadLine.pm in @INC (you may need to install the Term::ReadLine module) (@INC entries checked: /etc/perl /usr/local/lib/x86_64-linux-gnu/perl/5.40.1 /usr/local/share/perl/5.40.1 /usr/lib/x86_64-linux-gnu/perl5/5.40 /usr/share/perl5 /usr/lib/x86_64-linux-gnu/perl-base /usr/lib/x86_64-linux-gnu/perl/5.40 /usr/share/perl/5.40 /usr/local/lib/site_perl) at /usr/share/perl5/Debconf/FrontEnd/Readline.pm line 8, <STDIN> line 18.)
docker	Build release image	2026-08-06T10:30:57.7670233Z #9 2.870 debconf: falling back to frontend: Teletype
docker	Build release image	2026-08-06T10:30:57.7670851Z #9 2.875 debconf: unable to initialize frontend: Teletype
docker	Build release image	2026-08-06T10:30:57.7671526Z #9 2.875 debconf: (This frontend requires a controlling tty.)
docker	Build release image	2026-08-06T10:30:57.7672165Z #9 2.875 debconf: falling back to frontend: Noninteractive
docker	Build release image	2026-08-06T10:30:58.2118815Z #9 3.472 Fetched 10.9 MB in 0s (145 MB/s)
docker	Build release image	2026-08-06T10:30:58.4111280Z #9 3.487 Selecting previously unselected package sensible-utils.
docker	Build release image	2026-08-06T10:30:58.4111842Z #9 3.487 (Reading database ... 
docker	Build release image	2026-08-06T10:30:58.4112251Z (Reading database ... 5%
docker	Build release image	2026-08-06T10:30:58.4112595Z (Reading database ... 10%
docker	Build release image	2026-08-06T10:30:58.4112924Z (Reading database ... 15%
docker	Build release image	2026-08-06T10:30:58.4113486Z (Reading database ... 20%
docker	Build release image	2026-08-06T10:30:58.4113852Z (Reading database ... 25%
docker	Build release image	2026-08-06T10:30:58.4114131Z (Reading database ... 30%
docker	Build release image	2026-08-06T10:30:58.4114566Z (Reading database ... 35%
docker	Build release image	2026-08-06T10:30:58.4114964Z (Reading database ... 40%
docker	Build release image	2026-08-06T10:30:58.4115353Z (Reading database ... 45%
docker	Build release image	2026-08-06T10:30:58.4115641Z (Reading database ... 50%
docker	Build release image	2026-08-06T10:30:58.4115911Z (Reading database ... 55%
docker	Build release image	2026-08-06T10:30:58.4116182Z (Reading database ... 60%
docker	Build release image	2026-08-06T10:30:58.4116448Z (Reading database ... 65%
docker	Build release image	2026-08-06T10:30:58.4116719Z (Reading database ... 70%
docker	Build release image	2026-08-06T10:30:58.4116986Z (Reading database ... 75%
docker	Build release image	2026-08-06T10:30:58.4117279Z (Reading database ... 80%
docker	Build release image	2026-08-06T10:30:58.4117553Z (Reading database ... 85%
docker	Build release image	2026-08-06T10:30:58.4117819Z (Reading database ... 90%
docker	Build release image	2026-08-06T10:30:58.4118085Z (Reading database ... 95%
docker	Build release image	2026-08-06T10:30:58.4118352Z (Reading database ... 100%
docker	Build release image	2026-08-06T10:30:58.4119164Z (Reading database ... 5645 files and directories currently installed.)
docker	Build release image	2026-08-06T10:30:58.4120611Z #9 3.494 Preparing to unpack .../00-sensible-utils_0.0.25_all.deb ...
docker	Build release image	2026-08-06T10:30:58.4121405Z #9 3.496 Unpacking sensible-utils (0.0.25) ...
docker	Build release image	2026-08-06T10:30:58.4122306Z #9 3.518 Selecting previously unselected package perl-modules-5.40.
docker	Build release image	2026-08-06T10:30:58.4123452Z #9 3.519 Preparing to unpack .../01-perl-modules-5.40_5.40.1-6_all.deb ...
docker	Build release image	2026-08-06T10:30:58.4124248Z #9 3.521 Unpacking perl-modules-5.40 (5.40.1-6) ...
docker	Build release image	2026-08-06T10:30:58.5257082Z #9 3.785 Selecting previously unselected package libgdbm-compat4t64:amd64.
docker	Build release image	2026-08-06T10:30:58.6987963Z #9 3.787 Preparing to unpack .../02-libgdbm-compat4t64_1.24-2_amd64.deb ...
docker	Build release image	2026-08-06T10:30:58.6988871Z #9 3.789 Unpacking libgdbm-compat4t64:amd64 (1.24-2) ...
docker	Build release image	2026-08-06T10:30:58.6989576Z #9 3.806 Selecting previously unselected package libperl5.40:amd64.
docker	Build release image	2026-08-06T10:30:58.6990369Z #9 3.807 Preparing to unpack .../03-libperl5.40_5.40.1-6_amd64.deb ...
docker	Build release image	2026-08-06T10:30:58.6991057Z #9 3.808 Unpacking libperl5.40:amd64 (5.40.1-6) ...
docker	Build release image	2026-08-06T10:30:58.7655765Z #9 4.026 Selecting previously unselected package perl.
docker	Build release image	2026-08-06T10:30:58.8680676Z #9 4.027 Preparing to unpack .../04-perl_5.40.1-6_amd64.deb ...
docker	Build release image	2026-08-06T10:30:58.8681738Z #9 4.029 Unpacking perl (5.40.1-6) ...
docker	Build release image	2026-08-06T10:30:58.8682266Z #9 4.053 Selecting previously unselected package libcom-err2:amd64.
docker	Build release image	2026-08-06T10:30:58.8682792Z #9 4.054 Preparing to unpack .../05-libcom-err2_1.47.2-3+b11_amd64.deb ...
docker	Build release image	2026-08-06T10:30:58.8683566Z #9 4.055 Unpacking libcom-err2:amd64 (1.47.2-3+b11) ...
docker	Build release image	2026-08-06T10:30:58.8684254Z #9 4.070 Selecting previously unselected package libkrb5support0:amd64.
docker	Build release image	2026-08-06T10:30:58.8685370Z #9 4.072 Preparing to unpack .../06-libkrb5support0_1.21.3-5+deb13u1_amd64.deb ...
docker	Build release image	2026-08-06T10:30:58.8686071Z #9 4.073 Unpacking libkrb5support0:amd64 (1.21.3-5+deb13u1) ...
docker	Build release image	2026-08-06T10:30:58.8686717Z #9 4.089 Selecting previously unselected package libk5crypto3:amd64.
docker	Build release image	2026-08-06T10:30:58.8687438Z #9 4.091 Preparing to unpack .../07-libk5crypto3_1.21.3-5+deb13u1_amd64.deb ...
docker	Build release image	2026-08-06T10:30:58.8688149Z #9 4.092 Unpacking libk5crypto3:amd64 (1.21.3-5+deb13u1) ...
docker	Build release image	2026-08-06T10:30:58.8688918Z #9 4.110 Selecting previously unselected package libkeyutils1:amd64.
docker	Build release image	2026-08-06T10:30:58.8689683Z #9 4.112 Preparing to unpack .../08-libkeyutils1_1.6.3-6_amd64.deb ...
docker	Build release image	2026-08-06T10:30:58.8690348Z #9 4.113 Unpacking libkeyutils1:amd64 (1.6.3-6) ...
docker	Build release image	2026-08-06T10:30:58.8690979Z #9 4.128 Selecting previously unselected package libkrb5-3:amd64.
docker	Build release image	2026-08-06T10:30:58.9888649Z #9 4.130 Preparing to unpack .../09-libkrb5-3_1.21.3-5+deb13u1_amd64.deb ...
docker	Build release image	2026-08-06T10:30:58.9889416Z #9 4.132 Unpacking libkrb5-3:amd64 (1.21.3-5+deb13u1) ...
docker	Build release image	2026-08-06T10:30:58.9890396Z #9 4.162 Selecting previously unselected package libgssapi-krb5-2:amd64.
docker	Build release image	2026-08-06T10:30:58.9891156Z #9 4.163 Preparing to unpack .../10-libgssapi-krb5-2_1.21.3-5+deb13u1_amd64.deb ...
docker	Build release image	2026-08-06T10:30:58.9891856Z #9 4.165 Unpacking libgssapi-krb5-2:amd64 (1.21.3-5+deb13u1) ...
docker	Build release image	2026-08-06T10:30:58.9892563Z #9 4.185 Selecting previously unselected package libsasl2-modules-db:amd64.
docker	Build release image	2026-08-06T10:30:58.9893625Z #9 4.187 Preparing to unpack .../11-libsasl2-modules-db_2.1.28+dfsg1-9_amd64.deb ...
docker	Build release image	2026-08-06T10:30:58.9894342Z #9 4.188 Unpacking libsasl2-modules-db:amd64 (2.1.28+dfsg1-9) ...
docker	Build release image	2026-08-06T10:30:58.9894977Z #9 4.203 Selecting previously unselected package libsasl2-2:amd64.
docker	Build release image	2026-08-06T10:30:58.9895622Z #9 4.205 Preparing to unpack .../12-libsasl2-2_2.1.28+dfsg1-9_amd64.deb ...
docker	Build release image	2026-08-06T10:30:58.9896216Z #9 4.206 Unpacking libsasl2-2:amd64 (2.1.28+dfsg1-9) ...
docker	Build release image	2026-08-06T10:30:58.9896776Z #9 4.223 Selecting previously unselected package libldap2:amd64.
docker	Build release image	2026-08-06T10:30:58.9897422Z #9 4.224 Preparing to unpack .../13-libldap2_2.6.10+dfsg-1_amd64.deb ...
docker	Build release image	2026-08-06T10:30:58.9898006Z #9 4.226 Unpacking libldap2:amd64 (2.6.10+dfsg-1) ...
docker	Build release image	2026-08-06T10:30:58.9898562Z #9 4.249 Selecting previously unselected package libpq5:amd64.
docker	Build release image	2026-08-06T10:30:59.1590968Z #9 4.251 Preparing to unpack .../14-libpq5_17.10-0+deb13u1_amd64.deb ...
docker	Build release image	2026-08-06T10:30:59.1591916Z #9 4.252 Unpacking libpq5:amd64 (17.10-0+deb13u1) ...
docker	Build release image	2026-08-06T10:30:59.1592390Z #9 4.278 Selecting previously unselected package postgresql-client-common.
docker	Build release image	2026-08-06T10:30:59.1592962Z #9 4.279 Preparing to unpack .../15-postgresql-client-common_278_all.deb ...
docker	Build release image	2026-08-06T10:30:59.1593689Z #9 4.285 Unpacking postgresql-client-common (278) ...
docker	Build release image	2026-08-06T10:30:59.1594138Z #9 4.305 Selecting previously unselected package postgresql-client-17.
docker	Build release image	2026-08-06T10:30:59.1594683Z #9 4.306 Preparing to unpack .../16-postgresql-client-17_17.10-0+deb13u1_amd64.deb ...
docker	Build release image	2026-08-06T10:30:59.1595192Z #9 4.307 Unpacking postgresql-client-17 (17.10-0+deb13u1) ...
docker	Build release image	2026-08-06T10:30:59.1595669Z #9 4.419 Selecting previously unselected package postgresql-client.
docker	Build release image	2026-08-06T10:30:59.3814598Z #9 4.421 Preparing to unpack .../17-postgresql-client_17+278_all.deb ...
docker	Build release image	2026-08-06T10:30:59.3815379Z #9 4.422 Unpacking postgresql-client (17+278) ...
docker	Build release image	2026-08-06T10:30:59.3815877Z #9 4.440 Setting up libkeyutils1:amd64 (1.6.3-6) ...
docker	Build release image	2026-08-06T10:30:59.3816345Z #9 4.443 Setting up libgdbm-compat4t64:amd64 (1.24-2) ...
docker	Build release image	2026-08-06T10:30:59.3816816Z #9 4.446 Setting up libcom-err2:amd64 (1.47.2-3+b11) ...
docker	Build release image	2026-08-06T10:30:59.3817299Z #9 4.448 Setting up libkrb5support0:amd64 (1.21.3-5+deb13u1) ...
docker	Build release image	2026-08-06T10:30:59.3817833Z #9 4.450 Setting up libsasl2-modules-db:amd64 (2.1.28+dfsg1-9) ...
docker	Build release image	2026-08-06T10:30:59.3818351Z #9 4.453 Setting up libk5crypto3:amd64 (1.21.3-5+deb13u1) ...
docker	Build release image	2026-08-06T10:30:59.3818836Z #9 4.455 Setting up libsasl2-2:amd64 (2.1.28+dfsg1-9) ...
docker	Build release image	2026-08-06T10:30:59.3819436Z #9 4.457 Setting up perl-modules-5.40 (5.40.1-6) ...
docker	Build release image	2026-08-06T10:30:59.3819919Z #9 4.460 Setting up sensible-utils (0.0.25) ...
docker	Build release image	2026-08-06T10:30:59.3820358Z #9 4.462 Setting up libkrb5-3:amd64 (1.21.3-5+deb13u1) ...
docker	Build release image	2026-08-06T10:30:59.3820812Z #9 4.465 Setting up libldap2:amd64 (2.6.10+dfsg-1) ...
docker	Build release image	2026-08-06T10:30:59.3821252Z #9 4.467 Setting up libperl5.40:amd64 (5.40.1-6) ...
docker	Build release image	2026-08-06T10:30:59.3821901Z #9 4.469 Setting up perl (5.40.1-6) ...
docker	Build release image	2026-08-06T10:30:59.3822545Z #9 4.477 Setting up libgssapi-krb5-2:amd64 (1.21.3-5+deb13u1) ...
docker	Build release image	2026-08-06T10:30:59.3823635Z #9 4.481 Setting up postgresql-client-common (278) ...
docker	Build release image	2026-08-06T10:30:59.3824067Z #9 4.489 Setting up libpq5:amd64 (17.10-0+deb13u1) ...
docker	Build release image	2026-08-06T10:30:59.3824497Z #9 4.491 Setting up postgresql-client-17 (17.10-0+deb13u1) ...
docker	Build release image	2026-08-06T10:30:59.5877956Z #9 4.848 update-alternatives: using /usr/share/postgresql/17/man/man1/psql.1.gz to provide /usr/share/man/man1/psql.1.gz (psql.1.gz) in auto mode
docker	Build release image	2026-08-06T10:30:59.7228086Z #9 4.889 Setting up postgresql-client (17+278) ...
docker	Build release image	2026-08-06T10:30:59.7229308Z #9 4.891 Processing triggers for libc-bin (2.41-12+deb13u3) ...
docker	Build release image	2026-08-06T10:30:59.7229870Z #9 DONE 5.0s
docker	Build release image	2026-08-06T10:30:59.8745030Z 
docker	Build release image	2026-08-06T10:30:59.8745608Z #10 [5/9] RUN pip install --no-cache-dir -r /app/backend/requirements-runtime.txt
docker	Build release image	2026-08-06T10:31:01.1569527Z #10 1.433 Collecting fastapi==0.140.0 (from -r /app/backend/requirements-runtime.txt (line 1))
docker	Build release image	2026-08-06T10:31:01.3673782Z #10 1.456   Downloading fastapi-0.140.0-py3-none-any.whl.metadata (27 kB)
docker	Build release image	2026-08-06T10:31:01.3674740Z #10 1.488 Collecting starlette==1.3.1 (from -r /app/backend/requirements-runtime.txt (line 2))
docker	Build release image	2026-08-06T10:31:01.3676084Z #10 1.492   Downloading starlette-1.3.1-py3-none-any.whl.metadata (6.4 kB)
docker	Build release image	2026-08-06T10:31:01.3677430Z #10 1.519 Collecting uvicorn==0.35.0 (from uvicorn[standard]==0.35.0->-r /app/backend/requirements-runtime.txt (line 3))
docker	Build release image	2026-08-06T10:31:01.3678787Z #10 1.522   Downloading uvicorn-0.35.0-py3-none-any.whl.metadata (6.5 kB)
docker	Build release image	2026-08-06T10:31:01.3679869Z #10 1.644 Collecting pydantic==2.11.7 (from -r /app/backend/requirements-runtime.txt (line 4))
docker	Build release image	2026-08-06T10:31:01.5216492Z #10 1.647   Downloading pydantic-2.11.7-py3-none-any.whl.metadata (67 kB)
docker	Build release image	2026-08-06T10:31:01.6107919Z #10 1.887 Collecting SQLAlchemy==2.0.43 (from -r /app/backend/requirements-runtime.txt (line 5))
docker	Build release image	2026-08-06T10:31:01.7196135Z #10 1.891   Downloading sqlalchemy-2.0.43-cp312-cp312-manylinux_2_17_x86_64.manylinux2014_x86_64.whl.metadata (9.6 kB)
docker	Build release image	2026-08-06T10:31:01.7197511Z #10 1.920 Collecting alembic==1.17.2 (from -r /app/backend/requirements-runtime.txt (line 6))
docker	Build release image	2026-08-06T10:31:01.7198482Z #10 1.924   Downloading alembic-1.17.2-py3-none-any.whl.metadata (7.2 kB)
docker	Build release image	2026-08-06T10:31:01.7199609Z #10 1.939 Collecting psycopg==3.3.4 (from psycopg[binary]==3.3.4->-r /app/backend/requirements-runtime.txt (line 7))
docker	Build release image	2026-08-06T10:31:01.7200614Z #10 1.943   Downloading psycopg-3.3.4-py3-none-any.whl.metadata (4.3 kB)
docker	Build release image	2026-08-06T10:31:01.7201521Z #10 1.964 Collecting argon2-cffi==25.1.0 (from -r /app/backend/requirements-runtime.txt (line 8))
docker	Build release image	2026-08-06T10:31:01.7202475Z #10 1.967   Downloading argon2_cffi-25.1.0-py3-none-any.whl.metadata (4.1 kB)
docker	Build release image	2026-08-06T10:31:01.7203682Z #10 1.981 Collecting PyJWT==2.13.0 (from -r /app/backend/requirements-runtime.txt (line 9))
docker	Build release image	2026-08-06T10:31:01.7204301Z #10 1.985   Downloading pyjwt-2.13.0-py3-none-any.whl.metadata (3.4 kB)
docker	Build release image	2026-08-06T10:31:01.7204952Z #10 1.996 Collecting python-multipart==0.0.31 (from -r /app/backend/requirements-runtime.txt (line 10))
docker	Build release image	2026-08-06T10:31:01.8211663Z #10 2.000   Downloading python_multipart-0.0.31-py3-none-any.whl.metadata (2.1 kB)
docker	Build release image	2026-08-06T10:31:01.8213007Z #10 2.012 Collecting jinja2==3.1.6 (from -r /app/backend/requirements-runtime.txt (line 11))
docker	Build release image	2026-08-06T10:31:01.8214387Z #10 2.016   Downloading jinja2-3.1.6-py3-none-any.whl.metadata (2.9 kB)
docker	Build release image	2026-08-06T10:31:01.8215566Z #10 2.026 Collecting pymanuf==2026.7.1 (from -r /app/backend/requirements-runtime.txt (line 12))
docker	Build release image	2026-08-06T10:31:01.8216750Z #10 2.039   Downloading pymanuf-2026.7.1-py3-none-any.whl.metadata (4.5 kB)
docker	Build release image	2026-08-06T10:31:01.8218107Z #10 2.054 Collecting segno==1.6.6 (from -r /app/backend/requirements-runtime.txt (line 13))
docker	Build release image	2026-08-06T10:31:01.8219062Z #10 2.058   Downloading segno-1.6.6-py3-none-any.whl.metadata (7.7 kB)
docker	Build release image	2026-08-06T10:31:01.8220221Z #10 2.094 Collecting typing-extensions>=4.8.0 (from fastapi==0.140.0->-r /app/backend/requirements-runtime.txt (line 1))
docker	Build release image	2026-08-06T10:31:01.8221516Z #10 2.098   Downloading typing_extensions-4.16.0-py3-none-any.whl.metadata (3.3 kB)
docker	Build release image	2026-08-06T10:31:02.0631333Z #10 2.105 Collecting typing-inspection>=0.4.2 (from fastapi==0.140.0->-r /app/backend/requirements-runtime.txt (line 1))
docker	Build release image	2026-08-06T10:31:02.0632693Z #10 2.109   Downloading typing_inspection-0.4.2-py3-none-any.whl.metadata (2.6 kB)
docker	Build release image	2026-08-06T10:31:02.0634214Z #10 2.115 Collecting annotated-doc>=0.0.2 (from fastapi==0.140.0->-r /app/backend/requirements-runtime.txt (line 1))
docker	Build release image	2026-08-06T10:31:02.0635361Z #10 2.119   Downloading annotated_doc-0.0.5-py3-none-any.whl.metadata (6.5 kB)
docker	Build release image	2026-08-06T10:31:02.0637263Z #10 2.137 Collecting anyio<5,>=3.6.2 (from starlette==1.3.1->-r /app/backend/requirements-runtime.txt (line 2))
docker	Build release image	2026-08-06T10:31:02.0638353Z #10 2.141   Downloading anyio-4.14.2-py3-none-any.whl.metadata (4.6 kB)
docker	Build release image	2026-08-06T10:31:02.0639524Z #10 2.161 Collecting click>=7.0 (from uvicorn==0.35.0->uvicorn[standard]==0.35.0->-r /app/backend/requirements-runtime.txt (line 3))
docker	Build release image	2026-08-06T10:31:02.0640720Z #10 2.165   Downloading click-8.4.2-py3-none-any.whl.metadata (2.6 kB)
docker	Build release image	2026-08-06T10:31:02.0641864Z #10 2.173 Collecting h11>=0.8 (from uvicorn==0.35.0->uvicorn[standard]==0.35.0->-r /app/backend/requirements-runtime.txt (line 3))
docker	Build release image	2026-08-06T10:31:02.0642996Z #10 2.177   Downloading h11-0.16.0-py3-none-any.whl.metadata (8.3 kB)
docker	Build release image	2026-08-06T10:31:02.0644373Z #10 2.186 Collecting annotated-types>=0.6.0 (from pydantic==2.11.7->-r /app/backend/requirements-runtime.txt (line 4))
docker	Build release image	2026-08-06T10:31:02.0645547Z #10 2.189   Downloading annotated_types-0.8.0-py3-none-any.whl.metadata (15 kB)
docker	Build release image	2026-08-06T10:31:02.5077680Z #10 2.784 Collecting pydantic-core==2.33.2 (from pydantic==2.11.7->-r /app/backend/requirements-runtime.txt (line 4))
docker	Build release image	2026-08-06T10:31:02.6398371Z #10 2.788   Downloading pydantic_core-2.33.2-cp312-cp312-manylinux_2_17_x86_64.manylinux2014_x86_64.whl.metadata (6.8 kB)
docker	Build release image	2026-08-06T10:31:02.6400617Z #10 2.916 Collecting greenlet>=1 (from SQLAlchemy==2.0.43->-r /app/backend/requirements-runtime.txt (line 5))
docker	Build release image	2026-08-06T10:31:02.7419712Z #10 2.920   Downloading greenlet-3.5.4-cp312-cp312-manylinux_2_24_x86_64.manylinux_2_28_x86_64.whl.metadata (3.8 kB)
docker	Build release image	2026-08-06T10:31:02.7421021Z #10 2.950 Collecting Mako (from alembic==1.17.2->-r /app/backend/requirements-runtime.txt (line 6))
docker	Build release image	2026-08-06T10:31:02.7422263Z #10 2.954   Downloading mako-1.4.1-py3-none-any.whl.metadata (2.9 kB)
docker	Build release image	2026-08-06T10:31:02.7423811Z #10 2.970 Collecting argon2-cffi-bindings (from argon2-cffi==25.1.0->-r /app/backend/requirements-runtime.txt (line 8))
docker	Build release image	2026-08-06T10:31:02.7425283Z #10 2.974   Downloading argon2_cffi_bindings-25.1.0-cp39-abi3-manylinux_2_26_x86_64.manylinux_2_28_x86_64.whl.metadata (7.4 kB)
docker	Build release image	2026-08-06T10:31:02.7426605Z #10 3.018 Collecting MarkupSafe>=2.0 (from jinja2==3.1.6->-r /app/backend/requirements-runtime.txt (line 11))
docker	Build release image	2026-08-06T10:31:02.9257550Z #10 3.023   Downloading markupsafe-3.0.3-cp312-cp312-manylinux2014_x86_64.manylinux_2_17_x86_64.manylinux_2_28_x86_64.whl.metadata (2.7 kB)
docker	Build release image	2026-08-06T10:31:02.9259013Z #10 3.047 Collecting requests (from pymanuf==2026.7.1->-r /app/backend/requirements-runtime.txt (line 12))
docker	Build release image	2026-08-06T10:31:02.9259873Z #10 3.051   Downloading requests-2.34.2-py3-none-any.whl.metadata (4.8 kB)
docker	Build release image	2026-08-06T10:31:02.9428056Z #10 3.219 Collecting psycopg-binary==3.3.4 (from psycopg[binary]==3.3.4->-r /app/backend/requirements-runtime.txt (line 7))
docker	Build release image	2026-08-06T10:31:03.0692201Z #10 3.223   Downloading psycopg_binary-3.3.4-cp312-cp312-manylinux2014_x86_64.manylinux_2_17_x86_64.whl.metadata (2.7 kB)
docker	Build release image	2026-08-06T10:31:03.0694065Z #10 3.251 Collecting httptools>=0.6.3 (from uvicorn[standard]==0.35.0->-r /app/backend/requirements-runtime.txt (line 3))
docker	Build release image	2026-08-06T10:31:03.0695200Z #10 3.257   Downloading httptools-0.8.0-cp312-cp312-manylinux1_x86_64.manylinux_2_28_x86_64.manylinux_2_5_x86_64.whl.metadata (3.5 kB)
docker	Build release image	2026-08-06T10:31:03.0696321Z #10 3.270 Collecting python-dotenv>=0.13 (from uvicorn[standard]==0.35.0->-r /app/backend/requirements-runtime.txt (line 3))
docker	Build release image	2026-08-06T10:31:03.0697211Z #10 3.274   Downloading python_dotenv-1.2.2-py3-none-any.whl.metadata (27 kB)
docker	Build release image	2026-08-06T10:31:03.0698035Z #10 3.309 Collecting pyyaml>=5.1 (from uvicorn[standard]==0.35.0->-r /app/backend/requirements-runtime.txt (line 3))
docker	Build release image	2026-08-06T10:31:03.0699097Z #10 3.313   Downloading pyyaml-6.0.3-cp312-cp312-manylinux2014_x86_64.manylinux_2_17_x86_64.manylinux_2_28_x86_64.whl.metadata (2.4 kB)
docker	Build release image	2026-08-06T10:31:03.0700162Z #10 3.346 Collecting uvloop>=0.15.1 (from uvicorn[standard]==0.35.0->-r /app/backend/requirements-runtime.txt (line 3))
docker	Build release image	2026-08-06T10:31:03.2364778Z #10 3.350   Downloading uvloop-0.22.1-cp312-cp312-manylinux2014_x86_64.manylinux_2_17_x86_64.manylinux_2_28_x86_64.whl.metadata (4.9 kB)
docker	Build release image	2026-08-06T10:31:03.2366986Z #10 3.418 Collecting watchfiles>=0.13 (from uvicorn[standard]==0.35.0->-r /app/backend/requirements-runtime.txt (line 3))
docker	Build release image	2026-08-06T10:31:03.2368439Z #10 3.422   Downloading watchfiles-1.2.0-cp312-cp312-manylinux_2_17_x86_64.manylinux2014_x86_64.whl.metadata (4.9 kB)
docker	Build release image	2026-08-06T10:31:03.2369850Z #10 3.513 Collecting websockets>=10.4 (from uvicorn[standard]==0.35.0->-r /app/backend/requirements-runtime.txt (line 3))
docker	Build release image	2026-08-06T10:31:03.3859456Z #10 3.517   Downloading websockets-17.0.1-cp312-cp312-manylinux1_x86_64.manylinux_2_28_x86_64.manylinux_2_5_x86_64.whl.metadata (6.3 kB)
docker	Build release image	2026-08-06T10:31:03.3860768Z #10 3.539 Collecting idna>=2.8 (from anyio<5,>=3.6.2->starlette==1.3.1->-r /app/backend/requirements-runtime.txt (line 2))
docker	Build release image	2026-08-06T10:31:03.3861830Z #10 3.542   Downloading idna-3.18-py3-none-any.whl.metadata (6.1 kB)
docker	Build release image	2026-08-06T10:31:03.3863037Z #10 3.662 Collecting cffi>=1.0.1 (from argon2-cffi-bindings->argon2-cffi==25.1.0->-r /app/backend/requirements-runtime.txt (line 8))
docker	Build release image	2026-08-06T10:31:03.4889185Z #10 3.666   Downloading cffi-2.1.1-cp312-cp312-manylinux2014_x86_64.manylinux_2_17_x86_64.whl.metadata (2.5 kB)
docker	Build release image	2026-08-06T10:31:03.4890533Z #10 3.765 Collecting charset_normalizer<4,>=2 (from requests->pymanuf==2026.7.1->-r /app/backend/requirements-runtime.txt (line 12))
docker	Build release image	2026-08-06T10:31:03.5905759Z #10 3.769   Downloading charset_normalizer-3.4.9-cp312-cp312-manylinux2014_x86_64.manylinux_2_17_x86_64.manylinux_2_28_x86_64.whl.metadata (41 kB)
docker	Build release image	2026-08-06T10:31:03.5906964Z #10 3.799 Collecting urllib3<3,>=1.26 (from requests->pymanuf==2026.7.1->-r /app/backend/requirements-runtime.txt (line 12))
docker	Build release image	2026-08-06T10:31:03.5907735Z #10 3.803   Downloading urllib3-2.7.0-py3-none-any.whl.metadata (6.9 kB)
docker	Build release image	2026-08-06T10:31:03.5908506Z #10 3.821 Collecting certifi>=2023.5.7 (from requests->pymanuf==2026.7.1->-r /app/backend/requirements-runtime.txt (line 12))
docker	Build release image	2026-08-06T10:31:03.5909284Z #10 3.825   Downloading certifi-2026.7.22-py3-none-any.whl.metadata (2.5 kB)
docker	Build release image	2026-08-06T10:31:03.5910189Z #10 3.835 Collecting pycparser (from cffi>=1.0.1->argon2-cffi-bindings->argon2-cffi==25.1.0->-r /app/backend/requirements-runtime.txt (line 8))
docker	Build release image	2026-08-06T10:31:03.5911045Z #10 3.839   Downloading pycparser-3.0-py3-none-any.whl.metadata (8.2 kB)
docker	Build release image	2026-08-06T10:31:03.5911588Z #10 3.851 Downloading fastapi-0.140.0-py3-none-any.whl (130 kB)
docker	Build release image	2026-08-06T10:31:03.5912046Z #10 3.857 Downloading starlette-1.3.1-py3-none-any.whl (73 kB)
docker	Build release image	2026-08-06T10:31:03.5912475Z #10 3.861 Downloading uvicorn-0.35.0-py3-none-any.whl (66 kB)
docker	Build release image	2026-08-06T10:31:03.5912894Z #10 3.867 Downloading pydantic-2.11.7-py3-none-any.whl (444 kB)
docker	Build release image	2026-08-06T10:31:03.6908842Z #10 3.881 Downloading sqlalchemy-2.0.43-cp312-cp312-manylinux_2_17_x86_64.manylinux2014_x86_64.whl (3.3 MB)
docker	Build release image	2026-08-06T10:31:03.6910141Z #10 3.919    ━━━━━━━━━━━━━━━━━━━━━━━━━━━━━━━━━━━━━━━━ 3.3/3.3 MB 99.9 MB/s eta 0:00:00
docker	Build release image	2026-08-06T10:31:03.6910644Z #10 3.924 Downloading alembic-1.17.2-py3-none-any.whl (248 kB)
docker	Build release image	2026-08-06T10:31:03.6911124Z #10 3.930 Downloading psycopg-3.3.4-py3-none-any.whl (213 kB)
docker	Build release image	2026-08-06T10:31:03.6911553Z #10 3.935 Downloading argon2_cffi-25.1.0-py3-none-any.whl (14 kB)
docker	Build release image	2026-08-06T10:31:03.6911964Z #10 3.939 Downloading pyjwt-2.13.0-py3-none-any.whl (31 kB)
docker	Build release image	2026-08-06T10:31:03.6912408Z #10 3.942 Downloading python_multipart-0.0.31-py3-none-any.whl (29 kB)
docker	Build release image	2026-08-06T10:31:03.6912849Z #10 3.947 Downloading jinja2-3.1.6-py3-none-any.whl (134 kB)
docker	Build release image	2026-08-06T10:31:03.6913621Z #10 3.953 Downloading pymanuf-2026.7.1-py3-none-any.whl (639 kB)
docker	Build release image	2026-08-06T10:31:03.6914247Z #10 3.958    ━━━━━━━━━━━━━━━━━━━━━━━━━━━━━━━━━━━━━━━ 639.0/639.0 kB 205.5 MB/s eta 0:00:00
docker	Build release image	2026-08-06T10:31:03.6914701Z #10 3.963 Downloading segno-1.6.6-py3-none-any.whl (76 kB)
docker	Build release image	2026-08-06T10:31:03.6915276Z #10 3.967 Downloading psycopg_binary-3.3.4-cp312-cp312-manylinux2014_x86_64.manylinux_2_17_x86_64.whl (5.2 MB)
docker	Build release image	2026-08-06T10:31:03.7915337Z #10 3.993    ━━━━━━━━━━━━━━━━━━━━━━━━━━━━━━━━━━━━━━━━ 5.2/5.2 MB 216.8 MB/s eta 0:00:00
docker	Build release image	2026-08-06T10:31:03.7917352Z #10 3.997 Downloading pydantic_core-2.33.2-cp312-cp312-manylinux_2_17_x86_64.manylinux2014_x86_64.whl (2.0 MB)
docker	Build release image	2026-08-06T10:31:03.7918774Z #10 4.007    ━━━━━━━━━━━━━━━━━━━━━━━━━━━━━━━━━━━━━━━━ 2.0/2.0 MB 276.3 MB/s eta 0:00:00
docker	Build release image	2026-08-06T10:31:03.7919720Z #10 4.011 Downloading annotated_doc-0.0.5-py3-none-any.whl (5.3 kB)
docker	Build release image	2026-08-06T10:31:03.7920445Z #10 4.015 Downloading annotated_types-0.8.0-py3-none-any.whl (13 kB)
docker	Build release image	2026-08-06T10:31:03.7921011Z #10 4.019 Downloading anyio-4.14.2-py3-none-any.whl (125 kB)
docker	Build release image	2026-08-06T10:31:03.7921507Z #10 4.024 Downloading click-8.4.2-py3-none-any.whl (119 kB)
docker	Build release image	2026-08-06T10:31:03.7922205Z #10 4.031 Downloading greenlet-3.5.4-cp312-cp312-manylinux_2_24_x86_64.manylinux_2_28_x86_64.whl (621 kB)
docker	Build release image	2026-08-06T10:31:03.7923084Z #10 4.034    ━━━━━━━━━━━━━━━━━━━━━━━━━━━━━━━━━━━━━━━ 621.5/621.5 kB 640.7 MB/s eta 0:00:00
docker	Build release image	2026-08-06T10:31:03.7923828Z #10 4.039 Downloading h11-0.16.0-py3-none-any.whl (37 kB)
docker	Build release image	2026-08-06T10:31:03.7924618Z #10 4.044 Downloading httptools-0.8.0-cp312-cp312-manylinux1_x86_64.manylinux_2_28_x86_64.manylinux_2_5_x86_64.whl (523 kB)
docker	Build release image	2026-08-06T10:31:03.7925532Z #10 4.048 Downloading markupsafe-3.0.3-cp312-cp312-manylinux2014_x86_64.manylinux_2_17_x86_64.manylinux_2_28_x86_64.whl (22 kB)
docker	Build release image	2026-08-06T10:31:03.7926618Z #10 4.052 Downloading python_dotenv-1.2.2-py3-none-any.whl (22 kB)
docker	Build release image	2026-08-06T10:31:03.7927288Z #10 4.056 Downloading pyyaml-6.0.3-cp312-cp312-manylinux2014_x86_64.manylinux_2_17_x86_64.manylinux_2_28_x86_64.whl (807 kB)
docker	Build release image	2026-08-06T10:31:03.7928058Z #10 4.060    ━━━━━━━━━━━━━━━━━━━━━━━━━━━━━━━━━━━━━━━ 807.9/807.9 kB 321.0 MB/s eta 0:00:00
docker	Build release image	2026-08-06T10:31:03.7928538Z #10 4.064 Downloading typing_extensions-4.16.0-py3-none-any.whl (45 kB)
docker	Build release image	2026-08-06T10:31:03.7929016Z #10 4.068 Downloading typing_inspection-0.4.2-py3-none-any.whl (14 kB)
docker	Build release image	2026-08-06T10:31:03.9698446Z #10 4.072 Downloading uvloop-0.22.1-cp312-cp312-manylinux2014_x86_64.manylinux_2_17_x86_64.manylinux_2_28_x86_64.whl (4.4 MB)
docker	Build release image	2026-08-06T10:31:03.9699766Z #10 4.086    ━━━━━━━━━━━━━━━━━━━━━━━━━━━━━━━━━━━━━━━━ 4.4/4.4 MB 390.9 MB/s eta 0:00:00
docker	Build release image	2026-08-06T10:31:03.9700553Z #10 4.090 Downloading watchfiles-1.2.0-cp312-cp312-manylinux_2_17_x86_64.manylinux2014_x86_64.whl (456 kB)
docker	Build release image	2026-08-06T10:31:03.9701571Z #10 4.095 Downloading websockets-17.0.1-cp312-cp312-manylinux1_x86_64.manylinux_2_28_x86_64.manylinux_2_5_x86_64.whl (220 kB)
docker	Build release image	2026-08-06T10:31:03.9702618Z #10 4.101 Downloading argon2_cffi_bindings-25.1.0-cp39-abi3-manylinux_2_26_x86_64.manylinux_2_28_x86_64.whl (87 kB)
docker	Build release image	2026-08-06T10:31:03.9703673Z #10 4.105 Downloading mako-1.4.1-py3-none-any.whl (80 kB)
docker	Build release image	2026-08-06T10:31:03.9704176Z #10 4.109 Downloading requests-2.34.2-py3-none-any.whl (73 kB)
docker	Build release image	2026-08-06T10:31:03.9704705Z #10 4.113 Downloading certifi-2026.7.22-py3-none-any.whl (136 kB)
docker	Build release image	2026-08-06T10:31:03.9705402Z #10 4.117 Downloading cffi-2.1.1-cp312-cp312-manylinux2014_x86_64.manylinux_2_17_x86_64.whl (221 kB)
docker	Build release image	2026-08-06T10:31:03.9706426Z #10 4.121 Downloading charset_normalizer-3.4.9-cp312-cp312-manylinux2014_x86_64.manylinux_2_17_x86_64.manylinux_2_28_x86_64.whl (224 kB)
docker	Build release image	2026-08-06T10:31:03.9707283Z #10 4.125 Downloading idna-3.18-py3-none-any.whl (65 kB)
docker	Build release image	2026-08-06T10:31:03.9707771Z #10 4.130 Downloading urllib3-2.7.0-py3-none-any.whl (131 kB)
docker	Build release image	2026-08-06T10:31:03.9708276Z #10 4.134 Downloading pycparser-3.0-py3-none-any.whl (48 kB)
docker	Build release image	2026-08-06T10:31:03.9710160Z #10 4.246 Installing collected packages: websockets, uvloop, urllib3, typing-extensions, segno, pyyaml, python-multipart, python-dotenv, PyJWT, pycparser, psycopg-binary, MarkupSafe, idna, httptools, h11, greenlet, click, charset_normalizer, certifi, annotated-types, annotated-doc, uvicorn, typing-inspection, SQLAlchemy, requests, pydantic-core, psycopg, Mako, jinja2, cffi, anyio, watchfiles, starlette, pymanuf, pydantic, argon2-cffi-bindings, alembic, fastapi, argon2-cffi
docker	Build release image	2026-08-06T10:31:07.3340668Z #10 7.610 Successfully installed Mako-1.4.1 MarkupSafe-3.0.3 PyJWT-2.13.0 SQLAlchemy-2.0.43 alembic-1.17.2 annotated-doc-0.0.5 annotated-types-0.8.0 anyio-4.14.2 argon2-cffi-25.1.0 argon2-cffi-bindings-25.1.0 certifi-2026.7.22 cffi-2.1.1 charset_normalizer-3.4.9 click-8.4.2 fastapi-0.140.0 greenlet-3.5.4 h11-0.16.0 httptools-0.8.0 idna-3.18 jinja2-3.1.6 psycopg-3.3.4 psycopg-binary-3.3.4 pycparser-3.0 pydantic-2.11.7 pydantic-core-2.33.2 pymanuf-2026.7.1 python-dotenv-1.2.2 python-multipart-0.0.31 pyyaml-6.0.3 requests-2.34.2 segno-1.6.6 starlette-1.3.1 typing-extensions-4.16.0 typing-inspection-0.4.2 urllib3-2.7.0 uvicorn-0.35.0 uvloop-0.22.1 watchfiles-1.2.0 websockets-17.0.1
docker	Build release image	2026-08-06T10:31:07.5510385Z #10 7.611 WARNING: Running pip as the 'root' user can result in broken permissions and conflicting behaviour with the system package manager, possibly rendering your system unusable. It is recommended to use a virtual environment instead: https://pip.pypa.io/warnings/venv. Use the --root-user-action option if you know what you are doing and want to suppress this warning.
docker	Build release image	2026-08-06T10:31:07.5514036Z #10 7.676 
docker	Build release image	2026-08-06T10:31:07.5514574Z #10 7.676 [notice] A new release of pip is available: 25.0.1 -> 26.2.1
docker	Build release image	2026-08-06T10:31:07.5515039Z #10 7.676 [notice] To update, run: pip install --upgrade pip
docker	Build release image	2026-08-06T10:31:07.7027001Z #10 DONE 8.0s
docker	Build release image	2026-08-06T10:31:07.9102682Z 
docker	Build release image	2026-08-06T10:31:07.9103684Z #11 [6/9] COPY backend /app/backend
docker	Build release image	2026-08-06T10:31:07.9104627Z #11 DONE 0.0s
docker	Build release image	2026-08-06T10:31:07.9104786Z 
docker	Build release image	2026-08-06T10:31:07.9105043Z #12 [7/9] COPY openwrt-agent /app/openwrt-agent
docker	Build release image	2026-08-06T10:31:07.9105489Z #12 DONE 0.0s
docker	Build release image	2026-08-06T10:31:07.9105637Z 
docker	Build release image	2026-08-06T10:31:07.9105756Z #13 [8/9] COPY VERSION /app/VERSION
docker	Build release image	2026-08-06T10:31:07.9106080Z #13 DONE 0.0s
docker	Build release image	2026-08-06T10:31:07.9106225Z 
docker	Build release image	2026-08-06T10:31:07.9107105Z #14 [9/9] RUN groupadd --gid 10001 wrtmonitor     && useradd --uid 10001 --gid 10001 --no-create-home --shell /usr/sbin/nologin wrtmonitor     && mkdir -p /backups     && chown -R wrtmonitor:wrtmonitor /app /backups
docker	Build release image	2026-08-06T10:31:08.0340020Z #14 DONE 0.3s
docker	Build release image	2026-08-06T10:31:08.1876676Z 
docker	Build release image	2026-08-06T10:31:08.1879249Z #15 exporting to image
docker	Build release image	2026-08-06T10:31:08.1879794Z #15 exporting layers
docker	Build release image	2026-08-06T10:31:09.4693415Z #15 exporting layers 1.4s done
docker	Build release image	2026-08-06T10:31:09.4964107Z #15 writing image sha256:f438070c65aba1b20b42358ca34edf88ddf48fa670b3ac5c8cbccf2bb959e2da done
docker	Build release image	2026-08-06T10:31:09.4965340Z #15 naming to ghcr.io/shurshick/wrtmonitor:0.35.0 done
docker	Build release image	2026-08-06T10:31:09.4966130Z #15 naming to ghcr.io/shurshick/wrtmonitor:canary done
docker	Build release image	2026-08-06T10:31:09.4966691Z #15 DONE 1.4s
docker	Smoke-test release image	﻿2026-08-06T10:31:09.5049571Z ##[group]Run docker run --rm \
docker	Smoke-test release image	2026-08-06T10:31:09.5049938Z ^[[36;1mdocker run --rm \^[[0m
docker	Smoke-test release image	2026-08-06T10:31:09.5050262Z ^[[36;1m  -e WRTMONITOR_ALLOW_INSECURE_DEV_DEFAULTS=true \^[[0m
docker	Smoke-test release image	2026-08-06T10:31:09.5050794Z ^[[36;1m  -e WRTMONITOR_JWT_SECRET=ci-test-secret-value-with-more-than-32-characters \^[[0m
docker	Smoke-test release image	2026-08-06T10:31:09.5051290Z ^[[36;1m  "$IMAGE_NAME:$RELEASE_VERSION" \^[[0m
docker	Smoke-test release image	2026-08-06T10:31:09.5052378Z ^[[36;1m  python -c "from pathlib import Path; from backend.app.main import app; from backend.app.config import APP_VERSION; expected = Path('/app/VERSION').read_text().strip(); assert APP_VERSION == expected == '$RELEASE_VERSION'; assert app.version == expected; print(expected)"^[[0m
docker	Smoke-test release image	2026-08-06T10:31:09.5097936Z shell: /usr/bin/bash -e {0}
docker	Smoke-test release image	2026-08-06T10:31:09.5098208Z env:
docker	Smoke-test release image	2026-08-06T10:31:09.5098437Z   IMAGE_NAME: ghcr.io/shurshick/wrtmonitor
docker	Smoke-test release image	2026-08-06T10:31:09.5098753Z   RELEASE_VERSION: 0.35.0
docker	Smoke-test release image	2026-08-06T10:31:09.5098997Z   RELEASE_TAG: v0.35.0
docker	Smoke-test release image	2026-08-06T10:31:09.5099238Z ##[endgroup]
docker	Smoke-test release image	2026-08-06T10:31:11.5011926Z 0.35.0
docker	Run docker/setup-buildx-action@v3	﻿2026-08-06T10:31:11.7998115Z Node 20 is being deprecated. This workflow is running with Node 24 by default. If you need to temporarily use Node 20, you can set the ACTIONS_ALLOW_USE_UNSECURE_NODE_VERSION=true environment variable. For more information see: https://github.blog/changelog/2025-09-19-deprecation-of-node-20-on-github-actions-runners/
docker	Run docker/setup-buildx-action@v3	2026-08-06T10:31:11.7999513Z ##[group]Run docker/setup-buildx-action@v3
docker	Run docker/setup-buildx-action@v3	2026-08-06T10:31:11.7999822Z with:
docker	Run docker/setup-buildx-action@v3	2026-08-06T10:31:11.8000038Z   driver: docker-container
docker	Run docker/setup-buildx-action@v3	2026-08-06T10:31:11.8000509Z   use: true
docker	Run docker/setup-buildx-action@v3	2026-08-06T10:31:11.8000704Z   keep-state: false
docker	Run docker/setup-buildx-action@v3	2026-08-06T10:31:11.8000915Z   cache-binary: true
docker	Run docker/setup-buildx-action@v3	2026-08-06T10:31:11.8001145Z   cleanup: true
docker	Run docker/setup-buildx-action@v3	2026-08-06T10:31:11.8001341Z   install: false
docker	Run docker/setup-buildx-action@v3	2026-08-06T10:31:11.8001528Z env:
docker	Run docker/setup-buildx-action@v3	2026-08-06T10:31:11.8001730Z   IMAGE_NAME: ghcr.io/shurshick/wrtmonitor
docker	Run docker/setup-buildx-action@v3	2026-08-06T10:31:11.8002017Z   RELEASE_VERSION: 0.35.0
docker	Run docker/setup-buildx-action@v3	2026-08-06T10:31:11.8002249Z   RELEASE_TAG: v0.35.0
docker	Run docker/setup-buildx-action@v3	2026-08-06T10:31:11.8002459Z ##[endgroup]
docker	Run docker/setup-buildx-action@v3	2026-08-06T10:31:12.0697077Z (node:3573) [DEP0040] DeprecationWarning: The `punycode` module is deprecated. Please use a userland alternative instead.
docker	Run docker/setup-buildx-action@v3	2026-08-06T10:31:12.0698185Z (Use `node --trace-deprecation ...` to show where the warning was created)
docker	Run docker/setup-buildx-action@v3	2026-08-06T10:31:12.0767373Z ##[group]Docker info
docker	Run docker/setup-buildx-action@v3	2026-08-06T10:31:12.0798506Z [command]/usr/bin/docker version
docker	Run docker/setup-buildx-action@v3	2026-08-06T10:31:12.1057595Z Client: Docker Engine - Community
docker	Run docker/setup-buildx-action@v3	2026-08-06T10:31:12.1058563Z  Version:           28.0.4
docker	Run docker/setup-buildx-action@v3	2026-08-06T10:31:12.1061861Z  API version:       1.48
docker	Run docker/setup-buildx-action@v3	2026-08-06T10:31:12.1062403Z  Go version:        go1.23.7
docker	Run docker/setup-buildx-action@v3	2026-08-06T10:31:12.1062796Z  Git commit:        b8034c0
docker	Run docker/setup-buildx-action@v3	2026-08-06T10:31:12.1063431Z  Built:             Tue Mar 25 15:07:16 2025
docker	Run docker/setup-buildx-action@v3	2026-08-06T10:31:12.1064088Z  OS/Arch:           linux/amd64
docker	Run docker/setup-buildx-action@v3	2026-08-06T10:31:12.1064514Z  Context:           default
docker	Run docker/setup-buildx-action@v3	2026-08-06T10:31:12.1064759Z 
docker	Run docker/setup-buildx-action@v3	2026-08-06T10:31:12.1064936Z Server: Docker Engine - Community
docker	Run docker/setup-buildx-action@v3	2026-08-06T10:31:12.1065354Z  Engine:
docker	Run docker/setup-buildx-action@v3	2026-08-06T10:31:12.1065670Z   Version:          28.0.4
docker	Run docker/setup-buildx-action@v3	2026-08-06T10:31:12.1066107Z   API version:      1.48 (minimum version 1.24)
docker	Run docker/setup-buildx-action@v3	2026-08-06T10:31:12.1066631Z   Go version:       go1.23.7
docker	Run docker/setup-buildx-action@v3	2026-08-06T10:31:12.1067035Z   Git commit:       6430e49
docker	Run docker/setup-buildx-action@v3	2026-08-06T10:31:12.1067441Z   Built:            Tue Mar 25 15:07:16 2025
docker	Run docker/setup-buildx-action@v3	2026-08-06T10:31:12.1067901Z   OS/Arch:          linux/amd64
docker	Run docker/setup-buildx-action@v3	2026-08-06T10:31:12.1068309Z   Experimental:     false
docker	Run docker/setup-buildx-action@v3	2026-08-06T10:31:12.1068691Z  containerd:
docker	Run docker/setup-buildx-action@v3	2026-08-06T10:31:12.1069017Z   Version:          v2.2.6
docker	Run docker/setup-buildx-action@v3	2026-08-06T10:31:12.1069508Z   GitCommit:        11ce9d5f3c68c941867e82890e93e815c1304f1b
docker	Run docker/setup-buildx-action@v3	2026-08-06T10:31:12.1070079Z  runc:
docker	Run docker/setup-buildx-action@v3	2026-08-06T10:31:12.1070410Z   Version:          1.3.6
docker	Run docker/setup-buildx-action@v3	2026-08-06T10:31:12.1070859Z   GitCommit:        v1.3.6-0-g491b69ba
docker	Run docker/setup-buildx-action@v3	2026-08-06T10:31:12.1071341Z  docker-init:
docker	Run docker/setup-buildx-action@v3	2026-08-06T10:31:12.1071719Z   Version:          0.19.0
docker	Run docker/setup-buildx-action@v3	2026-08-06T10:31:12.1072142Z   GitCommit:        de40ad0
docker	Run docker/setup-buildx-action@v3	2026-08-06T10:31:12.1132774Z [command]/usr/bin/docker info
docker	Run docker/setup-buildx-action@v3	2026-08-06T10:31:12.3892524Z Client: Docker Engine - Community
docker	Run docker/setup-buildx-action@v3	2026-08-06T10:31:12.3894180Z  Version:    28.0.4
docker	Run docker/setup-buildx-action@v3	2026-08-06T10:31:12.3894906Z  Context:    default
docker	Run docker/setup-buildx-action@v3	2026-08-06T10:31:12.3895279Z  Debug Mode: false
docker	Run docker/setup-buildx-action@v3	2026-08-06T10:31:12.3895849Z  Plugins:
docker	Run docker/setup-buildx-action@v3	2026-08-06T10:31:12.3896261Z   buildx: Docker Buildx (Docker Inc.)
docker	Run docker/setup-buildx-action@v3	2026-08-06T10:31:12.3896670Z     Version:  v0.35.0
docker	Run docker/setup-buildx-action@v3	2026-08-06T10:31:12.3897302Z     Path:     /usr/libexec/docker/cli-plugins/docker-buildx
docker	Run docker/setup-buildx-action@v3	2026-08-06T10:31:12.3898008Z   compose: Docker Compose (Docker Inc.)
docker	Run docker/setup-buildx-action@v3	2026-08-06T10:31:12.3898607Z     Version:  v2.38.2
docker	Run docker/setup-buildx-action@v3	2026-08-06T10:31:12.3899069Z     Path:     /usr/libexec/docker/cli-plugins/docker-compose
docker	Run docker/setup-buildx-action@v3	2026-08-06T10:31:12.3899434Z 
docker	Run docker/setup-buildx-action@v3	2026-08-06T10:31:12.3899516Z Server:
docker	Run docker/setup-buildx-action@v3	2026-08-06T10:31:12.3899712Z  Containers: 0
docker	Run docker/setup-buildx-action@v3	2026-08-06T10:31:12.3899909Z   Running: 0
docker	Run docker/setup-buildx-action@v3	2026-08-06T10:31:12.3900106Z   Paused: 0
docker	Run docker/setup-buildx-action@v3	2026-08-06T10:31:12.3900301Z   Stopped: 0
docker	Run docker/setup-buildx-action@v3	2026-08-06T10:31:12.3900489Z  Images: 7
docker	Run docker/setup-buildx-action@v3	2026-08-06T10:31:12.3900716Z  Server Version: 28.0.4
docker	Run docker/setup-buildx-action@v3	2026-08-06T10:31:12.3900946Z  Storage Driver: overlay2
docker	Run docker/setup-buildx-action@v3	2026-08-06T10:31:12.3901194Z   Backing Filesystem: extfs
docker	Run docker/setup-buildx-action@v3	2026-08-06T10:31:12.3901431Z   Supports d_type: true
docker	Run docker/setup-buildx-action@v3	2026-08-06T10:31:12.3902086Z   Using metacopy: false
docker	Run docker/setup-buildx-action@v3	2026-08-06T10:31:12.3902312Z   Native Overlay Diff: false
docker	Run docker/setup-buildx-action@v3	2026-08-06T10:31:12.3902548Z   userxattr: false
docker	Run docker/setup-buildx-action@v3	2026-08-06T10:31:12.3902765Z  Logging Driver: json-file
docker	Run docker/setup-buildx-action@v3	2026-08-06T10:31:12.3902996Z  Cgroup Driver: systemd
docker	Run docker/setup-buildx-action@v3	2026-08-06T10:31:12.3903530Z  Cgroup Version: 2
docker	Run docker/setup-buildx-action@v3	2026-08-06T10:31:12.3903824Z  Plugins:
docker	Run docker/setup-buildx-action@v3	2026-08-06T10:31:12.3904012Z   Volume: local
docker	Run docker/setup-buildx-action@v3	2026-08-06T10:31:12.3904432Z   Network: bridge host ipvlan macvlan null overlay
docker	Run docker/setup-buildx-action@v3	2026-08-06T10:31:12.3905356Z   Log: awslogs fluentd gcplogs gelf journald json-file local splunk syslog
docker	Run docker/setup-buildx-action@v3	2026-08-06T10:31:12.3905766Z  Swarm: inactive
docker	Run docker/setup-buildx-action@v3	2026-08-06T10:31:12.3905995Z  Runtimes: io.containerd.runc.v2 runc
docker	Run docker/setup-buildx-action@v3	2026-08-06T10:31:12.3906275Z  Default Runtime: runc
docker	Run docker/setup-buildx-action@v3	2026-08-06T10:31:12.3906501Z  Init Binary: docker-init
docker	Run docker/setup-buildx-action@v3	2026-08-06T10:31:12.3906806Z  containerd version: 11ce9d5f3c68c941867e82890e93e815c1304f1b
docker	Run docker/setup-buildx-action@v3	2026-08-06T10:31:12.3907161Z  runc version: v1.3.6-0-g491b69ba
docker	Run docker/setup-buildx-action@v3	2026-08-06T10:31:12.3907459Z  init version: de40ad0
docker	Run docker/setup-buildx-action@v3	2026-08-06T10:31:12.3907685Z  Security Options:
docker	Run docker/setup-buildx-action@v3	2026-08-06T10:31:12.3907886Z   apparmor
docker	Run docker/setup-buildx-action@v3	2026-08-06T10:31:12.3908071Z   seccomp
docker	Run docker/setup-buildx-action@v3	2026-08-06T10:31:12.3908257Z    Profile: builtin
docker	Run docker/setup-buildx-action@v3	2026-08-06T10:31:12.3908454Z   cgroupns
docker	Run docker/setup-buildx-action@v3	2026-08-06T10:31:12.3908649Z  Kernel Version: 6.17.0-1020-azure
docker	Run docker/setup-buildx-action@v3	2026-08-06T10:31:12.3908945Z  Operating System: Ubuntu 24.04.4 LTS
docker	Run docker/setup-buildx-action@v3	2026-08-06T10:31:12.3909207Z  OSType: linux
docker	Run docker/setup-buildx-action@v3	2026-08-06T10:31:12.3909408Z  Architecture: x86_64
docker	Run docker/setup-buildx-action@v3	2026-08-06T10:31:12.3909611Z  CPUs: 4
docker	Run docker/setup-buildx-action@v3	2026-08-06T10:31:12.3909810Z  Total Memory: 15.61GiB
docker	Run docker/setup-buildx-action@v3	2026-08-06T10:31:12.3910198Z  Name: runnervmvrwv9
docker	Run docker/setup-buildx-action@v3	2026-08-06T10:31:12.3910559Z  ID: dce1e4a9-fc26-4218-aaf0-feee5194c8cb
docker	Run docker/setup-buildx-action@v3	2026-08-06T10:31:12.3910894Z  Docker Root Dir: /var/lib/docker
docker	Run docker/setup-buildx-action@v3	2026-08-06T10:31:12.3911140Z  Debug Mode: false
docker	Run docker/setup-buildx-action@v3	2026-08-06T10:31:12.3911353Z  Username: githubactions
docker	Run docker/setup-buildx-action@v3	2026-08-06T10:31:12.3911585Z  Experimental: false
docker	Run docker/setup-buildx-action@v3	2026-08-06T10:31:12.3911811Z  Insecure Registries:
docker	Run docker/setup-buildx-action@v3	2026-08-06T10:31:12.3912222Z   ::1/128
docker	Run docker/setup-buildx-action@v3	2026-08-06T10:31:12.3912407Z   127.0.0.0/8
docker	Run docker/setup-buildx-action@v3	2026-08-06T10:31:12.3912621Z  Live Restore Enabled: false
docker	Run docker/setup-buildx-action@v3	2026-08-06T10:31:12.3912782Z 
docker	Run docker/setup-buildx-action@v3	2026-08-06T10:31:12.3913462Z ##[endgroup]
docker	Run docker/setup-buildx-action@v3	2026-08-06T10:31:12.4527204Z ##[group]Buildx version
docker	Run docker/setup-buildx-action@v3	2026-08-06T10:31:12.4560023Z [command]/usr/bin/docker buildx version
docker	Run docker/setup-buildx-action@v3	2026-08-06T10:31:12.5135521Z github.com/docker/buildx v0.35.0 a319e5b15052cf6557ceb666eb8ff6e32380b782
docker	Run docker/setup-buildx-action@v3	2026-08-06T10:31:12.5156150Z ##[endgroup]
docker	Run docker/setup-buildx-action@v3	2026-08-06T10:31:12.5327190Z ##[group]Inspecting default docker context
docker	Run docker/setup-buildx-action@v3	2026-08-06T10:31:12.5488556Z [
docker	Run docker/setup-buildx-action@v3	2026-08-06T10:31:12.5489021Z   {
docker	Run docker/setup-buildx-action@v3	2026-08-06T10:31:12.5489238Z     "Name": "default",
docker	Run docker/setup-buildx-action@v3	2026-08-06T10:31:12.5500135Z     "Metadata": {},
docker	Run docker/setup-buildx-action@v3	2026-08-06T10:31:12.5500474Z     "Endpoints": {
docker	Run docker/setup-buildx-action@v3	2026-08-06T10:31:12.5500701Z       "docker": {
docker	Run docker/setup-buildx-action@v3	2026-08-06T10:31:12.5501101Z         "Host": "unix:///var/run/docker.sock",
docker	Run docker/setup-buildx-action@v3	2026-08-06T10:31:12.5501633Z         "SkipTLSVerify": false
docker	Run docker/setup-buildx-action@v3	2026-08-06T10:31:12.5502078Z       }
docker	Run docker/setup-buildx-action@v3	2026-08-06T10:31:12.5502356Z     },
docker	Run docker/setup-buildx-action@v3	2026-08-06T10:31:12.5502688Z     "TLSMaterial": {},
docker	Run docker/setup-buildx-action@v3	2026-08-06T10:31:12.5503035Z     "Storage": {
docker	Run docker/setup-buildx-action@v3	2026-08-06T10:31:12.5503713Z       "MetadataPath": "<IN MEMORY>",
docker	Run docker/setup-buildx-action@v3	2026-08-06T10:31:12.5504169Z       "TLSPath": "<IN MEMORY>"
docker	Run docker/setup-buildx-action@v3	2026-08-06T10:31:12.5504598Z     }
docker	Run docker/setup-buildx-action@v3	2026-08-06T10:31:12.5504926Z   }
docker	Run docker/setup-buildx-action@v3	2026-08-06T10:31:12.5505208Z ]
docker	Run docker/setup-buildx-action@v3	2026-08-06T10:31:12.5505968Z ##[endgroup]
docker	Run docker/setup-buildx-action@v3	2026-08-06T10:31:12.5506622Z ##[group]Creating a new builder instance
docker	Run docker/setup-buildx-action@v3	2026-08-06T10:31:12.6759925Z [command]/usr/bin/docker buildx create --name builder-39116cbf-10db-49c4-80a9-284fcdf28c69 --driver docker-container --buildkitd-flags --allow-insecure-entitlement security.insecure --allow-insecure-entitlement network.host --use
docker	Run docker/setup-buildx-action@v3	2026-08-06T10:31:12.7327643Z builder-39116cbf-10db-49c4-80a9-284fcdf28c69
docker	Run docker/setup-buildx-action@v3	2026-08-06T10:31:12.7365645Z ##[endgroup]
docker	Run docker/setup-buildx-action@v3	2026-08-06T10:31:12.7366684Z ##[group]Booting builder
docker	Run docker/setup-buildx-action@v3	2026-08-06T10:31:12.7409545Z [command]/usr/bin/docker buildx inspect --bootstrap --builder builder-39116cbf-10db-49c4-80a9-284fcdf28c69
docker	Run docker/setup-buildx-action@v3	2026-08-06T10:31:12.7956799Z #1 [internal] booting buildkit
docker	Run docker/setup-buildx-action@v3	2026-08-06T10:31:12.9459058Z #1 pulling image moby/buildkit:buildx-stable-1
docker	Run docker/setup-buildx-action@v3	2026-08-06T10:31:14.7927342Z #1 pulling image moby/buildkit:buildx-stable-1 2.0s done
docker	Run docker/setup-buildx-action@v3	2026-08-06T10:31:14.9428808Z #1 creating container buildx_buildkit_builder-39116cbf-10db-49c4-80a9-284fcdf28c690
docker	Run docker/setup-buildx-action@v3	2026-08-06T10:31:15.0198987Z #1 creating container buildx_buildkit_builder-39116cbf-10db-49c4-80a9-284fcdf28c690 0.2s done
docker	Run docker/setup-buildx-action@v3	2026-08-06T10:31:15.0211249Z #1 DONE 2.2s
docker	Run docker/setup-buildx-action@v3	2026-08-06T10:31:15.0533930Z Name:          builder-39116cbf-10db-49c4-80a9-284fcdf28c69
docker	Run docker/setup-buildx-action@v3	2026-08-06T10:31:15.0539766Z Driver:        docker-container
docker	Run docker/setup-buildx-action@v3	2026-08-06T10:31:15.0541030Z Last Activity: 2026-08-06 10:31:12 +0000 UTC
docker	Run docker/setup-buildx-action@v3	2026-08-06T10:31:15.0541449Z 
docker	Run docker/setup-buildx-action@v3	2026-08-06T10:31:15.0553767Z Nodes:
docker	Run docker/setup-buildx-action@v3	2026-08-06T10:31:15.0554396Z Name:                  builder-39116cbf-10db-49c4-80a9-284fcdf28c690
docker	Run docker/setup-buildx-action@v3	2026-08-06T10:31:15.0555117Z Endpoint:              unix:///var/run/docker.sock
docker	Run docker/setup-buildx-action@v3	2026-08-06T10:31:15.0555689Z Status:                running
docker	Run docker/setup-buildx-action@v3	2026-08-06T10:31:15.0556627Z BuildKit daemon flags: --allow-insecure-entitlement security.insecure --allow-insecure-entitlement network.host
docker	Run docker/setup-buildx-action@v3	2026-08-06T10:31:15.0557662Z BuildKit version:      v0.31.2
docker	Run docker/setup-buildx-action@v3	2026-08-06T10:31:15.0558320Z Platforms:             linux/amd64, linux/amd64/v2, linux/amd64/v3, linux/386
docker	Run docker/setup-buildx-action@v3	2026-08-06T10:31:15.0558996Z Labels:
docker	Run docker/setup-buildx-action@v3	2026-08-06T10:31:15.0559480Z  org.mobyproject.buildkit.worker.executor:         oci
docker	Run docker/setup-buildx-action@v3	2026-08-06T10:31:15.0560246Z  org.mobyproject.buildkit.worker.hostname:         c58f3d6e4d24
docker	Run docker/setup-buildx-action@v3	2026-08-06T10:31:15.0561087Z  org.mobyproject.buildkit.worker.network:          host
docker	Run docker/setup-buildx-action@v3	2026-08-06T10:31:15.0561854Z  org.mobyproject.buildkit.worker.oci.process-mode: sandbox
docker	Run docker/setup-buildx-action@v3	2026-08-06T10:31:15.0565412Z  org.mobyproject.buildkit.worker.selinux.enabled:  false
docker	Run docker/setup-buildx-action@v3	2026-08-06T10:31:15.0566782Z  org.mobyproject.buildkit.worker.snapshotter:      overlayfs
docker	Run docker/setup-buildx-action@v3	2026-08-06T10:31:15.0567672Z GC Policy rule#0:
docker	Run docker/setup-buildx-action@v3	2026-08-06T10:31:15.0568823Z  All:            false
docker	Run docker/setup-buildx-action@v3	2026-08-06T10:31:15.0569461Z  Filters:        type==source.local type==exec.cachemount type==source.git.checkout
docker	Run docker/setup-buildx-action@v3	2026-08-06T10:31:15.0570863Z  Keep Duration:  48h0m0s
docker	Run docker/setup-buildx-action@v3	2026-08-06T10:31:15.0571565Z  Max Used Space: 488.3MiB
docker	Run docker/setup-buildx-action@v3	2026-08-06T10:31:15.0572074Z GC Policy rule#1:
docker	Run docker/setup-buildx-action@v3	2026-08-06T10:31:15.0572648Z  All:            false
docker	Run docker/setup-buildx-action@v3	2026-08-06T10:31:15.0572896Z  Keep Duration:  1440h0m0s
docker	Run docker/setup-buildx-action@v3	2026-08-06T10:31:15.0573156Z  Reserved Space: 9.313GiB
docker	Run docker/setup-buildx-action@v3	2026-08-06T10:31:15.0573851Z  Max Used Space: 93.13GiB
docker	Run docker/setup-buildx-action@v3	2026-08-06T10:31:15.0574255Z  Min Free Space: 27.01GiB
docker	Run docker/setup-buildx-action@v3	2026-08-06T10:31:15.0574567Z GC Policy rule#2:
docker	Run docker/setup-buildx-action@v3	2026-08-06T10:31:15.0575513Z  All:            false
docker	Run docker/setup-buildx-action@v3	2026-08-06T10:31:15.0576610Z  Reserved Space: 9.313GiB
docker	Run docker/setup-buildx-action@v3	2026-08-06T10:31:15.0576909Z  Max Used Space: 93.13GiB
docker	Run docker/setup-buildx-action@v3	2026-08-06T10:31:15.0577145Z  Min Free Space: 27.01GiB
docker	Run docker/setup-buildx-action@v3	2026-08-06T10:31:15.0577469Z GC Policy rule#3:
docker	Run docker/setup-buildx-action@v3	2026-08-06T10:31:15.0577675Z  All:            true
docker	Run docker/setup-buildx-action@v3	2026-08-06T10:31:15.0577888Z  Reserved Space: 9.313GiB
docker	Run docker/setup-buildx-action@v3	2026-08-06T10:31:15.0578107Z  Max Used Space: 93.13GiB
docker	Run docker/setup-buildx-action@v3	2026-08-06T10:31:15.0578324Z  Min Free Space: 27.01GiB
docker	Run docker/setup-buildx-action@v3	2026-08-06T10:31:15.0595311Z ##[endgroup]
docker	Run docker/setup-buildx-action@v3	2026-08-06T10:31:15.1567247Z ##[group]Inspect builder
docker	Run docker/setup-buildx-action@v3	2026-08-06T10:31:15.1567810Z {
docker	Run docker/setup-buildx-action@v3	2026-08-06T10:31:15.1570630Z   "nodes": [
docker	Run docker/setup-buildx-action@v3	2026-08-06T10:31:15.1571295Z     {
docker	Run docker/setup-buildx-action@v3	2026-08-06T10:31:15.1572011Z       "name": "builder-39116cbf-10db-49c4-80a9-284fcdf28c690",
docker	Run docker/setup-buildx-action@v3	2026-08-06T10:31:15.1572748Z       "endpoint": "unix:///var/run/docker.sock",
docker	Run docker/setup-buildx-action@v3	2026-08-06T10:31:15.1573613Z       "status": "running",
docker	Run docker/setup-buildx-action@v3	2026-08-06T10:31:15.1574648Z       "buildkitd-flags": "--allow-insecure-entitlement security.insecure --allow-insecure-entitlement network.host",
docker	Run docker/setup-buildx-action@v3	2026-08-06T10:31:15.1575629Z       "buildkit": "v0.31.2",
docker	Run docker/setup-buildx-action@v3	2026-08-06T10:31:15.1576196Z       "platforms": "linux/amd64,linux/amd64/v2,linux/amd64/v3,linux/386",
docker	Run docker/setup-buildx-action@v3	2026-08-06T10:31:15.1576770Z       "features": {
docker	Run docker/setup-buildx-action@v3	2026-08-06T10:31:15.1577288Z         "Automatically load images to the Docker Engine image store": true,
docker	Run docker/setup-buildx-action@v3	2026-08-06T10:31:15.1577879Z         "Cache export": true,
docker	Run docker/setup-buildx-action@v3	2026-08-06T10:31:15.1578314Z         "Direct push": true,
docker	Run docker/setup-buildx-action@v3	2026-08-06T10:31:15.1578712Z         "Docker exporter": true,
docker	Run docker/setup-buildx-action@v3	2026-08-06T10:31:15.1579167Z         "Multi-platform build": true,
docker	Run docker/setup-buildx-action@v3	2026-08-06T10:31:15.1579991Z         "OCI exporter": true
docker	Run docker/setup-buildx-action@v3	2026-08-06T10:31:15.1580444Z       },
docker	Run docker/setup-buildx-action@v3	2026-08-06T10:31:15.1580724Z       "labels": {
docker	Run docker/setup-buildx-action@v3	2026-08-06T10:31:15.1581150Z         "org.mobyproject.buildkit.worker.executor": "oci",
docker	Run docker/setup-buildx-action@v3	2026-08-06T10:31:15.1581781Z         "org.mobyproject.buildkit.worker.hostname": "c58f3d6e4d24",
docker	Run docker/setup-buildx-action@v3	2026-08-06T10:31:15.1582425Z         "org.mobyproject.buildkit.worker.network": "host",
docker	Run docker/setup-buildx-action@v3	2026-08-06T10:31:15.1583758Z         "org.mobyproject.buildkit.worker.oci.process-mode": "sandbox",
docker	Run docker/setup-buildx-action@v3	2026-08-06T10:31:15.1584824Z         "org.mobyproject.buildkit.worker.selinux.enabled": "false",
docker	Run docker/setup-buildx-action@v3	2026-08-06T10:31:15.1585544Z         "org.mobyproject.buildkit.worker.snapshotter": "overlayfs"
docker	Run docker/setup-buildx-action@v3	2026-08-06T10:31:15.1586187Z       },
docker	Run docker/setup-buildx-action@v3	2026-08-06T10:31:15.1586559Z       "gcPolicy": [
docker	Run docker/setup-buildx-action@v3	2026-08-06T10:31:15.1586962Z         {
docker	Run docker/setup-buildx-action@v3	2026-08-06T10:31:15.1587296Z           "all": false,
docker	Run docker/setup-buildx-action@v3	2026-08-06T10:31:15.1587650Z           "filter": [
docker	Run docker/setup-buildx-action@v3	2026-08-06T10:31:15.1588227Z             "type==source.local type==exec.cachemount type==source.git.checkout"
docker	Run docker/setup-buildx-action@v3	2026-08-06T10:31:15.1588915Z           ],
docker	Run docker/setup-buildx-action@v3	2026-08-06T10:31:15.1589243Z           "keepDuration": "48h0m0s",
docker	Run docker/setup-buildx-action@v3	2026-08-06T10:31:15.1589708Z           "maxUsedSpace": "488.3MiB"
docker	Run docker/setup-buildx-action@v3	2026-08-06T10:31:15.1590150Z         },
docker	Run docker/setup-buildx-action@v3	2026-08-06T10:31:15.1590476Z         {
docker	Run docker/setup-buildx-action@v3	2026-08-06T10:31:15.1590806Z           "all": false,
docker	Run docker/setup-buildx-action@v3	2026-08-06T10:31:15.1591199Z           "keepDuration": "1440h0m0s",
docker	Run docker/setup-buildx-action@v3	2026-08-06T10:31:15.1591695Z           "reservedSpace": "9.313GiB",
docker	Run docker/setup-buildx-action@v3	2026-08-06T10:31:15.1592162Z           "maxUsedSpace": "93.13GiB",
docker	Run docker/setup-buildx-action@v3	2026-08-06T10:31:15.1592637Z           "minFreeSpace": "27.01GiB"
docker	Run docker/setup-buildx-action@v3	2026-08-06T10:31:15.1593076Z         },
docker	Run docker/setup-buildx-action@v3	2026-08-06T10:31:15.1593560Z         {
docker	Run docker/setup-buildx-action@v3	2026-08-06T10:31:15.1593895Z           "all": false,
docker	Run docker/setup-buildx-action@v3	2026-08-06T10:31:15.1594266Z           "reservedSpace": "9.313GiB",
docker	Run docker/setup-buildx-action@v3	2026-08-06T10:31:15.1594794Z           "maxUsedSpace": "93.13GiB",
docker	Run docker/setup-buildx-action@v3	2026-08-06T10:31:15.1595345Z           "minFreeSpace": "27.01GiB"
docker	Run docker/setup-buildx-action@v3	2026-08-06T10:31:15.1595773Z         },
docker	Run docker/setup-buildx-action@v3	2026-08-06T10:31:15.1596101Z         {
docker	Run docker/setup-buildx-action@v3	2026-08-06T10:31:15.1596421Z           "all": true,
docker	Run docker/setup-buildx-action@v3	2026-08-06T10:31:15.1596821Z           "reservedSpace": "9.313GiB",
docker	Run docker/setup-buildx-action@v3	2026-08-06T10:31:15.1597278Z           "maxUsedSpace": "93.13GiB",
docker	Run docker/setup-buildx-action@v3	2026-08-06T10:31:15.1597733Z           "minFreeSpace": "27.01GiB"
docker	Run docker/setup-buildx-action@v3	2026-08-06T10:31:15.1598194Z         }
docker	Run docker/setup-buildx-action@v3	2026-08-06T10:31:15.1598531Z       ]
docker	Run docker/setup-buildx-action@v3	2026-08-06T10:31:15.1598825Z     }
docker	Run docker/setup-buildx-action@v3	2026-08-06T10:31:15.1599142Z   ],
docker	Run docker/setup-buildx-action@v3	2026-08-06T10:31:15.1599599Z   "name": "builder-39116cbf-10db-49c4-80a9-284fcdf28c69",
docker	Run docker/setup-buildx-action@v3	2026-08-06T10:31:15.1600191Z   "driver": "docker-container",
docker	Run docker/setup-buildx-action@v3	2026-08-06T10:31:15.1600705Z   "lastActivity": "2026-08-06T10:31:12.000Z"
docker	Run docker/setup-buildx-action@v3	2026-08-06T10:31:15.1601193Z }
docker	Run docker/setup-buildx-action@v3	2026-08-06T10:31:15.1601922Z ##[endgroup]
docker	Run docker/setup-buildx-action@v3	2026-08-06T10:31:15.1602565Z ##[group]BuildKit version
docker	Run docker/setup-buildx-action@v3	2026-08-06T10:31:15.1603110Z builder-39116cbf-10db-49c4-80a9-284fcdf28c690: v0.31.2
docker	Run docker/setup-buildx-action@v3	2026-08-06T10:31:15.1604174Z ##[endgroup]
docker	Run docker/login-action@v3	﻿2026-08-06T10:31:15.1744761Z Node 20 is being deprecated. This workflow is running with Node 24 by default. If you need to temporarily use Node 20, you can set the ACTIONS_ALLOW_USE_UNSECURE_NODE_VERSION=true environment variable. For more information see: https://github.blog/changelog/2025-09-19-deprecation-of-node-20-on-github-actions-runners/
docker	Run docker/login-action@v3	2026-08-06T10:31:15.1746126Z ##[group]Run docker/login-action@v3
docker	Run docker/login-action@v3	2026-08-06T10:31:15.1746406Z with:
docker	Run docker/login-action@v3	2026-08-06T10:31:15.1746598Z   registry: ghcr.io
docker	Run docker/login-action@v3	2026-08-06T10:31:15.1746827Z   username: shurshick
docker	Run docker/login-action@v3	2026-08-06T10:31:15.1749687Z   password: ***
docker	Run docker/login-action@v3	2026-08-06T10:31:15.1749916Z   logout: true
docker	Run docker/login-action@v3	2026-08-06T10:31:15.1750114Z env:
docker	Run docker/login-action@v3	2026-08-06T10:31:15.1750352Z   IMAGE_NAME: ghcr.io/shurshick/wrtmonitor
docker	Run docker/login-action@v3	2026-08-06T10:31:15.1750663Z   RELEASE_VERSION: 0.35.0
docker	Run docker/login-action@v3	2026-08-06T10:31:15.1750899Z   RELEASE_TAG: v0.35.0
docker	Run docker/login-action@v3	2026-08-06T10:31:15.1751115Z ##[endgroup]
docker	Run docker/login-action@v3	2026-08-06T10:31:15.5152437Z Logging into ghcr.io...
docker	Run docker/login-action@v3	2026-08-06T10:31:15.5177316Z (node:4048) [DEP0040] DeprecationWarning: The `punycode` module is deprecated. Please use a userland alternative instead.
docker	Run docker/login-action@v3	2026-08-06T10:31:15.5178364Z (Use `node --trace-deprecation ...` to show where the warning was created)
docker	Run docker/login-action@v3	2026-08-06T10:31:15.6991259Z Login Succeeded!
docker	Run docker/build-push-action@v6	﻿2026-08-06T10:31:15.7198627Z Node 20 is being deprecated. This workflow is running with Node 24 by default. If you need to temporarily use Node 20, you can set the ACTIONS_ALLOW_USE_UNSECURE_NODE_VERSION=true environment variable. For more information see: https://github.blog/changelog/2025-09-19-deprecation-of-node-20-on-github-actions-runners/
docker	Run docker/build-push-action@v6	2026-08-06T10:31:15.7199962Z ##[group]Run docker/build-push-action@v6
docker	Run docker/build-push-action@v6	2026-08-06T10:31:15.7200254Z with:
docker	Run docker/build-push-action@v6	2026-08-06T10:31:15.7200643Z   context: .
docker	Run docker/build-push-action@v6	2026-08-06T10:31:15.7200844Z   push: true
docker	Run docker/build-push-action@v6	2026-08-06T10:31:15.7201075Z   tags: ghcr.io/shurshick/wrtmonitor:0.35.0
docker	Run docker/build-push-action@v6	2026-08-06T10:31:15.7201962Z   labels: org.opencontainers.image.source=https://github.com/shurshick/wrtmonitor
docker	Run docker/build-push-action@v6	org.opencontainers.image.revision=9d81f5fe71a883b7b63845878056e99fc2919cb1
docker	Run docker/build-push-action@v6	org.opencontainers.image.version=0.35.0
docker	Run docker/build-push-action@v6	
docker	Run docker/build-push-action@v6	2026-08-06T10:31:15.7202818Z   provenance: mode=max
docker	Run docker/build-push-action@v6	2026-08-06T10:31:15.7203033Z   sbom: true
docker	Run docker/build-push-action@v6	2026-08-06T10:31:15.7203574Z   load: false
docker	Run docker/build-push-action@v6	2026-08-06T10:31:15.7203847Z   no-cache: false
docker	Run docker/build-push-action@v6	2026-08-06T10:31:15.7204052Z   pull: false
docker	Run docker/build-push-action@v6	2026-08-06T10:31:15.7206813Z   github-token: ***
docker	Run docker/build-push-action@v6	2026-08-06T10:31:15.7207024Z env:
docker	Run docker/build-push-action@v6	2026-08-06T10:31:15.7207236Z   IMAGE_NAME: ghcr.io/shurshick/wrtmonitor
docker	Run docker/build-push-action@v6	2026-08-06T10:31:15.7207523Z   RELEASE_VERSION: 0.35.0
docker	Run docker/build-push-action@v6	2026-08-06T10:31:15.7207758Z   RELEASE_TAG: v0.35.0
docker	Run docker/build-push-action@v6	2026-08-06T10:31:15.7207972Z ##[endgroup]
docker	Run docker/build-push-action@v6	2026-08-06T10:31:15.9892695Z (node:4069) [DEP0040] DeprecationWarning: The `punycode` module is deprecated. Please use a userland alternative instead.
docker	Run docker/build-push-action@v6	2026-08-06T10:31:15.9893776Z (Use `node --trace-deprecation ...` to show where the warning was created)
docker	Run docker/build-push-action@v6	2026-08-06T10:31:15.9916577Z ##[group]GitHub Actions runtime token ACs
docker	Run docker/build-push-action@v6	2026-08-06T10:31:15.9925321Z refs/heads/refs/tags/v0.35.0: read/write
docker	Run docker/build-push-action@v6	2026-08-06T10:31:15.9925822Z refs/heads/main: read
docker	Run docker/build-push-action@v6	2026-08-06T10:31:15.9926873Z ##[endgroup]
docker	Run docker/build-push-action@v6	2026-08-06T10:31:15.9927482Z ##[group]Docker info
docker	Run docker/build-push-action@v6	2026-08-06T10:31:15.9974629Z [command]/usr/bin/docker version
docker	Run docker/build-push-action@v6	2026-08-06T10:31:16.0253528Z Client: Docker Engine - Community
docker	Run docker/build-push-action@v6	2026-08-06T10:31:16.0254178Z  Version:           28.0.4
docker	Run docker/build-push-action@v6	2026-08-06T10:31:16.0254738Z  API version:       1.48
docker	Run docker/build-push-action@v6	2026-08-06T10:31:16.0255174Z  Go version:        go1.23.7
docker	Run docker/build-push-action@v6	2026-08-06T10:31:16.0255587Z  Git commit:        b8034c0
docker	Run docker/build-push-action@v6	2026-08-06T10:31:16.0255998Z  Built:             Tue Mar 25 15:07:16 2025
docker	Run docker/build-push-action@v6	2026-08-06T10:31:16.0256458Z  OS/Arch:           linux/amd64
docker	Run docker/build-push-action@v6	2026-08-06T10:31:16.0256851Z  Context:           default
docker	Run docker/build-push-action@v6	2026-08-06T10:31:16.0257099Z 
docker	Run docker/build-push-action@v6	2026-08-06T10:31:16.0257271Z Server: Docker Engine - Community
docker	Run docker/build-push-action@v6	2026-08-06T10:31:16.0257692Z  Engine:
docker	Run docker/build-push-action@v6	2026-08-06T10:31:16.0257995Z   Version:          28.0.4
docker	Run docker/build-push-action@v6	2026-08-06T10:31:16.0258412Z   API version:      1.48 (minimum version 1.24)
docker	Run docker/build-push-action@v6	2026-08-06T10:31:16.0258905Z   Go version:       go1.23.7
docker	Run docker/build-push-action@v6	2026-08-06T10:31:16.0259290Z   Git commit:       6430e49
docker	Run docker/build-push-action@v6	2026-08-06T10:31:16.0259684Z   Built:            Tue Mar 25 15:07:16 2025
docker	Run docker/build-push-action@v6	2026-08-06T10:31:16.0260146Z   OS/Arch:          linux/amd64
docker	Run docker/build-push-action@v6	2026-08-06T10:31:16.0260548Z   Experimental:     false
docker	Run docker/build-push-action@v6	2026-08-06T10:31:16.0260910Z  containerd:
docker	Run docker/build-push-action@v6	2026-08-06T10:31:16.0261226Z   Version:          v2.2.6
docker	Run docker/build-push-action@v6	2026-08-06T10:31:16.0261704Z   GitCommit:        11ce9d5f3c68c941867e82890e93e815c1304f1b
docker	Run docker/build-push-action@v6	2026-08-06T10:31:16.0262229Z  runc:
docker	Run docker/build-push-action@v6	2026-08-06T10:31:16.0262530Z   Version:          1.3.6
docker	Run docker/build-push-action@v6	2026-08-06T10:31:16.0262908Z   GitCommit:        v1.3.6-0-g491b69ba
docker	Run docker/build-push-action@v6	2026-08-06T10:31:16.0263572Z  docker-init:
docker	Run docker/build-push-action@v6	2026-08-06T10:31:16.0263906Z   Version:          0.19.0
docker	Run docker/build-push-action@v6	2026-08-06T10:31:16.0264285Z   GitCommit:        de40ad0
docker	Run docker/build-push-action@v6	2026-08-06T10:31:16.0304603Z [command]/usr/bin/docker info
docker	Run docker/build-push-action@v6	2026-08-06T10:31:16.0866058Z Client: Docker Engine - Community
docker	Run docker/build-push-action@v6	2026-08-06T10:31:16.0867097Z  Version:    28.0.4
docker	Run docker/build-push-action@v6	2026-08-06T10:31:16.0867471Z  Context:    default
docker	Run docker/build-push-action@v6	2026-08-06T10:31:16.0867875Z  Debug Mode: false
docker	Run docker/build-push-action@v6	2026-08-06T10:31:16.0868235Z  Plugins:
docker	Run docker/build-push-action@v6	2026-08-06T10:31:16.0868584Z   buildx: Docker Buildx (Docker Inc.)
docker	Run docker/build-push-action@v6	2026-08-06T10:31:16.0869048Z     Version:  v0.35.0
docker	Run docker/build-push-action@v6	2026-08-06T10:31:16.0869503Z     Path:     /usr/libexec/docker/cli-plugins/docker-buildx
docker	Run docker/build-push-action@v6	2026-08-06T10:31:16.0870141Z   compose: Docker Compose (Docker Inc.)
docker	Run docker/build-push-action@v6	2026-08-06T10:31:16.0871093Z     Version:  v2.38.2
docker	Run docker/build-push-action@v6	2026-08-06T10:31:16.0871554Z     Path:     /usr/libexec/docker/cli-plugins/docker-compose
docker	Run docker/build-push-action@v6	2026-08-06T10:31:16.0871956Z 
docker	Run docker/build-push-action@v6	2026-08-06T10:31:16.0872121Z Server:
docker	Run docker/build-push-action@v6	2026-08-06T10:31:16.0872443Z  Containers: 1
docker	Run docker/build-push-action@v6	2026-08-06T10:31:16.0872810Z   Running: 1
docker	Run docker/build-push-action@v6	2026-08-06T10:31:16.0873409Z   Paused: 0
docker	Run docker/build-push-action@v6	2026-08-06T10:31:16.0873798Z   Stopped: 0
docker	Run docker/build-push-action@v6	2026-08-06T10:31:16.0874158Z  Images: 8
docker	Run docker/build-push-action@v6	2026-08-06T10:31:16.0874510Z  Server Version: 28.0.4
docker	Run docker/build-push-action@v6	2026-08-06T10:31:16.0875148Z  Storage Driver: overlay2
docker	Run docker/build-push-action@v6	2026-08-06T10:31:16.0875531Z   Backing Filesystem: extfs
docker	Run docker/build-push-action@v6	2026-08-06T10:31:16.0875918Z   Supports d_type: true
docker	Run docker/build-push-action@v6	2026-08-06T10:31:16.0876296Z   Using metacopy: false
docker	Run docker/build-push-action@v6	2026-08-06T10:31:16.0876664Z   Native Overlay Diff: false
docker	Run docker/build-push-action@v6	2026-08-06T10:31:16.0877053Z   userxattr: false
docker	Run docker/build-push-action@v6	2026-08-06T10:31:16.0877399Z  Logging Driver: json-file
docker	Run docker/build-push-action@v6	2026-08-06T10:31:16.0877779Z  Cgroup Driver: systemd
docker	Run docker/build-push-action@v6	2026-08-06T10:31:16.0878167Z  Cgroup Version: 2
docker	Run docker/build-push-action@v6	2026-08-06T10:31:16.0878563Z  Plugins:
docker	Run docker/build-push-action@v6	2026-08-06T10:31:16.0878899Z   Volume: local
docker	Run docker/build-push-action@v6	2026-08-06T10:31:16.0879318Z   Network: bridge host ipvlan macvlan null overlay
docker	Run docker/build-push-action@v6	2026-08-06T10:31:16.0880033Z   Log: awslogs fluentd gcplogs gelf journald json-file local splunk syslog
docker	Run docker/build-push-action@v6	2026-08-06T10:31:16.0880678Z  Swarm: inactive
docker	Run docker/build-push-action@v6	2026-08-06T10:31:16.0881043Z  Runtimes: io.containerd.runc.v2 runc
docker	Run docker/build-push-action@v6	2026-08-06T10:31:16.0881487Z  Default Runtime: runc
docker	Run docker/build-push-action@v6	2026-08-06T10:31:16.0881855Z  Init Binary: docker-init
docker	Run docker/build-push-action@v6	2026-08-06T10:31:16.0882355Z  containerd version: 11ce9d5f3c68c941867e82890e93e815c1304f1b
docker	Run docker/build-push-action@v6	2026-08-06T10:31:16.0882932Z  runc version: v1.3.6-0-g491b69ba
docker	Run docker/build-push-action@v6	2026-08-06T10:31:16.0883888Z  init version: de40ad0
docker	Run docker/build-push-action@v6	2026-08-06T10:31:16.0884248Z  Security Options:
docker	Run docker/build-push-action@v6	2026-08-06T10:31:16.0884601Z   apparmor
docker	Run docker/build-push-action@v6	2026-08-06T10:31:16.0884905Z   seccomp
docker	Run docker/build-push-action@v6	2026-08-06T10:31:16.0885219Z    Profile: builtin
docker	Run docker/build-push-action@v6	2026-08-06T10:31:16.0885571Z   cgroupns
docker	Run docker/build-push-action@v6	2026-08-06T10:31:16.0885904Z  Kernel Version: 6.17.0-1020-azure
docker	Run docker/build-push-action@v6	2026-08-06T10:31:16.0886340Z  Operating System: Ubuntu 24.04.4 LTS
docker	Run docker/build-push-action@v6	2026-08-06T10:31:16.0886764Z  OSType: linux
docker	Run docker/build-push-action@v6	2026-08-06T10:31:16.0887092Z  Architecture: x86_64
docker	Run docker/build-push-action@v6	2026-08-06T10:31:16.0887444Z  CPUs: 4
docker	Run docker/build-push-action@v6	2026-08-06T10:31:16.0887749Z  Total Memory: 15.61GiB
docker	Run docker/build-push-action@v6	2026-08-06T10:31:16.0888106Z  Name: runnervmvrwv9
docker	Run docker/build-push-action@v6	2026-08-06T10:31:16.0888489Z  ID: dce1e4a9-fc26-4218-aaf0-feee5194c8cb
docker	Run docker/build-push-action@v6	2026-08-06T10:31:16.0888957Z  Docker Root Dir: /var/lib/docker
docker	Run docker/build-push-action@v6	2026-08-06T10:31:16.0889387Z  Debug Mode: false
docker	Run docker/build-push-action@v6	2026-08-06T10:31:16.0889751Z  Username: githubactions
docker	Run docker/build-push-action@v6	2026-08-06T10:31:16.0890144Z  Experimental: false
docker	Run docker/build-push-action@v6	2026-08-06T10:31:16.0890531Z  Insecure Registries:
docker	Run docker/build-push-action@v6	2026-08-06T10:31:16.0890920Z   ::1/128
docker	Run docker/build-push-action@v6	2026-08-06T10:31:16.0891224Z   127.0.0.0/8
docker	Run docker/build-push-action@v6	2026-08-06T10:31:16.0891552Z  Live Restore Enabled: false
docker	Run docker/build-push-action@v6	2026-08-06T10:31:16.0891807Z 
docker	Run docker/build-push-action@v6	2026-08-06T10:31:16.0916647Z ##[endgroup]
docker	Run docker/build-push-action@v6	2026-08-06T10:31:16.0937753Z ##[group]Proxy configuration
docker	Run docker/build-push-action@v6	2026-08-06T10:31:16.0938752Z No proxy configuration found
docker	Run docker/build-push-action@v6	2026-08-06T10:31:16.0946906Z ##[endgroup]
docker	Run docker/build-push-action@v6	2026-08-06T10:31:16.1747925Z ##[group]Buildx version
docker	Run docker/build-push-action@v6	2026-08-06T10:31:16.1778174Z [command]/usr/bin/docker buildx version
docker	Run docker/build-push-action@v6	2026-08-06T10:31:16.2376857Z github.com/docker/buildx v0.35.0 a319e5b15052cf6557ceb666eb8ff6e32380b782
docker	Run docker/build-push-action@v6	2026-08-06T10:31:16.2405836Z ##[endgroup]
docker	Run docker/build-push-action@v6	2026-08-06T10:31:16.2406913Z ##[group]Builder info
docker	Run docker/build-push-action@v6	2026-08-06T10:31:16.3294269Z {
docker	Run docker/build-push-action@v6	2026-08-06T10:31:16.3295114Z   "nodes": [
docker	Run docker/build-push-action@v6	2026-08-06T10:31:16.3295715Z     {
docker	Run docker/build-push-action@v6	2026-08-06T10:31:16.3296395Z       "name": "builder-39116cbf-10db-49c4-80a9-284fcdf28c690",
docker	Run docker/build-push-action@v6	2026-08-06T10:31:16.3320526Z       "endpoint": "unix:///var/run/docker.sock",
docker	Run docker/build-push-action@v6	2026-08-06T10:31:16.3321152Z       "status": "running",
docker	Run docker/build-push-action@v6	2026-08-06T10:31:16.3322127Z       "buildkitd-flags": "--allow-insecure-entitlement security.insecure --allow-insecure-entitlement network.host",
docker	Run docker/build-push-action@v6	2026-08-06T10:31:16.3323078Z       "buildkit": "v0.31.2",
docker	Run docker/build-push-action@v6	2026-08-06T10:31:16.3323974Z       "platforms": "linux/amd64,linux/amd64/v2,linux/amd64/v3,linux/386",
docker	Run docker/build-push-action@v6	2026-08-06T10:31:16.3324397Z       "features": {
docker	Run docker/build-push-action@v6	2026-08-06T10:31:16.3324767Z         "Automatically load images to the Docker Engine image store": true,
docker	Run docker/build-push-action@v6	2026-08-06T10:31:16.3325167Z         "Cache export": true,
docker	Run docker/build-push-action@v6	2026-08-06T10:31:16.3325776Z         "Direct push": true,
docker	Run docker/build-push-action@v6	2026-08-06T10:31:16.3326035Z         "Docker exporter": true,
docker	Run docker/build-push-action@v6	2026-08-06T10:31:16.3326302Z         "Multi-platform build": true,
docker	Run docker/build-push-action@v6	2026-08-06T10:31:16.3326576Z         "OCI exporter": true
docker	Run docker/build-push-action@v6	2026-08-06T10:31:16.3326804Z       },
docker	Run docker/build-push-action@v6	2026-08-06T10:31:16.3326993Z       "labels": {
docker	Run docker/build-push-action@v6	2026-08-06T10:31:16.3327311Z         "org.mobyproject.buildkit.worker.executor": "oci",
docker	Run docker/build-push-action@v6	2026-08-06T10:31:16.3327893Z         "org.mobyproject.buildkit.worker.hostname": "c58f3d6e4d24",
docker	Run docker/build-push-action@v6	2026-08-06T10:31:16.3328331Z         "org.mobyproject.buildkit.worker.network": "host",
docker	Run docker/build-push-action@v6	2026-08-06T10:31:16.3328764Z         "org.mobyproject.buildkit.worker.oci.process-mode": "sandbox",
docker	Run docker/build-push-action@v6	2026-08-06T10:31:16.3329238Z         "org.mobyproject.buildkit.worker.selinux.enabled": "false",
docker	Run docker/build-push-action@v6	2026-08-06T10:31:16.3329698Z         "org.mobyproject.buildkit.worker.snapshotter": "overlayfs"
docker	Run docker/build-push-action@v6	2026-08-06T10:31:16.3330056Z       },
docker	Run docker/build-push-action@v6	2026-08-06T10:31:16.3330234Z       "gcPolicy": [
docker	Run docker/build-push-action@v6	2026-08-06T10:31:16.3330428Z         {
docker	Run docker/build-push-action@v6	2026-08-06T10:31:16.3330615Z           "all": false,
docker	Run docker/build-push-action@v6	2026-08-06T10:31:16.3330839Z           "filter": [
docker	Run docker/build-push-action@v6	2026-08-06T10:31:16.3331187Z             "type==source.local type==exec.cachemount type==source.git.checkout"
docker	Run docker/build-push-action@v6	2026-08-06T10:31:16.3331582Z           ],
docker	Run docker/build-push-action@v6	2026-08-06T10:31:16.3331788Z           "keepDuration": "48h0m0s",
docker	Run docker/build-push-action@v6	2026-08-06T10:31:16.3332050Z           "maxUsedSpace": "488.3MiB"
docker	Run docker/build-push-action@v6	2026-08-06T10:31:16.3332304Z         },
docker	Run docker/build-push-action@v6	2026-08-06T10:31:16.3332505Z         {
docker	Run docker/build-push-action@v6	2026-08-06T10:31:16.3332680Z           "all": false,
docker	Run docker/build-push-action@v6	2026-08-06T10:31:16.3332902Z           "keepDuration": "1440h0m0s",
docker	Run docker/build-push-action@v6	2026-08-06T10:31:16.3333538Z           "reservedSpace": "9.313GiB",
docker	Run docker/build-push-action@v6	2026-08-06T10:31:16.3333860Z           "maxUsedSpace": "93.13GiB",
docker	Run docker/build-push-action@v6	2026-08-06T10:31:16.3334125Z           "minFreeSpace": "27.01GiB"
docker	Run docker/build-push-action@v6	2026-08-06T10:31:16.3334385Z         },
docker	Run docker/build-push-action@v6	2026-08-06T10:31:16.3334559Z         {
docker	Run docker/build-push-action@v6	2026-08-06T10:31:16.3334734Z           "all": false,
docker	Run docker/build-push-action@v6	2026-08-06T10:31:16.3334962Z           "reservedSpace": "9.313GiB",
docker	Run docker/build-push-action@v6	2026-08-06T10:31:16.3335263Z           "maxUsedSpace": "93.13GiB",
docker	Run docker/build-push-action@v6	2026-08-06T10:31:16.3335538Z           "minFreeSpace": "27.01GiB"
docker	Run docker/build-push-action@v6	2026-08-06T10:31:16.3335795Z         },
docker	Run docker/build-push-action@v6	2026-08-06T10:31:16.3335965Z         {
docker	Run docker/build-push-action@v6	2026-08-06T10:31:16.3336144Z           "all": true,
docker	Run docker/build-push-action@v6	2026-08-06T10:31:16.3336383Z           "reservedSpace": "9.313GiB",
docker	Run docker/build-push-action@v6	2026-08-06T10:31:16.3336646Z           "maxUsedSpace": "93.13GiB",
docker	Run docker/build-push-action@v6	2026-08-06T10:31:16.3336901Z           "minFreeSpace": "27.01GiB"
docker	Run docker/build-push-action@v6	2026-08-06T10:31:16.3337142Z         }
docker	Run docker/build-push-action@v6	2026-08-06T10:31:16.3337320Z       ]
docker	Run docker/build-push-action@v6	2026-08-06T10:31:16.3337522Z     }
docker	Run docker/build-push-action@v6	2026-08-06T10:31:16.3337692Z   ],
docker	Run docker/build-push-action@v6	2026-08-06T10:31:16.3338122Z   "name": "builder-39116cbf-10db-49c4-80a9-284fcdf28c69",
docker	Run docker/build-push-action@v6	2026-08-06T10:31:16.3338546Z   "driver": "docker-container",
docker	Run docker/build-push-action@v6	2026-08-06T10:31:16.3338818Z   "lastActivity": "2026-08-06T10:31:12.000Z"
docker	Run docker/build-push-action@v6	2026-08-06T10:31:16.3339289Z }
docker	Run docker/build-push-action@v6	2026-08-06T10:31:16.3339757Z ##[endgroup]
docker	Run docker/build-push-action@v6	2026-08-06T10:31:16.4040372Z [command]/usr/bin/docker buildx build --iidfile /home/runner/work/_temp/docker-actions-toolkit-3aOf7X/build-iidfile-0f5929a33f.txt --label org.opencontainers.image.source=https://github.com/shurshick/wrtmonitor --label org.opencontainers.image.revision=9d81f5fe71a883b7b63845878056e99fc2919cb1 --label org.opencontainers.image.version=0.35.0 --attest type=provenance,mode=max,builder-id=https://github.com/shurshick/wrtmonitor/actions/runs/31093511230/attempts/1 --attest type=sbom,disabled=false --tag ghcr.io/shurshick/wrtmonitor:0.35.0 --metadata-file /home/runner/work/_temp/docker-actions-toolkit-3aOf7X/build-metadata-969d2e0a07.json --push .
docker	Run docker/build-push-action@v6	2026-08-06T10:31:16.6940488Z #0 building with "builder-39116cbf-10db-49c4-80a9-284fcdf28c69" instance using docker-container driver
docker	Run docker/build-push-action@v6	2026-08-06T10:31:16.6941274Z 
docker	Run docker/build-push-action@v6	2026-08-06T10:31:16.6941490Z #1 [internal] load build definition from Dockerfile
docker	Run docker/build-push-action@v6	2026-08-06T10:31:16.6942016Z #1 transferring dockerfile: 1.07kB done
docker	Run docker/build-push-action@v6	2026-08-06T10:31:16.6942435Z #1 DONE 0.0s
docker	Run docker/build-push-action@v6	2026-08-06T10:31:16.6942616Z 
docker	Run docker/build-push-action@v6	2026-08-06T10:31:16.6942965Z #2 [auth] docker/buildkit-syft-scanner:pull token for registry-1.docker.io
docker	Run docker/build-push-action@v6	2026-08-06T10:31:16.6944334Z #2 DONE 0.0s
docker	Run docker/build-push-action@v6	2026-08-06T10:31:16.6944516Z 
docker	Run docker/build-push-action@v6	2026-08-06T10:31:16.6944960Z #3 resolve image config for docker-image://docker.io/docker/buildkit-syft-scanner:stable-1
docker	Run docker/build-push-action@v6	2026-08-06T10:31:16.8394273Z #3 DONE 0.3s
docker	Run docker/build-push-action@v6	2026-08-06T10:31:16.9988896Z 
docker	Run docker/build-push-action@v6	2026-08-06T10:31:16.9989506Z #4 [auth] library/python:pull token for registry-1.docker.io
docker	Run docker/build-push-action@v6	2026-08-06T10:31:16.9989981Z #4 DONE 0.0s
docker	Run docker/build-push-action@v6	2026-08-06T10:31:16.9990126Z 
docker	Run docker/build-push-action@v6	2026-08-06T10:31:16.9990682Z #5 [internal] load metadata for docker.io/library/python:3.12-slim@sha256:57cd7c3a7a273101a6485ba99423ee568157882804b1124b4dd04266317710de
docker	Run docker/build-push-action@v6	2026-08-06T10:31:17.1132925Z #5 DONE 0.3s
docker	Run docker/build-push-action@v6	2026-08-06T10:31:17.2132252Z 
docker	Run docker/build-push-action@v6	2026-08-06T10:31:17.2132827Z #6 [internal] load .dockerignore
docker	Run docker/build-push-action@v6	2026-08-06T10:31:17.2134983Z #6 transferring context: 143B done
docker	Run docker/build-push-action@v6	2026-08-06T10:31:17.2135385Z #6 DONE 0.0s
docker	Run docker/build-push-action@v6	2026-08-06T10:31:17.2135514Z 
docker	Run docker/build-push-action@v6	2026-08-06T10:31:17.2135621Z #7 [internal] load build context
docker	Run docker/build-push-action@v6	2026-08-06T10:31:17.2135906Z #7 transferring context: 1.31MB 0.1s done
docker	Run docker/build-push-action@v6	2026-08-06T10:31:17.2136224Z #7 DONE 0.1s
docker	Run docker/build-push-action@v6	2026-08-06T10:31:17.2136458Z 
docker	Run docker/build-push-action@v6	2026-08-06T10:31:17.2137082Z #8 [1/9] FROM docker.io/library/python:3.12-slim@sha256:57cd7c3a7a273101a6485ba99423ee568157882804b1124b4dd04266317710de
docker	Run docker/build-push-action@v6	2026-08-06T10:31:17.2138502Z #8 resolve docker.io/library/python:3.12-slim@sha256:57cd7c3a7a273101a6485ba99423ee568157882804b1124b4dd04266317710de done
docker	Run docker/build-push-action@v6	2026-08-06T10:31:17.2141812Z #8 sha256:fd079632edc0ab4e9d10c77ec348d5057a976e6fc508e93855548096dec2ae1e 250B / 250B 0.0s done
docker	Run docker/build-push-action@v6	2026-08-06T10:31:17.3296342Z #8 sha256:48347b15c85fd6dde9c5b0259f378fbaee3ce231b30a42f2f2bcc4ea0285cbc9 12.11MB / 12.11MB 0.1s done
docker	Run docker/build-push-action@v6	2026-08-06T10:31:17.3299505Z #8 sha256:98db2485a0d07a8914586b02387e3813aa7e9fed79ab252898d3e96e21c717ea 1.29MB / 1.29MB 0.1s done
docker	Run docker/build-push-action@v6	2026-08-06T10:31:17.3301028Z #8 sha256:062e450697faa5f02a3a74eba9864ee4d79bc9cfbd65769fc6cdff2c05c6a053 29.78MB / 29.78MB 0.2s
docker	Run docker/build-push-action@v6	2026-08-06T10:31:17.4455343Z #8 sha256:062e450697faa5f02a3a74eba9864ee4d79bc9cfbd65769fc6cdff2c05c6a053 29.78MB / 29.78MB 0.2s done
docker	Run docker/build-push-action@v6	2026-08-06T10:31:17.4456736Z #8 extracting sha256:062e450697faa5f02a3a74eba9864ee4d79bc9cfbd65769fc6cdff2c05c6a053
docker	Run docker/build-push-action@v6	2026-08-06T10:31:17.9659551Z #8 ...
docker	Run docker/build-push-action@v6	2026-08-06T10:31:17.9659883Z 
docker	Run docker/build-push-action@v6	2026-08-06T10:31:17.9660265Z #9 docker-image://docker.io/docker/buildkit-syft-scanner:stable-1
docker	Run docker/build-push-action@v6	2026-08-06T10:31:17.9661141Z #9 resolve docker.io/docker/buildkit-syft-scanner:stable-1 0.1s done
docker	Run docker/build-push-action@v6	2026-08-06T10:31:17.9661984Z #9 sha256:8b29db3a8efc45d6eea600012e1fed5a2452fc59a5b7e703a3e643ccbf5d4509 46.45MB / 46.45MB 0.2s done
docker	Run docker/build-push-action@v6	2026-08-06T10:31:17.9663053Z #9 extracting sha256:8b29db3a8efc45d6eea600012e1fed5a2452fc59a5b7e703a3e643ccbf5d4509 0.5s done
docker	Run docker/build-push-action@v6	2026-08-06T10:31:17.9664090Z #9 DONE 0.8s
docker	Run docker/build-push-action@v6	2026-08-06T10:31:18.1167547Z 
docker	Run docker/build-push-action@v6	2026-08-06T10:31:18.1168312Z #8 [1/9] FROM docker.io/library/python:3.12-slim@sha256:57cd7c3a7a273101a6485ba99423ee568157882804b1124b4dd04266317710de
docker	Run docker/build-push-action@v6	2026-08-06T10:31:18.1498651Z #8 extracting sha256:062e450697faa5f02a3a74eba9864ee4d79bc9cfbd65769fc6cdff2c05c6a053 0.8s done
docker	Run docker/build-push-action@v6	2026-08-06T10:31:18.1499807Z #8 DONE 1.0s
docker	Run docker/build-push-action@v6	2026-08-06T10:31:18.3749119Z 
docker	Run docker/build-push-action@v6	2026-08-06T10:31:18.3750407Z #8 [1/9] FROM docker.io/library/python:3.12-slim@sha256:57cd7c3a7a273101a6485ba99423ee568157882804b1124b4dd04266317710de
docker	Run docker/build-push-action@v6	2026-08-06T10:31:18.3752153Z #8 extracting sha256:98db2485a0d07a8914586b02387e3813aa7e9fed79ab252898d3e96e21c717ea 0.1s done
docker	Run docker/build-push-action@v6	2026-08-06T10:31:18.3754196Z #8 extracting sha256:48347b15c85fd6dde9c5b0259f378fbaee3ce231b30a42f2f2bcc4ea0285cbc9
docker	Run docker/build-push-action@v6	2026-08-06T10:31:18.5945529Z #8 extracting sha256:48347b15c85fd6dde9c5b0259f378fbaee3ce231b30a42f2f2bcc4ea0285cbc9 0.4s done
docker	Run docker/build-push-action@v6	2026-08-06T10:31:18.5946494Z #8 DONE 1.5s
docker	Run docker/build-push-action@v6	2026-08-06T10:31:18.7496919Z 
docker	Run docker/build-push-action@v6	2026-08-06T10:31:18.7498208Z #8 [1/9] FROM docker.io/library/python:3.12-slim@sha256:57cd7c3a7a273101a6485ba99423ee568157882804b1124b4dd04266317710de
docker	Run docker/build-push-action@v6	2026-08-06T10:31:18.7499245Z #8 extracting sha256:fd079632edc0ab4e9d10c77ec348d5057a976e6fc508e93855548096dec2ae1e done
docker	Run docker/build-push-action@v6	2026-08-06T10:31:18.7499833Z #8 DONE 1.5s
docker	Run docker/build-push-action@v6	2026-08-06T10:31:18.7499982Z 
docker	Run docker/build-push-action@v6	2026-08-06T10:31:18.7500088Z #10 [2/9] WORKDIR /app
docker	Run docker/build-push-action@v6	2026-08-06T10:31:18.9696607Z #10 DONE 0.4s
docker	Run docker/build-push-action@v6	2026-08-06T10:31:19.0833940Z 
docker	Run docker/build-push-action@v6	2026-08-06T10:31:19.0834885Z #11 [3/9] COPY backend/requirements-runtime.txt /app/backend/requirements-runtime.txt
docker	Run docker/build-push-action@v6	2026-08-06T10:31:19.0835741Z #11 DONE 0.0s
docker	Run docker/build-push-action@v6	2026-08-06T10:31:19.0835957Z 
docker	Run docker/build-push-action@v6	2026-08-06T10:31:19.0836650Z #12 [4/9] RUN apt-get update     && apt-get install -y --no-install-recommends postgresql-client     && rm -rf /var/lib/apt/lists/*
docker	Run docker/build-push-action@v6	2026-08-06T10:31:19.0837752Z #12 0.102 Hit:1 http://deb.debian.org/debian trixie InRelease
docker	Run docker/build-push-action@v6	2026-08-06T10:31:19.0838878Z #12 0.102 Get:2 http://deb.debian.org/debian trixie-updates InRelease [47.3 kB]
docker	Run docker/build-push-action@v6	2026-08-06T10:31:19.2979836Z #12 0.105 Get:3 http://deb.debian.org/debian-security trixie-security InRelease [43.4 kB]
docker	Run docker/build-push-action@v6	2026-08-06T10:31:19.2981151Z #12 0.119 Get:4 http://deb.debian.org/debian trixie/main amd64 Packages [9673 kB]
docker	Run docker/build-push-action@v6	2026-08-06T10:31:19.2982118Z #12 0.166 Get:5 http://deb.debian.org/debian trixie-updates/main amd64 Packages [4412 B]
docker	Run docker/build-push-action@v6	2026-08-06T10:31:19.2983658Z #12 0.167 Get:6 http://deb.debian.org/debian-security trixie-security/main amd64 Packages [232 kB]
docker	Run docker/build-push-action@v6	2026-08-06T10:31:19.8160109Z #12 0.835 Fetched 10000 kB in 1s (13.2 MB/s)
docker	Run docker/build-push-action@v6	2026-08-06T10:31:20.3572005Z #12 0.835 Reading package lists...
docker	Run docker/build-push-action@v6	2026-08-06T10:31:20.8954773Z #12 1.395 Reading package lists...
docker	Run docker/build-push-action@v6	2026-08-06T10:31:21.0818189Z #12 1.924 Building dependency tree...
docker	Run docker/build-push-action@v6	2026-08-06T10:31:21.0818701Z #12 2.101 Reading state information...
docker	Run docker/build-push-action@v6	2026-08-06T10:31:21.3310648Z #12 2.350 The following additional packages will be installed:
docker	Run docker/build-push-action@v6	2026-08-06T10:31:21.4435964Z #12 2.351   libcom-err2 libgdbm-compat4t64 libgssapi-krb5-2 libk5crypto3 libkeyutils1
docker	Run docker/build-push-action@v6	2026-08-06T10:31:21.4442738Z #12 2.351   libkrb5-3 libkrb5support0 libldap2 libperl5.40 libpq5 libsasl2-2
docker	Run docker/build-push-action@v6	2026-08-06T10:31:21.4445510Z #12 2.352   libsasl2-modules-db perl perl-modules-5.40 postgresql-client-17
docker	Run docker/build-push-action@v6	2026-08-06T10:31:21.4446326Z #12 2.352   postgresql-client-common sensible-utils
docker	Run docker/build-push-action@v6	2026-08-06T10:31:21.4446810Z #12 2.354 Suggested packages:
docker	Run docker/build-push-action@v6	2026-08-06T10:31:21.4447298Z #12 2.354   krb5-doc krb5-user perl-doc libterm-readline-gnu-perl
docker	Run docker/build-push-action@v6	2026-08-06T10:31:21.4448062Z #12 2.354   | libterm-readline-perl-perl make libtap-harness-archive-perl postgresql-17
docker	Run docker/build-push-action@v6	2026-08-06T10:31:21.4448795Z #12 2.354   postgresql-doc-17
docker	Run docker/build-push-action@v6	2026-08-06T10:31:21.4449192Z #12 2.354 Recommended packages:
docker	Run docker/build-push-action@v6	2026-08-06T10:31:21.4449666Z #12 2.354   krb5-locales libldap-common libsasl2-modules
docker	Run docker/build-push-action@v6	2026-08-06T10:31:21.4450240Z #12 2.463 The following NEW packages will be installed:
docker	Run docker/build-push-action@v6	2026-08-06T10:31:21.5606806Z #12 2.463   libcom-err2 libgdbm-compat4t64 libgssapi-krb5-2 libk5crypto3 libkeyutils1
docker	Run docker/build-push-action@v6	2026-08-06T10:31:21.5607803Z #12 2.464   libkrb5-3 libkrb5support0 libldap2 libperl5.40 libpq5 libsasl2-2
docker	Run docker/build-push-action@v6	2026-08-06T10:31:21.5608550Z #12 2.464   libsasl2-modules-db perl perl-modules-5.40 postgresql-client
docker	Run docker/build-push-action@v6	2026-08-06T10:31:21.5609073Z #12 2.464   postgresql-client-17 postgresql-client-common sensible-utils
docker	Run docker/build-push-action@v6	2026-08-06T10:31:21.5609754Z #12 2.515 0 upgraded, 18 newly installed, 0 to remove and 0 not upgraded.
docker	Run docker/build-push-action@v6	2026-08-06T10:31:21.5610172Z #12 2.515 Need to get 10.9 MB of archives.
docker	Run docker/build-push-action@v6	2026-08-06T10:31:21.5610575Z #12 2.515 After this operation, 66.4 MB of additional disk space will be used.
docker	Run docker/build-push-action@v6	2026-08-06T10:31:21.5611391Z #12 2.515 Get:1 http://deb.debian.org/debian trixie/main amd64 sensible-utils all 0.0.25 [25.0 kB]
docker	Run docker/build-push-action@v6	2026-08-06T10:31:21.5612217Z #12 2.522 Get:2 http://deb.debian.org/debian trixie/main amd64 perl-modules-5.40 all 5.40.1-6 [3019 kB]
docker	Run docker/build-push-action@v6	2026-08-06T10:31:21.5612904Z #12 2.580 Get:3 http://deb.debian.org/debian trixie/main amd64 libgdbm-compat4t64 amd64 1.24-2 [50.3 kB]
docker	Run docker/build-push-action@v6	2026-08-06T10:31:21.7338804Z #12 2.580 Get:4 http://deb.debian.org/debian trixie/main amd64 libperl5.40 amd64 5.40.1-6 [4341 kB]
docker	Run docker/build-push-action@v6	2026-08-06T10:31:21.7340382Z #12 2.600 Get:5 http://deb.debian.org/debian trixie/main amd64 perl amd64 5.40.1-6 [267 kB]
docker	Run docker/build-push-action@v6	2026-08-06T10:31:21.7341467Z #12 2.601 Get:6 http://deb.debian.org/debian trixie/main amd64 libcom-err2 amd64 1.47.2-3+b11 [25.0 kB]
docker	Run docker/build-push-action@v6	2026-08-06T10:31:21.7342236Z #12 2.602 Get:7 http://deb.debian.org/debian trixie/main amd64 libkrb5support0 amd64 1.21.3-5+deb13u1 [33.1 kB]
docker	Run docker/build-push-action@v6	2026-08-06T10:31:21.7343011Z #12 2.602 Get:8 http://deb.debian.org/debian trixie/main amd64 libk5crypto3 amd64 1.21.3-5+deb13u1 [81.2 kB]
docker	Run docker/build-push-action@v6	2026-08-06T10:31:21.7344653Z #12 2.603 Get:9 http://deb.debian.org/debian trixie/main amd64 libkeyutils1 amd64 1.6.3-6 [9456 B]
docker	Run docker/build-push-action@v6	2026-08-06T10:31:21.7345348Z #12 2.603 Get:10 http://deb.debian.org/debian trixie/main amd64 libkrb5-3 amd64 1.21.3-5+deb13u1 [326 kB]
docker	Run docker/build-push-action@v6	2026-08-06T10:31:21.7346072Z #12 2.604 Get:11 http://deb.debian.org/debian trixie/main amd64 libgssapi-krb5-2 amd64 1.21.3-5+deb13u1 [138 kB]
docker	Run docker/build-push-action@v6	2026-08-06T10:31:21.7347025Z #12 2.605 Get:12 http://deb.debian.org/debian trixie/main amd64 libsasl2-modules-db amd64 2.1.28+dfsg1-9 [19.8 kB]
docker	Run docker/build-push-action@v6	2026-08-06T10:31:21.7347745Z #12 2.606 Get:13 http://deb.debian.org/debian trixie/main amd64 libsasl2-2 amd64 2.1.28+dfsg1-9 [57.5 kB]
docker	Run docker/build-push-action@v6	2026-08-06T10:31:21.7348422Z #12 2.607 Get:14 http://deb.debian.org/debian trixie/main amd64 libldap2 amd64 2.6.10+dfsg-1 [194 kB]
docker	Run docker/build-push-action@v6	2026-08-06T10:31:21.7349084Z #12 2.613 Get:15 http://deb.debian.org/debian trixie/main amd64 libpq5 amd64 17.10-0+deb13u1 [230 kB]
docker	Run docker/build-push-action@v6	2026-08-06T10:31:21.7349968Z #12 2.615 Get:16 http://deb.debian.org/debian trixie/main amd64 postgresql-client-common all 278 [47.1 kB]
docker	Run docker/build-push-action@v6	2026-08-06T10:31:21.7350756Z #12 2.615 Get:17 http://deb.debian.org/debian trixie/main amd64 postgresql-client-17 amd64 17.10-0+deb13u1 [2052 kB]
docker	Run docker/build-push-action@v6	2026-08-06T10:31:21.7351675Z #12 2.621 Get:18 http://deb.debian.org/debian trixie/main amd64 postgresql-client all 17+278 [14.0 kB]
docker	Run docker/build-push-action@v6	2026-08-06T10:31:21.7352353Z #12 2.753 debconf: unable to initialize frontend: Dialog
docker	Run docker/build-push-action@v6	2026-08-06T10:31:21.7352828Z #12 2.753 debconf: (TERM is not set, so the dialog frontend is not usable.)
docker	Run docker/build-push-action@v6	2026-08-06T10:31:21.7353474Z #12 2.753 debconf: falling back to frontend: Readline
docker	Run docker/build-push-action@v6	2026-08-06T10:31:21.8898352Z #12 2.753 debconf: unable to initialize frontend: Readline
docker	Run docker/build-push-action@v6	2026-08-06T10:31:21.8901003Z #12 2.753 debconf: (Can't locate Term/ReadLine.pm in @INC (you may need to install the Term::ReadLine module) (@INC entries checked: /etc/perl /usr/local/lib/x86_64-linux-gnu/perl/5.40.1 /usr/local/share/perl/5.40.1 /usr/lib/x86_64-linux-gnu/perl5/5.40 /usr/share/perl5 /usr/lib/x86_64-linux-gnu/perl-base /usr/lib/x86_64-linux-gnu/perl/5.40 /usr/share/perl/5.40 /usr/local/lib/site_perl) at /usr/share/perl5/Debconf/FrontEnd/Readline.pm line 8, <STDIN> line 18.)
docker	Run docker/build-push-action@v6	2026-08-06T10:31:21.8903795Z #12 2.753 debconf: falling back to frontend: Teletype
docker	Run docker/build-push-action@v6	2026-08-06T10:31:21.8904478Z #12 2.759 debconf: unable to initialize frontend: Teletype
docker	Run docker/build-push-action@v6	2026-08-06T10:31:21.8905213Z #12 2.759 debconf: (This frontend requires a controlling tty.)
docker	Run docker/build-push-action@v6	2026-08-06T10:31:21.8905717Z #12 2.759 debconf: falling back to frontend: Noninteractive
docker	Run docker/build-push-action@v6	2026-08-06T10:31:22.3752198Z #12 3.394 Fetched 10.9 MB in 0s (77.6 MB/s)
docker	Run docker/build-push-action@v6	2026-08-06T10:31:22.5672713Z #12 3.408 Selecting previously unselected package sensible-utils.
docker	Run docker/build-push-action@v6	2026-08-06T10:31:22.5673733Z #12 3.408 (Reading database ... 
docker	Run docker/build-push-action@v6	2026-08-06T10:31:22.5674202Z (Reading database ... 5%
docker	Run docker/build-push-action@v6	2026-08-06T10:31:22.5674627Z (Reading database ... 10%
docker	Run docker/build-push-action@v6	2026-08-06T10:31:22.5675037Z (Reading database ... 15%
docker	Run docker/build-push-action@v6	2026-08-06T10:31:22.5675480Z (Reading database ... 20%
docker	Run docker/build-push-action@v6	2026-08-06T10:31:22.5675890Z (Reading database ... 25%
docker	Run docker/build-push-action@v6	2026-08-06T10:31:22.5676281Z (Reading database ... 30%
docker	Run docker/build-push-action@v6	2026-08-06T10:31:22.5676689Z (Reading database ... 35%
docker	Run docker/build-push-action@v6	2026-08-06T10:31:22.5677088Z (Reading database ... 40%
docker	Run docker/build-push-action@v6	2026-08-06T10:31:22.5677498Z (Reading database ... 45%
docker	Run docker/build-push-action@v6	2026-08-06T10:31:22.5677894Z (Reading database ... 50%
docker	Run docker/build-push-action@v6	2026-08-06T10:31:22.5678284Z (Reading database ... 55%
docker	Run docker/build-push-action@v6	2026-08-06T10:31:22.5678701Z (Reading database ... 60%
docker	Run docker/build-push-action@v6	2026-08-06T10:31:22.5679109Z (Reading database ... 65%
docker	Run docker/build-push-action@v6	2026-08-06T10:31:22.5679508Z (Reading database ... 70%
docker	Run docker/build-push-action@v6	2026-08-06T10:31:22.5679908Z (Reading database ... 75%
docker	Run docker/build-push-action@v6	2026-08-06T10:31:22.5680304Z (Reading database ... 80%
docker	Run docker/build-push-action@v6	2026-08-06T10:31:22.5680688Z (Reading database ... 85%
docker	Run docker/build-push-action@v6	2026-08-06T10:31:22.5681086Z (Reading database ... 90%
docker	Run docker/build-push-action@v6	2026-08-06T10:31:22.5681477Z (Reading database ... 95%
docker	Run docker/build-push-action@v6	2026-08-06T10:31:22.5681892Z (Reading database ... 100%
docker	Run docker/build-push-action@v6	2026-08-06T10:31:22.5682477Z (Reading database ... 5645 files and directories currently installed.)
docker	Run docker/build-push-action@v6	2026-08-06T10:31:22.5683864Z #12 3.414 Preparing to unpack .../00-sensible-utils_0.0.25_all.deb ...
docker	Run docker/build-push-action@v6	2026-08-06T10:31:22.5684565Z #12 3.415 Unpacking sensible-utils (0.0.25) ...
docker	Run docker/build-push-action@v6	2026-08-06T10:31:22.5685240Z #12 3.433 Selecting previously unselected package perl-modules-5.40.
docker	Run docker/build-push-action@v6	2026-08-06T10:31:22.5686052Z #12 3.435 Preparing to unpack .../01-perl-modules-5.40_5.40.1-6_all.deb ...
docker	Run docker/build-push-action@v6	2026-08-06T10:31:22.5686766Z #12 3.436 Unpacking perl-modules-5.40 (5.40.1-6) ...
docker	Run docker/build-push-action@v6	2026-08-06T10:31:22.6665811Z #12 3.686 Selecting previously unselected package libgdbm-compat4t64:amd64.
docker	Run docker/build-push-action@v6	2026-08-06T10:31:22.8406535Z #12 3.688 Preparing to unpack .../02-libgdbm-compat4t64_1.24-2_amd64.deb ...
docker	Run docker/build-push-action@v6	2026-08-06T10:31:22.8407635Z #12 3.689 Unpacking libgdbm-compat4t64:amd64 (1.24-2) ...
docker	Run docker/build-push-action@v6	2026-08-06T10:31:22.8408360Z #12 3.707 Selecting previously unselected package libperl5.40:amd64.
docker	Run docker/build-push-action@v6	2026-08-06T10:31:22.8409029Z #12 3.708 Preparing to unpack .../03-libperl5.40_5.40.1-6_amd64.deb ...
docker	Run docker/build-push-action@v6	2026-08-06T10:31:22.8409482Z #12 3.709 Unpacking libperl5.40:amd64 (5.40.1-6) ...
docker	Run docker/build-push-action@v6	2026-08-06T10:31:22.9064553Z #12 3.926 Selecting previously unselected package perl.
docker	Run docker/build-push-action@v6	2026-08-06T10:31:23.0179304Z #12 3.928 Preparing to unpack .../04-perl_5.40.1-6_amd64.deb ...
docker	Run docker/build-push-action@v6	2026-08-06T10:31:23.0179956Z #12 3.929 Unpacking perl (5.40.1-6) ...
docker	Run docker/build-push-action@v6	2026-08-06T10:31:23.0180390Z #12 3.954 Selecting previously unselected package libcom-err2:amd64.
docker	Run docker/build-push-action@v6	2026-08-06T10:31:23.0180933Z #12 3.956 Preparing to unpack .../05-libcom-err2_1.47.2-3+b11_amd64.deb ...
docker	Run docker/build-push-action@v6	2026-08-06T10:31:23.0181437Z #12 3.957 Unpacking libcom-err2:amd64 (1.47.2-3+b11) ...
docker	Run docker/build-push-action@v6	2026-08-06T10:31:23.0181905Z #12 3.975 Selecting previously unselected package libkrb5support0:amd64.
docker	Run docker/build-push-action@v6	2026-08-06T10:31:23.0182479Z #12 3.976 Preparing to unpack .../06-libkrb5support0_1.21.3-5+deb13u1_amd64.deb ...
docker	Run docker/build-push-action@v6	2026-08-06T10:31:23.0183001Z #12 3.978 Unpacking libkrb5support0:amd64 (1.21.3-5+deb13u1) ...
docker	Run docker/build-push-action@v6	2026-08-06T10:31:23.0184247Z #12 3.995 Selecting previously unselected package libk5crypto3:amd64.
docker	Run docker/build-push-action@v6	2026-08-06T10:31:23.0184768Z #12 3.996 Preparing to unpack .../07-libk5crypto3_1.21.3-5+deb13u1_amd64.deb ...
docker	Run docker/build-push-action@v6	2026-08-06T10:31:23.0185309Z #12 3.997 Unpacking libk5crypto3:amd64 (1.21.3-5+deb13u1) ...
docker	Run docker/build-push-action@v6	2026-08-06T10:31:23.0186007Z #12 4.017 Selecting previously unselected package libkeyutils1:amd64.
docker	Run docker/build-push-action@v6	2026-08-06T10:31:23.0186858Z #12 4.018 Preparing to unpack .../08-libkeyutils1_1.6.3-6_amd64.deb ...
docker	Run docker/build-push-action@v6	2026-08-06T10:31:23.0187578Z #12 4.019 Unpacking libkeyutils1:amd64 (1.6.3-6) ...
docker	Run docker/build-push-action@v6	2026-08-06T10:31:23.0188284Z #12 4.037 Selecting previously unselected package libkrb5-3:amd64.
docker	Run docker/build-push-action@v6	2026-08-06T10:31:23.1185312Z #12 4.039 Preparing to unpack .../09-libkrb5-3_1.21.3-5+deb13u1_amd64.deb ...
docker	Run docker/build-push-action@v6	2026-08-06T10:31:23.1186863Z #12 4.040 Unpacking libkrb5-3:amd64 (1.21.3-5+deb13u1) ...
docker	Run docker/build-push-action@v6	2026-08-06T10:31:23.1188019Z #12 4.070 Selecting previously unselected package libgssapi-krb5-2:amd64.
docker	Run docker/build-push-action@v6	2026-08-06T10:31:23.1189313Z #12 4.071 Preparing to unpack .../10-libgssapi-krb5-2_1.21.3-5+deb13u1_amd64.deb ...
docker	Run docker/build-push-action@v6	2026-08-06T10:31:23.1190466Z #12 4.077 Unpacking libgssapi-krb5-2:amd64 (1.21.3-5+deb13u1) ...
docker	Run docker/build-push-action@v6	2026-08-06T10:31:23.1191588Z #12 4.097 Selecting previously unselected package libsasl2-modules-db:amd64.
docker	Run docker/build-push-action@v6	2026-08-06T10:31:23.1192757Z #12 4.099 Preparing to unpack .../11-libsasl2-modules-db_2.1.28+dfsg1-9_amd64.deb ...
docker	Run docker/build-push-action@v6	2026-08-06T10:31:23.1194155Z #12 4.100 Unpacking libsasl2-modules-db:amd64 (2.1.28+dfsg1-9) ...
docker	Run docker/build-push-action@v6	2026-08-06T10:31:23.1195141Z #12 4.115 Selecting previously unselected package libsasl2-2:amd64.
docker	Run docker/build-push-action@v6	2026-08-06T10:31:23.1196194Z #12 4.117 Preparing to unpack .../12-libsasl2-2_2.1.28+dfsg1-9_amd64.deb ...
docker	Run docker/build-push-action@v6	2026-08-06T10:31:23.1197116Z #12 4.118 Unpacking libsasl2-2:amd64 (2.1.28+dfsg1-9) ...
docker	Run docker/build-push-action@v6	2026-08-06T10:31:23.1198023Z #12 4.135 Selecting previously unselected package libldap2:amd64.
docker	Run docker/build-push-action@v6	2026-08-06T10:31:23.1199028Z #12 4.137 Preparing to unpack .../13-libldap2_2.6.10+dfsg-1_amd64.deb ...
docker	Run docker/build-push-action@v6	2026-08-06T10:31:23.1199963Z #12 4.138 Unpacking libldap2:amd64 (2.6.10+dfsg-1) ...
docker	Run docker/build-push-action@v6	2026-08-06T10:31:23.3128881Z #12 4.162 Selecting previously unselected package libpq5:amd64.
docker	Run docker/build-push-action@v6	2026-08-06T10:31:23.3129811Z #12 4.163 Preparing to unpack .../14-libpq5_17.10-0+deb13u1_amd64.deb ...
docker	Run docker/build-push-action@v6	2026-08-06T10:31:23.3130874Z #12 4.164 Unpacking libpq5:amd64 (17.10-0+deb13u1) ...
docker	Run docker/build-push-action@v6	2026-08-06T10:31:23.3131397Z #12 4.196 Selecting previously unselected package postgresql-client-common.
docker	Run docker/build-push-action@v6	2026-08-06T10:31:23.3132007Z #12 4.197 Preparing to unpack .../15-postgresql-client-common_278_all.deb ...
docker	Run docker/build-push-action@v6	2026-08-06T10:31:23.3132574Z #12 4.204 Unpacking postgresql-client-common (278) ...
docker	Run docker/build-push-action@v6	2026-08-06T10:31:23.3133432Z #12 4.223 Selecting previously unselected package postgresql-client-17.
docker	Run docker/build-push-action@v6	2026-08-06T10:31:23.3134045Z #12 4.225 Preparing to unpack .../16-postgresql-client-17_17.10-0+deb13u1_amd64.deb ...
docker	Run docker/build-push-action@v6	2026-08-06T10:31:23.3134607Z #12 4.226 Unpacking postgresql-client-17 (17.10-0+deb13u1) ...
docker	Run docker/build-push-action@v6	2026-08-06T10:31:23.3135113Z #12 4.332 Selecting previously unselected package postgresql-client.
docker	Run docker/build-push-action@v6	2026-08-06T10:31:23.5391820Z #12 4.334 Preparing to unpack .../17-postgresql-client_17+278_all.deb ...
docker	Run docker/build-push-action@v6	2026-08-06T10:31:23.5392547Z #12 4.335 Unpacking postgresql-client (17+278) ...
docker	Run docker/build-push-action@v6	2026-08-06T10:31:23.5393404Z #12 4.355 Setting up libkeyutils1:amd64 (1.6.3-6) ...
docker	Run docker/build-push-action@v6	2026-08-06T10:31:23.5393905Z #12 4.358 Setting up libgdbm-compat4t64:amd64 (1.24-2) ...
docker	Run docker/build-push-action@v6	2026-08-06T10:31:23.5394376Z #12 4.361 Setting up libcom-err2:amd64 (1.47.2-3+b11) ...
docker	Run docker/build-push-action@v6	2026-08-06T10:31:23.5394865Z #12 4.363 Setting up libkrb5support0:amd64 (1.21.3-5+deb13u1) ...
docker	Run docker/build-push-action@v6	2026-08-06T10:31:23.5395456Z #12 4.365 Setting up libsasl2-modules-db:amd64 (2.1.28+dfsg1-9) ...
docker	Run docker/build-push-action@v6	2026-08-06T10:31:23.5396326Z #12 4.367 Setting up libk5crypto3:amd64 (1.21.3-5+deb13u1) ...
docker	Run docker/build-push-action@v6	2026-08-06T10:31:23.5397115Z #12 4.370 Setting up libsasl2-2:amd64 (2.1.28+dfsg1-9) ...
docker	Run docker/build-push-action@v6	2026-08-06T10:31:23.5397791Z #12 4.375 Setting up perl-modules-5.40 (5.40.1-6) ...
docker	Run docker/build-push-action@v6	2026-08-06T10:31:23.5398466Z #12 4.377 Setting up sensible-utils (0.0.25) ...
docker	Run docker/build-push-action@v6	2026-08-06T10:31:23.5399269Z #12 4.380 Setting up libkrb5-3:amd64 (1.21.3-5+deb13u1) ...
docker	Run docker/build-push-action@v6	2026-08-06T10:31:23.5399989Z #12 4.382 Setting up libldap2:amd64 (2.6.10+dfsg-1) ...
docker	Run docker/build-push-action@v6	2026-08-06T10:31:23.5400682Z #12 4.385 Setting up libperl5.40:amd64 (5.40.1-6) ...
docker	Run docker/build-push-action@v6	2026-08-06T10:31:23.5401337Z #12 4.387 Setting up perl (5.40.1-6) ...
docker	Run docker/build-push-action@v6	2026-08-06T10:31:23.5401830Z #12 4.394 Setting up libgssapi-krb5-2:amd64 (1.21.3-5+deb13u1) ...
docker	Run docker/build-push-action@v6	2026-08-06T10:31:23.5402331Z #12 4.397 Setting up postgresql-client-common (278) ...
docker	Run docker/build-push-action@v6	2026-08-06T10:31:23.5402771Z #12 4.406 Setting up libpq5:amd64 (17.10-0+deb13u1) ...
docker	Run docker/build-push-action@v6	2026-08-06T10:31:23.5403500Z #12 4.409 Setting up postgresql-client-17 (17.10-0+deb13u1) ...
docker	Run docker/build-push-action@v6	2026-08-06T10:31:23.7450334Z #12 4.764 update-alternatives: using /usr/share/postgresql/17/man/man1/psql.1.gz to provide /usr/share/man/man1/psql.1.gz (psql.1.gz) in auto mode
docker	Run docker/build-push-action@v6	2026-08-06T10:31:23.8651852Z #12 4.802 Setting up postgresql-client (17+278) ...
docker	Run docker/build-push-action@v6	2026-08-06T10:31:23.8652714Z #12 4.805 Processing triggers for libc-bin (2.41-12+deb13u3) ...
docker	Run docker/build-push-action@v6	2026-08-06T10:31:23.8653440Z #12 DONE 4.9s
docker	Run docker/build-push-action@v6	2026-08-06T10:31:24.0170290Z 
docker	Run docker/build-push-action@v6	2026-08-06T10:31:24.0171006Z #13 [5/9] RUN pip install --no-cache-dir -r /app/backend/requirements-runtime.txt
docker	Run docker/build-push-action@v6	2026-08-06T10:31:25.2304883Z #13 1.364 Collecting fastapi==0.140.0 (from -r /app/backend/requirements-runtime.txt (line 1))
docker	Run docker/build-push-action@v6	2026-08-06T10:31:25.4410534Z #13 1.386   Downloading fastapi-0.140.0-py3-none-any.whl.metadata (27 kB)
docker	Run docker/build-push-action@v6	2026-08-06T10:31:25.4411713Z #13 1.420 Collecting starlette==1.3.1 (from -r /app/backend/requirements-runtime.txt (line 2))
docker	Run docker/build-push-action@v6	2026-08-06T10:31:25.4414007Z #13 1.423   Downloading starlette-1.3.1-py3-none-any.whl.metadata (6.4 kB)
docker	Run docker/build-push-action@v6	2026-08-06T10:31:25.4414992Z #13 1.450 Collecting uvicorn==0.35.0 (from uvicorn[standard]==0.35.0->-r /app/backend/requirements-runtime.txt (line 3))
docker	Run docker/build-push-action@v6	2026-08-06T10:31:25.4415692Z #13 1.453   Downloading uvicorn-0.35.0-py3-none-any.whl.metadata (6.5 kB)
docker	Run docker/build-push-action@v6	2026-08-06T10:31:25.4416433Z #13 1.575 Collecting pydantic==2.11.7 (from -r /app/backend/requirements-runtime.txt (line 4))
docker	Run docker/build-push-action@v6	2026-08-06T10:31:25.5951834Z #13 1.578   Downloading pydantic-2.11.7-py3-none-any.whl.metadata (67 kB)
docker	Run docker/build-push-action@v6	2026-08-06T10:31:25.6858498Z #13 1.819 Collecting SQLAlchemy==2.0.43 (from -r /app/backend/requirements-runtime.txt (line 5))
docker	Run docker/build-push-action@v6	2026-08-06T10:31:25.7866230Z #13 1.825   Downloading sqlalchemy-2.0.43-cp312-cp312-manylinux_2_17_x86_64.manylinux2014_x86_64.whl.metadata (9.6 kB)
docker	Run docker/build-push-action@v6	2026-08-06T10:31:25.7867572Z #13 1.855 Collecting alembic==1.17.2 (from -r /app/backend/requirements-runtime.txt (line 6))
docker	Run docker/build-push-action@v6	2026-08-06T10:31:25.7868509Z #13 1.859   Downloading alembic-1.17.2-py3-none-any.whl.metadata (7.2 kB)
docker	Run docker/build-push-action@v6	2026-08-06T10:31:25.7869550Z #13 1.875 Collecting psycopg==3.3.4 (from psycopg[binary]==3.3.4->-r /app/backend/requirements-runtime.txt (line 7))
docker	Run docker/build-push-action@v6	2026-08-06T10:31:25.7870921Z #13 1.879   Downloading psycopg-3.3.4-py3-none-any.whl.metadata (4.3 kB)
docker	Run docker/build-push-action@v6	2026-08-06T10:31:25.7871662Z #13 1.899 Collecting argon2-cffi==25.1.0 (from -r /app/backend/requirements-runtime.txt (line 8))
docker	Run docker/build-push-action@v6	2026-08-06T10:31:25.7872411Z #13 1.903   Downloading argon2_cffi-25.1.0-py3-none-any.whl.metadata (4.1 kB)
docker	Run docker/build-push-action@v6	2026-08-06T10:31:25.7873361Z #13 1.917 Collecting PyJWT==2.13.0 (from -r /app/backend/requirements-runtime.txt (line 9))
docker	Run docker/build-push-action@v6	2026-08-06T10:31:25.7874195Z #13 1.920   Downloading pyjwt-2.13.0-py3-none-any.whl.metadata (3.4 kB)
docker	Run docker/build-push-action@v6	2026-08-06T10:31:25.8879456Z #13 1.931 Collecting python-multipart==0.0.31 (from -r /app/backend/requirements-runtime.txt (line 10))
docker	Run docker/build-push-action@v6	2026-08-06T10:31:25.8880896Z #13 1.935   Downloading python_multipart-0.0.31-py3-none-any.whl.metadata (2.1 kB)
docker	Run docker/build-push-action@v6	2026-08-06T10:31:25.8882095Z #13 1.948 Collecting jinja2==3.1.6 (from -r /app/backend/requirements-runtime.txt (line 11))
docker	Run docker/build-push-action@v6	2026-08-06T10:31:25.8883632Z #13 1.952   Downloading jinja2-3.1.6-py3-none-any.whl.metadata (2.9 kB)
docker	Run docker/build-push-action@v6	2026-08-06T10:31:25.8884975Z #13 1.963 Collecting pymanuf==2026.7.1 (from -r /app/backend/requirements-runtime.txt (line 12))
docker	Run docker/build-push-action@v6	2026-08-06T10:31:25.8885999Z #13 1.967   Downloading pymanuf-2026.7.1-py3-none-any.whl.metadata (4.5 kB)
docker	Run docker/build-push-action@v6	2026-08-06T10:31:25.8886908Z #13 1.981 Collecting segno==1.6.6 (from -r /app/backend/requirements-runtime.txt (line 13))
docker	Run docker/build-push-action@v6	2026-08-06T10:31:25.8887754Z #13 1.985   Downloading segno-1.6.6-py3-none-any.whl.metadata (7.7 kB)
docker	Run docker/build-push-action@v6	2026-08-06T10:31:25.8888463Z #13 2.022 Collecting typing-extensions>=4.8.0 (from fastapi==0.140.0->-r /app/backend/requirements-runtime.txt (line 1))
docker	Run docker/build-push-action@v6	2026-08-06T10:31:25.9884749Z #13 2.025   Downloading typing_extensions-4.16.0-py3-none-any.whl.metadata (3.3 kB)
docker	Run docker/build-push-action@v6	2026-08-06T10:31:25.9886162Z #13 2.033 Collecting typing-inspection>=0.4.2 (from fastapi==0.140.0->-r /app/backend/requirements-runtime.txt (line 1))
docker	Run docker/build-push-action@v6	2026-08-06T10:31:25.9887048Z #13 2.038   Downloading typing_inspection-0.4.2-py3-none-any.whl.metadata (2.6 kB)
docker	Run docker/build-push-action@v6	2026-08-06T10:31:25.9887785Z #13 2.045 Collecting annotated-doc>=0.0.2 (from fastapi==0.140.0->-r /app/backend/requirements-runtime.txt (line 1))
docker	Run docker/build-push-action@v6	2026-08-06T10:31:25.9888434Z #13 2.049   Downloading annotated_doc-0.0.5-py3-none-any.whl.metadata (6.5 kB)
docker	Run docker/build-push-action@v6	2026-08-06T10:31:25.9889045Z #13 2.069 Collecting anyio<5,>=3.6.2 (from starlette==1.3.1->-r /app/backend/requirements-runtime.txt (line 2))
docker	Run docker/build-push-action@v6	2026-08-06T10:31:25.9889672Z #13 2.073   Downloading anyio-4.14.2-py3-none-any.whl.metadata (4.6 kB)
docker	Run docker/build-push-action@v6	2026-08-06T10:31:25.9890350Z #13 2.094 Collecting click>=7.0 (from uvicorn==0.35.0->uvicorn[standard]==0.35.0->-r /app/backend/requirements-runtime.txt (line 3))
docker	Run docker/build-push-action@v6	2026-08-06T10:31:25.9891031Z #13 2.097   Downloading click-8.4.2-py3-none-any.whl.metadata (2.6 kB)
docker	Run docker/build-push-action@v6	2026-08-06T10:31:25.9891682Z #13 2.106 Collecting h11>=0.8 (from uvicorn==0.35.0->uvicorn[standard]==0.35.0->-r /app/backend/requirements-runtime.txt (line 3))
docker	Run docker/build-push-action@v6	2026-08-06T10:31:25.9892319Z #13 2.109   Downloading h11-0.16.0-py3-none-any.whl.metadata (8.3 kB)
docker	Run docker/build-push-action@v6	2026-08-06T10:31:25.9892953Z #13 2.119 Collecting annotated-types>=0.6.0 (from pydantic==2.11.7->-r /app/backend/requirements-runtime.txt (line 4))
docker	Run docker/build-push-action@v6	2026-08-06T10:31:25.9894015Z #13 2.122   Downloading annotated_types-0.8.0-py3-none-any.whl.metadata (15 kB)
docker	Run docker/build-push-action@v6	2026-08-06T10:31:26.5829993Z #13 2.717 Collecting pydantic-core==2.33.2 (from pydantic==2.11.7->-r /app/backend/requirements-runtime.txt (line 4))
docker	Run docker/build-push-action@v6	2026-08-06T10:31:26.7138515Z #13 2.720   Downloading pydantic_core-2.33.2-cp312-cp312-manylinux_2_17_x86_64.manylinux2014_x86_64.whl.metadata (6.8 kB)
docker	Run docker/build-push-action@v6	2026-08-06T10:31:26.7141045Z #13 2.847 Collecting greenlet>=1 (from SQLAlchemy==2.0.43->-r /app/backend/requirements-runtime.txt (line 5))
docker	Run docker/build-push-action@v6	2026-08-06T10:31:26.8162733Z #13 2.851   Downloading greenlet-3.5.4-cp312-cp312-manylinux_2_24_x86_64.manylinux_2_28_x86_64.whl.metadata (3.8 kB)
docker	Run docker/build-push-action@v6	2026-08-06T10:31:26.8164705Z #13 2.879 Collecting Mako (from alembic==1.17.2->-r /app/backend/requirements-runtime.txt (line 6))
docker	Run docker/build-push-action@v6	2026-08-06T10:31:26.8166449Z #13 2.883   Downloading mako-1.4.1-py3-none-any.whl.metadata (2.9 kB)
docker	Run docker/build-push-action@v6	2026-08-06T10:31:26.8167851Z #13 2.899 Collecting argon2-cffi-bindings (from argon2-cffi==25.1.0->-r /app/backend/requirements-runtime.txt (line 8))
docker	Run docker/build-push-action@v6	2026-08-06T10:31:26.8169550Z #13 2.903   Downloading argon2_cffi_bindings-25.1.0-cp39-abi3-manylinux_2_26_x86_64.manylinux_2_28_x86_64.whl.metadata (7.4 kB)
docker	Run docker/build-push-action@v6	2026-08-06T10:31:26.8171164Z #13 2.946 Collecting MarkupSafe>=2.0 (from jinja2==3.1.6->-r /app/backend/requirements-runtime.txt (line 11))
docker	Run docker/build-push-action@v6	2026-08-06T10:31:26.8172881Z #13 2.950   Downloading markupsafe-3.0.3-cp312-cp312-manylinux2014_x86_64.manylinux_2_17_x86_64.manylinux_2_28_x86_64.whl.metadata (2.7 kB)
docker	Run docker/build-push-action@v6	2026-08-06T10:31:26.9950913Z #13 2.973 Collecting requests (from pymanuf==2026.7.1->-r /app/backend/requirements-runtime.txt (line 12))
docker	Run docker/build-push-action@v6	2026-08-06T10:31:26.9951790Z #13 2.978   Downloading requests-2.34.2-py3-none-any.whl.metadata (4.8 kB)
docker	Run docker/build-push-action@v6	2026-08-06T10:31:27.0079935Z #13 3.142 Collecting psycopg-binary==3.3.4 (from psycopg[binary]==3.3.4->-r /app/backend/requirements-runtime.txt (line 7))
docker	Run docker/build-push-action@v6	2026-08-06T10:31:27.1285486Z #13 3.145   Downloading psycopg_binary-3.3.4-cp312-cp312-manylinux2014_x86_64.manylinux_2_17_x86_64.whl.metadata (2.7 kB)
docker	Run docker/build-push-action@v6	2026-08-06T10:31:27.1287979Z #13 3.172 Collecting httptools>=0.6.3 (from uvicorn[standard]==0.35.0->-r /app/backend/requirements-runtime.txt (line 3))
docker	Run docker/build-push-action@v6	2026-08-06T10:31:27.1289632Z #13 3.176   Downloading httptools-0.8.0-cp312-cp312-manylinux1_x86_64.manylinux_2_28_x86_64.manylinux_2_5_x86_64.whl.metadata (3.5 kB)
docker	Run docker/build-push-action@v6	2026-08-06T10:31:27.1290786Z #13 3.190 Collecting python-dotenv>=0.13 (from uvicorn[standard]==0.35.0->-r /app/backend/requirements-runtime.txt (line 3))
docker	Run docker/build-push-action@v6	2026-08-06T10:31:27.1291680Z #13 3.193   Downloading python_dotenv-1.2.2-py3-none-any.whl.metadata (27 kB)
docker	Run docker/build-push-action@v6	2026-08-06T10:31:27.1292726Z #13 3.225 Collecting pyyaml>=5.1 (from uvicorn[standard]==0.35.0->-r /app/backend/requirements-runtime.txt (line 3))
docker	Run docker/build-push-action@v6	2026-08-06T10:31:27.1294012Z #13 3.229   Downloading pyyaml-6.0.3-cp312-cp312-manylinux2014_x86_64.manylinux_2_17_x86_64.manylinux_2_28_x86_64.whl.metadata (2.4 kB)
docker	Run docker/build-push-action@v6	2026-08-06T10:31:27.1295034Z #13 3.262 Collecting uvloop>=0.15.1 (from uvicorn[standard]==0.35.0->-r /app/backend/requirements-runtime.txt (line 3))
docker	Run docker/build-push-action@v6	2026-08-06T10:31:27.3019966Z #13 3.267   Downloading uvloop-0.22.1-cp312-cp312-manylinux2014_x86_64.manylinux_2_17_x86_64.manylinux_2_28_x86_64.whl.metadata (4.9 kB)
docker	Run docker/build-push-action@v6	2026-08-06T10:31:27.3021804Z #13 3.338 Collecting watchfiles>=0.13 (from uvicorn[standard]==0.35.0->-r /app/backend/requirements-runtime.txt (line 3))
docker	Run docker/build-push-action@v6	2026-08-06T10:31:27.3023609Z #13 3.341   Downloading watchfiles-1.2.0-cp312-cp312-manylinux_2_17_x86_64.manylinux2014_x86_64.whl.metadata (4.9 kB)
docker	Run docker/build-push-action@v6	2026-08-06T10:31:27.3024866Z #13 3.435 Collecting websockets>=10.4 (from uvicorn[standard]==0.35.0->-r /app/backend/requirements-runtime.txt (line 3))
docker	Run docker/build-push-action@v6	2026-08-06T10:31:27.4546896Z #13 3.440   Downloading websockets-17.0.1-cp312-cp312-manylinux1_x86_64.manylinux_2_28_x86_64.manylinux_2_5_x86_64.whl.metadata (6.3 kB)
docker	Run docker/build-push-action@v6	2026-08-06T10:31:27.4548584Z #13 3.462 Collecting idna>=2.8 (from anyio<5,>=3.6.2->starlette==1.3.1->-r /app/backend/requirements-runtime.txt (line 2))
docker	Run docker/build-push-action@v6	2026-08-06T10:31:27.4549934Z #13 3.466   Downloading idna-3.18-py3-none-any.whl.metadata (6.1 kB)
docker	Run docker/build-push-action@v6	2026-08-06T10:31:27.4551105Z #13 3.588 Collecting cffi>=1.0.1 (from argon2-cffi-bindings->argon2-cffi==25.1.0->-r /app/backend/requirements-runtime.txt (line 8))
docker	Run docker/build-push-action@v6	2026-08-06T10:31:27.5565161Z #13 3.593   Downloading cffi-2.1.1-cp312-cp312-manylinux2014_x86_64.manylinux_2_17_x86_64.whl.metadata (2.5 kB)
docker	Run docker/build-push-action@v6	2026-08-06T10:31:27.5567564Z #13 3.687 Collecting charset_normalizer<4,>=2 (from requests->pymanuf==2026.7.1->-r /app/backend/requirements-runtime.txt (line 12))
docker	Run docker/build-push-action@v6	2026-08-06T10:31:27.5569229Z #13 3.690   Downloading charset_normalizer-3.4.9-cp312-cp312-manylinux2014_x86_64.manylinux_2_17_x86_64.manylinux_2_28_x86_64.whl.metadata (41 kB)
docker	Run docker/build-push-action@v6	2026-08-06T10:31:27.6708496Z #13 3.722 Collecting urllib3<3,>=1.26 (from requests->pymanuf==2026.7.1->-r /app/backend/requirements-runtime.txt (line 12))
docker	Run docker/build-push-action@v6	2026-08-06T10:31:27.6710338Z #13 3.725   Downloading urllib3-2.7.0-py3-none-any.whl.metadata (6.9 kB)
docker	Run docker/build-push-action@v6	2026-08-06T10:31:27.6711518Z #13 3.744 Collecting certifi>=2023.5.7 (from requests->pymanuf==2026.7.1->-r /app/backend/requirements-runtime.txt (line 12))
docker	Run docker/build-push-action@v6	2026-08-06T10:31:27.6712661Z #13 3.748   Downloading certifi-2026.7.22-py3-none-any.whl.metadata (2.5 kB)
docker	Run docker/build-push-action@v6	2026-08-06T10:31:27.6714072Z #13 3.759 Collecting pycparser (from cffi>=1.0.1->argon2-cffi-bindings->argon2-cffi==25.1.0->-r /app/backend/requirements-runtime.txt (line 8))
docker	Run docker/build-push-action@v6	2026-08-06T10:31:27.6714859Z #13 3.763   Downloading pycparser-3.0-py3-none-any.whl.metadata (8.2 kB)
docker	Run docker/build-push-action@v6	2026-08-06T10:31:27.6715350Z #13 3.777 Downloading fastapi-0.140.0-py3-none-any.whl (130 kB)
docker	Run docker/build-push-action@v6	2026-08-06T10:31:27.6715773Z #13 3.781 Downloading starlette-1.3.1-py3-none-any.whl (73 kB)
docker	Run docker/build-push-action@v6	2026-08-06T10:31:27.6716180Z #13 3.784 Downloading uvicorn-0.35.0-py3-none-any.whl (66 kB)
docker	Run docker/build-push-action@v6	2026-08-06T10:31:27.6716585Z #13 3.788 Downloading pydantic-2.11.7-py3-none-any.whl (444 kB)
docker	Run docker/build-push-action@v6	2026-08-06T10:31:27.6717162Z #13 3.804 Downloading sqlalchemy-2.0.43-cp312-cp312-manylinux_2_17_x86_64.manylinux2014_x86_64.whl (3.3 MB)
docker	Run docker/build-push-action@v6	2026-08-06T10:31:27.7730926Z #13 3.821    ━━━━━━━━━━━━━━━━━━━━━━━━━━━━━━━━━━━━━━━━ 3.3/3.3 MB 252.5 MB/s eta 0:00:00
docker	Run docker/build-push-action@v6	2026-08-06T10:31:27.7731840Z #13 3.825 Downloading alembic-1.17.2-py3-none-any.whl (248 kB)
docker	Run docker/build-push-action@v6	2026-08-06T10:31:27.7732604Z #13 3.830 Downloading psycopg-3.3.4-py3-none-any.whl (213 kB)
docker	Run docker/build-push-action@v6	2026-08-06T10:31:27.7733669Z #13 3.834 Downloading argon2_cffi-25.1.0-py3-none-any.whl (14 kB)
docker	Run docker/build-push-action@v6	2026-08-06T10:31:27.7734432Z #13 3.837 Downloading pyjwt-2.13.0-py3-none-any.whl (31 kB)
docker	Run docker/build-push-action@v6	2026-08-06T10:31:27.7735232Z #13 3.840 Downloading python_multipart-0.0.31-py3-none-any.whl (29 kB)
docker	Run docker/build-push-action@v6	2026-08-06T10:31:27.7736013Z #13 3.843 Downloading jinja2-3.1.6-py3-none-any.whl (134 kB)
docker	Run docker/build-push-action@v6	2026-08-06T10:31:27.7736573Z #13 3.849 Downloading pymanuf-2026.7.1-py3-none-any.whl (639 kB)
docker	Run docker/build-push-action@v6	2026-08-06T10:31:27.7737220Z #13 3.852    ━━━━━━━━━━━━━━━━━━━━━━━━━━━━━━━━━━━━━━━ 639.0/639.0 kB 450.8 MB/s eta 0:00:00
docker	Run docker/build-push-action@v6	2026-08-06T10:31:27.7737706Z #13 3.855 Downloading segno-1.6.6-py3-none-any.whl (76 kB)
docker	Run docker/build-push-action@v6	2026-08-06T10:31:27.7738282Z #13 3.859 Downloading psycopg_binary-3.3.4-cp312-cp312-manylinux2014_x86_64.manylinux_2_17_x86_64.whl (5.2 MB)
docker	Run docker/build-push-action@v6	2026-08-06T10:31:27.7738980Z #13 3.872    ━━━━━━━━━━━━━━━━━━━━━━━━━━━━━━━━━━━━━━━━ 5.2/5.2 MB 487.4 MB/s eta 0:00:00
docker	Run docker/build-push-action@v6	2026-08-06T10:31:27.7739577Z #13 3.876 Downloading pydantic_core-2.33.2-cp312-cp312-manylinux_2_17_x86_64.manylinux2014_x86_64.whl (2.0 MB)
docker	Run docker/build-push-action@v6	2026-08-06T10:31:27.7740253Z #13 3.892    ━━━━━━━━━━━━━━━━━━━━━━━━━━━━━━━━━━━━━━━━ 2.0/2.0 MB 125.6 MB/s eta 0:00:00
docker	Run docker/build-push-action@v6	2026-08-06T10:31:27.7740727Z #13 3.896 Downloading annotated_doc-0.0.5-py3-none-any.whl (5.3 kB)
docker	Run docker/build-push-action@v6	2026-08-06T10:31:27.7741204Z #13 3.900 Downloading annotated_types-0.8.0-py3-none-any.whl (13 kB)
docker	Run docker/build-push-action@v6	2026-08-06T10:31:27.7741662Z #13 3.903 Downloading anyio-4.14.2-py3-none-any.whl (125 kB)
docker	Run docker/build-push-action@v6	2026-08-06T10:31:27.7742054Z #13 3.907 Downloading click-8.4.2-py3-none-any.whl (119 kB)
docker	Run docker/build-push-action@v6	2026-08-06T10:31:27.9809092Z #13 3.911 Downloading greenlet-3.5.4-cp312-cp312-manylinux_2_24_x86_64.manylinux_2_28_x86_64.whl (621 kB)
docker	Run docker/build-push-action@v6	2026-08-06T10:31:27.9810536Z #13 3.914    ━━━━━━━━━━━━━━━━━━━━━━━━━━━━━━━━━━━━━━━ 621.5/621.5 kB 658.5 MB/s eta 0:00:00
docker	Run docker/build-push-action@v6	2026-08-06T10:31:27.9811274Z #13 3.918 Downloading h11-0.16.0-py3-none-any.whl (37 kB)
docker	Run docker/build-push-action@v6	2026-08-06T10:31:27.9812078Z #13 3.921 Downloading httptools-0.8.0-cp312-cp312-manylinux1_x86_64.manylinux_2_28_x86_64.manylinux_2_5_x86_64.whl (523 kB)
docker	Run docker/build-push-action@v6	2026-08-06T10:31:27.9813684Z #13 3.926 Downloading markupsafe-3.0.3-cp312-cp312-manylinux2014_x86_64.manylinux_2_17_x86_64.manylinux_2_28_x86_64.whl (22 kB)
docker	Run docker/build-push-action@v6	2026-08-06T10:31:27.9815131Z #13 3.929 Downloading python_dotenv-1.2.2-py3-none-any.whl (22 kB)
docker	Run docker/build-push-action@v6	2026-08-06T10:31:27.9816066Z #13 3.933 Downloading pyyaml-6.0.3-cp312-cp312-manylinux2014_x86_64.manylinux_2_17_x86_64.manylinux_2_28_x86_64.whl (807 kB)
docker	Run docker/build-push-action@v6	2026-08-06T10:31:27.9817016Z #13 3.936    ━━━━━━━━━━━━━━━━━━━━━━━━━━━━━━━━━━━━━━━ 807.9/807.9 kB 676.6 MB/s eta 0:00:00
docker	Run docker/build-push-action@v6	2026-08-06T10:31:27.9817688Z #13 3.941 Downloading typing_extensions-4.16.0-py3-none-any.whl (45 kB)
docker	Run docker/build-push-action@v6	2026-08-06T10:31:27.9818888Z #13 3.944 Downloading typing_inspection-0.4.2-py3-none-any.whl (14 kB)
docker	Run docker/build-push-action@v6	2026-08-06T10:31:27.9819625Z #13 3.949 Downloading uvloop-0.22.1-cp312-cp312-manylinux2014_x86_64.manylinux_2_17_x86_64.manylinux_2_28_x86_64.whl (4.4 MB)
docker	Run docker/build-push-action@v6	2026-08-06T10:31:27.9820551Z #13 3.962    ━━━━━━━━━━━━━━━━━━━━━━━━━━━━━━━━━━━━━━━━ 4.4/4.4 MB 399.4 MB/s eta 0:00:00
docker	Run docker/build-push-action@v6	2026-08-06T10:31:27.9821335Z #13 3.966 Downloading watchfiles-1.2.0-cp312-cp312-manylinux_2_17_x86_64.manylinux2014_x86_64.whl (456 kB)
docker	Run docker/build-push-action@v6	2026-08-06T10:31:27.9822303Z #13 3.970 Downloading websockets-17.0.1-cp312-cp312-manylinux1_x86_64.manylinux_2_28_x86_64.manylinux_2_5_x86_64.whl (220 kB)
docker	Run docker/build-push-action@v6	2026-08-06T10:31:27.9823840Z #13 3.974 Downloading argon2_cffi_bindings-25.1.0-cp39-abi3-manylinux_2_26_x86_64.manylinux_2_28_x86_64.whl (87 kB)
docker	Run docker/build-push-action@v6	2026-08-06T10:31:27.9824813Z #13 3.977 Downloading mako-1.4.1-py3-none-any.whl (80 kB)
docker	Run docker/build-push-action@v6	2026-08-06T10:31:27.9825445Z #13 3.980 Downloading requests-2.34.2-py3-none-any.whl (73 kB)
docker	Run docker/build-push-action@v6	2026-08-06T10:31:27.9826154Z #13 3.984 Downloading certifi-2026.7.22-py3-none-any.whl (136 kB)
docker	Run docker/build-push-action@v6	2026-08-06T10:31:27.9826862Z #13 3.987 Downloading cffi-2.1.1-cp312-cp312-manylinux2014_x86_64.manylinux_2_17_x86_64.whl (221 kB)
docker	Run docker/build-push-action@v6	2026-08-06T10:31:27.9827665Z #13 3.991 Downloading charset_normalizer-3.4.9-cp312-cp312-manylinux2014_x86_64.manylinux_2_17_x86_64.manylinux_2_28_x86_64.whl (224 kB)
docker	Run docker/build-push-action@v6	2026-08-06T10:31:27.9828325Z #13 3.995 Downloading idna-3.18-py3-none-any.whl (65 kB)
docker	Run docker/build-push-action@v6	2026-08-06T10:31:27.9828714Z #13 3.998 Downloading urllib3-2.7.0-py3-none-any.whl (131 kB)
docker	Run docker/build-push-action@v6	2026-08-06T10:31:27.9829129Z #13 4.002 Downloading pycparser-3.0-py3-none-any.whl (48 kB)
docker	Run docker/build-push-action@v6	2026-08-06T10:31:27.9831796Z #13 4.114 Installing collected packages: websockets, uvloop, urllib3, typing-extensions, segno, pyyaml, python-multipart, python-dotenv, PyJWT, pycparser, psycopg-binary, MarkupSafe, idna, httptools, h11, greenlet, click, charset_normalizer, certifi, annotated-types, annotated-doc, uvicorn, typing-inspection, SQLAlchemy, requests, pydantic-core, psycopg, Mako, jinja2, cffi, anyio, watchfiles, starlette, pymanuf, pydantic, argon2-cffi-bindings, alembic, fastapi, argon2-cffi
docker	Run docker/build-push-action@v6	2026-08-06T10:31:31.2690582Z #13 7.402 Successfully installed Mako-1.4.1 MarkupSafe-3.0.3 PyJWT-2.13.0 SQLAlchemy-2.0.43 alembic-1.17.2 annotated-doc-0.0.5 annotated-types-0.8.0 anyio-4.14.2 argon2-cffi-25.1.0 argon2-cffi-bindings-25.1.0 certifi-2026.7.22 cffi-2.1.1 charset_normalizer-3.4.9 click-8.4.2 fastapi-0.140.0 greenlet-3.5.4 h11-0.16.0 httptools-0.8.0 idna-3.18 jinja2-3.1.6 psycopg-3.3.4 psycopg-binary-3.3.4 pycparser-3.0 pydantic-2.11.7 pydantic-core-2.33.2 pymanuf-2026.7.1 python-dotenv-1.2.2 python-multipart-0.0.31 pyyaml-6.0.3 requests-2.34.2 segno-1.6.6 starlette-1.3.1 typing-extensions-4.16.0 typing-inspection-0.4.2 urllib3-2.7.0 uvicorn-0.35.0 uvloop-0.22.1 watchfiles-1.2.0 websockets-17.0.1
docker	Run docker/build-push-action@v6	2026-08-06T10:31:31.4819890Z #13 7.402 WARNING: Running pip as the 'root' user can result in broken permissions and conflicting behaviour with the system package manager, possibly rendering your system unusable. It is recommended to use a virtual environment instead: https://pip.pypa.io/warnings/venv. Use the --root-user-action option if you know what you are doing and want to suppress this warning.
docker	Run docker/build-push-action@v6	2026-08-06T10:31:31.4822375Z #13 7.464 
docker	Run docker/build-push-action@v6	2026-08-06T10:31:31.4822750Z #13 7.464 [notice] A new release of pip is available: 25.0.1 -> 26.2.1
docker	Run docker/build-push-action@v6	2026-08-06T10:31:31.4823645Z #13 7.464 [notice] To update, run: pip install --upgrade pip
docker	Run docker/build-push-action@v6	2026-08-06T10:31:31.6253574Z #13 DONE 7.8s
docker	Run docker/build-push-action@v6	2026-08-06T10:31:31.8597303Z 
docker	Run docker/build-push-action@v6	2026-08-06T10:31:31.8598027Z #14 [6/9] COPY backend /app/backend
docker	Run docker/build-push-action@v6	2026-08-06T10:31:31.8598877Z #14 DONE 0.1s
docker	Run docker/build-push-action@v6	2026-08-06T10:31:31.8599032Z 
docker	Run docker/build-push-action@v6	2026-08-06T10:31:31.8599186Z #15 [7/9] COPY openwrt-agent /app/openwrt-agent
docker	Run docker/build-push-action@v6	2026-08-06T10:31:31.8599550Z #15 DONE 0.0s
docker	Run docker/build-push-action@v6	2026-08-06T10:31:31.8599687Z 
docker	Run docker/build-push-action@v6	2026-08-06T10:31:31.8599798Z #16 [8/9] COPY VERSION /app/VERSION
docker	Run docker/build-push-action@v6	2026-08-06T10:31:31.8600112Z #16 DONE 0.0s
docker	Run docker/build-push-action@v6	2026-08-06T10:31:31.8600247Z 
docker	Run docker/build-push-action@v6	2026-08-06T10:31:31.8601044Z #17 [9/9] RUN groupadd --gid 10001 wrtmonitor     && useradd --uid 10001 --gid 10001 --no-create-home --shell /usr/sbin/nologin wrtmonitor     && mkdir -p /backups     && chown -R wrtmonitor:wrtmonitor /app /backups
docker	Run docker/build-push-action@v6	2026-08-06T10:31:31.8973784Z #17 DONE 0.2s
docker	Run docker/build-push-action@v6	2026-08-06T10:31:32.7322664Z 
docker	Run docker/build-push-action@v6	2026-08-06T10:31:32.7324300Z #18 [linux/amd64] generating sbom using docker.io/docker/buildkit-syft-scanner:stable-1
docker	Run docker/build-push-action@v6	2026-08-06T10:31:32.9583676Z #18 0.076 time="2026-08-06T10:31:32Z" level=info msg="starting syft scanner for buildkit v1.11.0"
docker	Run docker/build-push-action@v6	2026-08-06T10:31:34.8941117Z #18 DONE 2.2s
docker	Run docker/build-push-action@v6	2026-08-06T10:31:35.0453353Z 
docker	Run docker/build-push-action@v6	2026-08-06T10:31:35.0454141Z #19 exporting to image
docker	Run docker/build-push-action@v6	2026-08-06T10:31:35.0454654Z #19 exporting layers
docker	Run docker/build-push-action@v6	2026-08-06T10:31:38.1405441Z #19 exporting layers 3.2s done
docker	Run docker/build-push-action@v6	2026-08-06T10:31:38.2984329Z #19 exporting manifest sha256:4afabf88c80d28663e4a6d62d67e27e75b78d08797a3f3533582c98f0c6458b1 done
docker	Run docker/build-push-action@v6	2026-08-06T10:31:38.2985763Z #19 exporting config sha256:1d39e40a44491be1448e127a0e2cb1da26ae1e23576aae508d9e0338a38b692c done
docker	Run docker/build-push-action@v6	2026-08-06T10:31:39.5225670Z #19 exporting attestation manifest sha256:909587130007e4ead8729e5a98c2d8b0f8c6f9589e3f0f49f4125fe0b42b03d9
docker	Run docker/build-push-action@v6	2026-08-06T10:31:39.7318680Z #19 ...
docker	Run docker/build-push-action@v6	2026-08-06T10:31:39.7319051Z 
docker	Run docker/build-push-action@v6	2026-08-06T10:31:39.7319342Z #20 [auth] shurshick/wrtmonitor:pull,push token for ghcr.io
docker	Run docker/build-push-action@v6	2026-08-06T10:31:39.7319907Z #20 DONE 0.0s
docker	Run docker/build-push-action@v6	2026-08-06T10:31:39.7320075Z 
docker	Run docker/build-push-action@v6	2026-08-06T10:31:39.7320208Z #19 exporting to image
docker	Run docker/build-push-action@v6	2026-08-06T10:31:39.7320923Z #19 exporting attestation manifest sha256:909587130007e4ead8729e5a98c2d8b0f8c6f9589e3f0f49f4125fe0b42b03d9 done
docker	Run docker/build-push-action@v6	2026-08-06T10:31:39.7322046Z #19 exporting manifest list sha256:a408db1bbaab7c725eb2d2f3b706eb13a683320058b388f3b9b0ad5e963cda56 done
docker	Run docker/build-push-action@v6	2026-08-06T10:31:39.7322831Z #19 pushing layers
docker	Run docker/build-push-action@v6	2026-08-06T10:31:42.8763629Z #19 pushing layers 3.3s done
docker	Run docker/build-push-action@v6	2026-08-06T10:31:42.8764485Z #19 pushing manifest for ghcr.io/shurshick/wrtmonitor:0.35.0@sha256:a408db1bbaab7c725eb2d2f3b706eb13a683320058b388f3b9b0ad5e963cda56
docker	Run docker/build-push-action@v6	2026-08-06T10:31:43.7966485Z #19 pushing manifest for ghcr.io/shurshick/wrtmonitor:0.35.0@sha256:a408db1bbaab7c725eb2d2f3b706eb13a683320058b388f3b9b0ad5e963cda56 0.9s done
docker	Run docker/build-push-action@v6	2026-08-06T10:31:43.7967956Z #19 DONE 8.9s
docker	Run docker/build-push-action@v6	2026-08-06T10:31:43.8289731Z 
docker	Run docker/build-push-action@v6	2026-08-06T10:31:43.8290340Z #21 resolving provenance for metadata file
docker	Run docker/build-push-action@v6	2026-08-06T10:31:43.8290715Z #21 DONE 0.0s
docker	Run docker/build-push-action@v6	2026-08-06T10:31:43.8374783Z ##[group]ImageID
docker	Run docker/build-push-action@v6	2026-08-06T10:31:43.8375216Z sha256:a408db1bbaab7c725eb2d2f3b706eb13a683320058b388f3b9b0ad5e963cda56
docker	Run docker/build-push-action@v6	2026-08-06T10:31:43.8376453Z ##[endgroup]
docker	Run docker/build-push-action@v6	2026-08-06T10:31:43.8376896Z ##[group]Digest
docker	Run docker/build-push-action@v6	2026-08-06T10:31:43.8377444Z sha256:a408db1bbaab7c725eb2d2f3b706eb13a683320058b388f3b9b0ad5e963cda56
docker	Run docker/build-push-action@v6	2026-08-06T10:31:43.8378060Z ##[endgroup]
docker	Run docker/build-push-action@v6	2026-08-06T10:31:43.8378421Z ##[group]Metadata
docker	Run docker/build-push-action@v6	2026-08-06T10:31:43.8380099Z {
docker	Run docker/build-push-action@v6	2026-08-06T10:31:43.8380631Z   "buildx.build.provenance": {
docker	Run docker/build-push-action@v6	2026-08-06T10:31:43.8381106Z     "builder": {
docker	Run docker/build-push-action@v6	2026-08-06T10:31:43.8381796Z       "id": "https://github.com/shurshick/wrtmonitor/actions/runs/31093511230/attempts/1"
docker	Run docker/build-push-action@v6	2026-08-06T10:31:43.8382556Z     },
docker	Run docker/build-push-action@v6	2026-08-06T10:31:43.8383046Z     "buildType": "https://mobyproject.org/buildkit@v1",
docker	Run docker/build-push-action@v6	2026-08-06T10:31:43.8384420Z     "materials": [
docker	Run docker/build-push-action@v6	2026-08-06T10:31:43.8384911Z       {
docker	Run docker/build-push-action@v6	2026-08-06T10:31:43.8385417Z         "uri": "pkg:docker/docker/buildkit-syft-scanner@stable-1",
docker	Run docker/build-push-action@v6	2026-08-06T10:31:43.8386051Z         "digest": {
docker	Run docker/build-push-action@v6	2026-08-06T10:31:43.8386700Z           "sha256": "79e7b013cbec16bbb436f312819a49a4a57752b2270c1a9332ae1a10fcc82a68"
docker	Run docker/build-push-action@v6	2026-08-06T10:31:43.8387435Z         }
docker	Run docker/build-push-action@v6	2026-08-06T10:31:43.8387763Z       },
docker	Run docker/build-push-action@v6	2026-08-06T10:31:43.8388120Z       {
docker	Run docker/build-push-action@v6	2026-08-06T10:31:43.8389169Z         "uri": "pkg:docker/python@3.12-slim?digest=sha256:57cd7c3a7a273101a6485ba99423ee568157882804b1124b4dd04266317710de&platform=linux%2Famd64",
docker	Run docker/build-push-action@v6	2026-08-06T10:31:43.8390593Z         "digest": {
docker	Run docker/build-push-action@v6	2026-08-06T10:31:43.8391195Z           "sha256": "57cd7c3a7a273101a6485ba99423ee568157882804b1124b4dd04266317710de"
docker	Run docker/build-push-action@v6	2026-08-06T10:31:43.8391853Z         }
docker	Run docker/build-push-action@v6	2026-08-06T10:31:43.8392155Z       }
docker	Run docker/build-push-action@v6	2026-08-06T10:31:43.8392495Z     ],
docker	Run docker/build-push-action@v6	2026-08-06T10:31:43.8392847Z     "invocation": {
docker	Run docker/build-push-action@v6	2026-08-06T10:31:43.8393505Z       "configSource": {
docker	Run docker/build-push-action@v6	2026-08-06T10:31:43.8393953Z         "entryPoint": "Dockerfile"
docker	Run docker/build-push-action@v6	2026-08-06T10:31:43.8394394Z       },
docker	Run docker/build-push-action@v6	2026-08-06T10:31:43.8394733Z       "parameters": {
docker	Run docker/build-push-action@v6	2026-08-06T10:31:43.8395220Z         "frontend": "dockerfile.v0",
docker	Run docker/build-push-action@v6	2026-08-06T10:31:43.8395651Z         "args": {
docker	Run docker/build-push-action@v6	2026-08-06T10:31:43.8396383Z           "label:org.opencontainers.image.revision": "9d81f5fe71a883b7b63845878056e99fc2919cb1",
docker	Run docker/build-push-action@v6	2026-08-06T10:31:43.8397469Z           "label:org.opencontainers.image.source": "https://github.com/shurshick/wrtmonitor",
docker	Run docker/build-push-action@v6	2026-08-06T10:31:43.8398258Z           "label:org.opencontainers.image.version": "0.35.0"
docker	Run docker/build-push-action@v6	2026-08-06T10:31:43.8398755Z         },
docker	Run docker/build-push-action@v6	2026-08-06T10:31:43.8399057Z         "locals": [
docker	Run docker/build-push-action@v6	2026-08-06T10:31:43.8399357Z           {
docker	Run docker/build-push-action@v6	2026-08-06T10:31:43.8399649Z             "name": "context"
docker	Run docker/build-push-action@v6	2026-08-06T10:31:43.8400051Z           },
docker	Run docker/build-push-action@v6	2026-08-06T10:31:43.8400340Z           {
docker	Run docker/build-push-action@v6	2026-08-06T10:31:43.8400645Z             "name": "dockerfile"
docker	Run docker/build-push-action@v6	2026-08-06T10:31:43.8401063Z           }
docker	Run docker/build-push-action@v6	2026-08-06T10:31:43.8401368Z         ],
docker	Run docker/build-push-action@v6	2026-08-06T10:31:43.8401665Z         "root": {
docker	Run docker/build-push-action@v6	2026-08-06T10:31:43.8402037Z           "configSource": {
docker	Run docker/build-push-action@v6	2026-08-06T10:31:43.8402416Z             "path": "Dockerfile"
docker	Run docker/build-push-action@v6	2026-08-06T10:31:43.8402788Z           },
docker	Run docker/build-push-action@v6	2026-08-06T10:31:43.8403083Z           "request": {
docker	Run docker/build-push-action@v6	2026-08-06T10:31:43.8404253Z             "args": {
docker	Run docker/build-push-action@v6	2026-08-06T10:31:43.8404857Z               "label:org.opencontainers.image.revision": "9d81f5fe71a883b7b63845878056e99fc2919cb1",
docker	Run docker/build-push-action@v6	2026-08-06T10:31:43.8405945Z               "label:org.opencontainers.image.source": "https://github.com/shurshick/wrtmonitor",
docker	Run docker/build-push-action@v6	2026-08-06T10:31:43.8406757Z               "label:org.opencontainers.image.version": "0.35.0",
docker	Run docker/build-push-action@v6	2026-08-06T10:31:43.8407292Z               "vcs:localdir:context": ".",
docker	Run docker/build-push-action@v6	2026-08-06T10:31:43.8407851Z               "vcs:localdir:dockerfile": ".",
docker	Run docker/build-push-action@v6	2026-08-06T10:31:43.8408483Z               "vcs:revision": "9d81f5fe71a883b7b63845878056e99fc2919cb1",
docker	Run docker/build-push-action@v6	2026-08-06T10:31:43.8409187Z               "vcs:source": "https://github.com/shurshick/wrtmonitor"
docker	Run docker/build-push-action@v6	2026-08-06T10:31:43.8409801Z             }
docker	Run docker/build-push-action@v6	2026-08-06T10:31:43.8410140Z           }
docker	Run docker/build-push-action@v6	2026-08-06T10:31:43.8410458Z         },
docker	Run docker/build-push-action@v6	2026-08-06T10:31:43.8410809Z         "compatibilityVersion": 30
docker	Run docker/build-push-action@v6	2026-08-06T10:31:43.8411245Z       },
docker	Run docker/build-push-action@v6	2026-08-06T10:31:43.8411549Z       "environment": {
docker	Run docker/build-push-action@v6	2026-08-06T10:31:43.8411957Z         "dockerfileVersion": "1.25.0",
docker	Run docker/build-push-action@v6	2026-08-06T10:31:43.8412466Z         "github_actor": "shurshick",
docker	Run docker/build-push-action@v6	2026-08-06T10:31:43.8412934Z         "github_actor_id": "21372671",
docker	Run docker/build-push-action@v6	2026-08-06T10:31:43.8413593Z         "github_event_name": "push",
docker	Run docker/build-push-action@v6	2026-08-06T10:31:43.8414044Z         "github_event_payload": {
docker	Run docker/build-push-action@v6	2026-08-06T10:31:43.8414567Z           "after": "9d81f5fe71a883b7b63845878056e99fc2919cb1",
docker	Run docker/build-push-action@v6	2026-08-06T10:31:43.8415132Z           "base_ref": "refs/heads/main",
docker	Run docker/build-push-action@v6	2026-08-06T10:31:43.8415610Z           "before": "0000000000000000000000000000000000000000",
docker	Run docker/build-push-action@v6	2026-08-06T10:31:43.8416136Z           "commits": [],
docker	Run docker/build-push-action@v6	2026-08-06T10:31:43.8416685Z           "compare": "https://github.com/shurshick/wrtmonitor/compare/v0.35.0",
docker	Run docker/build-push-action@v6	2026-08-06T10:31:43.8417571Z           "created": true,
docker	Run docker/build-push-action@v6	2026-08-06T10:31:43.8417941Z           "deleted": false,
docker	Run docker/build-push-action@v6	2026-08-06T10:31:43.8418313Z           "forced": false,
docker	Run docker/build-push-action@v6	2026-08-06T10:31:43.8418779Z           "head_commit": {
docker	Run docker/build-push-action@v6	2026-08-06T10:31:43.8419270Z             "author": {
docker	Run docker/build-push-action@v6	2026-08-06T10:31:43.8419856Z               "email": "bot@wrtmonitor.local",
docker	Run docker/build-push-action@v6	2026-08-06T10:31:43.8420460Z               "name": "WrtMonitor Bot"
docker	Run docker/build-push-action@v6	2026-08-06T10:31:43.8420931Z             },
docker	Run docker/build-push-action@v6	2026-08-06T10:31:43.8421288Z             "committer": {
docker	Run docker/build-push-action@v6	2026-08-06T10:31:43.8421729Z               "email": "bot@wrtmonitor.local",
docker	Run docker/build-push-action@v6	2026-08-06T10:31:43.8422476Z               "name": "WrtMonitor Bot"
docker	Run docker/build-push-action@v6	2026-08-06T10:31:43.8424283Z             },
docker	Run docker/build-push-action@v6	2026-08-06T10:31:43.8424634Z             "distinct": true,
docker	Run docker/build-push-action@v6	2026-08-06T10:31:43.8425163Z             "id": "9d81f5fe71a883b7b63845878056e99fc2919cb1",
docker	Run docker/build-push-action@v6	2026-08-06T10:31:43.8426024Z             "message": "fix(agent): register agent.bash_script in capabilities and update contract",
docker	Run docker/build-push-action@v6	2026-08-06T10:31:43.8426923Z             "timestamp": "2026-08-06T13:30:04+03:00",
docker	Run docker/build-push-action@v6	2026-08-06T10:31:43.8427637Z             "tree_id": "0af6ea9a8bc6f94f58825d477c8d6787888e2f39",
docker	Run docker/build-push-action@v6	2026-08-06T10:31:43.8428654Z             "url": "https://github.com/shurshick/wrtmonitor/commit/9d81f5fe71a883b7b63845878056e99fc2919cb1"
docker	Run docker/build-push-action@v6	2026-08-06T10:31:43.8429495Z           },
docker	Run docker/build-push-action@v6	2026-08-06T10:31:43.8429816Z           "pusher": {
docker	Run docker/build-push-action@v6	2026-08-06T10:31:43.8430220Z             "email": "shurshick@bk.ru",
docker	Run docker/build-push-action@v6	2026-08-06T10:31:43.8430717Z             "name": "shurshick"
docker	Run docker/build-push-action@v6	2026-08-06T10:31:43.8431129Z           },
docker	Run docker/build-push-action@v6	2026-08-06T10:31:43.8431497Z           "ref": "refs/tags/v0.35.0",
docker	Run docker/build-push-action@v6	2026-08-06T10:31:43.8431965Z           "repository": {
docker	Run docker/build-push-action@v6	2026-08-06T10:31:43.8432387Z             "allow_forking": true,
docker	Run docker/build-push-action@v6	2026-08-06T10:31:43.8433372Z             "archive_url": "https://api.github.com/repos/shurshick/wrtmonitor/{archive_format}{/ref}",
docker	Run docker/build-push-action@v6	2026-08-06T10:31:43.8434189Z             "archived": false,
docker	Run docker/build-push-action@v6	2026-08-06T10:31:43.8434896Z             "assignees_url": "https://api.github.com/repos/shurshick/wrtmonitor/assignees{/user}",
docker	Run docker/build-push-action@v6	2026-08-06T10:31:43.8435966Z             "blobs_url": "https://api.github.com/repos/shurshick/wrtmonitor/git/blobs{/sha}",
docker	Run docker/build-push-action@v6	2026-08-06T10:31:43.8437014Z             "branches_url": "https://api.github.com/repos/shurshick/wrtmonitor/branches{/branch}",
docker	Run docker/build-push-action@v6	2026-08-06T10:31:43.8437922Z             "clone_url": "https://github.com/shurshick/wrtmonitor.git",
docker	Run docker/build-push-action@v6	2026-08-06T10:31:43.8438976Z             "collaborators_url": "https://api.github.com/repos/shurshick/wrtmonitor/collaborators{/collaborator}",
docker	Run docker/build-push-action@v6	2026-08-06T10:31:43.8440176Z             "comments_url": "https://api.github.com/repos/shurshick/wrtmonitor/comments{/number}",
docker	Run docker/build-push-action@v6	2026-08-06T10:31:43.8441213Z             "commits_url": "https://api.github.com/repos/shurshick/wrtmonitor/commits{/sha}",
docker	Run docker/build-push-action@v6	2026-08-06T10:31:43.8442293Z             "compare_url": "https://api.github.com/repos/shurshick/wrtmonitor/compare/{base}...{head}",
docker	Run docker/build-push-action@v6	2026-08-06T10:31:43.8443613Z             "contents_url": "https://api.github.com/repos/shurshick/wrtmonitor/contents/{+path}",
docker	Run docker/build-push-action@v6	2026-08-06T10:31:43.8444701Z             "contributors_url": "https://api.github.com/repos/shurshick/wrtmonitor/contributors",
docker	Run docker/build-push-action@v6	2026-08-06T10:31:43.8445503Z             "created_at": 1781793314,
docker	Run docker/build-push-action@v6	2026-08-06T10:31:43.8445997Z             "default_branch": "main",
docker	Run docker/build-push-action@v6	2026-08-06T10:31:43.8446718Z             "deployments_url": "https://api.github.com/repos/shurshick/wrtmonitor/deployments",
docker	Run docker/build-push-action@v6	2026-08-06T10:31:43.8451014Z             "description": "Мониторинг и управление OpenWrt-роутерами: сервер, OpenWrt-агент и Android-приложение",
docker	Run docker/build-push-action@v6	2026-08-06T10:31:43.8451955Z             "disabled": false,
docker	Run docker/build-push-action@v6	2026-08-06T10:31:43.8452692Z             "downloads_url": "https://api.github.com/repos/shurshick/wrtmonitor/downloads",
docker	Run docker/build-push-action@v6	2026-08-06T10:31:43.8453914Z             "events_url": "https://api.github.com/repos/shurshick/wrtmonitor/events",
docker	Run docker/build-push-action@v6	2026-08-06T10:31:43.8454632Z             "fork": false,
docker	Run docker/build-push-action@v6	2026-08-06T10:31:43.8455035Z             "forks": 0,
docker	Run docker/build-push-action@v6	2026-08-06T10:31:43.8455427Z             "forks_count": 0,
docker	Run docker/build-push-action@v6	2026-08-06T10:31:43.8456424Z             "forks_url": "https://api.github.com/repos/shurshick/wrtmonitor/forks",
docker	Run docker/build-push-action@v6	2026-08-06T10:31:43.8457183Z             "full_name": "shurshick/wrtmonitor",
docker	Run docker/build-push-action@v6	2026-08-06T10:31:43.8458101Z             "git_commits_url": "https://api.github.com/repos/shurshick/wrtmonitor/git/commits{/sha}",
docker	Run docker/build-push-action@v6	2026-08-06T10:31:43.8459264Z             "git_refs_url": "https://api.github.com/repos/shurshick/wrtmonitor/git/refs{/sha}",
docker	Run docker/build-push-action@v6	2026-08-06T10:31:43.8460236Z             "git_tags_url": "https://api.github.com/repos/shurshick/wrtmonitor/git/tags{/sha}",
docker	Run docker/build-push-action@v6	2026-08-06T10:31:43.8461296Z             "git_url": "git://github.com/shurshick/wrtmonitor.git",
docker	Run docker/build-push-action@v6	2026-08-06T10:31:43.8461877Z             "has_discussions": true,
docker	Run docker/build-push-action@v6	2026-08-06T10:31:43.8462316Z             "has_downloads": true,
docker	Run docker/build-push-action@v6	2026-08-06T10:31:43.8462728Z             "has_issues": true,
docker	Run docker/build-push-action@v6	2026-08-06T10:31:43.8463157Z             "has_pages": false,
docker	Run docker/build-push-action@v6	2026-08-06T10:31:43.8463787Z             "has_projects": true,
docker	Run docker/build-push-action@v6	2026-08-06T10:31:43.8464231Z             "has_pull_requests": true,
docker	Run docker/build-push-action@v6	2026-08-06T10:31:43.8464691Z             "has_wiki": false,
docker	Run docker/build-push-action@v6	2026-08-06T10:31:43.8465099Z             "homepage": null,
docker	Run docker/build-push-action@v6	2026-08-06T10:31:43.8465487Z             "hooks_url": "https://api.github.com/repos/shurshick/wrtmonitor/hooks",
docker	Run docker/build-push-action@v6	2026-08-06T10:31:43.8466149Z             "html_url": "https://github.com/shurshick/wrtmonitor",
docker	Run docker/build-push-action@v6	2026-08-06T10:31:43.8466715Z             "id": 1273452277,
docker	Run docker/build-push-action@v6	2026-08-06T10:31:43.8466997Z             "is_template": false,
docker	Run docker/build-push-action@v6	2026-08-06T10:31:43.8467475Z             "issue_comment_url": "https://api.github.com/repos/shurshick/wrtmonitor/issues/comments{/number}",
docker	Run docker/build-push-action@v6	2026-08-06T10:31:43.8468202Z             "issue_events_url": "https://api.github.com/repos/shurshick/wrtmonitor/issues/events{/number}",
docker	Run docker/build-push-action@v6	2026-08-06T10:31:43.8468844Z             "issues_url": "https://api.github.com/repos/shurshick/wrtmonitor/issues{/number}",
docker	Run docker/build-push-action@v6	2026-08-06T10:31:43.8469410Z             "keys_url": "https://api.github.com/repos/shurshick/wrtmonitor/keys{/key_id}",
docker	Run docker/build-push-action@v6	2026-08-06T10:31:43.8469973Z             "labels_url": "https://api.github.com/repos/shurshick/wrtmonitor/labels{/name}",
docker	Run docker/build-push-action@v6	2026-08-06T10:31:43.8470406Z             "language": "Python",
docker	Run docker/build-push-action@v6	2026-08-06T10:31:43.8470805Z             "languages_url": "https://api.github.com/repos/shurshick/wrtmonitor/languages",
docker	Run docker/build-push-action@v6	2026-08-06T10:31:43.8471233Z             "license": null,
docker	Run docker/build-push-action@v6	2026-08-06T10:31:43.8471481Z             "master_branch": "main",
docker	Run docker/build-push-action@v6	2026-08-06T10:31:43.8471864Z             "merges_url": "https://api.github.com/repos/shurshick/wrtmonitor/merges",
docker	Run docker/build-push-action@v6	2026-08-06T10:31:43.8472469Z             "milestones_url": "https://api.github.com/repos/shurshick/wrtmonitor/milestones{/number}",
docker	Run docker/build-push-action@v6	2026-08-06T10:31:43.8481137Z             "mirror_url": null,
docker	Run docker/build-push-action@v6	2026-08-06T10:31:43.8481441Z             "name": "wrtmonitor",
docker	Run docker/build-push-action@v6	2026-08-06T10:31:43.8481714Z             "node_id": "R_kgDOS-dW9Q",
docker	Run docker/build-push-action@v6	2026-08-06T10:31:43.8482304Z             "notifications_url": "https://api.github.com/repos/shurshick/wrtmonitor/notifications{?since,all,participating}",
docker	Run docker/build-push-action@v6	2026-08-06T10:31:43.8482914Z             "open_issues": 16,
docker	Run docker/build-push-action@v6	2026-08-06T10:31:43.8483456Z             "open_issues_count": 16,
docker	Run docker/build-push-action@v6	2026-08-06T10:31:43.8483795Z             "owner": {
docker	Run docker/build-push-action@v6	2026-08-06T10:31:43.8484160Z               "avatar_url": "https://avatars.githubusercontent.com/u/21372671?v=4",
docker	Run docker/build-push-action@v6	2026-08-06T10:31:43.8484575Z               "email": "shurshick@bk.ru",
docker	Run docker/build-push-action@v6	2026-08-06T10:31:43.8484976Z               "events_url": "https://api.github.com/users/shurshick/events{/privacy}",
docker	Run docker/build-push-action@v6	2026-08-06T10:31:43.8485506Z               "followers_url": "https://api.github.com/users/shurshick/followers",
docker	Run docker/build-push-action@v6	2026-08-06T10:31:43.8486069Z               "following_url": "https://api.github.com/users/shurshick/following{/other_user}",
docker	Run docker/build-push-action@v6	2026-08-06T10:31:43.8486613Z               "gists_url": "https://api.github.com/users/shurshick/gists{/gist_id}",
docker	Run docker/build-push-action@v6	2026-08-06T10:31:43.8487017Z               "gravatar_id": "",
docker	Run docker/build-push-action@v6	2026-08-06T10:31:43.8487313Z               "html_url": "https://github.com/shurshick",
docker	Run docker/build-push-action@v6	2026-08-06T10:31:43.8487625Z               "id": 21372671,
docker	Run docker/build-push-action@v6	2026-08-06T10:31:43.8488130Z               "login": "shurshick",
docker	Run docker/build-push-action@v6	2026-08-06T10:31:43.8488394Z               "name": "shurshick",
docker	Run docker/build-push-action@v6	2026-08-06T10:31:43.8488667Z               "node_id": "MDQ6VXNlcjIxMzcyNjcx",
docker	Run docker/build-push-action@v6	2026-08-06T10:31:43.8489070Z               "organizations_url": "https://api.github.com/users/shurshick/orgs",
docker	Run docker/build-push-action@v6	2026-08-06T10:31:43.8489626Z               "received_events_url": "https://api.github.com/users/shurshick/received_events",
docker	Run docker/build-push-action@v6	2026-08-06T10:31:43.8490140Z               "repos_url": "https://api.github.com/users/shurshick/repos",
docker	Run docker/build-push-action@v6	2026-08-06T10:31:43.8490503Z               "site_admin": false,
docker	Run docker/build-push-action@v6	2026-08-06T10:31:43.8491120Z               "starred_url": "https://api.github.com/users/shurshick/starred{/owner}{/repo}",
docker	Run docker/build-push-action@v6	2026-08-06T10:31:43.8492157Z               "subscriptions_url": "https://api.github.com/users/shurshick/subscriptions",
docker	Run docker/build-push-action@v6	2026-08-06T10:31:43.8492601Z               "type": "User",
docker	Run docker/build-push-action@v6	2026-08-06T10:31:43.8492921Z               "url": "https://api.github.com/users/shurshick",
docker	Run docker/build-push-action@v6	2026-08-06T10:31:43.8493567Z               "user_view_type": "public"
docker	Run docker/build-push-action@v6	2026-08-06T10:31:43.8493832Z             },
docker	Run docker/build-push-action@v6	2026-08-06T10:31:43.8494035Z             "private": false,
docker	Run docker/build-push-action@v6	2026-08-06T10:31:43.8494312Z             "pull_request_creation_policy": "all",
docker	Run docker/build-push-action@v6	2026-08-06T10:31:43.8494766Z             "pulls_url": "https://api.github.com/repos/shurshick/wrtmonitor/pulls{/number}",
docker	Run docker/build-push-action@v6	2026-08-06T10:31:43.8495207Z             "pushed_at": 1786012214,
docker	Run docker/build-push-action@v6	2026-08-06T10:31:43.8495643Z             "releases_url": "https://api.github.com/repos/shurshick/wrtmonitor/releases{/id}",
docker	Run docker/build-push-action@v6	2026-08-06T10:31:43.8496072Z             "size": 2315,
docker	Run docker/build-push-action@v6	2026-08-06T10:31:43.8496367Z             "ssh_url": "git@github.com:shurshick/wrtmonitor.git",
docker	Run docker/build-push-action@v6	2026-08-06T10:31:43.8496696Z             "stargazers": 3,
docker	Run docker/build-push-action@v6	2026-08-06T10:31:43.8496942Z             "stargazers_count": 3,
docker	Run docker/build-push-action@v6	2026-08-06T10:31:43.8497348Z             "stargazers_url": "https://api.github.com/repos/shurshick/wrtmonitor/stargazers",
docker	Run docker/build-push-action@v6	2026-08-06T10:31:43.8497936Z             "statuses_url": "https://api.github.com/repos/shurshick/wrtmonitor/statuses/{sha}",
docker	Run docker/build-push-action@v6	2026-08-06T10:31:43.8498529Z             "subscribers_url": "https://api.github.com/repos/shurshick/wrtmonitor/subscribers",
docker	Run docker/build-push-action@v6	2026-08-06T10:31:43.8499125Z             "subscription_url": "https://api.github.com/repos/shurshick/wrtmonitor/subscription",
docker	Run docker/build-push-action@v6	2026-08-06T10:31:43.8499630Z             "svn_url": "https://github.com/shurshick/wrtmonitor",
docker	Run docker/build-push-action@v6	2026-08-06T10:31:43.8500068Z             "tags_url": "https://api.github.com/repos/shurshick/wrtmonitor/tags",
docker	Run docker/build-push-action@v6	2026-08-06T10:31:43.8500571Z             "teams_url": "https://api.github.com/repos/shurshick/wrtmonitor/teams",
docker	Run docker/build-push-action@v6	2026-08-06T10:31:43.8500965Z             "topics": [
docker	Run docker/build-push-action@v6	2026-08-06T10:31:43.8501187Z               "android",
docker	Run docker/build-push-action@v6	2026-08-06T10:31:43.8501403Z               "docker",
docker	Run docker/build-push-action@v6	2026-08-06T10:31:43.8501608Z               "fastapi",
docker	Run docker/build-push-action@v6	2026-08-06T10:31:43.8501821Z               "openwrt",
docker	Run docker/build-push-action@v6	2026-08-06T10:31:43.8502038Z               "postgresql",
docker	Run docker/build-push-action@v6	2026-08-06T10:31:43.8502278Z               "router-management"
docker	Run docker/build-push-action@v6	2026-08-06T10:31:43.8502525Z             ],
docker	Run docker/build-push-action@v6	2026-08-06T10:31:43.8502872Z             "trees_url": "https://api.github.com/repos/shurshick/wrtmonitor/git/trees{/sha}",
docker	Run docker/build-push-action@v6	2026-08-06T10:31:43.8503579Z             "updated_at": "2026-08-06T10:25:41Z",
docker	Run docker/build-push-action@v6	2026-08-06T10:31:43.8503956Z             "url": "https://api.github.com/repos/shurshick/wrtmonitor",
docker	Run docker/build-push-action@v6	2026-08-06T10:31:43.8504313Z             "visibility": "public",
docker	Run docker/build-push-action@v6	2026-08-06T10:31:43.8504589Z             "watchers": 3,
docker	Run docker/build-push-action@v6	2026-08-06T10:31:43.8504834Z             "watchers_count": 3,
docker	Run docker/build-push-action@v6	2026-08-06T10:31:43.8505101Z             "web_commit_signoff_required": false
docker	Run docker/build-push-action@v6	2026-08-06T10:31:43.8505385Z           },
docker	Run docker/build-push-action@v6	2026-08-06T10:31:43.8505576Z           "sender": {
docker	Run docker/build-push-action@v6	2026-08-06T10:31:43.8505913Z             "avatar_url": "https://avatars.githubusercontent.com/u/21372671?v=4",
docker	Run docker/build-push-action@v6	2026-08-06T10:31:43.8506431Z             "events_url": "https://api.github.com/users/shurshick/events{/privacy}",
docker	Run docker/build-push-action@v6	2026-08-06T10:31:43.8506932Z             "followers_url": "https://api.github.com/users/shurshick/followers",
docker	Run docker/build-push-action@v6	2026-08-06T10:31:43.8507760Z             "following_url": "https://api.github.com/users/shurshick/following{/other_user}",
docker	Run docker/build-push-action@v6	2026-08-06T10:31:43.8508301Z             "gists_url": "https://api.github.com/users/shurshick/gists{/gist_id}",
docker	Run docker/build-push-action@v6	2026-08-06T10:31:43.8508678Z             "gravatar_id": "",
docker	Run docker/build-push-action@v6	2026-08-06T10:31:43.8508954Z             "html_url": "https://github.com/shurshick",
docker	Run docker/build-push-action@v6	2026-08-06T10:31:43.8509254Z             "id": 21372671,
docker	Run docker/build-push-action@v6	2026-08-06T10:31:43.8509481Z             "login": "shurshick",
docker	Run docker/build-push-action@v6	2026-08-06T10:31:43.8509759Z             "node_id": "MDQ6VXNlcjIxMzcyNjcx",
docker	Run docker/build-push-action@v6	2026-08-06T10:31:43.8510284Z             "organizations_url": "https://api.github.com/users/shurshick/orgs",
docker	Run docker/build-push-action@v6	2026-08-06T10:31:43.8510815Z             "received_events_url": "https://api.github.com/users/shurshick/received_events",
docker	Run docker/build-push-action@v6	2026-08-06T10:31:43.8511332Z             "repos_url": "https://api.github.com/users/shurshick/repos",
docker	Run docker/build-push-action@v6	2026-08-06T10:31:43.8511687Z             "site_admin": false,
docker	Run docker/build-push-action@v6	2026-08-06T10:31:43.8512074Z             "starred_url": "https://api.github.com/users/shurshick/starred{/owner}{/repo}",
docker	Run docker/build-push-action@v6	2026-08-06T10:31:43.8512655Z             "subscriptions_url": "https://api.github.com/users/shurshick/subscriptions",
docker	Run docker/build-push-action@v6	2026-08-06T10:31:43.8513070Z             "type": "User",
docker	Run docker/build-push-action@v6	2026-08-06T10:31:43.8515878Z             "url": "https://api.github.com/users/shurshick",
docker	Run docker/build-push-action@v6	2026-08-06T10:31:43.8516237Z             "user_view_type": "public"
docker	Run docker/build-push-action@v6	2026-08-06T10:31:43.8516492Z           }
docker	Run docker/build-push-action@v6	2026-08-06T10:31:43.8516672Z         },
docker	Run docker/build-push-action@v6	2026-08-06T10:31:43.8516864Z         "github_job": "docker",
docker	Run docker/build-push-action@v6	2026-08-06T10:31:43.8517133Z         "github_ref": "refs/tags/v0.35.0",
docker	Run docker/build-push-action@v6	2026-08-06T10:31:43.8517428Z         "github_ref_name": "v0.35.0",
docker	Run docker/build-push-action@v6	2026-08-06T10:31:43.8517701Z         "github_ref_protected": "false",
docker	Run docker/build-push-action@v6	2026-08-06T10:31:43.8517971Z         "github_ref_type": "tag",
docker	Run docker/build-push-action@v6	2026-08-06T10:31:43.8518260Z         "github_repository": "shurshick/wrtmonitor",
docker	Run docker/build-push-action@v6	2026-08-06T10:31:43.8518585Z         "github_repository_id": "1273452277",
docker	Run docker/build-push-action@v6	2026-08-06T10:31:43.8518891Z         "github_repository_owner": "shurshick",
docker	Run docker/build-push-action@v6	2026-08-06T10:31:43.8519217Z         "github_repository_owner_id": "21372671",
docker	Run docker/build-push-action@v6	2026-08-06T10:31:43.8519548Z         "github_run_attempt": "1",
docker	Run docker/build-push-action@v6	2026-08-06T10:31:43.8519809Z         "github_run_id": "31093511230",
docker	Run docker/build-push-action@v6	2026-08-06T10:31:43.8520079Z         "github_run_number": "691",
docker	Run docker/build-push-action@v6	2026-08-06T10:31:43.8520344Z         "github_runner_arch": "X64",
docker	Run docker/build-push-action@v6	2026-08-06T10:31:43.8520647Z         "github_runner_environment": "github-hosted",
docker	Run docker/build-push-action@v6	2026-08-06T10:31:43.8520972Z         "github_runner_image_os": "ubuntu24",
docker	Run docker/build-push-action@v6	2026-08-06T10:31:43.8521299Z         "github_runner_image_version": "20260720.247.2",
docker	Run docker/build-push-action@v6	2026-08-06T10:31:43.8521646Z         "github_runner_name": "GitHub Actions 1000004746",
docker	Run docker/build-push-action@v6	2026-08-06T10:31:43.8521965Z         "github_runner_os": "Linux",
docker	Run docker/build-push-action@v6	2026-08-06T10:31:43.8522353Z         "github_runner_tracking_id": "github_35443a06-179d-49d3-a3bb-f39a73c6e0be",
docker	Run docker/build-push-action@v6	2026-08-06T10:31:43.8522791Z         "github_server_url": "https://github.com",
docker	Run docker/build-push-action@v6	2026-08-06T10:31:43.8523117Z         "github_triggering_actor": "shurshick",
docker	Run docker/build-push-action@v6	2026-08-06T10:31:43.8523720Z         "github_workflow": "CI",
docker	Run docker/build-push-action@v6	2026-08-06T10:31:43.8524151Z         "github_workflow_ref": "shurshick/wrtmonitor/.github/workflows/ci.yml@refs/tags/v0.35.0",
docker	Run docker/build-push-action@v6	2026-08-06T10:31:43.8524710Z         "github_workflow_sha": "9d81f5fe71a883b7b63845878056e99fc2919cb1",
docker	Run docker/build-push-action@v6	2026-08-06T10:31:43.8525082Z         "platform": "linux/amd64"
docker	Run docker/build-push-action@v6	2026-08-06T10:31:43.8525350Z       }
docker	Run docker/build-push-action@v6	2026-08-06T10:31:43.8525527Z     }
docker	Run docker/build-push-action@v6	2026-08-06T10:31:43.8525694Z   },
docker	Run docker/build-push-action@v6	2026-08-06T10:31:43.8526286Z   "buildx.build.ref": "builder-39116cbf-10db-49c4-80a9-284fcdf28c69/builder-39116cbf-10db-49c4-80a9-284fcdf28c690/zg562oilop5pgtwlni10kq83l",
docker	Run docker/build-push-action@v6	2026-08-06T10:31:43.8527247Z   "containerimage.descriptor": {
docker	Run docker/build-push-action@v6	2026-08-06T10:31:43.8527795Z     "mediaType": "application/vnd.oci.image.index.v1+json",
docker	Run docker/build-push-action@v6	2026-08-06T10:31:43.8528583Z     "digest": "sha256:a408db1bbaab7c725eb2d2f3b706eb13a683320058b388f3b9b0ad5e963cda56",
docker	Run docker/build-push-action@v6	2026-08-06T10:31:43.8529031Z     "size": 856
docker	Run docker/build-push-action@v6	2026-08-06T10:31:43.8529225Z   },
docker	Run docker/build-push-action@v6	2026-08-06T10:31:43.8529640Z   "containerimage.digest": "sha256:a408db1bbaab7c725eb2d2f3b706eb13a683320058b388f3b9b0ad5e963cda56",
docker	Run docker/build-push-action@v6	2026-08-06T10:31:43.8530383Z   "image.name": "ghcr.io/shurshick/wrtmonitor:0.35.0"
docker	Run docker/build-push-action@v6	2026-08-06T10:31:43.8530692Z }
docker	Run docker/build-push-action@v6	2026-08-06T10:31:43.8531113Z ##[endgroup]
docker	Run docker/build-push-action@v6	2026-08-06T10:31:43.8531470Z ##[group]Reference
docker	Run docker/build-push-action@v6	2026-08-06T10:31:43.8531981Z builder-39116cbf-10db-49c4-80a9-284fcdf28c69/builder-39116cbf-10db-49c4-80a9-284fcdf28c690/zg562oilop5pgtwlni10kq83l
docker	Run docker/build-push-action@v6	2026-08-06T10:31:43.8532671Z ##[endgroup]
docker	Run docker/build-push-action@v6	2026-08-06T10:31:43.8533012Z ##[group]Check build summary support
docker	Run docker/build-push-action@v6	2026-08-06T10:31:43.8533703Z Build summary supported!
docker	Run docker/build-push-action@v6	2026-08-06T10:31:43.8534210Z ##[endgroup]
docker	Post Run docker/build-push-action@v6	﻿2026-08-06T10:31:43.8630798Z Node 20 is being deprecated. This workflow is running with Node 24 by default. If you need to temporarily use Node 20, you can set the ACTIONS_ALLOW_USE_UNSECURE_NODE_VERSION=true environment variable. For more information see: https://github.blog/changelog/2025-09-19-deprecation-of-node-20-on-github-actions-runners/
docker	Post Run docker/build-push-action@v6	2026-08-06T10:31:43.8632079Z Post job cleanup.
docker	Post Run docker/build-push-action@v6	2026-08-06T10:31:44.1160498Z ##[group]Generating build summary
docker	Post Run docker/build-push-action@v6	2026-08-06T10:31:44.1165729Z exporting build record to /home/runner/work/_temp/docker-actions-toolkit-pn41zi/export
docker	Post Run docker/build-push-action@v6	2026-08-06T10:31:44.1180367Z (node:5399) [DEP0040] DeprecationWarning: The `punycode` module is deprecated. Please use a userland alternative instead.
docker	Post Run docker/build-push-action@v6	2026-08-06T10:31:44.1181531Z (Use `node --trace-deprecation ...` to show where the warning was created)
docker	Post Run docker/build-push-action@v6	2026-08-06T10:31:44.3166587Z [command]/usr/bin/docker buildx history export --builder builder-39116cbf-10db-49c4-80a9-284fcdf28c69 --output /home/runner/work/_temp/docker-actions-toolkit-pn41zi/export/shurshick~wrtmonitor~ZG562O.dockerbuild zg562oilop5pgtwlni10kq83l --finalize
docker	Post Run docker/build-push-action@v6	2026-08-06T10:31:44.5643782Z Build record written to /home/runner/work/_temp/docker-actions-toolkit-pn41zi/export/shurshick~wrtmonitor~ZG562O.dockerbuild (59.81 KB)
docker	Post Run docker/build-push-action@v6	2026-08-06T10:31:44.5671535Z Uploading shurshick~wrtmonitor~ZG562O.dockerbuild to blob storage
docker	Post Run docker/build-push-action@v6	2026-08-06T10:31:44.6864726Z Beginning upload of artifact content to blob storage
docker	Post Run docker/build-push-action@v6	2026-08-06T10:31:44.6960864Z (node:5399) [DEP0169] DeprecationWarning: `url.parse()` behavior is not standardized and prone to errors that have security implications. Use the WHATWG URL API instead. CVEs are not issued for `url.parse()` vulnerabilities.
docker	Post Run docker/build-push-action@v6	2026-08-06T10:31:44.6969392Z Uploaded bytes 61241
docker	Post Run docker/build-push-action@v6	2026-08-06T10:31:44.7591636Z Finished uploading artifact content to blob storage!
docker	Post Run docker/build-push-action@v6	2026-08-06T10:31:44.7596529Z SHA256 hash of uploaded artifact is bf97bc7631c1c7040b1b856398603e29d9f5ee9de67f3ec8f037cf475da27c81
docker	Post Run docker/build-push-action@v6	2026-08-06T10:31:44.7598777Z Finalizing artifact upload
docker	Post Run docker/build-push-action@v6	2026-08-06T10:31:44.9167555Z Artifact successfully finalized (8964490324)
docker	Post Run docker/build-push-action@v6	2026-08-06T10:31:44.9169576Z Artifact download URL: https://github.com/shurshick/wrtmonitor/actions/runs/31093511230/artifacts/8964490324
docker	Post Run docker/build-push-action@v6	2026-08-06T10:31:44.9199188Z Writing summary
docker	Post Run docker/build-push-action@v6	2026-08-06T10:31:44.9214296Z ##[endgroup]
docker	Post Run docker/build-push-action@v6	2026-08-06T10:31:44.9215227Z ##[group]Removing temp folder /home/runner/work/_temp/docker-actions-toolkit-3aOf7X
docker	Post Run docker/build-push-action@v6	2026-08-06T10:31:44.9217986Z ##[endgroup]
docker	Post Run docker/build-push-action@v6	2026-08-06T10:31:44.9218680Z ##[group]Post cache
docker	Post Run docker/build-push-action@v6	2026-08-06T10:31:44.9220158Z State not set
docker	Post Run docker/build-push-action@v6	2026-08-06T10:31:44.9221247Z ##[endgroup]
docker	Post Run docker/login-action@v3	﻿2026-08-06T10:31:44.9379923Z Node 20 is being deprecated. This workflow is running with Node 24 by default. If you need to temporarily use Node 20, you can set the ACTIONS_ALLOW_USE_UNSECURE_NODE_VERSION=true environment variable. For more information see: https://github.blog/changelog/2025-09-19-deprecation-of-node-20-on-github-actions-runners/
docker	Post Run docker/login-action@v3	2026-08-06T10:31:44.9381259Z Post job cleanup.
docker	Post Run docker/login-action@v3	2026-08-06T10:31:45.2887179Z ##[group]Logout from ghcr.io
docker	Post Run docker/login-action@v3	2026-08-06T10:31:45.2915202Z (node:5547) [DEP0040] DeprecationWarning: The `punycode` module is deprecated. Please use a userland alternative instead.
docker	Post Run docker/login-action@v3	2026-08-06T10:31:45.2916976Z (Use `node --trace-deprecation ...` to show where the warning was created)
docker	Post Run docker/login-action@v3	2026-08-06T10:31:45.2960125Z [command]/usr/bin/docker logout ghcr.io
docker	Post Run docker/login-action@v3	2026-08-06T10:31:45.3205645Z Removing login credentials for ghcr.io
docker	Post Run docker/login-action@v3	2026-08-06T10:31:45.3262979Z ##[endgroup]
docker	Post Run docker/login-action@v3	2026-08-06T10:31:45.3264353Z ##[group]Post cache
docker	Post Run docker/login-action@v3	2026-08-06T10:31:45.3266154Z State not set
docker	Post Run docker/login-action@v3	2026-08-06T10:31:45.3267287Z ##[endgroup]
docker	Post Run docker/setup-buildx-action@v3	﻿2026-08-06T10:31:45.3566919Z Node 20 is being deprecated. This workflow is running with Node 24 by default. If you need to temporarily use Node 20, you can set the ACTIONS_ALLOW_USE_UNSECURE_NODE_VERSION=true environment variable. For more information see: https://github.blog/changelog/2025-09-19-deprecation-of-node-20-on-github-actions-runners/
docker	Post Run docker/setup-buildx-action@v3	2026-08-06T10:31:45.3568908Z Post job cleanup.
docker	Post Run docker/setup-buildx-action@v3	2026-08-06T10:31:45.6419544Z ##[group]Removing builder
docker	Post Run docker/setup-buildx-action@v3	2026-08-06T10:31:45.6427264Z (node:5567) [DEP0040] DeprecationWarning: The `punycode` module is deprecated. Please use a userland alternative instead.
docker	Post Run docker/setup-buildx-action@v3	2026-08-06T10:31:45.6428561Z (Use `node --trace-deprecation ...` to show where the warning was created)
docker	Post Run docker/setup-buildx-action@v3	2026-08-06T10:31:45.7559181Z [command]/usr/bin/docker buildx rm builder-39116cbf-10db-49c4-80a9-284fcdf28c69
docker	Post Run docker/setup-buildx-action@v3	2026-08-06T10:31:46.2764299Z builder-39116cbf-10db-49c4-80a9-284fcdf28c69 removed
docker	Post Run docker/setup-buildx-action@v3	2026-08-06T10:31:46.2807247Z ##[endgroup]
docker	Post Run docker/setup-buildx-action@v3	2026-08-06T10:31:46.2808025Z ##[group]Cleaning up certificates
docker	Post Run docker/setup-buildx-action@v3	2026-08-06T10:31:46.2810430Z ##[endgroup]
docker	Post Run docker/setup-buildx-action@v3	2026-08-06T10:31:46.2811426Z ##[group]Post cache
docker	Post Run docker/setup-buildx-action@v3	2026-08-06T10:31:46.2814297Z State not set
docker	Post Run docker/setup-buildx-action@v3	2026-08-06T10:31:46.2815088Z ##[endgroup]
docker	Post Run actions/checkout@v7	﻿2026-08-06T10:31:46.2996980Z Post job cleanup.
docker	Post Run actions/checkout@v7	2026-08-06T10:31:46.3918233Z [command]/usr/bin/git version
docker	Post Run actions/checkout@v7	2026-08-06T10:31:46.3971639Z git version 2.54.0
docker	Post Run actions/checkout@v7	2026-08-06T10:31:46.4024566Z Temporarily overriding HOME='/home/runner/work/_temp/2b2abd4f-a76d-4d54-8d7a-a3104d03ab46' before making global git config changes
docker	Post Run actions/checkout@v7	2026-08-06T10:31:46.4026232Z Adding repository directory to the temporary git global config as a safe directory
docker	Post Run actions/checkout@v7	2026-08-06T10:31:46.4031690Z [command]/usr/bin/git config --global --add safe.directory /home/runner/work/wrtmonitor/wrtmonitor
docker	Post Run actions/checkout@v7	2026-08-06T10:31:46.4080837Z Removing SSH command configuration
docker	Post Run actions/checkout@v7	2026-08-06T10:31:46.4090148Z [command]/usr/bin/git config --local --name-only --get-regexp core\.sshCommand
docker	Post Run actions/checkout@v7	2026-08-06T10:31:46.4135668Z [command]/usr/bin/git submodule foreach --recursive sh -c "git config --local --name-only --get-regexp 'core\.sshCommand' && git config --local --unset-all 'core.sshCommand' || :"
docker	Post Run actions/checkout@v7	2026-08-06T10:31:46.4409880Z Removing HTTP extra header
docker	Post Run actions/checkout@v7	2026-08-06T10:31:46.4417761Z [command]/usr/bin/git config --local --name-only --get-regexp http\.https\:\/\/github\.com\/\.extraheader
docker	Post Run actions/checkout@v7	2026-08-06T10:31:46.4465770Z [command]/usr/bin/git submodule foreach --recursive sh -c "git config --local --name-only --get-regexp 'http\.https\:\/\/github\.com\/\.extraheader' && git config --local --unset-all 'http.https://github.com/.extraheader' || :"
docker	Post Run actions/checkout@v7	2026-08-06T10:31:46.4765135Z Removing includeIf entries pointing to credentials config files
docker	Post Run actions/checkout@v7	2026-08-06T10:31:46.4774355Z [command]/usr/bin/git config --local --name-only --get-regexp ^includeIf\.gitdir:
docker	Post Run actions/checkout@v7	2026-08-06T10:31:46.4810714Z includeif.gitdir:/home/runner/work/wrtmonitor/wrtmonitor/.git.path
docker	Post Run actions/checkout@v7	2026-08-06T10:31:46.4811868Z includeif.gitdir:/home/runner/work/wrtmonitor/wrtmonitor/.git/worktrees/*.path
docker	Post Run actions/checkout@v7	2026-08-06T10:31:46.4812958Z includeif.gitdir:/github/workspace/.git.path
docker	Post Run actions/checkout@v7	2026-08-06T10:31:46.4814201Z includeif.gitdir:/github/workspace/.git/worktrees/*.path
docker	Post Run actions/checkout@v7	2026-08-06T10:31:46.4823765Z [command]/usr/bin/git config --local --get-all includeif.gitdir:/home/runner/work/wrtmonitor/wrtmonitor/.git.path
docker	Post Run actions/checkout@v7	2026-08-06T10:31:46.4857151Z /home/runner/work/_temp/git-credentials-15a48a52-027a-460d-b76a-fd93a235f9b6.config
docker	Post Run actions/checkout@v7	2026-08-06T10:31:46.4874444Z [command]/usr/bin/git config --local --unset includeif.gitdir:/home/runner/work/wrtmonitor/wrtmonitor/.git.path \/home\/runner\/work\/_temp\/git\-credentials\-15a48a52\-027a\-460d\-b76a\-fd93a235f9b6\.config
docker	Post Run actions/checkout@v7	2026-08-06T10:31:46.4922547Z [command]/usr/bin/git config --local --get-all includeif.gitdir:/home/runner/work/wrtmonitor/wrtmonitor/.git/worktrees/*.path
docker	Post Run actions/checkout@v7	2026-08-06T10:31:46.4959418Z /home/runner/work/_temp/git-credentials-15a48a52-027a-460d-b76a-fd93a235f9b6.config
docker	Post Run actions/checkout@v7	2026-08-06T10:31:46.4971121Z [command]/usr/bin/git config --local --unset includeif.gitdir:/home/runner/work/wrtmonitor/wrtmonitor/.git/worktrees/*.path \/home\/runner\/work\/_temp\/git\-credentials\-15a48a52\-027a\-460d\-b76a\-fd93a235f9b6\.config
docker	Post Run actions/checkout@v7	2026-08-06T10:31:46.5023001Z [command]/usr/bin/git config --local --get-all includeif.gitdir:/github/workspace/.git.path
docker	Post Run actions/checkout@v7	2026-08-06T10:31:46.5056780Z /github/runner_temp/git-credentials-15a48a52-027a-460d-b76a-fd93a235f9b6.config
docker	Post Run actions/checkout@v7	2026-08-06T10:31:46.5065642Z [command]/usr/bin/git config --local --unset includeif.gitdir:/github/workspace/.git.path \/github\/runner_temp\/git\-credentials\-15a48a52\-027a\-460d\-b76a\-fd93a235f9b6\.config
docker	Post Run actions/checkout@v7	2026-08-06T10:31:46.5107739Z [command]/usr/bin/git config --local --get-all includeif.gitdir:/github/workspace/.git/worktrees/*.path
docker	Post Run actions/checkout@v7	2026-08-06T10:31:46.5139516Z /github/runner_temp/git-credentials-15a48a52-027a-460d-b76a-fd93a235f9b6.config
docker	Post Run actions/checkout@v7	2026-08-06T10:31:46.5149312Z [command]/usr/bin/git config --local --unset includeif.gitdir:/github/workspace/.git/worktrees/*.path \/github\/runner_temp\/git\-credentials\-15a48a52\-027a\-460d\-b76a\-fd93a235f9b6\.config
docker	Post Run actions/checkout@v7	2026-08-06T10:31:46.5193755Z [command]/usr/bin/git submodule foreach --recursive git config --local --show-origin --name-only --get-regexp remote.origin.url
docker	Post Run actions/checkout@v7	2026-08-06T10:31:46.5437660Z Removing credentials config '/home/runner/work/_temp/git-credentials-15a48a52-027a-460d-b76a-fd93a235f9b6.config'
docker	Complete job	﻿2026-08-06T10:31:46.5631215Z Cleaning up orphan processes
docker	Complete job	2026-08-06T10:31:46.6053102Z ##[warning]Node.js 20 is deprecated. The following actions target Node.js 20 but are being forced to run on Node.js 24: docker/build-push-action@v6, docker/login-action@v3, docker/setup-buildx-action@v3. For more information see: https://github.blog/changelog/2025-09-19-deprecation-of-node-20-on-github-actions-runners/
